15:45:05.221 [main                     ] DEBUG Logger               - Configured Logger
15:45:05.225 [main                     ] DEBUG GameApplication      - Logging settings
Title: NO HALF SENDS
Version: 0.0
Width: 1920
Height: 1080
Fullscreen: true
Intro: false
Profiling: false
Single step:false
App Mode: DEVELOPER
Menu Key: ESCAPE
Stage Style: DECORATED
Scene Factory: class at.htl.no_half_sends.NoHalfSendsApp$1

15:45:05.611 [JavaFX Application Thread] DEBUG FXGLApplication      - Initializing FXGL
15:45:05.613 [JavaFX Application Thread] INFO  Engine               - FXGL-17.3 (30.03.2023 11.49) on WINDOWS (J:25.0.1 FX:21.0.6)
15:45:05.613 [JavaFX Application Thread] DEBUG Engine               - JRE Vendor Name: Oracle Corporation
15:45:05.613 [JavaFX Application Thread] DEBUG Engine               - Running on OS: Windows 11 version 10.0
15:45:05.613 [JavaFX Application Thread] DEBUG Engine               - Architecture: amd64
15:45:05.613 [JavaFX Application Thread] INFO  Engine               - Source code and latest versions at: https://github.com/AlmasB/FXGL
15:45:05.613 [JavaFX Application Thread] INFO  Engine               -       Ask questions and discuss at: https://github.com/AlmasB/FXGL/discussions
15:45:05.613 [JavaFX Application Thread] INFO  Engine               -              Join the FXGL chat at: https://gitter.im/AlmasB/FXGL
15:45:05.687 [JavaFX Application Thread] DEBUG PrimaryStageWindow   - Creating a JavaFX scene
15:45:05.722 [JavaFX Application Thread] DEBUG PrimaryStageWindow   - Target settings size: 1920.0 x 1080.0
15:45:05.722 [JavaFX Application Thread] DEBUG PrimaryStageWindow   - Scaled scene size:    1920.0 x 1080.0
15:45:05.722 [JavaFX Application Thread] DEBUG PrimaryStageWindow   - Scaled ratio: (1.0, 1.0)
15:45:05.723 [JavaFX Application Thread] DEBUG PrimaryStageWindow   - Set initial scene to FXGLStartupScene
15:45:05.727 [JavaFX Application Thread] DEBUG PrimaryStageWindow   - Opening main window
15:45:05.785 [JavaFX Application Thread] DEBUG PrimaryStageWindow   - Window border size: (16.0, 39.0)
15:45:05.785 [JavaFX Application Thread] DEBUG PrimaryStageWindow   - Scaled size: 1920.0 x 1080.0
15:45:05.786 [JavaFX Application Thread] DEBUG PrimaryStageWindow   - Scaled ratio: (1.0, 1.0)
15:45:05.786 [JavaFX Application Thread] DEBUG PrimaryStageWindow   - Scene size: 1920.0 x 1080.0
15:45:05.786 [JavaFX Application Thread] DEBUG PrimaryStageWindow   - Stage size: 1936.0 x 1119.0
15:45:05.823 [JavaFX Application Thread] DEBUG PrimaryStageWindow   - Going fullscreen
15:45:05.830 [FXGL Background Thread 1 ] DEBUG Engine               - Initializing environment variables
15:45:05.864 [FXGL Background Thread 1 ] DEBUG FXGLAssetLoaderServi - User app class for loading assets: class at.htl.no_half_sends.NoHalfSendsApp
15:45:05.864 [FXGL Background Thread 1 ] DEBUG GameApplicationServi - Applying CSS: fxgl_dark.css
15:45:05.865 [FXGL Background Thread 1 ] DEBUG FXGLAssetLoaderServi - Loading from file system: jar:file:/C:/Users/Clemis%20PC/.m2/repository/com/github/almasb/fxgl/17.3/fxgl-17.3.jar!/fxglassets/ui/css/fxgl_dark.css
15:45:05.891 [FXGL Background Thread 1 ] DEBUG GameApplicationServi - Initializing application scenes
15:45:05.916 [FXGL Background Thread 1 ] DEBUG GameWorld            - Game world initialized
15:45:05.948 [FXGL Background Thread 1 ] DEBUG PhysicsWorld         - Physics world initialized: appHeight=1080, physics.ppm=50,0
15:45:05.948 [FXGL Background Thread 1 ] DEBUG PhysicsWorld         - Using strategy: BRUTE_FORCE
15:45:05.951 [FXGL Background Thread 1 ] DEBUG GameScene            - Game scene initialized: 1920x1080
15:45:06.010 [FXGL Background Thread 1 ] DEBUG FXGLAssetLoaderServi - Loading from file system: file:/C:/Users/Clemis%20PC/Desktop/workspace/NO-HALF-SENDS/NO_HALF_SENDS/target/classes/assets/textures/Turbo.png
15:45:06.151 [FXGL Background Thread 1 ] DEBUG FXGLAssetLoaderServi - Loading from file system: file:/C:/Users/Clemis%20PC/Desktop/workspace/NO-HALF-SENDS/NO_HALF_SENDS/target/classes/assets/textures/Differential.png
15:45:06.272 [FXGL Background Thread 1 ] DEBUG FXGLAssetLoaderServi - Loading from file system: file:/C:/Users/Clemis%20PC/Desktop/workspace/NO-HALF-SENDS/NO_HALF_SENDS/target/classes/assets/textures/Tires.png
15:45:06.355 [FXGL Background Thread 1 ] DEBUG FXGLAssetLoaderServi - Loading from file system: file:/C:/Users/Clemis%20PC/Desktop/workspace/NO-HALF-SENDS/NO_HALF_SENDS/target/classes/assets/textures/Intake.png
15:45:06.445 [FXGL Background Thread 1 ] DEBUG FXGLAssetLoaderServi - Loading from file system: file:/C:/Users/Clemis%20PC/Desktop/workspace/NO-HALF-SENDS/NO_HALF_SENDS/target/classes/assets/textures/Chassis.png
15:45:06.537 [FXGL Background Thread 1 ] DEBUG FXGLAssetLoaderServi - Loading from file system: file:/C:/Users/Clemis%20PC/Desktop/workspace/NO-HALF-SENDS/NO_HALF_SENDS/target/classes/assets/textures/Transmission.png
15:45:06.637 [FXGL Background Thread 1 ] DEBUG FXGLAssetLoaderServi - Loading from file system: file:/C:/Users/Clemis%20PC/Desktop/workspace/NO-HALF-SENDS/NO_HALF_SENDS/target/classes/assets/textures/Nissan_GTR_R35_mk4.png
15:45:06.641 [FXGL Background Thread 1 ] DEBUG FXGLAssetLoaderServi - Loading from file system: file:/C:/Users/Clemis%20PC/Desktop/workspace/NO-HALF-SENDS/NO_HALF_SENDS/target/classes/assets/textures/Subaru_WRX_STI_mk2.png
15:45:06.646 [FXGL Background Thread 1 ] DEBUG FXGLAssetLoaderServi - Loading from file system: file:/C:/Users/Clemis%20PC/Desktop/workspace/NO-HALF-SENDS/NO_HALF_SENDS/target/classes/assets/textures/Toyota_Supra_mk2.png
15:45:06.649 [FXGL Background Thread 1 ] DEBUG FXGLAssetLoaderServi - Loading from file system: file:/C:/Users/Clemis%20PC/Desktop/workspace/NO-HALF-SENDS/NO_HALF_SENDS/target/classes/assets/textures/Ferarri_F12_mk2.png
15:45:06.657 [FXGL Background Thread 1 ] DEBUG GameApplicationServi - Application scenes initialized
15:45:06.666 [FXGL Background Thread 1 ] DEBUG SystemBundleService  - Loading FXGL system data
15:45:06.669 [FXGL Background Thread 1 ] DEBUG FileSystemAccess     - Reading from: C:\Users\Clemis PC\Desktop\workspace\NO-HALF-SENDS\NO_HALF_SENDS\system\fxgl.bundle
15:45:06.673 [FXGL Background Thread 1 ] DEBUG SystemBundleService  - Bundle FXGL: {}
15:45:06.673 [FXGL Background Thread 1 ] DEBUG UpdaterService       - Checking for updates
15:45:06.690 [FXGL Background Thread 4 ] DEBUG FXGLApplication      - Loading fonts
15:45:06.691 [FXGL Background Thread 4 ] DEBUG FXGLAssetLoaderServi - Loading from file system: jar:file:/C:/Users/Clemis%20PC/.m2/repository/com/github/almasb/fxgl/17.3/fxgl-17.3.jar!/fxglassets/ui/fonts/VarelaRound-Regular.ttf
15:45:06.691 [FXGL Background Thread 1 ] DEBUG FXGLApplication      - Loading default localization
15:45:06.691 [FXGL Background Thread 1 ] DEBUG FXGLAssetLoaderServi - Loading from file system: jar:file:/C:/Users/Clemis%20PC/.m2/repository/com/github/almasb/fxgl/17.3/fxgl-17.3.jar!/fxglassets/languages/english.lang
15:45:06.702 [FXGL Background Thread 1 ] INFO  FXGLApplication      - FXGL initialization took: 0,873 sec
15:45:06.708 [JavaFX Application Thread] DEBUG Input                - Registered new binding: Gas geben - W
15:45:06.708 [JavaFX Application Thread] DEBUG Input                - Registered new binding: Bremsen / Rückwärts - S
15:45:06.708 [JavaFX Application Thread] DEBUG Input                - Registered new binding: Links lenken - A
15:45:06.708 [JavaFX Application Thread] DEBUG Input                - Registered new binding: Rechts lenken - D
15:45:06.708 [JavaFX Application Thread] DEBUG Input                - Registered new binding: Speichern - F5
15:45:06.709 [JavaFX Application Thread] DEBUG FXGLAssetLoaderServi - Loading from file system: jar:file:/C:/Users/Clemis%20PC/.m2/repository/com/github/almasb/fxgl/17.3/fxgl-17.3.jar!/fxglassets/textures/fxgl_icon.png
15:45:06.717 [FXGL Background Thread 4 ] DEBUG FXGLAssetLoaderServi - Loading from file system: jar:file:/C:/Users/Clemis%20PC/.m2/repository/com/github/almasb/fxgl/17.3/fxgl-17.3.jar!/fxglassets/ui/fonts/Abel-Regular.ttf
15:45:06.718 [JavaFX Application Thread] DEBUG FXGLAssetLoaderServi - Loading from file system: jar:file:/C:/Users/Clemis%20PC/.m2/repository/com/github/almasb/fxgl/17.3/fxgl-17.3.jar!/fxglassets/textures/fxgl_default_cursor.png
15:45:06.720 [JavaFX Application Thread] DEBUG Input                - Registered new binding: Screenshot - CTRL+8
15:45:06.721 [JavaFX Application Thread] DEBUG Input                - Registered new binding: Dev Options - 1
15:45:06.721 [JavaFX Application Thread] DEBUG Input                - Registered new binding: Dev Console - 2
15:45:06.721 [JavaFX Application Thread] DEBUG Input                - Registered new binding: System info dump - CTRL+9
15:45:06.721 [JavaFX Application Thread] DEBUG Input                - Registered new binding: Restart - CTRL+R
15:45:06.722 [JavaFX Application Thread] DEBUG Input                - Registered new binding: Toggle Debug Camera - CTRL+7
15:45:06.725 [JavaFX Application Thread] DEBUG LoopRunner           - Starting loop
15:45:06.725 [FXGL Background Thread 4 ] DEBUG FXGLAssetLoaderServi - Loading from file system: jar:file:/C:/Users/Clemis%20PC/.m2/repository/com/github/almasb/fxgl/17.3/fxgl-17.3.jar!/fxglassets/ui/fonts/TerminalLandMono-Regular.otf
15:45:06.733 [JavaFX Application Thread] DEBUG LoopRunner           - Initializing JavaFX AnimationTimerLoop
15:45:06.735 [JavaFX Application Thread] DEBUG Input                - Clearing active input actions
15:45:06.741 [JavaFX Application Thread] DEBUG GameApplicationServi - Removing overlay from FXGLStartupScene and adding to FXGLMainMenuDummyScene
15:45:06.742 [FXGL Background Thread 4 ] DEBUG FXGLAssetLoaderServi - Loading from file system: jar:file:/C:/Users/Clemis%20PC/.m2/repository/com/github/almasb/fxgl/17.3/fxgl-17.3.jar!/fxglassets/ui/fonts/Courier-Prime.ttf
15:45:06.743 [JavaFX Application Thread] DEBUG PrimaryStageWindow   - FXGLStartupScene -> FXGLMainMenuDummyScene
15:45:06.743 [JavaFX Application Thread] DEBUG PrimaryStageWindow   - Push state: DriftMainMenu
15:45:06.744 [JavaFX Application Thread] DEBUG Input                - Clearing active input actions
15:45:06.758 [JavaFX Application Thread] DEBUG GameApplicationServi - Removing overlay from FXGLMainMenuDummyScene and adding to DriftMainMenu
15:45:06.759 [JavaFX Application Thread] DEBUG PrimaryStageWindow   - FXGLMainMenuDummyScene -> DriftMainMenu
15:45:06.893 [JavaFX Application Thread] DEBUG FXGLApplication      - Registering font factories with UI factory
15:45:06.968 [FXGL Background Thread 2 ] INFO  UpdaterService       - Your current version:  17.3
15:45:06.968 [FXGL Background Thread 2 ] INFO  UpdaterService       - Latest stable version: 25
15:45:08.123 [JavaFX Application Thread] DEBUG Menu                 - fireNewGame()
15:45:08.124 [JavaFX Application Thread] DEBUG GameApplicationServi - Starting new game
15:45:08.124 [JavaFX Application Thread] DEBUG PrimaryStageWindow   - Pop state: DriftMainMenu
15:45:08.124 [JavaFX Application Thread] DEBUG Input                - Clearing active input actions
15:45:08.125 [JavaFX Application Thread] DEBUG GameApplicationServi - Removing overlay from DriftMainMenu and adding to FXGLMainMenuDummyScene
15:45:08.126 [JavaFX Application Thread] DEBUG PrimaryStageWindow   - FXGLMainMenuDummyScene <- DriftMainMenu
15:45:08.127 [JavaFX Application Thread] DEBUG Input                - Clearing active input actions
15:45:08.131 [JavaFX Application Thread] DEBUG GameApplicationServi - Removing overlay from FXGLMainMenuDummyScene and adding to FXGLLoadingScene
15:45:08.131 [JavaFX Application Thread] DEBUG PrimaryStageWindow   - FXGLMainMenuDummyScene -> FXGLLoadingScene
15:45:08.132 [JavaFX Application Thread] DEBUG GameApplicationServi - Clearing previous game
15:45:08.132 [JavaFX Application Thread] DEBUG GameScene            - Clearing game scene
15:45:08.132 [JavaFX Application Thread] DEBUG GameWorld            - Clearing game world
15:45:08.132 [JavaFX Application Thread] DEBUG PhysicsWorld         - Clearing physics world
15:45:08.133 [FXGL Background Thread 2 ] DEBUG FXGLApplication      - Initializing game
15:45:08.156 [FXGL Background Thread 2 ] WARN  TMXLevelLoader       - TiledMap generated from 1.12.1. Supported version: 1.9.0. Some features may not be parsed fully.
15:45:08.166 [FXGL Background Thread 2 ] DEBUG TMXLevelLoader       - Parsed TiledMap: file:/C:/Users/Clemis%20PC/Desktop/workspace/NO-HALF-SENDS/NO_HALF_SENDS/target/classes/assets/levels/FinalMap.tmx
15:45:08.166 [FXGL Background Thread 2 ] DEBUG TMXLevelLoader       - Creating tile layer entities
15:45:08.168 [FXGL Background Thread 2 ] DEBUG TilesetLoader        - Loading view for layer Kachelebene 1
15:45:08.169 [FXGL Background Thread 2 ] DEBUG TilesetLoader        - Created buffer with size 1280.0x1280.0
15:45:08.178 [FXGL Background Thread 2 ] DEBUG TMXLevelLoader       - Creating object layer entities
15:45:08.193 [FXGL Background Thread 2 ] DEBUG GameWorld            - Clearing removable entities
15:45:08.193 [FXGL Background Thread 2 ] DEBUG GameWorld            - Setting level: com.almasb.fxgl.entity.level.Level@e579094
15:45:08.198 [FXGL Background Thread 2 ] INFO  FXGLApplication      - Game initialization took: 0,066 sec
15:45:08.198 [JavaFX Application Thread] DEBUG Input                - Clearing active input actions
15:45:08.202 [JavaFX Application Thread] DEBUG GameApplicationServi - Removing overlay from FXGLLoadingScene and adding to GameScene
15:45:08.203 [JavaFX Application Thread] DEBUG PrimaryStageWindow   - FXGLLoadingScene -> GameScene
15:45:09.689 [FXGL Background Thread 3 ] DEBUG Engine               - Logging environment variables
15:45:09.689 [FXGL Background Thread 3 ] DEBUG Engine               - achievements: []
15:45:09.689 [FXGL Background Thread 3 ] DEBUG Engine               - actualHeight: 1440.0
15:45:09.689 [FXGL Background Thread 3 ] DEBUG Engine               - actualHeightProperty: ReadOnlyDoubleProperty [value: 1440.0]
15:45:09.689 [FXGL Background Thread 3 ] DEBUG Engine               - actualWidth: 2560.0
15:45:09.689 [FXGL Background Thread 3 ] DEBUG Engine               - actualWidthProperty: ReadOnlyDoubleProperty [value: 2560.0]
15:45:09.689 [FXGL Background Thread 3 ] DEBUG Engine               - appIcon: fxgl_icon.png
15:45:09.689 [FXGL Background Thread 3 ] DEBUG Engine               - applicationMode: DEVELOPER
15:45:09.689 [FXGL Background Thread 3 ] DEBUG Engine               - cSSList: [fxgl_dark.css]
15:45:09.689 [FXGL Background Thread 3 ] DEBUG Engine               - collisionDetectionStrategy: BRUTE_FORCE
15:45:09.689 [FXGL Background Thread 3 ] DEBUG Engine               - configClass: Optional.empty
15:45:09.690 [FXGL Background Thread 3 ] DEBUG Engine               - credits: []
15:45:09.690 [FXGL Background Thread 3 ] DEBUG Engine               - defaultCursor: CursorInfo(imageName=fxgl_default_cursor.png, hotspotX=7.0, hotspotY=6.0)
15:45:09.690 [FXGL Background Thread 3 ] DEBUG Engine               - devBBoxColorProperty: ObjectProperty [value: 0xff0000ff]
15:45:09.690 [FXGL Background Thread 3 ] DEBUG Engine               - devEnableDebugCameraProperty: BooleanProperty [value: false]
15:45:09.690 [FXGL Background Thread 3 ] DEBUG Engine               - devSensorColorProperty: ObjectProperty [value: 0xffff00ff]
15:45:09.691 [FXGL Background Thread 3 ] DEBUG Engine               - devShowBBoxProperty: BooleanProperty [value: false]
15:45:09.691 [FXGL Background Thread 3 ] DEBUG Engine               - devShowPositionProperty: BooleanProperty [value: false]
15:45:09.691 [FXGL Background Thread 3 ] DEBUG Engine               - enabledMenuItems: []
15:45:09.691 [FXGL Background Thread 3 ] DEBUG Engine               - engineServices: [class com.almasb.fxgl.app.services.FXGLAssetLoaderService, class com.almasb.fxgl.app.FXGLApplication$GameApplicationService, class com.almasb.fxgl.app.services.FXGLDialogService, class com.almasb.fxgl.app.services.IOTaskExecutorService, class com.almasb.fxgl.io.FileSystemService, class com.almasb.fxgl.localization.LocalizationService, class com.almasb.fxgl.app.services.SystemBundleService, class com.almasb.fxgl.profile.SaveLoadService, class com.almasb.fxgl.ui.FXGLUIFactoryServiceProvider, class com.almasb.fxgl.ui.FXGLDialogFactoryServiceProvider, class com.almasb.fxgl.audio.AudioPlayer, class com.almasb.fxgl.notification.impl.NotificationServiceProvider, class com.almasb.fxgl.achievement.AchievementService, class com.almasb.fxgl.cutscene.CutsceneService, class com.almasb.fxgl.minigames.MiniGameService, class com.almasb.fxgl.net.NetService, class com.almasb.fxgl.app.services.UpdaterService, class com.almasb.fxgl.dev.DevService]
15:45:09.691 [FXGL Background Thread 3 ] DEBUG Engine               - fontGame: Abel-Regular.ttf
15:45:09.691 [FXGL Background Thread 3 ] DEBUG Engine               - fontMono: TerminalLandMono-Regular.otf
15:45:09.691 [FXGL Background Thread 3 ] DEBUG Engine               - fontSizeScaleUI: 1.0
15:45:09.691 [FXGL Background Thread 3 ] DEBUG Engine               - fontText: Courier-Prime.ttf
15:45:09.691 [FXGL Background Thread 3 ] DEBUG Engine               - fontUI: VarelaRound-Regular.ttf
15:45:09.691 [FXGL Background Thread 3 ] DEBUG Engine               - fullScreen: BooleanProperty [value: true]
15:45:09.691 [FXGL Background Thread 3 ] DEBUG Engine               - gameDifficulty: MEDIUM
15:45:09.691 [FXGL Background Thread 3 ] DEBUG Engine               - gameDifficultyProperty: ObjectProperty [value: MEDIUM]
15:45:09.691 [FXGL Background Thread 3 ] DEBUG Engine               - globalMusicVolume: 0.5
15:45:09.691 [FXGL Background Thread 3 ] DEBUG Engine               - globalMusicVolumeProperty: DoubleProperty [value: 0.5]
15:45:09.692 [FXGL Background Thread 3 ] DEBUG Engine               - globalSoundVolume: 0.5
15:45:09.692 [FXGL Background Thread 3 ] DEBUG Engine               - globalSoundVolumeProperty: DoubleProperty [value: 0.5]
15:45:09.692 [FXGL Background Thread 3 ] DEBUG Engine               - height: 1080
15:45:09.692 [FXGL Background Thread 3 ] DEBUG Engine               - is3D: false
15:45:09.692 [FXGL Background Thread 3 ] DEBUG Engine               - isAndroid: false
15:45:09.692 [FXGL Background Thread 3 ] DEBUG Engine               - isBrowser: false
15:45:09.692 [FXGL Background Thread 3 ] DEBUG Engine               - isClickFeedbackEnabled: false
15:45:09.692 [FXGL Background Thread 3 ] DEBUG Engine               - isCloseConfirmation: false
15:45:09.692 [FXGL Background Thread 3 ] DEBUG Engine               - isDesktop: true
15:45:09.692 [FXGL Background Thread 3 ] DEBUG Engine               - isDeveloperMenuEnabled: true
15:45:09.692 [FXGL Background Thread 3 ] DEBUG Engine               - isEmbedded: false
15:45:09.692 [FXGL Background Thread 3 ] DEBUG Engine               - isEntityPreloadEnabled: true
15:45:09.692 [FXGL Background Thread 3 ] DEBUG Engine               - isExperimentalTiledLargeMap: false
15:45:09.692 [FXGL Background Thread 3 ] DEBUG Engine               - isFileSystemWriteAllowed: true
15:45:09.692 [FXGL Background Thread 3 ] DEBUG Engine               - isFullScreenAllowed: true
15:45:09.692 [FXGL Background Thread 3 ] DEBUG Engine               - isFullScreenFromStart: true
15:45:09.692 [FXGL Background Thread 3 ] DEBUG Engine               - isGameMenuEnabled: true
15:45:09.692 [FXGL Background Thread 3 ] DEBUG Engine               - isIOS: false
15:45:09.692 [FXGL Background Thread 3 ] DEBUG Engine               - isIntroEnabled: false
15:45:09.692 [FXGL Background Thread 3 ] DEBUG Engine               - isLinux: false
15:45:09.692 [FXGL Background Thread 3 ] DEBUG Engine               - isMac: false
15:45:09.692 [FXGL Background Thread 3 ] DEBUG Engine               - isMainMenuEnabled: true
15:45:09.692 [FXGL Background Thread 3 ] DEBUG Engine               - isManualResizeEnabled: false
15:45:09.692 [FXGL Background Thread 3 ] DEBUG Engine               - isMobile: false
15:45:09.692 [FXGL Background Thread 3 ] DEBUG Engine               - isNative: false
15:45:09.692 [FXGL Background Thread 3 ] DEBUG Engine               - isPauseMusicWhenMinimized: true
15:45:09.692 [FXGL Background Thread 3 ] DEBUG Engine               - isPreserveResizeRatio: false
15:45:09.692 [FXGL Background Thread 3 ] DEBUG Engine               - isProfilingEnabled: false
15:45:09.692 [FXGL Background Thread 3 ] DEBUG Engine               - isScaleAffectedOnResize: true
15:45:09.692 [FXGL Background Thread 3 ] DEBUG Engine               - isSingleStep: false
15:45:09.692 [FXGL Background Thread 3 ] DEBUG Engine               - isUserProfileEnabled: false
15:45:09.692 [FXGL Background Thread 3 ] DEBUG Engine               - isWindows: true
15:45:09.692 [FXGL Background Thread 3 ] DEBUG Engine               - language: ObjectProperty [value: ENGLISH]
15:45:09.693 [FXGL Background Thread 3 ] DEBUG Engine               - menuKey: ESCAPE
15:45:09.693 [FXGL Background Thread 3 ] DEBUG Engine               - mouseSensitivity: 0.2
15:45:09.693 [FXGL Background Thread 3 ] DEBUG Engine               - notificationViewClass: class com.almasb.fxgl.notification.view.XboxNotificationView
15:45:09.693 [FXGL Background Thread 3 ] DEBUG Engine               - pixelsPerMeter: 50.0
15:45:09.693 [FXGL Background Thread 3 ] DEBUG Engine               - platform: WINDOWS
15:45:09.693 [FXGL Background Thread 3 ] DEBUG Engine               - prefHeightProperty: ReadOnlyDoubleProperty [value: 1080.0]
15:45:09.693 [FXGL Background Thread 3 ] DEBUG Engine               - prefWidthProperty: ReadOnlyDoubleProperty [value: 1920.0]
15:45:09.693 [FXGL Background Thread 3 ] DEBUG Engine               - profileDir: profiles/
15:45:09.693 [FXGL Background Thread 3 ] DEBUG Engine               - profileName: StringProperty [value: DEFAULT]
15:45:09.693 [FXGL Background Thread 3 ] DEBUG Engine               - randomSeed: -1
15:45:09.693 [FXGL Background Thread 3 ] DEBUG Engine               - runtimeInfo: RuntimeInfo(platform=WINDOWS, version=17.3, build=30.03.2023 11.49)
15:45:09.693 [FXGL Background Thread 3 ] DEBUG Engine               - saveFileExt: sav
15:45:09.693 [FXGL Background Thread 3 ] DEBUG Engine               - scaledHeightProp$fxgl: DoubleProperty [bound, value: 1440.0]
15:45:09.693 [FXGL Background Thread 3 ] DEBUG Engine               - scaledWidthProp$fxgl: DoubleProperty [bound, value: 2560.0]
15:45:09.693 [FXGL Background Thread 3 ] DEBUG Engine               - sceneFactory: at.htl.no_half_sends.NoHalfSendsApp$1@4d62b9e9
15:45:09.693 [FXGL Background Thread 3 ] DEBUG Engine               - secondsIn24h: 60
15:45:09.693 [FXGL Background Thread 3 ] DEBUG Engine               - soundMenuBack: menu/back.wav
15:45:09.693 [FXGL Background Thread 3 ] DEBUG Engine               - soundMenuPress: menu/press.wav
15:45:09.693 [FXGL Background Thread 3 ] DEBUG Engine               - soundMenuSelect: menu/select.wav
15:45:09.693 [FXGL Background Thread 3 ] DEBUG Engine               - soundNotification: core/notification.wav
15:45:09.693 [FXGL Background Thread 3 ] DEBUG Engine               - stageStyle: DECORATED
15:45:09.693 [FXGL Background Thread 3 ] DEBUG Engine               - supportedLanguages: [ENGLISH, FRENCH, GERMAN, HUNGARIAN, RUSSIAN]
15:45:09.693 [FXGL Background Thread 3 ] DEBUG Engine               - ticksPerSecond: -1
15:45:09.693 [FXGL Background Thread 3 ] DEBUG Engine               - title: NO HALF SENDS
15:45:09.693 [FXGL Background Thread 3 ] DEBUG Engine               - urlGithub: https://github.com/AlmasB/FXGL
15:45:09.693 [FXGL Background Thread 3 ] DEBUG Engine               - urlLeaderboard: http://fxgl-top.herokuapp.com/
15:45:09.693 [FXGL Background Thread 3 ] DEBUG Engine               - urlPOM: https://raw.githubusercontent.com/AlmasB/FXGL/release/README.md
15:45:09.693 [FXGL Background Thread 3 ] DEBUG Engine               - userAppClass: class at.htl.no_half_sends.NoHalfSendsApp
15:45:09.693 [FXGL Background Thread 3 ] DEBUG Engine               - version: 0.0
15:45:09.693 [FXGL Background Thread 3 ] DEBUG Engine               - versionCheckDays: 7
15:45:09.693 [FXGL Background Thread 3 ] DEBUG Engine               - width: 1920
15:45:09.693 [FXGL Background Thread 3 ] DEBUG Engine               - Logging services
15:45:09.693 [FXGL Background Thread 3 ] DEBUG Engine               - class com.almasb.fxgl.app.services.FXGLAssetLoaderService
15:45:09.693 [FXGL Background Thread 3 ] DEBUG Engine               - class com.almasb.fxgl.app.FXGLApplication$GameApplicationService
15:45:09.693 [FXGL Background Thread 3 ] DEBUG Engine               - class com.almasb.fxgl.app.services.FXGLDialogService
15:45:09.693 [FXGL Background Thread 3 ] DEBUG Engine               - class com.almasb.fxgl.app.services.IOTaskExecutorService
15:45:09.693 [FXGL Background Thread 3 ] DEBUG Engine               - class com.almasb.fxgl.io.FileSystemService
15:45:09.693 [FXGL Background Thread 3 ] DEBUG Engine               - class com.almasb.fxgl.localization.LocalizationService
15:45:09.693 [FXGL Background Thread 3 ] DEBUG Engine               - class com.almasb.fxgl.app.services.SystemBundleService
15:45:09.693 [FXGL Background Thread 3 ] DEBUG Engine               - class com.almasb.fxgl.profile.SaveLoadService
15:45:09.693 [FXGL Background Thread 3 ] DEBUG Engine               - class com.almasb.fxgl.ui.FXGLUIFactoryServiceProvider
15:45:09.693 [FXGL Background Thread 3 ] DEBUG Engine               - class com.almasb.fxgl.ui.FXGLDialogFactoryServiceProvider
15:45:09.693 [FXGL Background Thread 3 ] DEBUG Engine               - class com.almasb.fxgl.audio.AudioPlayer
15:45:09.693 [FXGL Background Thread 3 ] DEBUG Engine               - class com.almasb.fxgl.notification.impl.NotificationServiceProvider
15:45:09.693 [FXGL Background Thread 3 ] DEBUG Engine               - class com.almasb.fxgl.achievement.AchievementService
15:45:09.693 [FXGL Background Thread 3 ] DEBUG Engine               - class com.almasb.fxgl.cutscene.CutsceneService
15:45:09.693 [FXGL Background Thread 3 ] DEBUG Engine               - class com.almasb.fxgl.minigames.MiniGameService
15:45:09.693 [FXGL Background Thread 3 ] DEBUG Engine               - class com.almasb.fxgl.net.NetService
15:45:09.693 [FXGL Background Thread 3 ] DEBUG Engine               - class com.almasb.fxgl.app.services.UpdaterService
15:45:09.694 [FXGL Background Thread 3 ] DEBUG Engine               - class com.almasb.fxgl.dev.DevService
15:45:23.956 [JavaFX Application Thread] DEBUG PrimaryStageWindow   - Push state: ResetSubScene
15:45:23.956 [JavaFX Application Thread] DEBUG Input                - Clearing active input actions
15:45:23.956 [JavaFX Application Thread] DEBUG GameApplicationServi - Removing overlay from GameScene and adding to ResetSubScene
15:45:23.957 [JavaFX Application Thread] DEBUG PrimaryStageWindow   - GameScene -> ResetSubScene
15:45:27.313 [JavaFX Application Thread] DEBUG PrimaryStageWindow   - Pop state: ResetSubScene
15:45:27.313 [JavaFX Application Thread] DEBUG Input                - Clearing active input actions
15:45:27.313 [JavaFX Application Thread] DEBUG GameApplicationServi - Removing overlay from ResetSubScene and adding to GameScene
15:45:27.313 [JavaFX Application Thread] DEBUG PrimaryStageWindow   - GameScene <- ResetSubScene
15:45:27.313 [JavaFX Application Thread] DEBUG GameApplicationServi - Starting new game
15:45:27.313 [JavaFX Application Thread] DEBUG Input                - Clearing active input actions
15:45:27.316 [JavaFX Application Thread] DEBUG GameApplicationServi - Removing overlay from GameScene and adding to FXGLLoadingScene
15:45:27.316 [JavaFX Application Thread] DEBUG PrimaryStageWindow   - GameScene -> FXGLLoadingScene
15:45:27.316 [JavaFX Application Thread] DEBUG GameApplicationServi - Clearing previous game
15:45:27.316 [JavaFX Application Thread] DEBUG GameScene            - Clearing game scene
15:45:27.316 [JavaFX Application Thread] DEBUG GameWorld            - Clearing game world
15:45:27.318 [JavaFX Application Thread] DEBUG PhysicsWorld         - Clearing physics world
15:45:27.318 [FXGL Background Thread 2 ] DEBUG FXGLApplication      - Initializing game
15:45:27.319 [FXGL Background Thread 2 ] WARN  TMXLevelLoader       - TiledMap generated from 1.12.1. Supported version: 1.9.0. Some features may not be parsed fully.
15:45:27.322 [FXGL Background Thread 2 ] DEBUG TMXLevelLoader       - Parsed TiledMap: file:/C:/Users/Clemis%20PC/Desktop/workspace/NO-HALF-SENDS/NO_HALF_SENDS/target/classes/assets/levels/FinalMap.tmx
15:45:27.322 [FXGL Background Thread 2 ] DEBUG TMXLevelLoader       - Creating tile layer entities
15:45:27.323 [FXGL Background Thread 2 ] DEBUG TilesetLoader        - Loading view for layer Kachelebene 1
15:45:27.324 [FXGL Background Thread 2 ] DEBUG TilesetLoader        - Created buffer with size 1280.0x1280.0
15:45:27.331 [FXGL Background Thread 2 ] DEBUG TMXLevelLoader       - Creating object layer entities
15:45:27.336 [FXGL Background Thread 2 ] DEBUG GameWorld            - Clearing removable entities
15:45:27.336 [FXGL Background Thread 2 ] DEBUG GameWorld            - Setting level: com.almasb.fxgl.entity.level.Level@5b7df03b
15:45:27.345 [FXGL Background Thread 2 ] INFO  FXGLApplication      - Game initialization took: 0,027 sec
15:45:27.351 [JavaFX Application Thread] DEBUG Input                - Clearing active input actions
15:45:27.353 [JavaFX Application Thread] DEBUG GameApplicationServi - Removing overlay from FXGLLoadingScene and adding to GameScene
15:45:27.354 [JavaFX Application Thread] DEBUG PrimaryStageWindow   - FXGLLoadingScene -> GameScene
15:45:27.742 [JavaFX Application Thread] DEBUG PrimaryStageWindow   - Push state: DriftMainMenu
15:45:27.743 [JavaFX Application Thread] DEBUG Input                - Clearing active input actions
15:45:27.743 [JavaFX Application Thread] DEBUG GameApplicationServi - Removing overlay from GameScene and adding to DriftMainMenu
15:45:27.744 [JavaFX Application Thread] DEBUG PrimaryStageWindow   - GameScene -> DriftMainMenu
15:45:36.327 [JavaFX Application Thread] DEBUG PrimaryStageWindow   - Pop state: DriftMainMenu
15:45:36.327 [JavaFX Application Thread] DEBUG Input                - Clearing active input actions
15:45:36.327 [JavaFX Application Thread] DEBUG GameApplicationServi - Removing overlay from DriftMainMenu and adding to GameScene
15:45:36.327 [JavaFX Application Thread] DEBUG PrimaryStageWindow   - GameScene <- DriftMainMenu
15:45:36.846 [JavaFX Application Thread] DEBUG PrimaryStageWindow   - Push state: DriftMainMenu
15:45:36.846 [JavaFX Application Thread] DEBUG Input                - Clearing active input actions
15:45:36.847 [JavaFX Application Thread] DEBUG GameApplicationServi - Removing overlay from GameScene and adding to DriftMainMenu
15:45:36.847 [JavaFX Application Thread] DEBUG PrimaryStageWindow   - GameScene -> DriftMainMenu
15:45:42.268 [JavaFX Application Thread] DEBUG Menu                 - fireNewGame()
15:45:42.268 [JavaFX Application Thread] DEBUG GameApplicationServi - Starting new game
15:45:42.268 [JavaFX Application Thread] DEBUG PrimaryStageWindow   - Pop state: DriftMainMenu
15:45:42.268 [JavaFX Application Thread] DEBUG Input                - Clearing active input actions
15:45:42.269 [JavaFX Application Thread] DEBUG GameApplicationServi - Removing overlay from DriftMainMenu and adding to GameScene
15:45:42.269 [JavaFX Application Thread] DEBUG PrimaryStageWindow   - GameScene <- DriftMainMenu
15:45:42.270 [JavaFX Application Thread] DEBUG Input                - Clearing active input actions
15:45:42.271 [JavaFX Application Thread] DEBUG GameApplicationServi - Removing overlay from GameScene and adding to FXGLLoadingScene
15:45:42.271 [JavaFX Application Thread] DEBUG PrimaryStageWindow   - GameScene -> FXGLLoadingScene
15:45:42.272 [JavaFX Application Thread] DEBUG GameApplicationServi - Clearing previous game
15:45:42.272 [JavaFX Application Thread] DEBUG GameScene            - Clearing game scene
15:45:42.272 [JavaFX Application Thread] DEBUG GameWorld            - Clearing game world
15:45:42.272 [JavaFX Application Thread] DEBUG PhysicsWorld         - Clearing physics world
15:45:42.272 [FXGL Background Thread 2 ] DEBUG FXGLApplication      - Initializing game
15:45:42.273 [FXGL Background Thread 2 ] WARN  TMXLevelLoader       - TiledMap generated from 1.12.1. Supported version: 1.9.0. Some features may not be parsed fully.
15:45:42.275 [FXGL Background Thread 2 ] DEBUG TMXLevelLoader       - Parsed TiledMap: file:/C:/Users/Clemis%20PC/Desktop/workspace/NO-HALF-SENDS/NO_HALF_SENDS/target/classes/assets/levels/FinalMap.tmx
15:45:42.275 [FXGL Background Thread 2 ] DEBUG TMXLevelLoader       - Creating tile layer entities
15:45:42.275 [FXGL Background Thread 2 ] DEBUG TilesetLoader        - Loading view for layer Kachelebene 1
15:45:42.277 [FXGL Background Thread 2 ] DEBUG TilesetLoader        - Created buffer with size 1280.0x1280.0
15:45:42.282 [FXGL Background Thread 2 ] DEBUG TMXLevelLoader       - Creating object layer entities
15:45:42.287 [FXGL Background Thread 2 ] DEBUG GameWorld            - Clearing removable entities
15:45:42.287 [FXGL Background Thread 2 ] DEBUG GameWorld            - Setting level: com.almasb.fxgl.entity.level.Level@5e85586e
15:45:42.289 [FXGL Background Thread 2 ] INFO  FXGLApplication      - Game initialization took: 0,017 sec
15:45:42.290 [JavaFX Application Thread] DEBUG Input                - Clearing active input actions
15:45:42.291 [JavaFX Application Thread] DEBUG GameApplicationServi - Removing overlay from FXGLLoadingScene and adding to GameScene
15:45:42.292 [JavaFX Application Thread] DEBUG PrimaryStageWindow   - FXGLLoadingScene -> GameScene
15:45:44.202 [JavaFX Application Thread] DEBUG PrimaryStageWindow   - Push state: ResetSubScene
15:45:44.202 [JavaFX Application Thread] DEBUG Input                - Clearing active input actions
15:45:44.202 [JavaFX Application Thread] DEBUG GameApplicationServi - Removing overlay from GameScene and adding to ResetSubScene
15:45:44.203 [JavaFX Application Thread] DEBUG PrimaryStageWindow   - GameScene -> ResetSubScene
15:45:47.487 [JavaFX Application Thread] DEBUG PrimaryStageWindow   - Pop state: ResetSubScene
15:45:47.488 [JavaFX Application Thread] DEBUG Input                - Clearing active input actions
15:45:47.488 [JavaFX Application Thread] DEBUG GameApplicationServi - Removing overlay from ResetSubScene and adding to GameScene
15:45:47.488 [JavaFX Application Thread] DEBUG PrimaryStageWindow   - GameScene <- ResetSubScene
15:45:47.488 [JavaFX Application Thread] DEBUG GameApplicationServi - Starting new game
15:45:47.488 [JavaFX Application Thread] DEBUG Input                - Clearing active input actions
15:45:47.489 [JavaFX Application Thread] DEBUG GameApplicationServi - Removing overlay from GameScene and adding to FXGLLoadingScene
15:45:47.489 [JavaFX Application Thread] DEBUG PrimaryStageWindow   - GameScene -> FXGLLoadingScene
15:45:47.489 [JavaFX Application Thread] DEBUG GameApplicationServi - Clearing previous game
15:45:47.489 [JavaFX Application Thread] DEBUG GameScene            - Clearing game scene
15:45:47.489 [JavaFX Application Thread] DEBUG GameWorld            - Clearing game world
15:45:47.490 [JavaFX Application Thread] DEBUG PhysicsWorld         - Clearing physics world
15:45:47.490 [FXGL Background Thread 2 ] DEBUG FXGLApplication      - Initializing game
15:45:47.491 [FXGL Background Thread 2 ] WARN  TMXLevelLoader       - TiledMap generated from 1.12.1. Supported version: 1.9.0. Some features may not be parsed fully.
15:45:47.492 [FXGL Background Thread 2 ] DEBUG TMXLevelLoader       - Parsed TiledMap: file:/C:/Users/Clemis%20PC/Desktop/workspace/NO-HALF-SENDS/NO_HALF_SENDS/target/classes/assets/levels/FinalMap.tmx
15:45:47.492 [FXGL Background Thread 2 ] DEBUG TMXLevelLoader       - Creating tile layer entities
15:45:47.492 [FXGL Background Thread 2 ] DEBUG TilesetLoader        - Loading view for layer Kachelebene 1
15:45:47.494 [FXGL Background Thread 2 ] DEBUG TilesetLoader        - Created buffer with size 1280.0x1280.0
15:45:47.498 [FXGL Background Thread 2 ] DEBUG TMXLevelLoader       - Creating object layer entities
15:45:47.503 [FXGL Background Thread 2 ] DEBUG GameWorld            - Clearing removable entities
15:45:47.503 [FXGL Background Thread 2 ] DEBUG GameWorld            - Setting level: com.almasb.fxgl.entity.level.Level@b458cf7
15:45:47.510 [FXGL Background Thread 2 ] INFO  FXGLApplication      - Game initialization took: 0,020 sec
15:45:47.513 [JavaFX Application Thread] DEBUG Input                - Clearing active input actions
15:45:47.515 [JavaFX Application Thread] DEBUG GameApplicationServi - Removing overlay from FXGLLoadingScene and adding to GameScene
15:45:47.516 [JavaFX Application Thread] DEBUG PrimaryStageWindow   - FXGLLoadingScene -> GameScene
15:46:00.026 [JavaFX Application Thread] DEBUG PrimaryStageWindow   - Push state: ResetSubScene
15:46:00.026 [JavaFX Application Thread] DEBUG Input                - Clearing active input actions
15:46:00.026 [JavaFX Application Thread] DEBUG GameApplicationServi - Removing overlay from GameScene and adding to ResetSubScene
15:46:00.026 [JavaFX Application Thread] DEBUG PrimaryStageWindow   - GameScene -> ResetSubScene
15:46:03.412 [JavaFX Application Thread] DEBUG PrimaryStageWindow   - Pop state: ResetSubScene
15:46:03.412 [JavaFX Application Thread] DEBUG Input                - Clearing active input actions
15:46:03.412 [JavaFX Application Thread] DEBUG GameApplicationServi - Removing overlay from ResetSubScene and adding to GameScene
15:46:03.413 [JavaFX Application Thread] DEBUG PrimaryStageWindow   - GameScene <- ResetSubScene
15:46:03.413 [JavaFX Application Thread] DEBUG GameApplicationServi - Starting new game
15:46:03.413 [JavaFX Application Thread] DEBUG Input                - Clearing active input actions
15:46:03.414 [JavaFX Application Thread] DEBUG GameApplicationServi - Removing overlay from GameScene and adding to FXGLLoadingScene
15:46:03.414 [JavaFX Application Thread] DEBUG PrimaryStageWindow   - GameScene -> FXGLLoadingScene
15:46:03.414 [JavaFX Application Thread] DEBUG GameApplicationServi - Clearing previous game
15:46:03.414 [JavaFX Application Thread] DEBUG GameScene            - Clearing game scene
15:46:03.414 [JavaFX Application Thread] DEBUG GameWorld            - Clearing game world
15:46:03.415 [JavaFX Application Thread] DEBUG PhysicsWorld         - Clearing physics world
15:46:03.415 [FXGL Background Thread 2 ] DEBUG FXGLApplication      - Initializing game
15:46:03.417 [FXGL Background Thread 2 ] WARN  TMXLevelLoader       - TiledMap generated from 1.12.1. Supported version: 1.9.0. Some features may not be parsed fully.
15:46:03.419 [FXGL Background Thread 2 ] DEBUG TMXLevelLoader       - Parsed TiledMap: file:/C:/Users/Clemis%20PC/Desktop/workspace/NO-HALF-SENDS/NO_HALF_SENDS/target/classes/assets/levels/FinalMap.tmx
15:46:03.419 [FXGL Background Thread 2 ] DEBUG TMXLevelLoader       - Creating tile layer entities
15:46:03.419 [FXGL Background Thread 2 ] DEBUG TilesetLoader        - Loading view for layer Kachelebene 1
15:46:03.420 [FXGL Background Thread 2 ] DEBUG TilesetLoader        - Created buffer with size 1280.0x1280.0
15:46:03.423 [FXGL Background Thread 2 ] DEBUG TMXLevelLoader       - Creating object layer entities
15:46:03.425 [FXGL Background Thread 2 ] DEBUG GameWorld            - Clearing removable entities
15:46:03.425 [FXGL Background Thread 2 ] DEBUG GameWorld            - Setting level: com.almasb.fxgl.entity.level.Level@1034cdbb
15:46:03.432 [FXGL Background Thread 2 ] INFO  FXGLApplication      - Game initialization took: 0,017 sec
15:46:03.433 [JavaFX Application Thread] DEBUG Input                - Clearing active input actions
15:46:03.433 [JavaFX Application Thread] DEBUG GameApplicationServi - Removing overlay from FXGLLoadingScene and adding to GameScene
15:46:03.435 [JavaFX Application Thread] DEBUG PrimaryStageWindow   - FXGLLoadingScene -> GameScene
15:46:17.053 [JavaFX Application Thread] DEBUG PrimaryStageWindow   - Push state: ResetSubScene
15:46:17.053 [JavaFX Application Thread] DEBUG Input                - Clearing active input actions
15:46:17.053 [JavaFX Application Thread] DEBUG GameApplicationServi - Removing overlay from GameScene and adding to ResetSubScene
15:46:17.053 [JavaFX Application Thread] DEBUG PrimaryStageWindow   - GameScene -> ResetSubScene
15:46:20.401 [JavaFX Application Thread] DEBUG PrimaryStageWindow   - Pop state: ResetSubScene
15:46:20.401 [JavaFX Application Thread] DEBUG Input                - Clearing active input actions
15:46:20.401 [JavaFX Application Thread] DEBUG GameApplicationServi - Removing overlay from ResetSubScene and adding to GameScene
15:46:20.401 [JavaFX Application Thread] DEBUG PrimaryStageWindow   - GameScene <- ResetSubScene
15:46:20.401 [JavaFX Application Thread] DEBUG GameApplicationServi - Starting new game
15:46:20.401 [JavaFX Application Thread] DEBUG Input                - Clearing active input actions
15:46:20.403 [JavaFX Application Thread] DEBUG GameApplicationServi - Removing overlay from GameScene and adding to FXGLLoadingScene
15:46:20.403 [JavaFX Application Thread] DEBUG PrimaryStageWindow   - GameScene -> FXGLLoadingScene
15:46:20.403 [JavaFX Application Thread] DEBUG GameApplicationServi - Clearing previous game
15:46:20.403 [JavaFX Application Thread] DEBUG GameScene            - Clearing game scene
15:46:20.403 [JavaFX Application Thread] DEBUG GameWorld            - Clearing game world
15:46:20.403 [JavaFX Application Thread] DEBUG PhysicsWorld         - Clearing physics world
15:46:20.403 [FXGL Background Thread 2 ] DEBUG FXGLApplication      - Initializing game
15:46:20.404 [FXGL Background Thread 2 ] WARN  TMXLevelLoader       - TiledMap generated from 1.12.1. Supported version: 1.9.0. Some features may not be parsed fully.
15:46:20.405 [FXGL Background Thread 2 ] DEBUG TMXLevelLoader       - Parsed TiledMap: file:/C:/Users/Clemis%20PC/Desktop/workspace/NO-HALF-SENDS/NO_HALF_SENDS/target/classes/assets/levels/FinalMap.tmx
15:46:20.405 [FXGL Background Thread 2 ] DEBUG TMXLevelLoader       - Creating tile layer entities
15:46:20.405 [FXGL Background Thread 2 ] DEBUG TilesetLoader        - Loading view for layer Kachelebene 1
15:46:20.406 [FXGL Background Thread 2 ] DEBUG TilesetLoader        - Created buffer with size 1280.0x1280.0
15:46:20.410 [FXGL Background Thread 2 ] DEBUG TMXLevelLoader       - Creating object layer entities
15:46:20.411 [FXGL Background Thread 2 ] DEBUG GameWorld            - Clearing removable entities
15:46:20.411 [FXGL Background Thread 2 ] DEBUG GameWorld            - Setting level: com.almasb.fxgl.entity.level.Level@695a3724
15:46:20.418 [FXGL Background Thread 2 ] INFO  FXGLApplication      - Game initialization took: 0,014 sec
15:46:20.422 [JavaFX Application Thread] DEBUG Input                - Clearing active input actions
15:46:20.424 [JavaFX Application Thread] DEBUG GameApplicationServi - Removing overlay from FXGLLoadingScene and adding to GameScene
15:46:20.425 [JavaFX Application Thread] DEBUG PrimaryStageWindow   - FXGLLoadingScene -> GameScene
15:46:20.626 [JavaFX Application Thread] DEBUG PrimaryStageWindow   - Push state: DriftMainMenu
15:46:20.626 [JavaFX Application Thread] DEBUG Input                - Clearing active input actions
15:46:20.627 [JavaFX Application Thread] DEBUG GameApplicationServi - Removing overlay from GameScene and adding to DriftMainMenu
15:46:20.627 [JavaFX Application Thread] DEBUG PrimaryStageWindow   - GameScene -> DriftMainMenu
15:46:23.932 [JavaFX Application Thread] DEBUG Menu                 - fireNewGame()
15:46:23.932 [JavaFX Application Thread] DEBUG GameApplicationServi - Starting new game
15:46:23.932 [JavaFX Application Thread] DEBUG PrimaryStageWindow   - Pop state: DriftMainMenu
15:46:23.932 [JavaFX Application Thread] DEBUG Input                - Clearing active input actions
15:46:23.932 [JavaFX Application Thread] DEBUG GameApplicationServi - Removing overlay from DriftMainMenu and adding to GameScene
15:46:23.932 [JavaFX Application Thread] DEBUG PrimaryStageWindow   - GameScene <- DriftMainMenu
15:46:23.932 [JavaFX Application Thread] DEBUG Input                - Clearing active input actions
15:46:23.934 [JavaFX Application Thread] DEBUG GameApplicationServi - Removing overlay from GameScene and adding to FXGLLoadingScene
15:46:23.934 [JavaFX Application Thread] DEBUG PrimaryStageWindow   - GameScene -> FXGLLoadingScene
15:46:23.934 [JavaFX Application Thread] DEBUG GameApplicationServi - Clearing previous game
15:46:23.934 [JavaFX Application Thread] DEBUG GameScene            - Clearing game scene
15:46:23.934 [JavaFX Application Thread] DEBUG GameWorld            - Clearing game world
15:46:23.935 [JavaFX Application Thread] DEBUG PhysicsWorld         - Clearing physics world
15:46:23.935 [FXGL Background Thread 2 ] DEBUG FXGLApplication      - Initializing game
15:46:23.936 [FXGL Background Thread 2 ] WARN  TMXLevelLoader       - TiledMap generated from 1.12.1. Supported version: 1.9.0. Some features may not be parsed fully.
15:46:23.937 [FXGL Background Thread 2 ] DEBUG TMXLevelLoader       - Parsed TiledMap: file:/C:/Users/Clemis%20PC/Desktop/workspace/NO-HALF-SENDS/NO_HALF_SENDS/target/classes/assets/levels/FinalMap.tmx
15:46:23.937 [FXGL Background Thread 2 ] DEBUG TMXLevelLoader       - Creating tile layer entities
15:46:23.937 [FXGL Background Thread 2 ] DEBUG TilesetLoader        - Loading view for layer Kachelebene 1
15:46:23.938 [FXGL Background Thread 2 ] DEBUG TilesetLoader        - Created buffer with size 1280.0x1280.0
15:46:23.943 [FXGL Background Thread 2 ] DEBUG TMXLevelLoader       - Creating object layer entities
15:46:23.945 [FXGL Background Thread 2 ] DEBUG GameWorld            - Clearing removable entities
15:46:23.945 [FXGL Background Thread 2 ] DEBUG GameWorld            - Setting level: com.almasb.fxgl.entity.level.Level@24fe894b
15:46:23.946 [FXGL Background Thread 2 ] INFO  FXGLApplication      - Game initialization took: 0,011 sec
15:46:23.948 [JavaFX Application Thread] DEBUG Input                - Clearing active input actions
15:46:23.949 [JavaFX Application Thread] DEBUG GameApplicationServi - Removing overlay from FXGLLoadingScene and adding to GameScene
15:46:23.950 [JavaFX Application Thread] DEBUG PrimaryStageWindow   - FXGLLoadingScene -> GameScene
15:46:27.353 [JavaFX Application Thread] DEBUG PrimaryStageWindow   - Push state: ResetSubScene
15:46:27.353 [JavaFX Application Thread] DEBUG Input                - Clearing active input actions
15:46:27.353 [JavaFX Application Thread] DEBUG GameApplicationServi - Removing overlay from GameScene and adding to ResetSubScene
15:46:27.353 [JavaFX Application Thread] DEBUG PrimaryStageWindow   - GameScene -> ResetSubScene
15:46:30.645 [JavaFX Application Thread] DEBUG PrimaryStageWindow   - Pop state: ResetSubScene
15:46:30.645 [JavaFX Application Thread] DEBUG Input                - Clearing active input actions
15:46:30.645 [JavaFX Application Thread] DEBUG GameApplicationServi - Removing overlay from ResetSubScene and adding to GameScene
15:46:30.645 [JavaFX Application Thread] DEBUG PrimaryStageWindow   - GameScene <- ResetSubScene
15:46:30.645 [JavaFX Application Thread] DEBUG GameApplicationServi - Starting new game
15:46:30.645 [JavaFX Application Thread] DEBUG Input                - Clearing active input actions
15:46:30.646 [JavaFX Application Thread] DEBUG GameApplicationServi - Removing overlay from GameScene and adding to FXGLLoadingScene
15:46:30.646 [JavaFX Application Thread] DEBUG PrimaryStageWindow   - GameScene -> FXGLLoadingScene
15:46:30.646 [JavaFX Application Thread] DEBUG GameApplicationServi - Clearing previous game
15:46:30.646 [JavaFX Application Thread] DEBUG GameScene            - Clearing game scene
15:46:30.646 [JavaFX Application Thread] DEBUG GameWorld            - Clearing game world
15:46:30.647 [JavaFX Application Thread] DEBUG PhysicsWorld         - Clearing physics world
15:46:30.647 [FXGL Background Thread 2 ] DEBUG FXGLApplication      - Initializing game
15:46:30.648 [FXGL Background Thread 2 ] WARN  TMXLevelLoader       - TiledMap generated from 1.12.1. Supported version: 1.9.0. Some features may not be parsed fully.
15:46:30.648 [FXGL Background Thread 2 ] DEBUG TMXLevelLoader       - Parsed TiledMap: file:/C:/Users/Clemis%20PC/Desktop/workspace/NO-HALF-SENDS/NO_HALF_SENDS/target/classes/assets/levels/FinalMap.tmx
15:46:30.648 [FXGL Background Thread 2 ] DEBUG TMXLevelLoader       - Creating tile layer entities
15:46:30.648 [FXGL Background Thread 2 ] DEBUG TilesetLoader        - Loading view for layer Kachelebene 1
15:46:30.649 [FXGL Background Thread 2 ] DEBUG TilesetLoader        - Created buffer with size 1280.0x1280.0
15:46:30.654 [FXGL Background Thread 2 ] DEBUG TMXLevelLoader       - Creating object layer entities
15:46:30.658 [FXGL Background Thread 2 ] DEBUG GameWorld            - Clearing removable entities
15:46:30.659 [FXGL Background Thread 2 ] DEBUG GameWorld            - Setting level: com.almasb.fxgl.entity.level.Level@40f6d5ab
15:46:30.669 [FXGL Background Thread 2 ] INFO  FXGLApplication      - Game initialization took: 0,022 sec
15:46:30.670 [JavaFX Application Thread] DEBUG Input                - Clearing active input actions
15:46:30.671 [JavaFX Application Thread] DEBUG GameApplicationServi - Removing overlay from FXGLLoadingScene and adding to GameScene
15:46:30.672 [JavaFX Application Thread] DEBUG PrimaryStageWindow   - FXGLLoadingScene -> GameScene
15:46:41.731 [JavaFX Application Thread] DEBUG PrimaryStageWindow   - Push state: ResetSubScene
15:46:41.731 [JavaFX Application Thread] DEBUG Input                - Clearing active input actions
15:46:41.731 [JavaFX Application Thread] DEBUG GameApplicationServi - Removing overlay from GameScene and adding to ResetSubScene
15:46:41.731 [JavaFX Application Thread] DEBUG PrimaryStageWindow   - GameScene -> ResetSubScene
15:46:45.105 [JavaFX Application Thread] DEBUG PrimaryStageWindow   - Pop state: ResetSubScene
15:46:45.105 [JavaFX Application Thread] DEBUG Input                - Clearing active input actions
15:46:45.105 [JavaFX Application Thread] DEBUG GameApplicationServi - Removing overlay from ResetSubScene and adding to GameScene
15:46:45.105 [JavaFX Application Thread] DEBUG PrimaryStageWindow   - GameScene <- ResetSubScene
15:46:45.105 [JavaFX Application Thread] DEBUG GameApplicationServi - Starting new game
15:46:45.105 [JavaFX Application Thread] DEBUG Input                - Clearing active input actions
15:46:45.107 [JavaFX Application Thread] DEBUG GameApplicationServi - Removing overlay from GameScene and adding to FXGLLoadingScene
15:46:45.107 [JavaFX Application Thread] DEBUG PrimaryStageWindow   - GameScene -> FXGLLoadingScene
15:46:45.107 [JavaFX Application Thread] DEBUG GameApplicationServi - Clearing previous game
15:46:45.107 [JavaFX Application Thread] DEBUG GameScene            - Clearing game scene
15:46:45.107 [JavaFX Application Thread] DEBUG GameWorld            - Clearing game world
15:46:45.108 [JavaFX Application Thread] DEBUG PhysicsWorld         - Clearing physics world
15:46:45.108 [FXGL Background Thread 2 ] DEBUG FXGLApplication      - Initializing game
15:46:45.110 [FXGL Background Thread 2 ] WARN  TMXLevelLoader       - TiledMap generated from 1.12.1. Supported version: 1.9.0. Some features may not be parsed fully.
15:46:45.111 [FXGL Background Thread 2 ] DEBUG TMXLevelLoader       - Parsed TiledMap: file:/C:/Users/Clemis%20PC/Desktop/workspace/NO-HALF-SENDS/NO_HALF_SENDS/target/classes/assets/levels/FinalMap.tmx
15:46:45.111 [FXGL Background Thread 2 ] DEBUG TMXLevelLoader       - Creating tile layer entities
15:46:45.112 [FXGL Background Thread 2 ] DEBUG TilesetLoader        - Loading view for layer Kachelebene 1
15:46:45.112 [FXGL Background Thread 2 ] DEBUG TilesetLoader        - Created buffer with size 1280.0x1280.0
15:46:45.116 [FXGL Background Thread 2 ] DEBUG TMXLevelLoader       - Creating object layer entities
15:46:45.117 [FXGL Background Thread 2 ] DEBUG GameWorld            - Clearing removable entities
15:46:45.117 [FXGL Background Thread 2 ] DEBUG GameWorld            - Setting level: com.almasb.fxgl.entity.level.Level@575d5fc0
15:46:45.123 [FXGL Background Thread 2 ] INFO  FXGLApplication      - Game initialization took: 0,015 sec
15:46:45.124 [JavaFX Application Thread] DEBUG Input                - Clearing active input actions
15:46:45.126 [JavaFX Application Thread] DEBUG GameApplicationServi - Removing overlay from FXGLLoadingScene and adding to GameScene
15:46:45.126 [JavaFX Application Thread] DEBUG PrimaryStageWindow   - FXGLLoadingScene -> GameScene
15:47:03.714 [JavaFX Application Thread] DEBUG PrimaryStageWindow   - Push state: ResetSubScene
15:47:03.715 [JavaFX Application Thread] DEBUG Input                - Clearing active input actions
15:47:03.715 [JavaFX Application Thread] DEBUG GameApplicationServi - Removing overlay from GameScene and adding to ResetSubScene
15:47:03.715 [JavaFX Application Thread] DEBUG PrimaryStageWindow   - GameScene -> ResetSubScene
15:47:07.030 [JavaFX Application Thread] DEBUG PrimaryStageWindow   - Pop state: ResetSubScene
15:47:07.030 [JavaFX Application Thread] DEBUG Input                - Clearing active input actions
15:47:07.030 [JavaFX Application Thread] DEBUG GameApplicationServi - Removing overlay from ResetSubScene and adding to GameScene
15:47:07.030 [JavaFX Application Thread] DEBUG PrimaryStageWindow   - GameScene <- ResetSubScene
15:47:07.030 [JavaFX Application Thread] DEBUG GameApplicationServi - Starting new game
15:47:07.030 [JavaFX Application Thread] DEBUG Input                - Clearing active input actions
15:47:07.032 [JavaFX Application Thread] DEBUG GameApplicationServi - Removing overlay from GameScene and adding to FXGLLoadingScene
15:47:07.032 [JavaFX Application Thread] DEBUG PrimaryStageWindow   - GameScene -> FXGLLoadingScene
15:47:07.032 [JavaFX Application Thread] DEBUG GameApplicationServi - Clearing previous game
15:47:07.032 [JavaFX Application Thread] DEBUG GameScene            - Clearing game scene
15:47:07.032 [JavaFX Application Thread] DEBUG GameWorld            - Clearing game world
15:47:07.032 [JavaFX Application Thread] DEBUG PhysicsWorld         - Clearing physics world
15:47:07.032 [FXGL Background Thread 2 ] DEBUG FXGLApplication      - Initializing game
15:47:07.033 [FXGL Background Thread 2 ] WARN  TMXLevelLoader       - TiledMap generated from 1.12.1. Supported version: 1.9.0. Some features may not be parsed fully.
15:47:07.033 [FXGL Background Thread 2 ] DEBUG TMXLevelLoader       - Parsed TiledMap: file:/C:/Users/Clemis%20PC/Desktop/workspace/NO-HALF-SENDS/NO_HALF_SENDS/target/classes/assets/levels/FinalMap.tmx
15:47:07.033 [FXGL Background Thread 2 ] DEBUG TMXLevelLoader       - Creating tile layer entities
15:47:07.033 [FXGL Background Thread 2 ] DEBUG TilesetLoader        - Loading view for layer Kachelebene 1
15:47:07.034 [FXGL Background Thread 2 ] DEBUG TilesetLoader        - Created buffer with size 1280.0x1280.0
15:47:07.038 [FXGL Background Thread 2 ] DEBUG TMXLevelLoader       - Creating object layer entities
15:47:07.039 [FXGL Background Thread 2 ] DEBUG GameWorld            - Clearing removable entities
15:47:07.039 [FXGL Background Thread 2 ] DEBUG GameWorld            - Setting level: com.almasb.fxgl.entity.level.Level@3b8ee84f
15:47:07.046 [FXGL Background Thread 2 ] INFO  FXGLApplication      - Game initialization took: 0,014 sec
15:47:07.046 [JavaFX Application Thread] DEBUG Input                - Clearing active input actions
15:47:07.048 [JavaFX Application Thread] DEBUG GameApplicationServi - Removing overlay from FXGLLoadingScene and adding to GameScene
15:47:07.048 [JavaFX Application Thread] DEBUG PrimaryStageWindow   - FXGLLoadingScene -> GameScene
15:47:07.110 [JavaFX Application Thread] DEBUG PrimaryStageWindow   - Push state: DriftMainMenu
15:47:07.110 [JavaFX Application Thread] DEBUG Input                - Clearing active input actions
15:47:07.111 [JavaFX Application Thread] DEBUG GameApplicationServi - Removing overlay from GameScene and adding to DriftMainMenu
15:47:07.111 [JavaFX Application Thread] DEBUG PrimaryStageWindow   - GameScene -> DriftMainMenu
15:47:07.692 [JavaFX Application Thread] DEBUG FXGLApplication      - Exiting FXGL
15:47:07.692 [JavaFX Application Thread] DEBUG LoopRunner           - Stopping loop
15:47:07.692 [JavaFX Application Thread] DEBUG SystemBundleService  - Saving FXGL system data
15:47:07.693 [JavaFX Application Thread] DEBUG FileSystemAccess     - Writing to: C:\Users\Clemis PC\Desktop\workspace\NO-HALF-SENDS\NO_HALF_SENDS\system\fxgl.bundle
15:47:07.695 [JavaFX Application Thread] DEBUG Async                - Shutting down background threads
15:47:07.695 [JavaFX Application Thread] DEBUG PrimaryStageWindow   - Closing main window
15:47:07.738 [JavaFX Application Thread] DEBUG Logger               - Closing Logger
