14:42:55.453 [main                     ] DEBUG Logger               - Configured Logger
14:42:55.458 [main                     ] DEBUG GameApplication      - Logging settings
Title: NO HALF SENDS
Version: 0.0
Width: 1920
Height: 1080
Fullscreen: true
Intro: false
Profiling: false
Single step:false
App Mode: DEVELOPER
Menu Key: ESCAPE
Stage Style: DECORATED
Scene Factory: class at.htl.no_half_sends.NoHalfSendsApp$1

14:42:55.832 [JavaFX Application Thread] DEBUG FXGLApplication      - Initializing FXGL
14:42:55.835 [JavaFX Application Thread] INFO  Engine               - FXGL-17.3 (30.03.2023 11.49) on WINDOWS (J:25.0.1 FX:21.0.6)
14:42:55.835 [JavaFX Application Thread] DEBUG Engine               - JRE Vendor Name: Oracle Corporation
14:42:55.835 [JavaFX Application Thread] DEBUG Engine               - Running on OS: Windows 11 version 10.0
14:42:55.835 [JavaFX Application Thread] DEBUG Engine               - Architecture: amd64
14:42:55.835 [JavaFX Application Thread] INFO  Engine               - Source code and latest versions at: https://github.com/AlmasB/FXGL
14:42:55.835 [JavaFX Application Thread] INFO  Engine               -       Ask questions and discuss at: https://github.com/AlmasB/FXGL/discussions
14:42:55.835 [JavaFX Application Thread] INFO  Engine               -              Join the FXGL chat at: https://gitter.im/AlmasB/FXGL
14:42:55.916 [JavaFX Application Thread] DEBUG PrimaryStageWindow   - Creating a JavaFX scene
14:42:55.951 [JavaFX Application Thread] DEBUG PrimaryStageWindow   - Target settings size: 1920.0 x 1080.0
14:42:55.951 [JavaFX Application Thread] DEBUG PrimaryStageWindow   - Scaled scene size:    1920.0 x 1080.0
14:42:55.951 [JavaFX Application Thread] DEBUG PrimaryStageWindow   - Scaled ratio: (1.0, 1.0)
14:42:55.952 [JavaFX Application Thread] DEBUG PrimaryStageWindow   - Set initial scene to FXGLStartupScene
14:42:55.955 [JavaFX Application Thread] DEBUG PrimaryStageWindow   - Opening main window
14:42:56.018 [JavaFX Application Thread] DEBUG PrimaryStageWindow   - Window border size: (16.0, 39.0)
14:42:56.018 [JavaFX Application Thread] DEBUG PrimaryStageWindow   - Scaled size: 1920.0 x 1080.0
14:42:56.018 [JavaFX Application Thread] DEBUG PrimaryStageWindow   - Scaled ratio: (1.0, 1.0)
14:42:56.018 [JavaFX Application Thread] DEBUG PrimaryStageWindow   - Scene size: 1920.0 x 1080.0
14:42:56.018 [JavaFX Application Thread] DEBUG PrimaryStageWindow   - Stage size: 1936.0 x 1119.0
14:42:56.057 [JavaFX Application Thread] DEBUG PrimaryStageWindow   - Going fullscreen
14:42:56.063 [FXGL Background Thread 1 ] DEBUG Engine               - Initializing environment variables
14:42:56.099 [FXGL Background Thread 1 ] DEBUG FXGLAssetLoaderServi - User app class for loading assets: class at.htl.no_half_sends.NoHalfSendsApp
14:42:56.099 [FXGL Background Thread 1 ] DEBUG GameApplicationServi - Applying CSS: fxgl_dark.css
14:42:56.100 [FXGL Background Thread 1 ] DEBUG FXGLAssetLoaderServi - Loading from file system: jar:file:/C:/Users/Clemis%20PC/.m2/repository/com/github/almasb/fxgl/17.3/fxgl-17.3.jar!/fxglassets/ui/css/fxgl_dark.css
14:42:56.126 [FXGL Background Thread 1 ] DEBUG GameApplicationServi - Initializing application scenes
14:42:56.153 [FXGL Background Thread 1 ] DEBUG GameWorld            - Game world initialized
14:42:56.181 [FXGL Background Thread 1 ] DEBUG PhysicsWorld         - Physics world initialized: appHeight=1080, physics.ppm=50,0
14:42:56.181 [FXGL Background Thread 1 ] DEBUG PhysicsWorld         - Using strategy: BRUTE_FORCE
14:42:56.183 [FXGL Background Thread 1 ] DEBUG GameScene            - Game scene initialized: 1920x1080
14:42:56.239 [FXGL Background Thread 1 ] DEBUG GameApplicationServi - Application scenes initialized
14:42:56.249 [FXGL Background Thread 1 ] DEBUG SystemBundleService  - Loading FXGL system data
14:42:56.253 [FXGL Background Thread 1 ] DEBUG FileSystemAccess     - Reading from: C:\Users\Clemis PC\Desktop\workspace\NO-HALF-SENDS\NO_HALF_SENDS\system\fxgl.bundle
14:42:56.257 [FXGL Background Thread 1 ] DEBUG SystemBundleService  - Bundle FXGL: {}
14:42:56.257 [FXGL Background Thread 1 ] DEBUG UpdaterService       - Checking for updates
14:42:56.276 [FXGL Background Thread 4 ] DEBUG FXGLApplication      - Loading fonts
14:42:56.276 [FXGL Background Thread 4 ] DEBUG FXGLAssetLoaderServi - Loading from file system: jar:file:/C:/Users/Clemis%20PC/.m2/repository/com/github/almasb/fxgl/17.3/fxgl-17.3.jar!/fxglassets/ui/fonts/VarelaRound-Regular.ttf
14:42:56.276 [FXGL Background Thread 1 ] DEBUG FXGLApplication      - Loading default localization
14:42:56.277 [FXGL Background Thread 1 ] DEBUG FXGLAssetLoaderServi - Loading from file system: jar:file:/C:/Users/Clemis%20PC/.m2/repository/com/github/almasb/fxgl/17.3/fxgl-17.3.jar!/fxglassets/languages/english.lang
14:42:56.286 [FXGL Background Thread 1 ] INFO  FXGLApplication      - FXGL initialization took: 0,223 sec
14:42:56.291 [JavaFX Application Thread] DEBUG Input                - Registered new binding: Gas geben - W
14:42:56.291 [JavaFX Application Thread] DEBUG Input                - Registered new binding: Bremsen / Rückwärts - S
14:42:56.292 [JavaFX Application Thread] DEBUG Input                - Registered new binding: Links lenken - A
14:42:56.292 [JavaFX Application Thread] DEBUG Input                - Registered new binding: Rechts lenken - D
14:42:56.292 [JavaFX Application Thread] DEBUG Input                - Registered new binding: Speichern - F5
14:42:56.292 [JavaFX Application Thread] DEBUG FXGLAssetLoaderServi - Loading from file system: jar:file:/C:/Users/Clemis%20PC/.m2/repository/com/github/almasb/fxgl/17.3/fxgl-17.3.jar!/fxglassets/textures/fxgl_icon.png
14:42:56.301 [FXGL Background Thread 4 ] DEBUG FXGLAssetLoaderServi - Loading from file system: jar:file:/C:/Users/Clemis%20PC/.m2/repository/com/github/almasb/fxgl/17.3/fxgl-17.3.jar!/fxglassets/ui/fonts/Abel-Regular.ttf
14:42:56.309 [FXGL Background Thread 4 ] DEBUG FXGLAssetLoaderServi - Loading from file system: jar:file:/C:/Users/Clemis%20PC/.m2/repository/com/github/almasb/fxgl/17.3/fxgl-17.3.jar!/fxglassets/ui/fonts/TerminalLandMono-Regular.otf
14:42:56.319 [FXGL Background Thread 4 ] DEBUG FXGLAssetLoaderServi - Loading from file system: jar:file:/C:/Users/Clemis%20PC/.m2/repository/com/github/almasb/fxgl/17.3/fxgl-17.3.jar!/fxglassets/ui/fonts/Courier-Prime.ttf
14:42:56.322 [JavaFX Application Thread] DEBUG FXGLAssetLoaderServi - Loading from file system: jar:file:/C:/Users/Clemis%20PC/.m2/repository/com/github/almasb/fxgl/17.3/fxgl-17.3.jar!/fxglassets/textures/fxgl_default_cursor.png
14:42:56.323 [JavaFX Application Thread] DEBUG Input                - Registered new binding: Screenshot - CTRL+8
14:42:56.323 [JavaFX Application Thread] DEBUG Input                - Registered new binding: Dev Options - 1
14:42:56.323 [JavaFX Application Thread] DEBUG Input                - Registered new binding: Dev Console - 2
14:42:56.324 [JavaFX Application Thread] DEBUG Input                - Registered new binding: System info dump - CTRL+9
14:42:56.324 [JavaFX Application Thread] DEBUG Input                - Registered new binding: Restart - CTRL+R
14:42:56.324 [JavaFX Application Thread] DEBUG Input                - Registered new binding: Toggle Debug Camera - CTRL+7
14:42:56.326 [JavaFX Application Thread] DEBUG LoopRunner           - Starting loop
14:42:56.343 [JavaFX Application Thread] DEBUG LoopRunner           - Initializing JavaFX AnimationTimerLoop
14:42:56.344 [JavaFX Application Thread] DEBUG Input                - Clearing active input actions
14:42:56.350 [JavaFX Application Thread] DEBUG GameApplicationServi - Removing overlay from FXGLStartupScene and adding to FXGLMainMenuDummyScene
14:42:56.352 [JavaFX Application Thread] DEBUG PrimaryStageWindow   - FXGLStartupScene -> FXGLMainMenuDummyScene
14:42:56.352 [JavaFX Application Thread] DEBUG PrimaryStageWindow   - Push state: DriftMainMenu
14:42:56.352 [JavaFX Application Thread] DEBUG Input                - Clearing active input actions
14:42:56.358 [JavaFX Application Thread] DEBUG GameApplicationServi - Removing overlay from FXGLMainMenuDummyScene and adding to DriftMainMenu
14:42:56.359 [JavaFX Application Thread] DEBUG PrimaryStageWindow   - FXGLMainMenuDummyScene -> DriftMainMenu
14:42:56.359 [JavaFX Application Thread] DEBUG FXGLApplication      - Registering font factories with UI factory
14:42:56.550 [FXGL Background Thread 2 ] INFO  UpdaterService       - Your current version:  17.3
14:42:56.550 [FXGL Background Thread 2 ] INFO  UpdaterService       - Latest stable version: 25
14:42:58.661 [JavaFX Application Thread] DEBUG Menu                 - fireNewGame()
14:42:58.661 [JavaFX Application Thread] DEBUG GameApplicationServi - Starting new game
14:42:58.662 [JavaFX Application Thread] DEBUG PrimaryStageWindow   - Pop state: DriftMainMenu
14:42:58.662 [JavaFX Application Thread] DEBUG Input                - Clearing active input actions
14:42:58.662 [JavaFX Application Thread] DEBUG GameApplicationServi - Removing overlay from DriftMainMenu and adding to FXGLMainMenuDummyScene
14:42:58.663 [JavaFX Application Thread] DEBUG PrimaryStageWindow   - FXGLMainMenuDummyScene <- DriftMainMenu
14:42:58.663 [JavaFX Application Thread] DEBUG Input                - Clearing active input actions
14:42:58.666 [JavaFX Application Thread] DEBUG GameApplicationServi - Removing overlay from FXGLMainMenuDummyScene and adding to FXGLLoadingScene
14:42:58.666 [JavaFX Application Thread] DEBUG PrimaryStageWindow   - FXGLMainMenuDummyScene -> FXGLLoadingScene
14:42:58.666 [JavaFX Application Thread] DEBUG GameApplicationServi - Clearing previous game
14:42:58.666 [JavaFX Application Thread] DEBUG GameScene            - Clearing game scene
14:42:58.666 [JavaFX Application Thread] DEBUG GameWorld            - Clearing game world
14:42:58.667 [JavaFX Application Thread] DEBUG PhysicsWorld         - Clearing physics world
14:42:58.668 [FXGL Background Thread 2 ] DEBUG FXGLApplication      - Initializing game
14:42:58.691 [FXGL Background Thread 2 ] WARN  TMXLevelLoader       - TiledMap generated from 1.12.1. Supported version: 1.9.0. Some features may not be parsed fully.
14:42:58.702 [FXGL Background Thread 2 ] DEBUG TMXLevelLoader       - Parsed TiledMap: file:/C:/Users/Clemis%20PC/Desktop/workspace/NO-HALF-SENDS/NO_HALF_SENDS/target/classes/assets/levels/FinalMap.tmx
14:42:58.703 [FXGL Background Thread 2 ] DEBUG TMXLevelLoader       - Creating tile layer entities
14:42:58.704 [FXGL Background Thread 2 ] DEBUG TilesetLoader        - Loading view for layer Kachelebene 1
14:42:58.707 [FXGL Background Thread 2 ] DEBUG TilesetLoader        - Created buffer with size 1280.0x1280.0
14:42:58.720 [FXGL Background Thread 2 ] DEBUG TMXLevelLoader       - Creating object layer entities
14:42:58.736 [FXGL Background Thread 2 ] DEBUG GameWorld            - Clearing removable entities
14:42:58.736 [FXGL Background Thread 2 ] DEBUG GameWorld            - Setting level: com.almasb.fxgl.entity.level.Level@1a9753e4
14:42:58.738 [FXGL Background Thread 2 ] DEBUG FXGLAssetLoaderServi - Loading from file system: file:/C:/Users/Clemis%20PC/Desktop/workspace/NO-HALF-SENDS/NO_HALF_SENDS/target/classes/assets/textures/Subaru_WRX_STI_mk2.png
14:42:58.745 [FXGL Background Thread 2 ] INFO  FXGLApplication      - Game initialization took: 0,077 sec
14:42:58.745 [JavaFX Application Thread] DEBUG Input                - Clearing active input actions
14:42:58.749 [JavaFX Application Thread] DEBUG GameApplicationServi - Removing overlay from FXGLLoadingScene and adding to GameScene
14:42:58.751 [JavaFX Application Thread] DEBUG PrimaryStageWindow   - FXGLLoadingScene -> GameScene
14:42:59.282 [FXGL Background Thread 3 ] DEBUG Engine               - Logging environment variables
14:42:59.283 [FXGL Background Thread 3 ] DEBUG Engine               - achievements: []
14:42:59.283 [FXGL Background Thread 3 ] DEBUG Engine               - actualHeight: 1440.0
14:42:59.283 [FXGL Background Thread 3 ] DEBUG Engine               - actualHeightProperty: ReadOnlyDoubleProperty [value: 1440.0]
14:42:59.283 [FXGL Background Thread 3 ] DEBUG Engine               - actualWidth: 2560.0
14:42:59.283 [FXGL Background Thread 3 ] DEBUG Engine               - actualWidthProperty: ReadOnlyDoubleProperty [value: 2560.0]
14:42:59.283 [FXGL Background Thread 3 ] DEBUG Engine               - appIcon: fxgl_icon.png
14:42:59.283 [FXGL Background Thread 3 ] DEBUG Engine               - applicationMode: DEVELOPER
14:42:59.283 [FXGL Background Thread 3 ] DEBUG Engine               - cSSList: [fxgl_dark.css]
14:42:59.283 [FXGL Background Thread 3 ] DEBUG Engine               - collisionDetectionStrategy: BRUTE_FORCE
14:42:59.283 [FXGL Background Thread 3 ] DEBUG Engine               - configClass: Optional.empty
14:42:59.283 [FXGL Background Thread 3 ] DEBUG Engine               - credits: []
14:42:59.285 [FXGL Background Thread 3 ] DEBUG Engine               - defaultCursor: CursorInfo(imageName=fxgl_default_cursor.png, hotspotX=7.0, hotspotY=6.0)
14:42:59.285 [FXGL Background Thread 3 ] DEBUG Engine               - devBBoxColorProperty: ObjectProperty [value: 0xff0000ff]
14:42:59.285 [FXGL Background Thread 3 ] DEBUG Engine               - devEnableDebugCameraProperty: BooleanProperty [value: false]
14:42:59.285 [FXGL Background Thread 3 ] DEBUG Engine               - devSensorColorProperty: ObjectProperty [value: 0xffff00ff]
14:42:59.285 [FXGL Background Thread 3 ] DEBUG Engine               - devShowBBoxProperty: BooleanProperty [value: false]
14:42:59.285 [FXGL Background Thread 3 ] DEBUG Engine               - devShowPositionProperty: BooleanProperty [value: false]
14:42:59.285 [FXGL Background Thread 3 ] DEBUG Engine               - enabledMenuItems: []
14:42:59.285 [FXGL Background Thread 3 ] DEBUG Engine               - engineServices: [class com.almasb.fxgl.app.services.FXGLAssetLoaderService, class com.almasb.fxgl.app.FXGLApplication$GameApplicationService, class com.almasb.fxgl.app.services.FXGLDialogService, class com.almasb.fxgl.app.services.IOTaskExecutorService, class com.almasb.fxgl.io.FileSystemService, class com.almasb.fxgl.localization.LocalizationService, class com.almasb.fxgl.app.services.SystemBundleService, class com.almasb.fxgl.profile.SaveLoadService, class com.almasb.fxgl.ui.FXGLUIFactoryServiceProvider, class com.almasb.fxgl.ui.FXGLDialogFactoryServiceProvider, class com.almasb.fxgl.audio.AudioPlayer, class com.almasb.fxgl.notification.impl.NotificationServiceProvider, class com.almasb.fxgl.achievement.AchievementService, class com.almasb.fxgl.cutscene.CutsceneService, class com.almasb.fxgl.minigames.MiniGameService, class com.almasb.fxgl.net.NetService, class com.almasb.fxgl.app.services.UpdaterService, class com.almasb.fxgl.dev.DevService]
14:42:59.285 [FXGL Background Thread 3 ] DEBUG Engine               - fontGame: Abel-Regular.ttf
14:42:59.285 [FXGL Background Thread 3 ] DEBUG Engine               - fontMono: TerminalLandMono-Regular.otf
14:42:59.285 [FXGL Background Thread 3 ] DEBUG Engine               - fontSizeScaleUI: 1.0
14:42:59.285 [FXGL Background Thread 3 ] DEBUG Engine               - fontText: Courier-Prime.ttf
14:42:59.286 [FXGL Background Thread 3 ] DEBUG Engine               - fontUI: VarelaRound-Regular.ttf
14:42:59.286 [FXGL Background Thread 3 ] DEBUG Engine               - fullScreen: BooleanProperty [value: true]
14:42:59.286 [FXGL Background Thread 3 ] DEBUG Engine               - gameDifficulty: MEDIUM
14:42:59.286 [FXGL Background Thread 3 ] DEBUG Engine               - gameDifficultyProperty: ObjectProperty [value: MEDIUM]
14:42:59.286 [FXGL Background Thread 3 ] DEBUG Engine               - globalMusicVolume: 0.5
14:42:59.286 [FXGL Background Thread 3 ] DEBUG Engine               - globalMusicVolumeProperty: DoubleProperty [value: 0.5]
14:42:59.286 [FXGL Background Thread 3 ] DEBUG Engine               - globalSoundVolume: 0.5
14:42:59.286 [FXGL Background Thread 3 ] DEBUG Engine               - globalSoundVolumeProperty: DoubleProperty [value: 0.5]
14:42:59.286 [FXGL Background Thread 3 ] DEBUG Engine               - height: 1080
14:42:59.286 [FXGL Background Thread 3 ] DEBUG Engine               - is3D: false
14:42:59.286 [FXGL Background Thread 3 ] DEBUG Engine               - isAndroid: false
14:42:59.286 [FXGL Background Thread 3 ] DEBUG Engine               - isBrowser: false
14:42:59.286 [FXGL Background Thread 3 ] DEBUG Engine               - isClickFeedbackEnabled: false
14:42:59.286 [FXGL Background Thread 3 ] DEBUG Engine               - isCloseConfirmation: false
14:42:59.286 [FXGL Background Thread 3 ] DEBUG Engine               - isDesktop: true
14:42:59.286 [FXGL Background Thread 3 ] DEBUG Engine               - isDeveloperMenuEnabled: true
14:42:59.286 [FXGL Background Thread 3 ] DEBUG Engine               - isEmbedded: false
14:42:59.286 [FXGL Background Thread 3 ] DEBUG Engine               - isEntityPreloadEnabled: true
14:42:59.286 [FXGL Background Thread 3 ] DEBUG Engine               - isExperimentalTiledLargeMap: false
14:42:59.286 [FXGL Background Thread 3 ] DEBUG Engine               - isFileSystemWriteAllowed: true
14:42:59.286 [FXGL Background Thread 3 ] DEBUG Engine               - isFullScreenAllowed: true
14:42:59.286 [FXGL Background Thread 3 ] DEBUG Engine               - isFullScreenFromStart: true
14:42:59.286 [FXGL Background Thread 3 ] DEBUG Engine               - isGameMenuEnabled: true
14:42:59.287 [FXGL Background Thread 3 ] DEBUG Engine               - isIOS: false
14:42:59.287 [FXGL Background Thread 3 ] DEBUG Engine               - isIntroEnabled: false
14:42:59.287 [FXGL Background Thread 3 ] DEBUG Engine               - isLinux: false
14:42:59.287 [FXGL Background Thread 3 ] DEBUG Engine               - isMac: false
14:42:59.287 [FXGL Background Thread 3 ] DEBUG Engine               - isMainMenuEnabled: true
14:42:59.287 [FXGL Background Thread 3 ] DEBUG Engine               - isManualResizeEnabled: false
14:42:59.287 [FXGL Background Thread 3 ] DEBUG Engine               - isMobile: false
14:42:59.287 [FXGL Background Thread 3 ] DEBUG Engine               - isNative: false
14:42:59.287 [FXGL Background Thread 3 ] DEBUG Engine               - isPauseMusicWhenMinimized: true
14:42:59.287 [FXGL Background Thread 3 ] DEBUG Engine               - isPreserveResizeRatio: false
14:42:59.287 [FXGL Background Thread 3 ] DEBUG Engine               - isProfilingEnabled: false
14:42:59.287 [FXGL Background Thread 3 ] DEBUG Engine               - isScaleAffectedOnResize: true
14:42:59.287 [FXGL Background Thread 3 ] DEBUG Engine               - isSingleStep: false
14:42:59.287 [FXGL Background Thread 3 ] DEBUG Engine               - isUserProfileEnabled: false
14:42:59.287 [FXGL Background Thread 3 ] DEBUG Engine               - isWindows: true
14:42:59.287 [FXGL Background Thread 3 ] DEBUG Engine               - language: ObjectProperty [value: ENGLISH]
14:42:59.287 [FXGL Background Thread 3 ] DEBUG Engine               - menuKey: ESCAPE
14:42:59.287 [FXGL Background Thread 3 ] DEBUG Engine               - mouseSensitivity: 0.2
14:42:59.287 [FXGL Background Thread 3 ] DEBUG Engine               - notificationViewClass: class com.almasb.fxgl.notification.view.XboxNotificationView
14:42:59.287 [FXGL Background Thread 3 ] DEBUG Engine               - pixelsPerMeter: 50.0
14:42:59.287 [FXGL Background Thread 3 ] DEBUG Engine               - platform: WINDOWS
14:42:59.287 [FXGL Background Thread 3 ] DEBUG Engine               - prefHeightProperty: ReadOnlyDoubleProperty [value: 1080.0]
14:42:59.287 [FXGL Background Thread 3 ] DEBUG Engine               - prefWidthProperty: ReadOnlyDoubleProperty [value: 1920.0]
14:42:59.287 [FXGL Background Thread 3 ] DEBUG Engine               - profileDir: profiles/
14:42:59.287 [FXGL Background Thread 3 ] DEBUG Engine               - profileName: StringProperty [value: DEFAULT]
14:42:59.287 [FXGL Background Thread 3 ] DEBUG Engine               - randomSeed: -1
14:42:59.287 [FXGL Background Thread 3 ] DEBUG Engine               - runtimeInfo: RuntimeInfo(platform=WINDOWS, version=17.3, build=30.03.2023 11.49)
14:42:59.287 [FXGL Background Thread 3 ] DEBUG Engine               - saveFileExt: sav
14:42:59.287 [FXGL Background Thread 3 ] DEBUG Engine               - scaledHeightProp$fxgl: DoubleProperty [bound, value: 1440.0]
14:42:59.287 [FXGL Background Thread 3 ] DEBUG Engine               - scaledWidthProp$fxgl: DoubleProperty [bound, value: 2560.0]
14:42:59.287 [FXGL Background Thread 3 ] DEBUG Engine               - sceneFactory: at.htl.no_half_sends.NoHalfSendsApp$1@7a9c9d93
14:42:59.287 [FXGL Background Thread 3 ] DEBUG Engine               - secondsIn24h: 60
14:42:59.287 [FXGL Background Thread 3 ] DEBUG Engine               - soundMenuBack: menu/back.wav
14:42:59.287 [FXGL Background Thread 3 ] DEBUG Engine               - soundMenuPress: menu/press.wav
14:42:59.287 [FXGL Background Thread 3 ] DEBUG Engine               - soundMenuSelect: menu/select.wav
14:42:59.287 [FXGL Background Thread 3 ] DEBUG Engine               - soundNotification: core/notification.wav
14:42:59.287 [FXGL Background Thread 3 ] DEBUG Engine               - stageStyle: DECORATED
14:42:59.287 [FXGL Background Thread 3 ] DEBUG Engine               - supportedLanguages: [ENGLISH, FRENCH, GERMAN, HUNGARIAN, RUSSIAN]
14:42:59.287 [FXGL Background Thread 3 ] DEBUG Engine               - ticksPerSecond: -1
14:42:59.287 [FXGL Background Thread 3 ] DEBUG Engine               - title: NO HALF SENDS
14:42:59.287 [FXGL Background Thread 3 ] DEBUG Engine               - urlGithub: https://github.com/AlmasB/FXGL
14:42:59.287 [FXGL Background Thread 3 ] DEBUG Engine               - urlLeaderboard: http://fxgl-top.herokuapp.com/
14:42:59.287 [FXGL Background Thread 3 ] DEBUG Engine               - urlPOM: https://raw.githubusercontent.com/AlmasB/FXGL/release/README.md
14:42:59.287 [FXGL Background Thread 3 ] DEBUG Engine               - userAppClass: class at.htl.no_half_sends.NoHalfSendsApp
14:42:59.287 [FXGL Background Thread 3 ] DEBUG Engine               - version: 0.0
14:42:59.287 [FXGL Background Thread 3 ] DEBUG Engine               - versionCheckDays: 7
14:42:59.287 [FXGL Background Thread 3 ] DEBUG Engine               - width: 1920
14:42:59.287 [FXGL Background Thread 3 ] DEBUG Engine               - Logging services
14:42:59.287 [FXGL Background Thread 3 ] DEBUG Engine               - class com.almasb.fxgl.app.services.FXGLAssetLoaderService
14:42:59.287 [FXGL Background Thread 3 ] DEBUG Engine               - class com.almasb.fxgl.app.FXGLApplication$GameApplicationService
14:42:59.287 [FXGL Background Thread 3 ] DEBUG Engine               - class com.almasb.fxgl.app.services.FXGLDialogService
14:42:59.287 [FXGL Background Thread 3 ] DEBUG Engine               - class com.almasb.fxgl.app.services.IOTaskExecutorService
14:42:59.287 [FXGL Background Thread 3 ] DEBUG Engine               - class com.almasb.fxgl.io.FileSystemService
14:42:59.287 [FXGL Background Thread 3 ] DEBUG Engine               - class com.almasb.fxgl.localization.LocalizationService
14:42:59.288 [FXGL Background Thread 3 ] DEBUG Engine               - class com.almasb.fxgl.app.services.SystemBundleService
14:42:59.288 [FXGL Background Thread 3 ] DEBUG Engine               - class com.almasb.fxgl.profile.SaveLoadService
14:42:59.288 [FXGL Background Thread 3 ] DEBUG Engine               - class com.almasb.fxgl.ui.FXGLUIFactoryServiceProvider
14:42:59.288 [FXGL Background Thread 3 ] DEBUG Engine               - class com.almasb.fxgl.ui.FXGLDialogFactoryServiceProvider
14:42:59.288 [FXGL Background Thread 3 ] DEBUG Engine               - class com.almasb.fxgl.audio.AudioPlayer
14:42:59.288 [FXGL Background Thread 3 ] DEBUG Engine               - class com.almasb.fxgl.notification.impl.NotificationServiceProvider
14:42:59.288 [FXGL Background Thread 3 ] DEBUG Engine               - class com.almasb.fxgl.achievement.AchievementService
14:42:59.288 [FXGL Background Thread 3 ] DEBUG Engine               - class com.almasb.fxgl.cutscene.CutsceneService
14:42:59.288 [FXGL Background Thread 3 ] DEBUG Engine               - class com.almasb.fxgl.minigames.MiniGameService
14:42:59.288 [FXGL Background Thread 3 ] DEBUG Engine               - class com.almasb.fxgl.net.NetService
14:42:59.288 [FXGL Background Thread 3 ] DEBUG Engine               - class com.almasb.fxgl.app.services.UpdaterService
14:42:59.288 [FXGL Background Thread 3 ] DEBUG Engine               - class com.almasb.fxgl.dev.DevService
14:43:11.707 [JavaFX Application Thread] DEBUG PrimaryStageWindow   - Push state: ResetSubScene
14:43:11.707 [JavaFX Application Thread] DEBUG Input                - Clearing active input actions
14:43:11.707 [JavaFX Application Thread] DEBUG GameApplicationServi - Removing overlay from GameScene and adding to ResetSubScene
14:43:11.708 [JavaFX Application Thread] DEBUG PrimaryStageWindow   - GameScene -> ResetSubScene
14:43:15.408 [JavaFX Application Thread] DEBUG PrimaryStageWindow   - Pop state: ResetSubScene
14:43:15.408 [JavaFX Application Thread] DEBUG Input                - Clearing active input actions
14:43:15.408 [JavaFX Application Thread] DEBUG GameApplicationServi - Removing overlay from ResetSubScene and adding to GameScene
14:43:15.408 [JavaFX Application Thread] DEBUG PrimaryStageWindow   - GameScene <- ResetSubScene
14:43:15.409 [JavaFX Application Thread] DEBUG GameApplicationServi - Starting new game
14:43:15.409 [JavaFX Application Thread] DEBUG Input                - Clearing active input actions
14:43:15.411 [JavaFX Application Thread] DEBUG GameApplicationServi - Removing overlay from GameScene and adding to FXGLLoadingScene
14:43:15.411 [JavaFX Application Thread] DEBUG PrimaryStageWindow   - GameScene -> FXGLLoadingScene
14:43:15.411 [JavaFX Application Thread] DEBUG GameApplicationServi - Clearing previous game
14:43:15.411 [JavaFX Application Thread] DEBUG GameScene            - Clearing game scene
14:43:15.411 [JavaFX Application Thread] DEBUG GameWorld            - Clearing game world
14:43:15.414 [JavaFX Application Thread] DEBUG PhysicsWorld         - Clearing physics world
14:43:15.414 [FXGL Background Thread 2 ] DEBUG FXGLApplication      - Initializing game
14:43:15.415 [FXGL Background Thread 2 ] WARN  TMXLevelLoader       - TiledMap generated from 1.12.1. Supported version: 1.9.0. Some features may not be parsed fully.
14:43:15.418 [FXGL Background Thread 2 ] DEBUG TMXLevelLoader       - Parsed TiledMap: file:/C:/Users/Clemis%20PC/Desktop/workspace/NO-HALF-SENDS/NO_HALF_SENDS/target/classes/assets/levels/FinalMap.tmx
14:43:15.418 [FXGL Background Thread 2 ] DEBUG TMXLevelLoader       - Creating tile layer entities
14:43:15.418 [FXGL Background Thread 2 ] DEBUG TilesetLoader        - Loading view for layer Kachelebene 1
14:43:15.420 [FXGL Background Thread 2 ] DEBUG TilesetLoader        - Created buffer with size 1280.0x1280.0
14:43:15.428 [FXGL Background Thread 2 ] DEBUG TMXLevelLoader       - Creating object layer entities
14:43:15.434 [FXGL Background Thread 2 ] DEBUG GameWorld            - Clearing removable entities
14:43:15.434 [FXGL Background Thread 2 ] DEBUG GameWorld            - Setting level: com.almasb.fxgl.entity.level.Level@45179ae
14:43:15.438 [FXGL Background Thread 2 ] INFO  FXGLApplication      - Game initialization took: 0,024 sec
14:43:15.440 [JavaFX Application Thread] DEBUG Input                - Clearing active input actions
14:43:15.443 [JavaFX Application Thread] DEBUG GameApplicationServi - Removing overlay from FXGLLoadingScene and adding to GameScene
14:43:15.445 [JavaFX Application Thread] DEBUG PrimaryStageWindow   - FXGLLoadingScene -> GameScene
14:43:33.959 [JavaFX Application Thread] DEBUG PrimaryStageWindow   - Push state: ResetSubScene
14:43:33.959 [JavaFX Application Thread] DEBUG Input                - Clearing active input actions
14:43:33.959 [JavaFX Application Thread] DEBUG GameApplicationServi - Removing overlay from GameScene and adding to ResetSubScene
14:43:33.960 [JavaFX Application Thread] DEBUG PrimaryStageWindow   - GameScene -> ResetSubScene
14:43:39.138 [JavaFX Application Thread] DEBUG PrimaryStageWindow   - Pop state: ResetSubScene
14:43:39.138 [JavaFX Application Thread] DEBUG Input                - Clearing active input actions
14:43:39.139 [JavaFX Application Thread] DEBUG GameApplicationServi - Removing overlay from ResetSubScene and adding to GameScene
14:43:39.139 [JavaFX Application Thread] DEBUG PrimaryStageWindow   - GameScene <- ResetSubScene
14:43:39.139 [JavaFX Application Thread] DEBUG GameApplicationServi - Starting new game
14:43:39.139 [JavaFX Application Thread] DEBUG Input                - Clearing active input actions
14:43:39.141 [JavaFX Application Thread] DEBUG GameApplicationServi - Removing overlay from GameScene and adding to FXGLLoadingScene
14:43:39.141 [JavaFX Application Thread] DEBUG PrimaryStageWindow   - GameScene -> FXGLLoadingScene
14:43:39.141 [JavaFX Application Thread] DEBUG GameApplicationServi - Clearing previous game
14:43:39.141 [JavaFX Application Thread] DEBUG GameScene            - Clearing game scene
14:43:39.141 [JavaFX Application Thread] DEBUG GameWorld            - Clearing game world
14:43:39.142 [JavaFX Application Thread] DEBUG PhysicsWorld         - Clearing physics world
14:43:39.142 [FXGL Background Thread 2 ] DEBUG FXGLApplication      - Initializing game
14:43:39.143 [FXGL Background Thread 2 ] WARN  TMXLevelLoader       - TiledMap generated from 1.12.1. Supported version: 1.9.0. Some features may not be parsed fully.
14:43:39.145 [FXGL Background Thread 2 ] DEBUG TMXLevelLoader       - Parsed TiledMap: file:/C:/Users/Clemis%20PC/Desktop/workspace/NO-HALF-SENDS/NO_HALF_SENDS/target/classes/assets/levels/FinalMap.tmx
14:43:39.145 [FXGL Background Thread 2 ] DEBUG TMXLevelLoader       - Creating tile layer entities
14:43:39.146 [FXGL Background Thread 2 ] DEBUG TilesetLoader        - Loading view for layer Kachelebene 1
14:43:39.147 [FXGL Background Thread 2 ] DEBUG TilesetLoader        - Created buffer with size 1280.0x1280.0
14:43:39.151 [FXGL Background Thread 2 ] DEBUG TMXLevelLoader       - Creating object layer entities
14:43:39.157 [FXGL Background Thread 2 ] DEBUG GameWorld            - Clearing removable entities
14:43:39.157 [FXGL Background Thread 2 ] DEBUG GameWorld            - Setting level: com.almasb.fxgl.entity.level.Level@5b1866c4
14:43:39.166 [FXGL Background Thread 2 ] INFO  FXGLApplication      - Game initialization took: 0,024 sec
14:43:39.172 [JavaFX Application Thread] DEBUG Input                - Clearing active input actions
14:43:39.173 [JavaFX Application Thread] DEBUG GameApplicationServi - Removing overlay from FXGLLoadingScene and adding to GameScene
14:43:39.175 [JavaFX Application Thread] DEBUG PrimaryStageWindow   - FXGLLoadingScene -> GameScene
14:43:40.412 [JavaFX Application Thread] DEBUG PrimaryStageWindow   - Push state: DriftMainMenu
14:43:40.412 [JavaFX Application Thread] DEBUG Input                - Clearing active input actions
14:43:40.413 [JavaFX Application Thread] DEBUG GameApplicationServi - Removing overlay from GameScene and adding to DriftMainMenu
14:43:40.413 [JavaFX Application Thread] DEBUG PrimaryStageWindow   - GameScene -> DriftMainMenu
14:43:51.942 [JavaFX Application Thread] DEBUG Menu                 - fireNewGame()
14:43:51.942 [JavaFX Application Thread] DEBUG GameApplicationServi - Starting new game
14:43:51.942 [JavaFX Application Thread] DEBUG PrimaryStageWindow   - Pop state: DriftMainMenu
14:43:51.942 [JavaFX Application Thread] DEBUG Input                - Clearing active input actions
14:43:51.942 [JavaFX Application Thread] DEBUG GameApplicationServi - Removing overlay from DriftMainMenu and adding to GameScene
14:43:51.942 [JavaFX Application Thread] DEBUG PrimaryStageWindow   - GameScene <- DriftMainMenu
14:43:51.942 [JavaFX Application Thread] DEBUG Input                - Clearing active input actions
14:43:51.944 [JavaFX Application Thread] DEBUG GameApplicationServi - Removing overlay from GameScene and adding to FXGLLoadingScene
14:43:51.944 [JavaFX Application Thread] DEBUG PrimaryStageWindow   - GameScene -> FXGLLoadingScene
14:43:51.944 [JavaFX Application Thread] DEBUG GameApplicationServi - Clearing previous game
14:43:51.944 [JavaFX Application Thread] DEBUG GameScene            - Clearing game scene
14:43:51.944 [JavaFX Application Thread] DEBUG GameWorld            - Clearing game world
14:43:51.945 [JavaFX Application Thread] DEBUG PhysicsWorld         - Clearing physics world
14:43:51.945 [FXGL Background Thread 2 ] DEBUG FXGLApplication      - Initializing game
14:43:51.946 [FXGL Background Thread 2 ] WARN  TMXLevelLoader       - TiledMap generated from 1.12.1. Supported version: 1.9.0. Some features may not be parsed fully.
14:43:51.947 [FXGL Background Thread 2 ] DEBUG TMXLevelLoader       - Parsed TiledMap: file:/C:/Users/Clemis%20PC/Desktop/workspace/NO-HALF-SENDS/NO_HALF_SENDS/target/classes/assets/levels/FinalMap.tmx
14:43:51.947 [FXGL Background Thread 2 ] DEBUG TMXLevelLoader       - Creating tile layer entities
14:43:51.947 [FXGL Background Thread 2 ] DEBUG TilesetLoader        - Loading view for layer Kachelebene 1
14:43:51.949 [FXGL Background Thread 2 ] DEBUG TilesetLoader        - Created buffer with size 1280.0x1280.0
14:43:51.953 [FXGL Background Thread 2 ] DEBUG TMXLevelLoader       - Creating object layer entities
14:43:51.958 [FXGL Background Thread 2 ] DEBUG GameWorld            - Clearing removable entities
14:43:51.958 [FXGL Background Thread 2 ] DEBUG GameWorld            - Setting level: com.almasb.fxgl.entity.level.Level@3a2e08f5
14:43:51.960 [FXGL Background Thread 2 ] INFO  FXGLApplication      - Game initialization took: 0,015 sec
14:43:51.960 [JavaFX Application Thread] DEBUG Input                - Clearing active input actions
14:43:51.962 [JavaFX Application Thread] DEBUG GameApplicationServi - Removing overlay from FXGLLoadingScene and adding to GameScene
14:43:51.963 [JavaFX Application Thread] DEBUG PrimaryStageWindow   - FXGLLoadingScene -> GameScene
14:43:54.201 [JavaFX Application Thread] DEBUG PrimaryStageWindow   - Push state: ResetSubScene
14:43:54.201 [JavaFX Application Thread] DEBUG Input                - Clearing active input actions
14:43:54.201 [JavaFX Application Thread] DEBUG GameApplicationServi - Removing overlay from GameScene and adding to ResetSubScene
14:43:54.201 [JavaFX Application Thread] DEBUG PrimaryStageWindow   - GameScene -> ResetSubScene
14:43:57.555 [JavaFX Application Thread] DEBUG PrimaryStageWindow   - Pop state: ResetSubScene
14:43:57.556 [JavaFX Application Thread] DEBUG Input                - Clearing active input actions
14:43:57.556 [JavaFX Application Thread] DEBUG GameApplicationServi - Removing overlay from ResetSubScene and adding to GameScene
14:43:57.556 [JavaFX Application Thread] DEBUG PrimaryStageWindow   - GameScene <- ResetSubScene
14:43:57.556 [JavaFX Application Thread] DEBUG GameApplicationServi - Starting new game
14:43:57.556 [JavaFX Application Thread] DEBUG Input                - Clearing active input actions
14:43:57.557 [JavaFX Application Thread] DEBUG GameApplicationServi - Removing overlay from GameScene and adding to FXGLLoadingScene
14:43:57.557 [JavaFX Application Thread] DEBUG PrimaryStageWindow   - GameScene -> FXGLLoadingScene
14:43:57.557 [JavaFX Application Thread] DEBUG GameApplicationServi - Clearing previous game
14:43:57.557 [JavaFX Application Thread] DEBUG GameScene            - Clearing game scene
14:43:57.558 [JavaFX Application Thread] DEBUG GameWorld            - Clearing game world
14:43:57.558 [JavaFX Application Thread] DEBUG PhysicsWorld         - Clearing physics world
14:43:57.558 [FXGL Background Thread 2 ] DEBUG FXGLApplication      - Initializing game
14:43:57.559 [FXGL Background Thread 2 ] WARN  TMXLevelLoader       - TiledMap generated from 1.12.1. Supported version: 1.9.0. Some features may not be parsed fully.
14:43:57.560 [FXGL Background Thread 2 ] DEBUG TMXLevelLoader       - Parsed TiledMap: file:/C:/Users/Clemis%20PC/Desktop/workspace/NO-HALF-SENDS/NO_HALF_SENDS/target/classes/assets/levels/FinalMap.tmx
14:43:57.560 [FXGL Background Thread 2 ] DEBUG TMXLevelLoader       - Creating tile layer entities
14:43:57.560 [FXGL Background Thread 2 ] DEBUG TilesetLoader        - Loading view for layer Kachelebene 1
14:43:57.562 [FXGL Background Thread 2 ] DEBUG TilesetLoader        - Created buffer with size 1280.0x1280.0
14:43:57.567 [FXGL Background Thread 2 ] DEBUG TMXLevelLoader       - Creating object layer entities
14:43:57.569 [FXGL Background Thread 2 ] DEBUG GameWorld            - Clearing removable entities
14:43:57.569 [FXGL Background Thread 2 ] DEBUG GameWorld            - Setting level: com.almasb.fxgl.entity.level.Level@596139c9
14:43:57.576 [FXGL Background Thread 2 ] INFO  FXGLApplication      - Game initialization took: 0,018 sec
14:43:57.576 [JavaFX Application Thread] DEBUG Input                - Clearing active input actions
14:43:57.578 [JavaFX Application Thread] DEBUG GameApplicationServi - Removing overlay from FXGLLoadingScene and adding to GameScene
14:43:57.579 [JavaFX Application Thread] DEBUG PrimaryStageWindow   - FXGLLoadingScene -> GameScene
14:44:00.046 [JavaFX Application Thread] DEBUG PrimaryStageWindow   - Push state: ResetSubScene
14:44:00.046 [JavaFX Application Thread] DEBUG Input                - Clearing active input actions
14:44:00.046 [JavaFX Application Thread] DEBUG GameApplicationServi - Removing overlay from GameScene and adding to ResetSubScene
14:44:00.046 [JavaFX Application Thread] DEBUG PrimaryStageWindow   - GameScene -> ResetSubScene
14:44:03.368 [JavaFX Application Thread] DEBUG PrimaryStageWindow   - Pop state: ResetSubScene
14:44:03.368 [JavaFX Application Thread] DEBUG Input                - Clearing active input actions
14:44:03.368 [JavaFX Application Thread] DEBUG GameApplicationServi - Removing overlay from ResetSubScene and adding to GameScene
14:44:03.368 [JavaFX Application Thread] DEBUG PrimaryStageWindow   - GameScene <- ResetSubScene
14:44:03.368 [JavaFX Application Thread] DEBUG GameApplicationServi - Starting new game
14:44:03.368 [JavaFX Application Thread] DEBUG Input                - Clearing active input actions
14:44:03.370 [JavaFX Application Thread] DEBUG GameApplicationServi - Removing overlay from GameScene and adding to FXGLLoadingScene
14:44:03.370 [JavaFX Application Thread] DEBUG PrimaryStageWindow   - GameScene -> FXGLLoadingScene
14:44:03.370 [JavaFX Application Thread] DEBUG GameApplicationServi - Clearing previous game
14:44:03.370 [JavaFX Application Thread] DEBUG GameScene            - Clearing game scene
14:44:03.370 [JavaFX Application Thread] DEBUG GameWorld            - Clearing game world
14:44:03.370 [JavaFX Application Thread] DEBUG PhysicsWorld         - Clearing physics world
14:44:03.371 [FXGL Background Thread 2 ] DEBUG FXGLApplication      - Initializing game
14:44:03.372 [FXGL Background Thread 2 ] WARN  TMXLevelLoader       - TiledMap generated from 1.12.1. Supported version: 1.9.0. Some features may not be parsed fully.
14:44:03.373 [FXGL Background Thread 2 ] DEBUG TMXLevelLoader       - Parsed TiledMap: file:/C:/Users/Clemis%20PC/Desktop/workspace/NO-HALF-SENDS/NO_HALF_SENDS/target/classes/assets/levels/FinalMap.tmx
14:44:03.373 [FXGL Background Thread 2 ] DEBUG TMXLevelLoader       - Creating tile layer entities
14:44:03.373 [FXGL Background Thread 2 ] DEBUG TilesetLoader        - Loading view for layer Kachelebene 1
14:44:03.375 [FXGL Background Thread 2 ] DEBUG TilesetLoader        - Created buffer with size 1280.0x1280.0
14:44:03.380 [FXGL Background Thread 2 ] DEBUG TMXLevelLoader       - Creating object layer entities
14:44:03.382 [FXGL Background Thread 2 ] DEBUG GameWorld            - Clearing removable entities
14:44:03.382 [FXGL Background Thread 2 ] DEBUG GameWorld            - Setting level: com.almasb.fxgl.entity.level.Level@61292bee
14:44:03.389 [FXGL Background Thread 2 ] INFO  FXGLApplication      - Game initialization took: 0,018 sec
14:44:03.389 [JavaFX Application Thread] DEBUG Input                - Clearing active input actions
14:44:03.391 [JavaFX Application Thread] DEBUG GameApplicationServi - Removing overlay from FXGLLoadingScene and adding to GameScene
14:44:03.391 [JavaFX Application Thread] DEBUG PrimaryStageWindow   - FXGLLoadingScene -> GameScene
14:44:06.505 [JavaFX Application Thread] DEBUG PrimaryStageWindow   - Push state: ResetSubScene
14:44:06.506 [JavaFX Application Thread] DEBUG Input                - Clearing active input actions
14:44:06.506 [JavaFX Application Thread] DEBUG GameApplicationServi - Removing overlay from GameScene and adding to ResetSubScene
14:44:06.506 [JavaFX Application Thread] DEBUG PrimaryStageWindow   - GameScene -> ResetSubScene
14:44:09.852 [JavaFX Application Thread] DEBUG PrimaryStageWindow   - Pop state: ResetSubScene
14:44:09.852 [JavaFX Application Thread] DEBUG Input                - Clearing active input actions
14:44:09.852 [JavaFX Application Thread] DEBUG GameApplicationServi - Removing overlay from ResetSubScene and adding to GameScene
14:44:09.855 [JavaFX Application Thread] DEBUG PrimaryStageWindow   - GameScene <- ResetSubScene
14:44:09.855 [JavaFX Application Thread] DEBUG GameApplicationServi - Starting new game
14:44:09.855 [JavaFX Application Thread] DEBUG Input                - Clearing active input actions
14:44:09.856 [JavaFX Application Thread] DEBUG GameApplicationServi - Removing overlay from GameScene and adding to FXGLLoadingScene
14:44:09.856 [JavaFX Application Thread] DEBUG PrimaryStageWindow   - GameScene -> FXGLLoadingScene
14:44:09.856 [JavaFX Application Thread] DEBUG GameApplicationServi - Clearing previous game
14:44:09.856 [JavaFX Application Thread] DEBUG GameScene            - Clearing game scene
14:44:09.856 [JavaFX Application Thread] DEBUG GameWorld            - Clearing game world
14:44:09.857 [JavaFX Application Thread] DEBUG PhysicsWorld         - Clearing physics world
14:44:09.857 [FXGL Background Thread 2 ] DEBUG FXGLApplication      - Initializing game
14:44:09.858 [FXGL Background Thread 2 ] WARN  TMXLevelLoader       - TiledMap generated from 1.12.1. Supported version: 1.9.0. Some features may not be parsed fully.
14:44:09.859 [FXGL Background Thread 2 ] DEBUG TMXLevelLoader       - Parsed TiledMap: file:/C:/Users/Clemis%20PC/Desktop/workspace/NO-HALF-SENDS/NO_HALF_SENDS/target/classes/assets/levels/FinalMap.tmx
14:44:09.859 [FXGL Background Thread 2 ] DEBUG TMXLevelLoader       - Creating tile layer entities
14:44:09.859 [FXGL Background Thread 2 ] DEBUG TilesetLoader        - Loading view for layer Kachelebene 1
14:44:09.860 [FXGL Background Thread 2 ] DEBUG TilesetLoader        - Created buffer with size 1280.0x1280.0
14:44:09.863 [FXGL Background Thread 2 ] DEBUG TMXLevelLoader       - Creating object layer entities
14:44:09.865 [FXGL Background Thread 2 ] DEBUG GameWorld            - Clearing removable entities
14:44:09.865 [FXGL Background Thread 2 ] DEBUG GameWorld            - Setting level: com.almasb.fxgl.entity.level.Level@6b69c38d
14:44:09.867 [FXGL Background Thread 2 ] INFO  FXGLApplication      - Game initialization took: 0,010 sec
14:44:09.868 [JavaFX Application Thread] DEBUG Input                - Clearing active input actions
14:44:09.869 [JavaFX Application Thread] DEBUG GameApplicationServi - Removing overlay from FXGLLoadingScene and adding to GameScene
14:44:09.870 [JavaFX Application Thread] DEBUG PrimaryStageWindow   - FXGLLoadingScene -> GameScene
14:44:16.510 [JavaFX Application Thread] DEBUG PrimaryStageWindow   - Push state: ResetSubScene
14:44:16.510 [JavaFX Application Thread] DEBUG Input                - Clearing active input actions
14:44:16.510 [JavaFX Application Thread] DEBUG GameApplicationServi - Removing overlay from GameScene and adding to ResetSubScene
14:44:16.511 [JavaFX Application Thread] DEBUG PrimaryStageWindow   - GameScene -> ResetSubScene
14:44:20.015 [JavaFX Application Thread] DEBUG PrimaryStageWindow   - Pop state: ResetSubScene
14:44:20.015 [JavaFX Application Thread] DEBUG Input                - Clearing active input actions
14:44:20.015 [JavaFX Application Thread] DEBUG GameApplicationServi - Removing overlay from ResetSubScene and adding to GameScene
14:44:20.015 [JavaFX Application Thread] DEBUG PrimaryStageWindow   - GameScene <- ResetSubScene
14:44:20.015 [JavaFX Application Thread] DEBUG GameApplicationServi - Starting new game
14:44:20.015 [JavaFX Application Thread] DEBUG Input                - Clearing active input actions
14:44:20.017 [JavaFX Application Thread] DEBUG GameApplicationServi - Removing overlay from GameScene and adding to FXGLLoadingScene
14:44:20.017 [JavaFX Application Thread] DEBUG PrimaryStageWindow   - GameScene -> FXGLLoadingScene
14:44:20.017 [JavaFX Application Thread] DEBUG GameApplicationServi - Clearing previous game
14:44:20.017 [JavaFX Application Thread] DEBUG GameScene            - Clearing game scene
14:44:20.017 [JavaFX Application Thread] DEBUG GameWorld            - Clearing game world
14:44:20.017 [JavaFX Application Thread] DEBUG PhysicsWorld         - Clearing physics world
14:44:20.017 [FXGL Background Thread 2 ] DEBUG FXGLApplication      - Initializing game
14:44:20.018 [FXGL Background Thread 2 ] WARN  TMXLevelLoader       - TiledMap generated from 1.12.1. Supported version: 1.9.0. Some features may not be parsed fully.
14:44:20.019 [FXGL Background Thread 2 ] DEBUG TMXLevelLoader       - Parsed TiledMap: file:/C:/Users/Clemis%20PC/Desktop/workspace/NO-HALF-SENDS/NO_HALF_SENDS/target/classes/assets/levels/FinalMap.tmx
14:44:20.019 [FXGL Background Thread 2 ] DEBUG TMXLevelLoader       - Creating tile layer entities
14:44:20.019 [FXGL Background Thread 2 ] DEBUG TilesetLoader        - Loading view for layer Kachelebene 1
14:44:20.019 [FXGL Background Thread 2 ] DEBUG TilesetLoader        - Created buffer with size 1280.0x1280.0
14:44:20.024 [FXGL Background Thread 2 ] DEBUG TMXLevelLoader       - Creating object layer entities
14:44:20.026 [FXGL Background Thread 2 ] DEBUG GameWorld            - Clearing removable entities
14:44:20.026 [FXGL Background Thread 2 ] DEBUG GameWorld            - Setting level: com.almasb.fxgl.entity.level.Level@5e2b9c56
14:44:20.033 [FXGL Background Thread 2 ] INFO  FXGLApplication      - Game initialization took: 0,016 sec
14:44:20.035 [JavaFX Application Thread] DEBUG Input                - Clearing active input actions
14:44:20.036 [JavaFX Application Thread] DEBUG GameApplicationServi - Removing overlay from FXGLLoadingScene and adding to GameScene
14:44:20.037 [JavaFX Application Thread] DEBUG PrimaryStageWindow   - FXGLLoadingScene -> GameScene
14:44:33.924 [JavaFX Application Thread] DEBUG PrimaryStageWindow   - Push state: ResetSubScene
14:44:33.924 [JavaFX Application Thread] DEBUG Input                - Clearing active input actions
14:44:33.924 [JavaFX Application Thread] DEBUG GameApplicationServi - Removing overlay from GameScene and adding to ResetSubScene
14:44:33.925 [JavaFX Application Thread] DEBUG PrimaryStageWindow   - GameScene -> ResetSubScene
14:44:37.324 [JavaFX Application Thread] DEBUG PrimaryStageWindow   - Pop state: ResetSubScene
14:44:37.325 [JavaFX Application Thread] DEBUG Input                - Clearing active input actions
14:44:37.325 [JavaFX Application Thread] DEBUG GameApplicationServi - Removing overlay from ResetSubScene and adding to GameScene
14:44:37.325 [JavaFX Application Thread] DEBUG PrimaryStageWindow   - GameScene <- ResetSubScene
14:44:37.325 [JavaFX Application Thread] DEBUG GameApplicationServi - Starting new game
14:44:37.325 [JavaFX Application Thread] DEBUG Input                - Clearing active input actions
14:44:37.327 [JavaFX Application Thread] DEBUG GameApplicationServi - Removing overlay from GameScene and adding to FXGLLoadingScene
14:44:37.327 [JavaFX Application Thread] DEBUG PrimaryStageWindow   - GameScene -> FXGLLoadingScene
14:44:37.327 [JavaFX Application Thread] DEBUG GameApplicationServi - Clearing previous game
14:44:37.327 [JavaFX Application Thread] DEBUG GameScene            - Clearing game scene
14:44:37.327 [JavaFX Application Thread] DEBUG GameWorld            - Clearing game world
14:44:37.328 [JavaFX Application Thread] DEBUG PhysicsWorld         - Clearing physics world
14:44:37.328 [FXGL Background Thread 2 ] DEBUG FXGLApplication      - Initializing game
14:44:37.329 [FXGL Background Thread 2 ] WARN  TMXLevelLoader       - TiledMap generated from 1.12.1. Supported version: 1.9.0. Some features may not be parsed fully.
14:44:37.330 [FXGL Background Thread 2 ] DEBUG TMXLevelLoader       - Parsed TiledMap: file:/C:/Users/Clemis%20PC/Desktop/workspace/NO-HALF-SENDS/NO_HALF_SENDS/target/classes/assets/levels/FinalMap.tmx
14:44:37.330 [FXGL Background Thread 2 ] DEBUG TMXLevelLoader       - Creating tile layer entities
14:44:37.331 [FXGL Background Thread 2 ] DEBUG TilesetLoader        - Loading view for layer Kachelebene 1
14:44:37.331 [FXGL Background Thread 2 ] DEBUG TilesetLoader        - Created buffer with size 1280.0x1280.0
14:44:37.335 [FXGL Background Thread 2 ] DEBUG TMXLevelLoader       - Creating object layer entities
14:44:37.336 [FXGL Background Thread 2 ] DEBUG GameWorld            - Clearing removable entities
14:44:37.337 [FXGL Background Thread 2 ] DEBUG GameWorld            - Setting level: com.almasb.fxgl.entity.level.Level@114ade28
14:44:37.343 [FXGL Background Thread 2 ] INFO  FXGLApplication      - Game initialization took: 0,016 sec
14:44:37.344 [JavaFX Application Thread] DEBUG Input                - Clearing active input actions
14:44:37.345 [JavaFX Application Thread] DEBUG GameApplicationServi - Removing overlay from FXGLLoadingScene and adding to GameScene
14:44:37.346 [JavaFX Application Thread] DEBUG PrimaryStageWindow   - FXGLLoadingScene -> GameScene
14:44:37.841 [JavaFX Application Thread] DEBUG PrimaryStageWindow   - Push state: DriftMainMenu
14:44:37.842 [JavaFX Application Thread] DEBUG Input                - Clearing active input actions
14:44:37.842 [JavaFX Application Thread] DEBUG GameApplicationServi - Removing overlay from GameScene and adding to DriftMainMenu
14:44:37.842 [JavaFX Application Thread] DEBUG PrimaryStageWindow   - GameScene -> DriftMainMenu
14:44:38.343 [JavaFX Application Thread] DEBUG FXGLApplication      - Exiting FXGL
14:44:38.343 [JavaFX Application Thread] DEBUG LoopRunner           - Stopping loop
14:44:38.343 [JavaFX Application Thread] DEBUG SystemBundleService  - Saving FXGL system data
14:44:38.345 [JavaFX Application Thread] DEBUG FileSystemAccess     - Writing to: C:\Users\Clemis PC\Desktop\workspace\NO-HALF-SENDS\NO_HALF_SENDS\system\fxgl.bundle
14:44:38.346 [JavaFX Application Thread] DEBUG Async                - Shutting down background threads
14:44:38.347 [JavaFX Application Thread] DEBUG PrimaryStageWindow   - Closing main window
14:44:38.367 [JavaFX Application Thread] DEBUG Logger               - Closing Logger
