14:35:14.315 [main                     ] DEBUG Logger               - Configured Logger
14:35:14.322 [main                     ] DEBUG GameApplication      - Logging settings
Title: NO HALF SENDS
Version: 0.0
Width: 1920
Height: 1080
Fullscreen: true
Intro: false
Profiling: false
Single step:false
App Mode: DEVELOPER
Menu Key: ESCAPE
Stage Style: DECORATED
Scene Factory: class at.htl.no_half_sends.NoHalfSendsApp$1

14:35:14.697 [JavaFX Application Thread] DEBUG FXGLApplication      - Initializing FXGL
14:35:14.699 [JavaFX Application Thread] INFO  Engine               - FXGL-17.3 (30.03.2023 11.49) on WINDOWS (J:25.0.1 FX:21.0.6)
14:35:14.699 [JavaFX Application Thread] DEBUG Engine               - JRE Vendor Name: Oracle Corporation
14:35:14.700 [JavaFX Application Thread] DEBUG Engine               - Running on OS: Windows 11 version 10.0
14:35:14.700 [JavaFX Application Thread] DEBUG Engine               - Architecture: amd64
14:35:14.700 [JavaFX Application Thread] INFO  Engine               - Source code and latest versions at: https://github.com/AlmasB/FXGL
14:35:14.700 [JavaFX Application Thread] INFO  Engine               -       Ask questions and discuss at: https://github.com/AlmasB/FXGL/discussions
14:35:14.700 [JavaFX Application Thread] INFO  Engine               -              Join the FXGL chat at: https://gitter.im/AlmasB/FXGL
14:35:14.775 [JavaFX Application Thread] DEBUG PrimaryStageWindow   - Creating a JavaFX scene
14:35:14.813 [JavaFX Application Thread] DEBUG PrimaryStageWindow   - Target settings size: 1920.0 x 1080.0
14:35:14.813 [JavaFX Application Thread] DEBUG PrimaryStageWindow   - Scaled scene size:    1920.0 x 1080.0
14:35:14.813 [JavaFX Application Thread] DEBUG PrimaryStageWindow   - Scaled ratio: (1.0, 1.0)
14:35:14.814 [JavaFX Application Thread] DEBUG PrimaryStageWindow   - Set initial scene to FXGLStartupScene
14:35:14.818 [JavaFX Application Thread] DEBUG PrimaryStageWindow   - Opening main window
14:35:14.881 [JavaFX Application Thread] DEBUG PrimaryStageWindow   - Window border size: (16.0, 39.0)
14:35:14.881 [JavaFX Application Thread] DEBUG PrimaryStageWindow   - Scaled size: 1920.0 x 1080.0
14:35:14.881 [JavaFX Application Thread] DEBUG PrimaryStageWindow   - Scaled ratio: (1.0, 1.0)
14:35:14.881 [JavaFX Application Thread] DEBUG PrimaryStageWindow   - Scene size: 1920.0 x 1080.0
14:35:14.881 [JavaFX Application Thread] DEBUG PrimaryStageWindow   - Stage size: 1936.0 x 1119.0
14:35:14.921 [JavaFX Application Thread] DEBUG PrimaryStageWindow   - Going fullscreen
14:35:14.928 [FXGL Background Thread 1 ] DEBUG Engine               - Initializing environment variables
14:35:14.965 [FXGL Background Thread 1 ] DEBUG FXGLAssetLoaderServi - User app class for loading assets: class at.htl.no_half_sends.NoHalfSendsApp
14:35:14.965 [FXGL Background Thread 1 ] DEBUG GameApplicationServi - Applying CSS: fxgl_dark.css
14:35:14.966 [FXGL Background Thread 1 ] DEBUG FXGLAssetLoaderServi - Loading from file system: jar:file:/C:/Users/Clemis%20PC/.m2/repository/com/github/almasb/fxgl/17.3/fxgl-17.3.jar!/fxglassets/ui/css/fxgl_dark.css
14:35:14.994 [FXGL Background Thread 1 ] DEBUG GameApplicationServi - Initializing application scenes
14:35:15.017 [FXGL Background Thread 1 ] DEBUG GameWorld            - Game world initialized
14:35:15.048 [FXGL Background Thread 1 ] DEBUG PhysicsWorld         - Physics world initialized: appHeight=1080, physics.ppm=50,0
14:35:15.048 [FXGL Background Thread 1 ] DEBUG PhysicsWorld         - Using strategy: BRUTE_FORCE
14:35:15.050 [FXGL Background Thread 1 ] DEBUG GameScene            - Game scene initialized: 1920x1080
14:35:15.111 [FXGL Background Thread 1 ] DEBUG GameApplicationServi - Application scenes initialized
14:35:15.120 [FXGL Background Thread 1 ] DEBUG SystemBundleService  - Loading FXGL system data
14:35:15.123 [FXGL Background Thread 1 ] DEBUG FileSystemAccess     - Reading from: C:\Users\Clemis PC\Desktop\workspace\NO-HALF-SENDS\NO_HALF_SENDS\system\fxgl.bundle
14:35:15.127 [FXGL Background Thread 1 ] DEBUG SystemBundleService  - Bundle FXGL: {}
14:35:15.128 [FXGL Background Thread 1 ] DEBUG UpdaterService       - Checking for updates
14:35:15.148 [FXGL Background Thread 4 ] DEBUG FXGLApplication      - Loading fonts
14:35:15.148 [FXGL Background Thread 1 ] DEBUG FXGLApplication      - Loading default localization
14:35:15.148 [FXGL Background Thread 4 ] DEBUG FXGLAssetLoaderServi - Loading from file system: jar:file:/C:/Users/Clemis%20PC/.m2/repository/com/github/almasb/fxgl/17.3/fxgl-17.3.jar!/fxglassets/ui/fonts/VarelaRound-Regular.ttf
14:35:15.148 [FXGL Background Thread 1 ] DEBUG FXGLAssetLoaderServi - Loading from file system: jar:file:/C:/Users/Clemis%20PC/.m2/repository/com/github/almasb/fxgl/17.3/fxgl-17.3.jar!/fxglassets/languages/english.lang
14:35:15.159 [FXGL Background Thread 1 ] INFO  FXGLApplication      - FXGL initialization took: 0,231 sec
14:35:15.164 [JavaFX Application Thread] DEBUG Input                - Registered new binding: Gas geben - W
14:35:15.164 [JavaFX Application Thread] DEBUG Input                - Registered new binding: Bremsen / Rückwärts - S
14:35:15.164 [JavaFX Application Thread] DEBUG Input                - Registered new binding: Links lenken - A
14:35:15.165 [JavaFX Application Thread] DEBUG Input                - Registered new binding: Rechts lenken - D
14:35:15.165 [JavaFX Application Thread] DEBUG Input                - Registered new binding: Speichern - F5
14:35:15.166 [JavaFX Application Thread] DEBUG FXGLAssetLoaderServi - Loading from file system: jar:file:/C:/Users/Clemis%20PC/.m2/repository/com/github/almasb/fxgl/17.3/fxgl-17.3.jar!/fxglassets/textures/fxgl_icon.png
14:35:15.174 [FXGL Background Thread 4 ] DEBUG FXGLAssetLoaderServi - Loading from file system: jar:file:/C:/Users/Clemis%20PC/.m2/repository/com/github/almasb/fxgl/17.3/fxgl-17.3.jar!/fxglassets/ui/fonts/Abel-Regular.ttf
14:35:15.185 [FXGL Background Thread 4 ] DEBUG FXGLAssetLoaderServi - Loading from file system: jar:file:/C:/Users/Clemis%20PC/.m2/repository/com/github/almasb/fxgl/17.3/fxgl-17.3.jar!/fxglassets/ui/fonts/TerminalLandMono-Regular.otf
14:35:15.194 [FXGL Background Thread 4 ] DEBUG FXGLAssetLoaderServi - Loading from file system: jar:file:/C:/Users/Clemis%20PC/.m2/repository/com/github/almasb/fxgl/17.3/fxgl-17.3.jar!/fxglassets/ui/fonts/Courier-Prime.ttf
14:35:15.196 [JavaFX Application Thread] DEBUG FXGLAssetLoaderServi - Loading from file system: jar:file:/C:/Users/Clemis%20PC/.m2/repository/com/github/almasb/fxgl/17.3/fxgl-17.3.jar!/fxglassets/textures/fxgl_default_cursor.png
14:35:15.197 [JavaFX Application Thread] DEBUG Input                - Registered new binding: Screenshot - CTRL+8
14:35:15.197 [JavaFX Application Thread] DEBUG Input                - Registered new binding: Dev Options - 1
14:35:15.198 [JavaFX Application Thread] DEBUG Input                - Registered new binding: Dev Console - 2
14:35:15.198 [JavaFX Application Thread] DEBUG Input                - Registered new binding: System info dump - CTRL+9
14:35:15.198 [JavaFX Application Thread] DEBUG Input                - Registered new binding: Restart - CTRL+R
14:35:15.199 [JavaFX Application Thread] DEBUG Input                - Registered new binding: Toggle Debug Camera - CTRL+7
14:35:15.201 [JavaFX Application Thread] DEBUG LoopRunner           - Starting loop
14:35:15.216 [JavaFX Application Thread] DEBUG LoopRunner           - Initializing JavaFX AnimationTimerLoop
14:35:15.218 [JavaFX Application Thread] DEBUG Input                - Clearing active input actions
14:35:15.224 [JavaFX Application Thread] DEBUG GameApplicationServi - Removing overlay from FXGLStartupScene and adding to FXGLMainMenuDummyScene
14:35:15.227 [JavaFX Application Thread] DEBUG PrimaryStageWindow   - FXGLStartupScene -> FXGLMainMenuDummyScene
14:35:15.227 [JavaFX Application Thread] DEBUG PrimaryStageWindow   - Push state: DriftMainMenu
14:35:15.227 [JavaFX Application Thread] DEBUG Input                - Clearing active input actions
14:35:15.234 [JavaFX Application Thread] DEBUG GameApplicationServi - Removing overlay from FXGLMainMenuDummyScene and adding to DriftMainMenu
14:35:15.234 [JavaFX Application Thread] DEBUG PrimaryStageWindow   - FXGLMainMenuDummyScene -> DriftMainMenu
14:35:15.235 [JavaFX Application Thread] DEBUG FXGLApplication      - Registering font factories with UI factory
14:35:15.465 [FXGL Background Thread 2 ] INFO  UpdaterService       - Your current version:  17.3
14:35:15.465 [FXGL Background Thread 2 ] INFO  UpdaterService       - Latest stable version: 25
14:35:16.496 [JavaFX Application Thread] DEBUG Menu                 - fireNewGame()
14:35:16.496 [JavaFX Application Thread] DEBUG GameApplicationServi - Starting new game
14:35:16.496 [JavaFX Application Thread] DEBUG PrimaryStageWindow   - Pop state: DriftMainMenu
14:35:16.496 [JavaFX Application Thread] DEBUG Input                - Clearing active input actions
14:35:16.497 [JavaFX Application Thread] DEBUG GameApplicationServi - Removing overlay from DriftMainMenu and adding to FXGLMainMenuDummyScene
14:35:16.498 [JavaFX Application Thread] DEBUG PrimaryStageWindow   - FXGLMainMenuDummyScene <- DriftMainMenu
14:35:16.498 [JavaFX Application Thread] DEBUG Input                - Clearing active input actions
14:35:16.501 [JavaFX Application Thread] DEBUG GameApplicationServi - Removing overlay from FXGLMainMenuDummyScene and adding to FXGLLoadingScene
14:35:16.501 [JavaFX Application Thread] DEBUG PrimaryStageWindow   - FXGLMainMenuDummyScene -> FXGLLoadingScene
14:35:16.501 [JavaFX Application Thread] DEBUG GameApplicationServi - Clearing previous game
14:35:16.501 [JavaFX Application Thread] DEBUG GameScene            - Clearing game scene
14:35:16.501 [JavaFX Application Thread] DEBUG GameWorld            - Clearing game world
14:35:16.501 [JavaFX Application Thread] DEBUG PhysicsWorld         - Clearing physics world
14:35:16.503 [FXGL Background Thread 2 ] DEBUG FXGLApplication      - Initializing game
14:35:16.526 [FXGL Background Thread 2 ] WARN  TMXLevelLoader       - TiledMap generated from 1.12.1. Supported version: 1.9.0. Some features may not be parsed fully.
14:35:16.534 [FXGL Background Thread 2 ] DEBUG TMXLevelLoader       - Parsed TiledMap: file:/C:/Users/Clemis%20PC/Desktop/workspace/NO-HALF-SENDS/NO_HALF_SENDS/target/classes/assets/levels/FinalMap.tmx
14:35:16.534 [FXGL Background Thread 2 ] DEBUG TMXLevelLoader       - Creating tile layer entities
14:35:16.537 [FXGL Background Thread 2 ] DEBUG TilesetLoader        - Loading view for layer Kachelebene 1
14:35:16.538 [FXGL Background Thread 2 ] DEBUG TilesetLoader        - Created buffer with size 1280.0x1280.0
14:35:16.551 [FXGL Background Thread 2 ] DEBUG TMXLevelLoader       - Creating object layer entities
14:35:16.567 [FXGL Background Thread 2 ] DEBUG GameWorld            - Clearing removable entities
14:35:16.567 [FXGL Background Thread 2 ] DEBUG GameWorld            - Setting level: com.almasb.fxgl.entity.level.Level@bc17c81
14:35:16.569 [FXGL Background Thread 2 ] DEBUG FXGLAssetLoaderServi - Loading from file system: file:/C:/Users/Clemis%20PC/Desktop/workspace/NO-HALF-SENDS/NO_HALF_SENDS/target/classes/assets/textures/Subaru_WRX_STI_mk2.png
14:35:16.574 [FXGL Background Thread 2 ] INFO  FXGLApplication      - Game initialization took: 0,072 sec
14:35:16.578 [JavaFX Application Thread] DEBUG Input                - Clearing active input actions
14:35:16.580 [JavaFX Application Thread] DEBUG GameApplicationServi - Removing overlay from FXGLLoadingScene and adding to GameScene
14:35:16.582 [JavaFX Application Thread] DEBUG PrimaryStageWindow   - FXGLLoadingScene -> GameScene
14:35:18.156 [FXGL Background Thread 3 ] DEBUG Engine               - Logging environment variables
14:35:18.156 [FXGL Background Thread 3 ] DEBUG Engine               - achievements: []
14:35:18.157 [FXGL Background Thread 3 ] DEBUG Engine               - actualHeight: 1440.0
14:35:18.157 [FXGL Background Thread 3 ] DEBUG Engine               - actualHeightProperty: ReadOnlyDoubleProperty [value: 1440.0]
14:35:18.157 [FXGL Background Thread 3 ] DEBUG Engine               - actualWidth: 2560.0
14:35:18.157 [FXGL Background Thread 3 ] DEBUG Engine               - actualWidthProperty: ReadOnlyDoubleProperty [value: 2560.0]
14:35:18.157 [FXGL Background Thread 3 ] DEBUG Engine               - appIcon: fxgl_icon.png
14:35:18.157 [FXGL Background Thread 3 ] DEBUG Engine               - applicationMode: DEVELOPER
14:35:18.157 [FXGL Background Thread 3 ] DEBUG Engine               - cSSList: [fxgl_dark.css]
14:35:18.157 [FXGL Background Thread 3 ] DEBUG Engine               - collisionDetectionStrategy: BRUTE_FORCE
14:35:18.157 [FXGL Background Thread 3 ] DEBUG Engine               - configClass: Optional.empty
14:35:18.157 [FXGL Background Thread 3 ] DEBUG Engine               - credits: []
14:35:18.159 [FXGL Background Thread 3 ] DEBUG Engine               - defaultCursor: CursorInfo(imageName=fxgl_default_cursor.png, hotspotX=7.0, hotspotY=6.0)
14:35:18.159 [FXGL Background Thread 3 ] DEBUG Engine               - devBBoxColorProperty: ObjectProperty [value: 0xff0000ff]
14:35:18.159 [FXGL Background Thread 3 ] DEBUG Engine               - devEnableDebugCameraProperty: BooleanProperty [value: false]
14:35:18.159 [FXGL Background Thread 3 ] DEBUG Engine               - devSensorColorProperty: ObjectProperty [value: 0xffff00ff]
14:35:18.159 [FXGL Background Thread 3 ] DEBUG Engine               - devShowBBoxProperty: BooleanProperty [value: false]
14:35:18.159 [FXGL Background Thread 3 ] DEBUG Engine               - devShowPositionProperty: BooleanProperty [value: false]
14:35:18.159 [FXGL Background Thread 3 ] DEBUG Engine               - enabledMenuItems: []
14:35:18.159 [FXGL Background Thread 3 ] DEBUG Engine               - engineServices: [class com.almasb.fxgl.app.services.FXGLAssetLoaderService, class com.almasb.fxgl.app.FXGLApplication$GameApplicationService, class com.almasb.fxgl.app.services.FXGLDialogService, class com.almasb.fxgl.app.services.IOTaskExecutorService, class com.almasb.fxgl.io.FileSystemService, class com.almasb.fxgl.localization.LocalizationService, class com.almasb.fxgl.app.services.SystemBundleService, class com.almasb.fxgl.profile.SaveLoadService, class com.almasb.fxgl.ui.FXGLUIFactoryServiceProvider, class com.almasb.fxgl.ui.FXGLDialogFactoryServiceProvider, class com.almasb.fxgl.audio.AudioPlayer, class com.almasb.fxgl.notification.impl.NotificationServiceProvider, class com.almasb.fxgl.achievement.AchievementService, class com.almasb.fxgl.cutscene.CutsceneService, class com.almasb.fxgl.minigames.MiniGameService, class com.almasb.fxgl.net.NetService, class com.almasb.fxgl.app.services.UpdaterService, class com.almasb.fxgl.dev.DevService]
14:35:18.159 [FXGL Background Thread 3 ] DEBUG Engine               - fontGame: Abel-Regular.ttf
14:35:18.159 [FXGL Background Thread 3 ] DEBUG Engine               - fontMono: TerminalLandMono-Regular.otf
14:35:18.160 [FXGL Background Thread 3 ] DEBUG Engine               - fontSizeScaleUI: 1.0
14:35:18.160 [FXGL Background Thread 3 ] DEBUG Engine               - fontText: Courier-Prime.ttf
14:35:18.160 [FXGL Background Thread 3 ] DEBUG Engine               - fontUI: VarelaRound-Regular.ttf
14:35:18.160 [FXGL Background Thread 3 ] DEBUG Engine               - fullScreen: BooleanProperty [value: true]
14:35:18.160 [FXGL Background Thread 3 ] DEBUG Engine               - gameDifficulty: MEDIUM
14:35:18.160 [FXGL Background Thread 3 ] DEBUG Engine               - gameDifficultyProperty: ObjectProperty [value: MEDIUM]
14:35:18.160 [FXGL Background Thread 3 ] DEBUG Engine               - globalMusicVolume: 0.5
14:35:18.160 [FXGL Background Thread 3 ] DEBUG Engine               - globalMusicVolumeProperty: DoubleProperty [value: 0.5]
14:35:18.160 [FXGL Background Thread 3 ] DEBUG Engine               - globalSoundVolume: 0.5
14:35:18.160 [FXGL Background Thread 3 ] DEBUG Engine               - globalSoundVolumeProperty: DoubleProperty [value: 0.5]
14:35:18.160 [FXGL Background Thread 3 ] DEBUG Engine               - height: 1080
14:35:18.160 [FXGL Background Thread 3 ] DEBUG Engine               - is3D: false
14:35:18.160 [FXGL Background Thread 3 ] DEBUG Engine               - isAndroid: false
14:35:18.160 [FXGL Background Thread 3 ] DEBUG Engine               - isBrowser: false
14:35:18.160 [FXGL Background Thread 3 ] DEBUG Engine               - isClickFeedbackEnabled: false
14:35:18.161 [FXGL Background Thread 3 ] DEBUG Engine               - isCloseConfirmation: false
14:35:18.161 [FXGL Background Thread 3 ] DEBUG Engine               - isDesktop: true
14:35:18.161 [FXGL Background Thread 3 ] DEBUG Engine               - isDeveloperMenuEnabled: true
14:35:18.161 [FXGL Background Thread 3 ] DEBUG Engine               - isEmbedded: false
14:35:18.161 [FXGL Background Thread 3 ] DEBUG Engine               - isEntityPreloadEnabled: true
14:35:18.161 [FXGL Background Thread 3 ] DEBUG Engine               - isExperimentalTiledLargeMap: false
14:35:18.161 [FXGL Background Thread 3 ] DEBUG Engine               - isFileSystemWriteAllowed: true
14:35:18.161 [FXGL Background Thread 3 ] DEBUG Engine               - isFullScreenAllowed: true
14:35:18.161 [FXGL Background Thread 3 ] DEBUG Engine               - isFullScreenFromStart: true
14:35:18.161 [FXGL Background Thread 3 ] DEBUG Engine               - isGameMenuEnabled: true
14:35:18.161 [FXGL Background Thread 3 ] DEBUG Engine               - isIOS: false
14:35:18.161 [FXGL Background Thread 3 ] DEBUG Engine               - isIntroEnabled: false
14:35:18.161 [FXGL Background Thread 3 ] DEBUG Engine               - isLinux: false
14:35:18.161 [FXGL Background Thread 3 ] DEBUG Engine               - isMac: false
14:35:18.161 [FXGL Background Thread 3 ] DEBUG Engine               - isMainMenuEnabled: true
14:35:18.161 [FXGL Background Thread 3 ] DEBUG Engine               - isManualResizeEnabled: false
14:35:18.161 [FXGL Background Thread 3 ] DEBUG Engine               - isMobile: false
14:35:18.161 [FXGL Background Thread 3 ] DEBUG Engine               - isNative: false
14:35:18.161 [FXGL Background Thread 3 ] DEBUG Engine               - isPauseMusicWhenMinimized: true
14:35:18.161 [FXGL Background Thread 3 ] DEBUG Engine               - isPreserveResizeRatio: false
14:35:18.161 [FXGL Background Thread 3 ] DEBUG Engine               - isProfilingEnabled: false
14:35:18.161 [FXGL Background Thread 3 ] DEBUG Engine               - isScaleAffectedOnResize: true
14:35:18.161 [FXGL Background Thread 3 ] DEBUG Engine               - isSingleStep: false
14:35:18.161 [FXGL Background Thread 3 ] DEBUG Engine               - isUserProfileEnabled: false
14:35:18.161 [FXGL Background Thread 3 ] DEBUG Engine               - isWindows: true
14:35:18.161 [FXGL Background Thread 3 ] DEBUG Engine               - language: ObjectProperty [value: ENGLISH]
14:35:18.161 [FXGL Background Thread 3 ] DEBUG Engine               - menuKey: ESCAPE
14:35:18.161 [FXGL Background Thread 3 ] DEBUG Engine               - mouseSensitivity: 0.2
14:35:18.161 [FXGL Background Thread 3 ] DEBUG Engine               - notificationViewClass: class com.almasb.fxgl.notification.view.XboxNotificationView
14:35:18.161 [FXGL Background Thread 3 ] DEBUG Engine               - pixelsPerMeter: 50.0
14:35:18.161 [FXGL Background Thread 3 ] DEBUG Engine               - platform: WINDOWS
14:35:18.161 [FXGL Background Thread 3 ] DEBUG Engine               - prefHeightProperty: ReadOnlyDoubleProperty [value: 1080.0]
14:35:18.161 [FXGL Background Thread 3 ] DEBUG Engine               - prefWidthProperty: ReadOnlyDoubleProperty [value: 1920.0]
14:35:18.161 [FXGL Background Thread 3 ] DEBUG Engine               - profileDir: profiles/
14:35:18.161 [FXGL Background Thread 3 ] DEBUG Engine               - profileName: StringProperty [value: DEFAULT]
14:35:18.161 [FXGL Background Thread 3 ] DEBUG Engine               - randomSeed: -1
14:35:18.162 [FXGL Background Thread 3 ] DEBUG Engine               - runtimeInfo: RuntimeInfo(platform=WINDOWS, version=17.3, build=30.03.2023 11.49)
14:35:18.162 [FXGL Background Thread 3 ] DEBUG Engine               - saveFileExt: sav
14:35:18.162 [FXGL Background Thread 3 ] DEBUG Engine               - scaledHeightProp$fxgl: DoubleProperty [bound, value: 1440.0]
14:35:18.162 [FXGL Background Thread 3 ] DEBUG Engine               - scaledWidthProp$fxgl: DoubleProperty [bound, value: 2560.0]
14:35:18.162 [FXGL Background Thread 3 ] DEBUG Engine               - sceneFactory: at.htl.no_half_sends.NoHalfSendsApp$1@50c1fbd8
14:35:18.162 [FXGL Background Thread 3 ] DEBUG Engine               - secondsIn24h: 60
14:35:18.162 [FXGL Background Thread 3 ] DEBUG Engine               - soundMenuBack: menu/back.wav
14:35:18.162 [FXGL Background Thread 3 ] DEBUG Engine               - soundMenuPress: menu/press.wav
14:35:18.162 [FXGL Background Thread 3 ] DEBUG Engine               - soundMenuSelect: menu/select.wav
14:35:18.162 [FXGL Background Thread 3 ] DEBUG Engine               - soundNotification: core/notification.wav
14:35:18.162 [FXGL Background Thread 3 ] DEBUG Engine               - stageStyle: DECORATED
14:35:18.162 [FXGL Background Thread 3 ] DEBUG Engine               - supportedLanguages: [ENGLISH, FRENCH, GERMAN, HUNGARIAN, RUSSIAN]
14:35:18.162 [FXGL Background Thread 3 ] DEBUG Engine               - ticksPerSecond: -1
14:35:18.162 [FXGL Background Thread 3 ] DEBUG Engine               - title: NO HALF SENDS
14:35:18.162 [FXGL Background Thread 3 ] DEBUG Engine               - urlGithub: https://github.com/AlmasB/FXGL
14:35:18.162 [FXGL Background Thread 3 ] DEBUG Engine               - urlLeaderboard: http://fxgl-top.herokuapp.com/
14:35:18.162 [FXGL Background Thread 3 ] DEBUG Engine               - urlPOM: https://raw.githubusercontent.com/AlmasB/FXGL/release/README.md
14:35:18.162 [FXGL Background Thread 3 ] DEBUG Engine               - userAppClass: class at.htl.no_half_sends.NoHalfSendsApp
14:35:18.162 [FXGL Background Thread 3 ] DEBUG Engine               - version: 0.0
14:35:18.162 [FXGL Background Thread 3 ] DEBUG Engine               - versionCheckDays: 7
14:35:18.162 [FXGL Background Thread 3 ] DEBUG Engine               - width: 1920
14:35:18.162 [FXGL Background Thread 3 ] DEBUG Engine               - Logging services
14:35:18.162 [FXGL Background Thread 3 ] DEBUG Engine               - class com.almasb.fxgl.app.services.FXGLAssetLoaderService
14:35:18.162 [FXGL Background Thread 3 ] DEBUG Engine               - class com.almasb.fxgl.app.FXGLApplication$GameApplicationService
14:35:18.162 [FXGL Background Thread 3 ] DEBUG Engine               - class com.almasb.fxgl.app.services.FXGLDialogService
14:35:18.162 [FXGL Background Thread 3 ] DEBUG Engine               - class com.almasb.fxgl.app.services.IOTaskExecutorService
14:35:18.162 [FXGL Background Thread 3 ] DEBUG Engine               - class com.almasb.fxgl.io.FileSystemService
14:35:18.162 [FXGL Background Thread 3 ] DEBUG Engine               - class com.almasb.fxgl.localization.LocalizationService
14:35:18.162 [FXGL Background Thread 3 ] DEBUG Engine               - class com.almasb.fxgl.app.services.SystemBundleService
14:35:18.162 [FXGL Background Thread 3 ] DEBUG Engine               - class com.almasb.fxgl.profile.SaveLoadService
14:35:18.162 [FXGL Background Thread 3 ] DEBUG Engine               - class com.almasb.fxgl.ui.FXGLUIFactoryServiceProvider
14:35:18.162 [FXGL Background Thread 3 ] DEBUG Engine               - class com.almasb.fxgl.ui.FXGLDialogFactoryServiceProvider
14:35:18.162 [FXGL Background Thread 3 ] DEBUG Engine               - class com.almasb.fxgl.audio.AudioPlayer
14:35:18.162 [FXGL Background Thread 3 ] DEBUG Engine               - class com.almasb.fxgl.notification.impl.NotificationServiceProvider
14:35:18.162 [FXGL Background Thread 3 ] DEBUG Engine               - class com.almasb.fxgl.achievement.AchievementService
14:35:18.162 [FXGL Background Thread 3 ] DEBUG Engine               - class com.almasb.fxgl.cutscene.CutsceneService
14:35:18.162 [FXGL Background Thread 3 ] DEBUG Engine               - class com.almasb.fxgl.minigames.MiniGameService
14:35:18.162 [FXGL Background Thread 3 ] DEBUG Engine               - class com.almasb.fxgl.net.NetService
14:35:18.162 [FXGL Background Thread 3 ] DEBUG Engine               - class com.almasb.fxgl.app.services.UpdaterService
14:35:18.162 [FXGL Background Thread 3 ] DEBUG Engine               - class com.almasb.fxgl.dev.DevService
14:35:31.137 [JavaFX Application Thread] DEBUG GameApplicationServi - Starting new game
14:35:31.138 [JavaFX Application Thread] DEBUG Input                - Clearing active input actions
14:35:31.140 [JavaFX Application Thread] DEBUG GameApplicationServi - Removing overlay from GameScene and adding to FXGLLoadingScene
14:35:31.141 [JavaFX Application Thread] DEBUG PrimaryStageWindow   - GameScene -> FXGLLoadingScene
14:35:31.141 [JavaFX Application Thread] DEBUG GameApplicationServi - Clearing previous game
14:35:31.141 [JavaFX Application Thread] DEBUG GameScene            - Clearing game scene
14:35:31.141 [JavaFX Application Thread] DEBUG GameWorld            - Clearing game world
14:35:31.144 [JavaFX Application Thread] DEBUG PhysicsWorld         - Clearing physics world
14:35:31.144 [FXGL Background Thread 2 ] DEBUG FXGLApplication      - Initializing game
14:35:31.145 [FXGL Background Thread 2 ] WARN  TMXLevelLoader       - TiledMap generated from 1.12.1. Supported version: 1.9.0. Some features may not be parsed fully.
14:35:31.149 [FXGL Background Thread 2 ] DEBUG TMXLevelLoader       - Parsed TiledMap: file:/C:/Users/Clemis%20PC/Desktop/workspace/NO-HALF-SENDS/NO_HALF_SENDS/target/classes/assets/levels/FinalMap.tmx
14:35:31.149 [FXGL Background Thread 2 ] DEBUG TMXLevelLoader       - Creating tile layer entities
14:35:31.150 [FXGL Background Thread 2 ] DEBUG TilesetLoader        - Loading view for layer Kachelebene 1
14:35:31.152 [FXGL Background Thread 2 ] DEBUG TilesetLoader        - Created buffer with size 1280.0x1280.0
14:35:31.161 [FXGL Background Thread 2 ] DEBUG TMXLevelLoader       - Creating object layer entities
14:35:31.166 [FXGL Background Thread 2 ] DEBUG GameWorld            - Clearing removable entities
14:35:31.166 [FXGL Background Thread 2 ] DEBUG GameWorld            - Setting level: com.almasb.fxgl.entity.level.Level@6463d152
14:35:31.176 [FXGL Background Thread 2 ] INFO  FXGLApplication      - Game initialization took: 0,032 sec
14:35:31.177 [JavaFX Application Thread] DEBUG Input                - Clearing active input actions
14:35:31.179 [JavaFX Application Thread] DEBUG GameApplicationServi - Removing overlay from FXGLLoadingScene and adding to GameScene
14:35:31.180 [JavaFX Application Thread] DEBUG PrimaryStageWindow   - FXGLLoadingScene -> GameScene
14:35:35.756 [JavaFX Application Thread] DEBUG GameApplicationServi - Starting new game
14:35:35.756 [JavaFX Application Thread] DEBUG Input                - Clearing active input actions
14:35:35.758 [JavaFX Application Thread] DEBUG GameApplicationServi - Removing overlay from GameScene and adding to FXGLLoadingScene
14:35:35.759 [JavaFX Application Thread] DEBUG PrimaryStageWindow   - GameScene -> FXGLLoadingScene
14:35:35.759 [JavaFX Application Thread] DEBUG GameApplicationServi - Clearing previous game
14:35:35.759 [JavaFX Application Thread] DEBUG GameScene            - Clearing game scene
14:35:35.759 [JavaFX Application Thread] DEBUG GameWorld            - Clearing game world
14:35:35.759 [JavaFX Application Thread] DEBUG PhysicsWorld         - Clearing physics world
14:35:35.759 [FXGL Background Thread 2 ] DEBUG FXGLApplication      - Initializing game
14:35:35.761 [FXGL Background Thread 2 ] WARN  TMXLevelLoader       - TiledMap generated from 1.12.1. Supported version: 1.9.0. Some features may not be parsed fully.
14:35:35.763 [FXGL Background Thread 2 ] DEBUG TMXLevelLoader       - Parsed TiledMap: file:/C:/Users/Clemis%20PC/Desktop/workspace/NO-HALF-SENDS/NO_HALF_SENDS/target/classes/assets/levels/FinalMap.tmx
14:35:35.763 [FXGL Background Thread 2 ] DEBUG TMXLevelLoader       - Creating tile layer entities
14:35:35.763 [FXGL Background Thread 2 ] DEBUG TilesetLoader        - Loading view for layer Kachelebene 1
14:35:35.764 [FXGL Background Thread 2 ] DEBUG TilesetLoader        - Created buffer with size 1280.0x1280.0
14:35:35.771 [FXGL Background Thread 2 ] DEBUG TMXLevelLoader       - Creating object layer entities
14:35:35.775 [FXGL Background Thread 2 ] DEBUG GameWorld            - Clearing removable entities
14:35:35.776 [FXGL Background Thread 2 ] DEBUG GameWorld            - Setting level: com.almasb.fxgl.entity.level.Level@23769eca
14:35:35.784 [FXGL Background Thread 2 ] INFO  FXGLApplication      - Game initialization took: 0,025 sec
14:35:35.784 [JavaFX Application Thread] DEBUG Input                - Clearing active input actions
14:35:35.787 [JavaFX Application Thread] DEBUG GameApplicationServi - Removing overlay from FXGLLoadingScene and adding to GameScene
14:35:35.788 [JavaFX Application Thread] DEBUG PrimaryStageWindow   - FXGLLoadingScene -> GameScene
14:35:55.551 [JavaFX Application Thread] DEBUG GameApplicationServi - Starting new game
14:35:55.551 [JavaFX Application Thread] DEBUG Input                - Clearing active input actions
14:35:55.553 [JavaFX Application Thread] DEBUG GameApplicationServi - Removing overlay from GameScene and adding to FXGLLoadingScene
14:35:55.554 [JavaFX Application Thread] DEBUG PrimaryStageWindow   - GameScene -> FXGLLoadingScene
14:35:55.554 [JavaFX Application Thread] DEBUG GameApplicationServi - Clearing previous game
14:35:55.554 [JavaFX Application Thread] DEBUG GameScene            - Clearing game scene
14:35:55.554 [JavaFX Application Thread] DEBUG GameWorld            - Clearing game world
14:35:55.556 [JavaFX Application Thread] DEBUG PhysicsWorld         - Clearing physics world
14:35:55.556 [FXGL Background Thread 2 ] DEBUG FXGLApplication      - Initializing game
14:35:55.557 [FXGL Background Thread 2 ] WARN  TMXLevelLoader       - TiledMap generated from 1.12.1. Supported version: 1.9.0. Some features may not be parsed fully.
14:35:55.558 [FXGL Background Thread 2 ] DEBUG TMXLevelLoader       - Parsed TiledMap: file:/C:/Users/Clemis%20PC/Desktop/workspace/NO-HALF-SENDS/NO_HALF_SENDS/target/classes/assets/levels/FinalMap.tmx
14:35:55.558 [FXGL Background Thread 2 ] DEBUG TMXLevelLoader       - Creating tile layer entities
14:35:55.559 [FXGL Background Thread 2 ] DEBUG TilesetLoader        - Loading view for layer Kachelebene 1
14:35:55.559 [FXGL Background Thread 2 ] DEBUG TilesetLoader        - Created buffer with size 1280.0x1280.0
14:35:55.564 [FXGL Background Thread 2 ] DEBUG TMXLevelLoader       - Creating object layer entities
14:35:55.568 [FXGL Background Thread 2 ] DEBUG GameWorld            - Clearing removable entities
14:35:55.568 [FXGL Background Thread 2 ] DEBUG GameWorld            - Setting level: com.almasb.fxgl.entity.level.Level@7604d78
14:35:55.575 [FXGL Background Thread 2 ] INFO  FXGLApplication      - Game initialization took: 0,019 sec
14:35:55.576 [JavaFX Application Thread] DEBUG Input                - Clearing active input actions
14:35:55.578 [JavaFX Application Thread] DEBUG GameApplicationServi - Removing overlay from FXGLLoadingScene and adding to GameScene
14:35:55.579 [JavaFX Application Thread] DEBUG PrimaryStageWindow   - FXGLLoadingScene -> GameScene
14:35:57.823 [JavaFX Application Thread] DEBUG GameApplicationServi - Starting new game
14:35:57.823 [JavaFX Application Thread] DEBUG Input                - Clearing active input actions
14:35:57.824 [JavaFX Application Thread] DEBUG GameApplicationServi - Removing overlay from GameScene and adding to FXGLLoadingScene
14:35:57.826 [JavaFX Application Thread] DEBUG PrimaryStageWindow   - GameScene -> FXGLLoadingScene
14:35:57.826 [JavaFX Application Thread] DEBUG GameApplicationServi - Clearing previous game
14:35:57.826 [JavaFX Application Thread] DEBUG GameScene            - Clearing game scene
14:35:57.826 [JavaFX Application Thread] DEBUG GameWorld            - Clearing game world
14:35:57.827 [JavaFX Application Thread] DEBUG PhysicsWorld         - Clearing physics world
14:35:57.827 [FXGL Background Thread 2 ] DEBUG FXGLApplication      - Initializing game
14:35:57.828 [FXGL Background Thread 2 ] WARN  TMXLevelLoader       - TiledMap generated from 1.12.1. Supported version: 1.9.0. Some features may not be parsed fully.
14:35:57.830 [FXGL Background Thread 2 ] DEBUG TMXLevelLoader       - Parsed TiledMap: file:/C:/Users/Clemis%20PC/Desktop/workspace/NO-HALF-SENDS/NO_HALF_SENDS/target/classes/assets/levels/FinalMap.tmx
14:35:57.830 [FXGL Background Thread 2 ] DEBUG TMXLevelLoader       - Creating tile layer entities
14:35:57.830 [FXGL Background Thread 2 ] DEBUG TilesetLoader        - Loading view for layer Kachelebene 1
14:35:57.832 [FXGL Background Thread 2 ] DEBUG TilesetLoader        - Created buffer with size 1280.0x1280.0
14:35:57.838 [FXGL Background Thread 2 ] DEBUG TMXLevelLoader       - Creating object layer entities
14:35:57.841 [FXGL Background Thread 2 ] DEBUG GameWorld            - Clearing removable entities
14:35:57.841 [FXGL Background Thread 2 ] DEBUG GameWorld            - Setting level: com.almasb.fxgl.entity.level.Level@64119fc3
14:35:57.843 [FXGL Background Thread 2 ] INFO  FXGLApplication      - Game initialization took: 0,017 sec
14:35:57.844 [JavaFX Application Thread] DEBUG Input                - Clearing active input actions
14:35:57.846 [JavaFX Application Thread] DEBUG GameApplicationServi - Removing overlay from FXGLLoadingScene and adding to GameScene
14:35:57.847 [JavaFX Application Thread] DEBUG PrimaryStageWindow   - FXGLLoadingScene -> GameScene
14:36:06.619 [JavaFX Application Thread] DEBUG GameApplicationServi - Starting new game
14:36:06.620 [JavaFX Application Thread] DEBUG Input                - Clearing active input actions
14:36:06.621 [JavaFX Application Thread] DEBUG GameApplicationServi - Removing overlay from GameScene and adding to FXGLLoadingScene
14:36:06.622 [JavaFX Application Thread] DEBUG PrimaryStageWindow   - GameScene -> FXGLLoadingScene
14:36:06.622 [JavaFX Application Thread] DEBUG GameApplicationServi - Clearing previous game
14:36:06.622 [JavaFX Application Thread] DEBUG GameScene            - Clearing game scene
14:36:06.622 [JavaFX Application Thread] DEBUG GameWorld            - Clearing game world
14:36:06.622 [JavaFX Application Thread] DEBUG PhysicsWorld         - Clearing physics world
14:36:06.623 [FXGL Background Thread 2 ] DEBUG FXGLApplication      - Initializing game
14:36:06.624 [FXGL Background Thread 2 ] WARN  TMXLevelLoader       - TiledMap generated from 1.12.1. Supported version: 1.9.0. Some features may not be parsed fully.
14:36:06.625 [FXGL Background Thread 2 ] DEBUG TMXLevelLoader       - Parsed TiledMap: file:/C:/Users/Clemis%20PC/Desktop/workspace/NO-HALF-SENDS/NO_HALF_SENDS/target/classes/assets/levels/FinalMap.tmx
14:36:06.625 [FXGL Background Thread 2 ] DEBUG TMXLevelLoader       - Creating tile layer entities
14:36:06.625 [FXGL Background Thread 2 ] DEBUG TilesetLoader        - Loading view for layer Kachelebene 1
14:36:06.625 [FXGL Background Thread 2 ] DEBUG TilesetLoader        - Created buffer with size 1280.0x1280.0
14:36:06.630 [FXGL Background Thread 2 ] DEBUG TMXLevelLoader       - Creating object layer entities
14:36:06.632 [FXGL Background Thread 2 ] DEBUG GameWorld            - Clearing removable entities
14:36:06.632 [FXGL Background Thread 2 ] DEBUG GameWorld            - Setting level: com.almasb.fxgl.entity.level.Level@2bb873f2
14:36:06.639 [FXGL Background Thread 2 ] INFO  FXGLApplication      - Game initialization took: 0,017 sec
14:36:06.644 [JavaFX Application Thread] DEBUG Input                - Clearing active input actions
14:36:06.645 [JavaFX Application Thread] DEBUG GameApplicationServi - Removing overlay from FXGLLoadingScene and adding to GameScene
14:36:06.646 [JavaFX Application Thread] DEBUG PrimaryStageWindow   - FXGLLoadingScene -> GameScene
14:36:11.494 [JavaFX Application Thread] DEBUG GameApplicationServi - Starting new game
14:36:11.494 [JavaFX Application Thread] DEBUG Input                - Clearing active input actions
14:36:11.495 [JavaFX Application Thread] DEBUG GameApplicationServi - Removing overlay from GameScene and adding to FXGLLoadingScene
14:36:11.496 [JavaFX Application Thread] DEBUG PrimaryStageWindow   - GameScene -> FXGLLoadingScene
14:36:11.496 [JavaFX Application Thread] DEBUG GameApplicationServi - Clearing previous game
14:36:11.496 [JavaFX Application Thread] DEBUG GameScene            - Clearing game scene
14:36:11.496 [JavaFX Application Thread] DEBUG GameWorld            - Clearing game world
14:36:11.497 [JavaFX Application Thread] DEBUG PhysicsWorld         - Clearing physics world
14:36:11.497 [FXGL Background Thread 2 ] DEBUG FXGLApplication      - Initializing game
14:36:11.497 [FXGL Background Thread 2 ] WARN  TMXLevelLoader       - TiledMap generated from 1.12.1. Supported version: 1.9.0. Some features may not be parsed fully.
14:36:11.498 [FXGL Background Thread 2 ] DEBUG TMXLevelLoader       - Parsed TiledMap: file:/C:/Users/Clemis%20PC/Desktop/workspace/NO-HALF-SENDS/NO_HALF_SENDS/target/classes/assets/levels/FinalMap.tmx
14:36:11.498 [FXGL Background Thread 2 ] DEBUG TMXLevelLoader       - Creating tile layer entities
14:36:11.498 [FXGL Background Thread 2 ] DEBUG TilesetLoader        - Loading view for layer Kachelebene 1
14:36:11.499 [FXGL Background Thread 2 ] DEBUG TilesetLoader        - Created buffer with size 1280.0x1280.0
14:36:11.503 [FXGL Background Thread 2 ] DEBUG TMXLevelLoader       - Creating object layer entities
14:36:11.506 [FXGL Background Thread 2 ] DEBUG GameWorld            - Clearing removable entities
14:36:11.506 [FXGL Background Thread 2 ] DEBUG GameWorld            - Setting level: com.almasb.fxgl.entity.level.Level@12604f7c
14:36:11.513 [FXGL Background Thread 2 ] INFO  FXGLApplication      - Game initialization took: 0,017 sec
14:36:11.514 [JavaFX Application Thread] DEBUG Input                - Clearing active input actions
14:36:11.515 [JavaFX Application Thread] DEBUG GameApplicationServi - Removing overlay from FXGLLoadingScene and adding to GameScene
14:36:11.516 [JavaFX Application Thread] DEBUG PrimaryStageWindow   - FXGLLoadingScene -> GameScene
14:36:12.083 [JavaFX Application Thread] DEBUG PrimaryStageWindow   - Push state: DriftMainMenu
14:36:12.083 [JavaFX Application Thread] DEBUG Input                - Clearing active input actions
14:36:12.083 [JavaFX Application Thread] DEBUG GameApplicationServi - Removing overlay from GameScene and adding to DriftMainMenu
14:36:12.084 [JavaFX Application Thread] DEBUG PrimaryStageWindow   - GameScene -> DriftMainMenu
14:36:12.919 [JavaFX Application Thread] DEBUG FXGLApplication      - Exiting FXGL
14:36:12.919 [JavaFX Application Thread] DEBUG LoopRunner           - Stopping loop
14:36:12.919 [JavaFX Application Thread] DEBUG SystemBundleService  - Saving FXGL system data
14:36:12.921 [JavaFX Application Thread] DEBUG FileSystemAccess     - Writing to: C:\Users\Clemis PC\Desktop\workspace\NO-HALF-SENDS\NO_HALF_SENDS\system\fxgl.bundle
14:36:12.922 [JavaFX Application Thread] DEBUG Async                - Shutting down background threads
14:36:12.922 [JavaFX Application Thread] DEBUG PrimaryStageWindow   - Closing main window
14:36:12.939 [JavaFX Application Thread] DEBUG Logger               - Closing Logger
