14:01:39.389 [main                     ] DEBUG Logger               - Configured Logger
14:01:39.394 [main                     ] DEBUG GameApplication      - Logging settings
Title: NO HALF SENDS
Version: 0.0
Width: 1920
Height: 1080
Fullscreen: true
Intro: false
Profiling: false
Single step:false
App Mode: DEVELOPER
Menu Key: ESCAPE
Stage Style: DECORATED
Scene Factory: class com.almasb.fxgl.app.scene.SceneFactory

14:01:39.894 [JavaFX Application Thread] DEBUG FXGLApplication      - Initializing FXGL
14:01:39.896 [JavaFX Application Thread] INFO  Engine               - FXGL-17.3 (30.03.2023 11.49) on WINDOWS (J:25.0.1 FX:21.0.6)
14:01:39.897 [JavaFX Application Thread] DEBUG Engine               - JRE Vendor Name: Oracle Corporation
14:01:39.897 [JavaFX Application Thread] DEBUG Engine               - Running on OS: Windows 11 version 10.0
14:01:39.897 [JavaFX Application Thread] DEBUG Engine               - Architecture: amd64
14:01:39.897 [JavaFX Application Thread] INFO  Engine               - Source code and latest versions at: https://github.com/AlmasB/FXGL
14:01:39.897 [JavaFX Application Thread] INFO  Engine               -       Ask questions and discuss at: https://github.com/AlmasB/FXGL/discussions
14:01:39.897 [JavaFX Application Thread] INFO  Engine               -              Join the FXGL chat at: https://gitter.im/AlmasB/FXGL
14:01:39.977 [JavaFX Application Thread] DEBUG PrimaryStageWindow   - Creating a JavaFX scene
14:01:40.038 [JavaFX Application Thread] DEBUG PrimaryStageWindow   - Target settings size: 1920.0 x 1080.0
14:01:40.038 [JavaFX Application Thread] DEBUG PrimaryStageWindow   - Scaled scene size:    1920.0 x 1080.0
14:01:40.038 [JavaFX Application Thread] DEBUG PrimaryStageWindow   - Scaled ratio: (1.0, 1.0)
14:01:40.039 [JavaFX Application Thread] DEBUG PrimaryStageWindow   - Set initial scene to FXGLStartupScene
14:01:40.043 [JavaFX Application Thread] DEBUG PrimaryStageWindow   - Opening main window
14:01:40.127 [JavaFX Application Thread] DEBUG PrimaryStageWindow   - Window border size: (16.0, 39.0)
14:01:40.127 [JavaFX Application Thread] DEBUG PrimaryStageWindow   - Scaled size: 1920.0 x 1080.0
14:01:40.127 [JavaFX Application Thread] DEBUG PrimaryStageWindow   - Scaled ratio: (1.0, 1.0)
14:01:40.127 [JavaFX Application Thread] DEBUG PrimaryStageWindow   - Scene size: 1920.0 x 1080.0
14:01:40.127 [JavaFX Application Thread] DEBUG PrimaryStageWindow   - Stage size: 1936.0 x 1119.0
14:01:40.168 [JavaFX Application Thread] DEBUG PrimaryStageWindow   - Going fullscreen
14:01:40.173 [FXGL Background Thread 1 ] DEBUG Engine               - Initializing environment variables
14:01:40.197 [FXGL Background Thread 1 ] DEBUG FXGLAssetLoaderServi - User app class for loading assets: class at.htl.no_half_sends.NoHalfSendsApp
14:01:40.198 [FXGL Background Thread 1 ] DEBUG GameApplicationServi - Applying CSS: fxgl_dark.css
14:01:40.198 [FXGL Background Thread 1 ] DEBUG FXGLAssetLoaderServi - Loading from file system: jar:file:/C:/Users/Clemis%20PC/.m2/repository/com/github/almasb/fxgl/17.3/fxgl-17.3.jar!/fxglassets/ui/css/fxgl_dark.css
14:01:40.223 [FXGL Background Thread 1 ] DEBUG GameApplicationServi - Initializing application scenes
14:01:40.249 [FXGL Background Thread 1 ] DEBUG GameWorld            - Game world initialized
14:01:40.284 [FXGL Background Thread 1 ] DEBUG PhysicsWorld         - Physics world initialized: appHeight=1080, physics.ppm=50,0
14:01:40.284 [FXGL Background Thread 1 ] DEBUG PhysicsWorld         - Using strategy: BRUTE_FORCE
14:01:40.286 [FXGL Background Thread 1 ] DEBUG GameScene            - Game scene initialized: 1920x1080
14:01:40.294 [FXGL Background Thread 1 ] DEBUG FXGL.DefaultMenu     - createMenuBodyMainMenu()
14:01:40.304 [FXGL Background Thread 1 ] DEBUG FXGL.DefaultMenu     - createOptionsMenu()
14:01:40.311 [FXGL Background Thread 1 ] DEBUG FXGLAssetLoaderServi - Loading from file system: jar:file:/C:/Users/Clemis%20PC/.m2/repository/com/github/almasb/fxgl/17.3/fxgl-17.3.jar!/fxglassets/textures/particles/smoke.png
14:01:40.361 [FXGL Background Thread 1 ] DEBUG FXGLAssetLoaderServi - Loading from file system: jar:file:/C:/Users/Clemis%20PC/.m2/repository/com/github/almasb/fxgl/17.3/fxgl-17.3.jar!/fxglassets/textures/particles/trace_horizontal.png
14:01:40.379 [FXGL Background Thread 1 ] DEBUG FXGL.DefaultMenu     - createMenuBodyGameMenu()
14:01:40.380 [FXGL Background Thread 1 ] DEBUG FXGL.DefaultMenu     - createOptionsMenu()
14:01:40.389 [FXGL Background Thread 1 ] DEBUG GameApplicationServi - Application scenes initialized
14:01:40.397 [FXGL Background Thread 1 ] DEBUG SystemBundleService  - Loading FXGL system data
14:01:40.402 [FXGL Background Thread 1 ] DEBUG FileSystemAccess     - Reading from: C:\Users\Clemis PC\Desktop\workspace\NO-HALF-SENDS\NO_HALF_SENDS\system\fxgl.bundle
14:01:40.404 [FXGL Background Thread 1 ] DEBUG SystemBundleService  - Bundle FXGL: {}
14:01:40.404 [FXGL Background Thread 1 ] DEBUG UpdaterService       - Checking for updates
14:01:40.423 [FXGL Background Thread 4 ] DEBUG FXGLApplication      - Loading fonts
14:01:40.424 [FXGL Background Thread 4 ] DEBUG FXGLAssetLoaderServi - Loading from file system: jar:file:/C:/Users/Clemis%20PC/.m2/repository/com/github/almasb/fxgl/17.3/fxgl-17.3.jar!/fxglassets/ui/fonts/VarelaRound-Regular.ttf
14:01:40.424 [FXGL Background Thread 1 ] DEBUG FXGLApplication      - Loading default localization
14:01:40.424 [FXGL Background Thread 1 ] DEBUG FXGLAssetLoaderServi - Loading from file system: jar:file:/C:/Users/Clemis%20PC/.m2/repository/com/github/almasb/fxgl/17.3/fxgl-17.3.jar!/fxglassets/languages/english.lang
14:01:40.441 [FXGL Background Thread 4 ] DEBUG FXGLAssetLoaderServi - Loading from file system: jar:file:/C:/Users/Clemis%20PC/.m2/repository/com/github/almasb/fxgl/17.3/fxgl-17.3.jar!/fxglassets/ui/fonts/Abel-Regular.ttf
14:01:40.446 [FXGL Background Thread 1 ] INFO  FXGLApplication      - FXGL initialization took: 0,273 sec
14:01:40.450 [FXGL Background Thread 4 ] DEBUG FXGLAssetLoaderServi - Loading from file system: jar:file:/C:/Users/Clemis%20PC/.m2/repository/com/github/almasb/fxgl/17.3/fxgl-17.3.jar!/fxglassets/ui/fonts/TerminalLandMono-Regular.otf
14:01:40.451 [JavaFX Application Thread] DEBUG Input                - Registered new binding: Gas geben - W
14:01:40.451 [JavaFX Application Thread] DEBUG Input                - Registered new binding: Bremsen / Rückwärts - S
14:01:40.451 [JavaFX Application Thread] DEBUG Input                - Registered new binding: Links lenken - A
14:01:40.451 [JavaFX Application Thread] DEBUG Input                - Registered new binding: Rechts lenken - D
14:01:40.452 [JavaFX Application Thread] DEBUG FXGLAssetLoaderServi - Loading from file system: jar:file:/C:/Users/Clemis%20PC/.m2/repository/com/github/almasb/fxgl/17.3/fxgl-17.3.jar!/fxglassets/textures/fxgl_icon.png
14:01:40.457 [FXGL Background Thread 4 ] DEBUG FXGLAssetLoaderServi - Loading from file system: jar:file:/C:/Users/Clemis%20PC/.m2/repository/com/github/almasb/fxgl/17.3/fxgl-17.3.jar!/fxglassets/ui/fonts/Courier-Prime.ttf
14:01:40.463 [JavaFX Application Thread] DEBUG FXGLAssetLoaderServi - Loading from file system: jar:file:/C:/Users/Clemis%20PC/.m2/repository/com/github/almasb/fxgl/17.3/fxgl-17.3.jar!/fxglassets/textures/fxgl_default_cursor.png
14:01:40.465 [JavaFX Application Thread] DEBUG Input                - Registered new binding: Screenshot - CTRL+8
14:01:40.465 [JavaFX Application Thread] DEBUG Input                - Registered new binding: Dev Options - 1
14:01:40.465 [JavaFX Application Thread] DEBUG Input                - Registered new binding: Dev Console - 2
14:01:40.466 [JavaFX Application Thread] DEBUG Input                - Registered new binding: System info dump - CTRL+9
14:01:40.466 [JavaFX Application Thread] DEBUG Input                - Registered new binding: Restart - CTRL+R
14:01:40.466 [JavaFX Application Thread] DEBUG Input                - Registered new binding: Toggle Debug Camera - CTRL+7
14:01:40.468 [JavaFX Application Thread] DEBUG LoopRunner           - Starting loop
14:01:40.478 [JavaFX Application Thread] DEBUG LoopRunner           - Initializing JavaFX AnimationTimerLoop
14:01:40.481 [JavaFX Application Thread] DEBUG Input                - Clearing active input actions
14:01:40.485 [JavaFX Application Thread] DEBUG GameApplicationServi - Removing overlay from FXGLStartupScene and adding to FXGLMainMenuDummyScene
14:01:40.488 [JavaFX Application Thread] DEBUG PrimaryStageWindow   - FXGLStartupScene -> FXGLMainMenuDummyScene
14:01:40.488 [JavaFX Application Thread] DEBUG PrimaryStageWindow   - Push state: FXGLDefaultMenu
14:01:40.491 [JavaFX Application Thread] DEBUG Input                - Clearing active input actions
14:01:40.495 [JavaFX Application Thread] DEBUG GameApplicationServi - Removing overlay from FXGLMainMenuDummyScene and adding to FXGLDefaultMenu
14:01:40.495 [JavaFX Application Thread] DEBUG PrimaryStageWindow   - FXGLMainMenuDummyScene -> FXGLDefaultMenu
14:01:40.496 [JavaFX Application Thread] DEBUG FXGLApplication      - Registering font factories with UI factory
14:01:41.079 [FXGL Background Thread 2 ] INFO  UpdaterService       - Your current version:  17.3
14:01:41.079 [FXGL Background Thread 2 ] INFO  UpdaterService       - Latest stable version: 25
14:01:43.422 [FXGL Background Thread 3 ] DEBUG Engine               - Logging environment variables
14:01:43.422 [FXGL Background Thread 3 ] DEBUG Engine               - achievements: []
14:01:43.422 [FXGL Background Thread 3 ] DEBUG Engine               - actualHeight: 1440.0
14:01:43.422 [FXGL Background Thread 3 ] DEBUG Engine               - actualHeightProperty: ReadOnlyDoubleProperty [value: 1440.0]
14:01:43.423 [FXGL Background Thread 3 ] DEBUG Engine               - actualWidth: 2560.0
14:01:43.423 [FXGL Background Thread 3 ] DEBUG Engine               - actualWidthProperty: ReadOnlyDoubleProperty [value: 2560.0]
14:01:43.423 [FXGL Background Thread 3 ] DEBUG Engine               - appIcon: fxgl_icon.png
14:01:43.423 [FXGL Background Thread 3 ] DEBUG Engine               - applicationMode: DEVELOPER
14:01:43.423 [FXGL Background Thread 3 ] DEBUG Engine               - cSSList: [fxgl_dark.css]
14:01:43.423 [FXGL Background Thread 3 ] DEBUG Engine               - collisionDetectionStrategy: BRUTE_FORCE
14:01:43.423 [FXGL Background Thread 3 ] DEBUG Engine               - configClass: Optional.empty
14:01:43.423 [FXGL Background Thread 3 ] DEBUG Engine               - credits: []
14:01:43.423 [FXGL Background Thread 3 ] DEBUG Engine               - defaultCursor: CursorInfo(imageName=fxgl_default_cursor.png, hotspotX=7.0, hotspotY=6.0)
14:01:43.423 [FXGL Background Thread 3 ] DEBUG Engine               - devBBoxColorProperty: ObjectProperty [value: 0xff0000ff]
14:01:43.424 [FXGL Background Thread 3 ] DEBUG Engine               - devEnableDebugCameraProperty: BooleanProperty [value: false]
14:01:43.424 [FXGL Background Thread 3 ] DEBUG Engine               - devSensorColorProperty: ObjectProperty [value: 0xffff00ff]
14:01:43.424 [FXGL Background Thread 3 ] DEBUG Engine               - devShowBBoxProperty: BooleanProperty [value: false]
14:01:43.424 [FXGL Background Thread 3 ] DEBUG Engine               - devShowPositionProperty: BooleanProperty [value: false]
14:01:43.424 [FXGL Background Thread 3 ] DEBUG Engine               - enabledMenuItems: []
14:01:43.424 [FXGL Background Thread 3 ] DEBUG Engine               - engineServices: [class com.almasb.fxgl.app.services.FXGLAssetLoaderService, class com.almasb.fxgl.app.FXGLApplication$GameApplicationService, class com.almasb.fxgl.app.services.FXGLDialogService, class com.almasb.fxgl.app.services.IOTaskExecutorService, class com.almasb.fxgl.io.FileSystemService, class com.almasb.fxgl.localization.LocalizationService, class com.almasb.fxgl.app.services.SystemBundleService, class com.almasb.fxgl.profile.SaveLoadService, class com.almasb.fxgl.ui.FXGLUIFactoryServiceProvider, class com.almasb.fxgl.ui.FXGLDialogFactoryServiceProvider, class com.almasb.fxgl.audio.AudioPlayer, class com.almasb.fxgl.notification.impl.NotificationServiceProvider, class com.almasb.fxgl.achievement.AchievementService, class com.almasb.fxgl.cutscene.CutsceneService, class com.almasb.fxgl.minigames.MiniGameService, class com.almasb.fxgl.net.NetService, class com.almasb.fxgl.app.services.UpdaterService, class com.almasb.fxgl.dev.DevService]
14:01:43.424 [FXGL Background Thread 3 ] DEBUG Engine               - fontGame: Abel-Regular.ttf
14:01:43.424 [FXGL Background Thread 3 ] DEBUG Engine               - fontMono: TerminalLandMono-Regular.otf
14:01:43.424 [FXGL Background Thread 3 ] DEBUG Engine               - fontSizeScaleUI: 1.0
14:01:43.424 [FXGL Background Thread 3 ] DEBUG Engine               - fontText: Courier-Prime.ttf
14:01:43.424 [FXGL Background Thread 3 ] DEBUG Engine               - fontUI: VarelaRound-Regular.ttf
14:01:43.424 [FXGL Background Thread 3 ] DEBUG Engine               - fullScreen: BooleanProperty [value: true]
14:01:43.424 [FXGL Background Thread 3 ] DEBUG Engine               - gameDifficulty: MEDIUM
14:01:43.424 [FXGL Background Thread 3 ] DEBUG Engine               - gameDifficultyProperty: ObjectProperty [value: MEDIUM]
14:01:43.424 [FXGL Background Thread 3 ] DEBUG Engine               - globalMusicVolume: 0.5
14:01:43.424 [FXGL Background Thread 3 ] DEBUG Engine               - globalMusicVolumeProperty: DoubleProperty [value: 0.5]
14:01:43.424 [FXGL Background Thread 3 ] DEBUG Engine               - globalSoundVolume: 0.5
14:01:43.424 [FXGL Background Thread 3 ] DEBUG Engine               - globalSoundVolumeProperty: DoubleProperty [value: 0.5]
14:01:43.424 [FXGL Background Thread 3 ] DEBUG Engine               - height: 1080
14:01:43.424 [FXGL Background Thread 3 ] DEBUG Engine               - is3D: false
14:01:43.424 [FXGL Background Thread 3 ] DEBUG Engine               - isAndroid: false
14:01:43.424 [FXGL Background Thread 3 ] DEBUG Engine               - isBrowser: false
14:01:43.424 [FXGL Background Thread 3 ] DEBUG Engine               - isClickFeedbackEnabled: false
14:01:43.424 [FXGL Background Thread 3 ] DEBUG Engine               - isCloseConfirmation: false
14:01:43.424 [FXGL Background Thread 3 ] DEBUG Engine               - isDesktop: true
14:01:43.424 [FXGL Background Thread 3 ] DEBUG Engine               - isDeveloperMenuEnabled: true
14:01:43.424 [FXGL Background Thread 3 ] DEBUG Engine               - isEmbedded: false
14:01:43.424 [FXGL Background Thread 3 ] DEBUG Engine               - isEntityPreloadEnabled: true
14:01:43.424 [FXGL Background Thread 3 ] DEBUG Engine               - isExperimentalTiledLargeMap: false
14:01:43.424 [FXGL Background Thread 3 ] DEBUG Engine               - isFileSystemWriteAllowed: true
14:01:43.425 [FXGL Background Thread 3 ] DEBUG Engine               - isFullScreenAllowed: true
14:01:43.425 [FXGL Background Thread 3 ] DEBUG Engine               - isFullScreenFromStart: true
14:01:43.425 [FXGL Background Thread 3 ] DEBUG Engine               - isGameMenuEnabled: true
14:01:43.425 [FXGL Background Thread 3 ] DEBUG Engine               - isIOS: false
14:01:43.425 [FXGL Background Thread 3 ] DEBUG Engine               - isIntroEnabled: false
14:01:43.425 [FXGL Background Thread 3 ] DEBUG Engine               - isLinux: false
14:01:43.425 [FXGL Background Thread 3 ] DEBUG Engine               - isMac: false
14:01:43.425 [FXGL Background Thread 3 ] DEBUG Engine               - isMainMenuEnabled: true
14:01:43.425 [FXGL Background Thread 3 ] DEBUG Engine               - isManualResizeEnabled: false
14:01:43.425 [FXGL Background Thread 3 ] DEBUG Engine               - isMobile: false
14:01:43.425 [FXGL Background Thread 3 ] DEBUG Engine               - isNative: false
14:01:43.425 [FXGL Background Thread 3 ] DEBUG Engine               - isPauseMusicWhenMinimized: true
14:01:43.425 [FXGL Background Thread 3 ] DEBUG Engine               - isPreserveResizeRatio: false
14:01:43.425 [FXGL Background Thread 3 ] DEBUG Engine               - isProfilingEnabled: false
14:01:43.425 [FXGL Background Thread 3 ] DEBUG Engine               - isScaleAffectedOnResize: true
14:01:43.426 [FXGL Background Thread 3 ] DEBUG Engine               - isSingleStep: false
14:01:43.426 [FXGL Background Thread 3 ] DEBUG Engine               - isUserProfileEnabled: false
14:01:43.426 [FXGL Background Thread 3 ] DEBUG Engine               - isWindows: true
14:01:43.426 [FXGL Background Thread 3 ] DEBUG Engine               - language: ObjectProperty [value: ENGLISH]
14:01:43.426 [FXGL Background Thread 3 ] DEBUG Engine               - menuKey: ESCAPE
14:01:43.426 [FXGL Background Thread 3 ] DEBUG Engine               - mouseSensitivity: 0.2
14:01:43.426 [FXGL Background Thread 3 ] DEBUG Engine               - notificationViewClass: class com.almasb.fxgl.notification.view.XboxNotificationView
14:01:43.426 [FXGL Background Thread 3 ] DEBUG Engine               - pixelsPerMeter: 50.0
14:01:43.426 [FXGL Background Thread 3 ] DEBUG Engine               - platform: WINDOWS
14:01:43.426 [FXGL Background Thread 3 ] DEBUG Engine               - prefHeightProperty: ReadOnlyDoubleProperty [value: 1080.0]
14:01:43.426 [FXGL Background Thread 3 ] DEBUG Engine               - prefWidthProperty: ReadOnlyDoubleProperty [value: 1920.0]
14:01:43.426 [FXGL Background Thread 3 ] DEBUG Engine               - profileDir: profiles/
14:01:43.426 [FXGL Background Thread 3 ] DEBUG Engine               - profileName: StringProperty [value: DEFAULT]
14:01:43.426 [FXGL Background Thread 3 ] DEBUG Engine               - randomSeed: -1
14:01:43.426 [FXGL Background Thread 3 ] DEBUG Engine               - runtimeInfo: RuntimeInfo(platform=WINDOWS, version=17.3, build=30.03.2023 11.49)
14:01:43.426 [FXGL Background Thread 3 ] DEBUG Engine               - saveFileExt: sav
14:01:43.426 [FXGL Background Thread 3 ] DEBUG Engine               - scaledHeightProp$fxgl: DoubleProperty [bound, value: 1440.0]
14:01:43.426 [FXGL Background Thread 3 ] DEBUG Engine               - scaledWidthProp$fxgl: DoubleProperty [bound, value: 2560.0]
14:01:43.426 [FXGL Background Thread 3 ] DEBUG Engine               - sceneFactory: com.almasb.fxgl.app.scene.SceneFactory@1961f4d5
14:01:43.426 [FXGL Background Thread 3 ] DEBUG Engine               - secondsIn24h: 60
14:01:43.426 [FXGL Background Thread 3 ] DEBUG Engine               - soundMenuBack: menu/back.wav
14:01:43.426 [FXGL Background Thread 3 ] DEBUG Engine               - soundMenuPress: menu/press.wav
14:01:43.426 [FXGL Background Thread 3 ] DEBUG Engine               - soundMenuSelect: menu/select.wav
14:01:43.426 [FXGL Background Thread 3 ] DEBUG Engine               - soundNotification: core/notification.wav
14:01:43.426 [FXGL Background Thread 3 ] DEBUG Engine               - stageStyle: DECORATED
14:01:43.426 [FXGL Background Thread 3 ] DEBUG Engine               - supportedLanguages: [ENGLISH, FRENCH, GERMAN, HUNGARIAN, RUSSIAN]
14:01:43.426 [FXGL Background Thread 3 ] DEBUG Engine               - ticksPerSecond: -1
14:01:43.426 [FXGL Background Thread 3 ] DEBUG Engine               - title: NO HALF SENDS
14:01:43.426 [FXGL Background Thread 3 ] DEBUG Engine               - urlGithub: https://github.com/AlmasB/FXGL
14:01:43.426 [FXGL Background Thread 3 ] DEBUG Engine               - urlLeaderboard: http://fxgl-top.herokuapp.com/
14:01:43.426 [FXGL Background Thread 3 ] DEBUG Engine               - urlPOM: https://raw.githubusercontent.com/AlmasB/FXGL/release/README.md
14:01:43.426 [FXGL Background Thread 3 ] DEBUG Engine               - userAppClass: class at.htl.no_half_sends.NoHalfSendsApp
14:01:43.426 [FXGL Background Thread 3 ] DEBUG Engine               - version: 0.0
14:01:43.426 [FXGL Background Thread 3 ] DEBUG Engine               - versionCheckDays: 7
14:01:43.426 [FXGL Background Thread 3 ] DEBUG Engine               - width: 1920
14:01:43.426 [FXGL Background Thread 3 ] DEBUG Engine               - Logging services
14:01:43.426 [FXGL Background Thread 3 ] DEBUG Engine               - class com.almasb.fxgl.app.services.FXGLAssetLoaderService
14:01:43.426 [FXGL Background Thread 3 ] DEBUG Engine               - class com.almasb.fxgl.app.FXGLApplication$GameApplicationService
14:01:43.426 [FXGL Background Thread 3 ] DEBUG Engine               - class com.almasb.fxgl.app.services.FXGLDialogService
14:01:43.426 [FXGL Background Thread 3 ] DEBUG Engine               - class com.almasb.fxgl.app.services.IOTaskExecutorService
14:01:43.426 [FXGL Background Thread 3 ] DEBUG Engine               - class com.almasb.fxgl.io.FileSystemService
14:01:43.426 [FXGL Background Thread 3 ] DEBUG Engine               - class com.almasb.fxgl.localization.LocalizationService
14:01:43.426 [FXGL Background Thread 3 ] DEBUG Engine               - class com.almasb.fxgl.app.services.SystemBundleService
14:01:43.426 [FXGL Background Thread 3 ] DEBUG Engine               - class com.almasb.fxgl.profile.SaveLoadService
14:01:43.426 [FXGL Background Thread 3 ] DEBUG Engine               - class com.almasb.fxgl.ui.FXGLUIFactoryServiceProvider
14:01:43.426 [FXGL Background Thread 3 ] DEBUG Engine               - class com.almasb.fxgl.ui.FXGLDialogFactoryServiceProvider
14:01:43.426 [FXGL Background Thread 3 ] DEBUG Engine               - class com.almasb.fxgl.audio.AudioPlayer
14:01:43.426 [FXGL Background Thread 3 ] DEBUG Engine               - class com.almasb.fxgl.notification.impl.NotificationServiceProvider
14:01:43.426 [FXGL Background Thread 3 ] DEBUG Engine               - class com.almasb.fxgl.achievement.AchievementService
14:01:43.426 [FXGL Background Thread 3 ] DEBUG Engine               - class com.almasb.fxgl.cutscene.CutsceneService
14:01:43.426 [FXGL Background Thread 3 ] DEBUG Engine               - class com.almasb.fxgl.minigames.MiniGameService
14:01:43.426 [FXGL Background Thread 3 ] DEBUG Engine               - class com.almasb.fxgl.net.NetService
14:01:43.427 [FXGL Background Thread 3 ] DEBUG Engine               - class com.almasb.fxgl.app.services.UpdaterService
14:01:43.427 [FXGL Background Thread 3 ] DEBUG Engine               - class com.almasb.fxgl.dev.DevService
14:01:46.331 [JavaFX Application Thread] DEBUG Menu                 - fireNewGame()
14:01:46.331 [JavaFX Application Thread] DEBUG GameApplicationServi - Starting new game
14:01:46.331 [JavaFX Application Thread] DEBUG PrimaryStageWindow   - Pop state: FXGLDefaultMenu
14:01:46.332 [JavaFX Application Thread] DEBUG Input                - Clearing active input actions
14:01:46.332 [JavaFX Application Thread] DEBUG GameApplicationServi - Removing overlay from FXGLDefaultMenu and adding to FXGLMainMenuDummyScene
14:01:46.333 [JavaFX Application Thread] DEBUG PrimaryStageWindow   - FXGLMainMenuDummyScene <- FXGLDefaultMenu
14:01:46.333 [JavaFX Application Thread] DEBUG Input                - Clearing active input actions
14:01:46.336 [JavaFX Application Thread] DEBUG GameApplicationServi - Removing overlay from FXGLMainMenuDummyScene and adding to FXGLLoadingScene
14:01:46.337 [JavaFX Application Thread] DEBUG PrimaryStageWindow   - FXGLMainMenuDummyScene -> FXGLLoadingScene
14:01:46.337 [JavaFX Application Thread] DEBUG GameApplicationServi - Clearing previous game
14:01:46.337 [JavaFX Application Thread] DEBUG GameScene            - Clearing game scene
14:01:46.337 [JavaFX Application Thread] DEBUG GameWorld            - Clearing game world
14:01:46.337 [JavaFX Application Thread] DEBUG PhysicsWorld         - Clearing physics world
14:01:46.338 [FXGL Background Thread 2 ] DEBUG FXGLApplication      - Initializing game
14:01:46.382 [FXGL Background Thread 2 ] WARN  TMXLevelLoader       - TiledMap generated from 1.11.2. Supported version: 1.9.0. Some features may not be parsed fully.
14:01:46.384 [FXGL Background Thread 2 ] DEBUG TMXLevelLoader       - Parsed TiledMap: file:/C:/Users/Clemis%20PC/Desktop/workspace/NO-HALF-SENDS/NO_HALF_SENDS/target/classes/assets/levels/Test_MK9.tmx
14:01:46.384 [FXGL Background Thread 2 ] DEBUG TMXLevelLoader       - Creating tile layer entities
14:01:46.386 [FXGL Background Thread 2 ] DEBUG TilesetLoader        - Loading view for layer Kachelebene 1
14:01:46.386 [FXGL Background Thread 2 ] DEBUG TilesetLoader        - Created buffer with size 640.0x640.0
14:01:46.391 [FXGL Background Thread 2 ] DEBUG TMXLevelLoader       - Creating object layer entities
14:01:46.391 [FXGL Background Thread 2 ] DEBUG GameWorld            - Clearing removable entities
14:01:46.392 [FXGL Background Thread 2 ] DEBUG GameWorld            - Setting level: com.almasb.fxgl.entity.level.Level@8dc0895
14:01:46.394 [FXGL Background Thread 2 ] DEBUG FXGLAssetLoaderServi - Loading from file system: file:/C:/Users/Clemis%20PC/Desktop/workspace/NO-HALF-SENDS/NO_HALF_SENDS/target/classes/assets/textures/Nissan_GTR_R35_mk2.png
14:01:46.409 [FXGL Background Thread 2 ] INFO  FXGLApplication      - Game initialization took: 0,071 sec
14:01:46.410 [JavaFX Application Thread] DEBUG Input                - Clearing active input actions
14:01:46.412 [JavaFX Application Thread] DEBUG GameApplicationServi - Removing overlay from FXGLLoadingScene and adding to GameScene
14:01:46.413 [JavaFX Application Thread] DEBUG PrimaryStageWindow   - FXGLLoadingScene -> GameScene
14:02:42.451 [JavaFX Application Thread] DEBUG PrimaryStageWindow   - Push state: FXGLDefaultMenu
14:02:42.451 [JavaFX Application Thread] DEBUG Input                - Clearing active input actions
14:02:42.451 [JavaFX Application Thread] DEBUG GameApplicationServi - Removing overlay from GameScene and adding to FXGLDefaultMenu
14:02:42.452 [JavaFX Application Thread] DEBUG PrimaryStageWindow   - GameScene -> FXGLDefaultMenu
14:02:45.306 [JavaFX Application Thread] DEBUG PrimaryStageWindow   - Pop state: FXGLDefaultMenu
14:02:45.306 [JavaFX Application Thread] DEBUG Input                - Clearing active input actions
14:02:45.307 [JavaFX Application Thread] DEBUG GameApplicationServi - Removing overlay from FXGLDefaultMenu and adding to GameScene
14:02:45.307 [JavaFX Application Thread] DEBUG PrimaryStageWindow   - GameScene <- FXGLDefaultMenu
14:02:45.762 [JavaFX Application Thread] DEBUG PrimaryStageWindow   - Push state: FXGLDefaultMenu
14:02:45.763 [JavaFX Application Thread] DEBUG Input                - Clearing active input actions
14:02:45.763 [JavaFX Application Thread] DEBUG GameApplicationServi - Removing overlay from GameScene and adding to FXGLDefaultMenu
14:02:45.764 [JavaFX Application Thread] DEBUG PrimaryStageWindow   - GameScene -> FXGLDefaultMenu
14:02:46.731 [JavaFX Application Thread] DEBUG Menu                 - fireExitToMainMenu()
14:02:46.733 [JavaFX Application Thread] DEBUG PrimaryStageWindow   - Push state: DialogSubScene
14:02:46.733 [JavaFX Application Thread] DEBUG Input                - Clearing active input actions
14:02:46.733 [JavaFX Application Thread] DEBUG GameApplicationServi - Removing overlay from FXGLDefaultMenu and adding to DialogSubScene
14:02:46.733 [JavaFX Application Thread] DEBUG PrimaryStageWindow   - FXGLDefaultMenu -> DialogSubScene
14:02:49.243 [JavaFX Application Thread] DEBUG PrimaryStageWindow   - Pop state: DialogSubScene
14:02:49.243 [JavaFX Application Thread] DEBUG Input                - Clearing active input actions
14:02:49.244 [JavaFX Application Thread] DEBUG GameApplicationServi - Removing overlay from DialogSubScene and adding to FXGLDefaultMenu
14:02:49.244 [JavaFX Application Thread] DEBUG PrimaryStageWindow   - FXGLDefaultMenu <- DialogSubScene
14:02:49.244 [JavaFX Application Thread] DEBUG PrimaryStageWindow   - Pop state: FXGLDefaultMenu
14:02:49.244 [JavaFX Application Thread] DEBUG Input                - Clearing active input actions
14:02:49.244 [JavaFX Application Thread] DEBUG GameApplicationServi - Removing overlay from FXGLDefaultMenu and adding to GameScene
14:02:49.244 [JavaFX Application Thread] DEBUG PrimaryStageWindow   - GameScene <- FXGLDefaultMenu
14:02:49.244 [JavaFX Application Thread] DEBUG Input                - Clearing active input actions
14:02:49.246 [JavaFX Application Thread] DEBUG GameApplicationServi - Removing overlay from GameScene and adding to FXGLMainMenuDummyScene
14:02:49.249 [JavaFX Application Thread] DEBUG PrimaryStageWindow   - GameScene -> FXGLMainMenuDummyScene
14:02:49.249 [JavaFX Application Thread] DEBUG PrimaryStageWindow   - Push state: FXGLDefaultMenu
14:02:49.249 [JavaFX Application Thread] DEBUG Input                - Clearing active input actions
14:02:49.251 [JavaFX Application Thread] DEBUG GameApplicationServi - Removing overlay from FXGLMainMenuDummyScene and adding to FXGLDefaultMenu
14:02:49.251 [JavaFX Application Thread] DEBUG PrimaryStageWindow   - FXGLMainMenuDummyScene -> FXGLDefaultMenu
14:02:52.016 [JavaFX Application Thread] DEBUG Menu                 - fireNewGame()
14:02:52.016 [JavaFX Application Thread] DEBUG GameApplicationServi - Starting new game
14:02:52.016 [JavaFX Application Thread] DEBUG PrimaryStageWindow   - Pop state: FXGLDefaultMenu
14:02:52.016 [JavaFX Application Thread] DEBUG Input                - Clearing active input actions
14:02:52.017 [JavaFX Application Thread] DEBUG GameApplicationServi - Removing overlay from FXGLDefaultMenu and adding to FXGLMainMenuDummyScene
14:02:52.017 [JavaFX Application Thread] DEBUG PrimaryStageWindow   - FXGLMainMenuDummyScene <- FXGLDefaultMenu
14:02:52.017 [JavaFX Application Thread] DEBUG Input                - Clearing active input actions
14:02:52.019 [JavaFX Application Thread] DEBUG GameApplicationServi - Removing overlay from FXGLMainMenuDummyScene and adding to FXGLLoadingScene
14:02:52.019 [JavaFX Application Thread] DEBUG PrimaryStageWindow   - FXGLMainMenuDummyScene -> FXGLLoadingScene
14:02:52.019 [JavaFX Application Thread] DEBUG GameApplicationServi - Clearing previous game
14:02:52.019 [JavaFX Application Thread] DEBUG GameScene            - Clearing game scene
14:02:52.019 [JavaFX Application Thread] DEBUG GameWorld            - Clearing game world
14:02:52.023 [JavaFX Application Thread] DEBUG PhysicsWorld         - Clearing physics world
14:02:52.024 [FXGL Background Thread 5 ] DEBUG FXGLApplication      - Initializing game
14:02:52.025 [FXGL Background Thread 5 ] WARN  TMXLevelLoader       - TiledMap generated from 1.11.2. Supported version: 1.9.0. Some features may not be parsed fully.
14:02:52.026 [FXGL Background Thread 5 ] DEBUG TMXLevelLoader       - Parsed TiledMap: file:/C:/Users/Clemis%20PC/Desktop/workspace/NO-HALF-SENDS/NO_HALF_SENDS/target/classes/assets/levels/Test_MK9.tmx
14:02:52.026 [FXGL Background Thread 5 ] DEBUG TMXLevelLoader       - Creating tile layer entities
14:02:52.026 [FXGL Background Thread 5 ] DEBUG TilesetLoader        - Loading view for layer Kachelebene 1
14:02:52.026 [FXGL Background Thread 5 ] DEBUG TilesetLoader        - Created buffer with size 640.0x640.0
14:02:52.031 [FXGL Background Thread 5 ] DEBUG TMXLevelLoader       - Creating object layer entities
14:02:52.031 [FXGL Background Thread 5 ] DEBUG GameWorld            - Clearing removable entities
14:02:52.031 [FXGL Background Thread 5 ] DEBUG GameWorld            - Setting level: com.almasb.fxgl.entity.level.Level@1162f1ee
14:02:52.032 [FXGL Background Thread 5 ] INFO  FXGLApplication      - Game initialization took: 0,008 sec
14:02:52.037 [JavaFX Application Thread] DEBUG Input                - Clearing active input actions
14:02:52.039 [JavaFX Application Thread] DEBUG GameApplicationServi - Removing overlay from FXGLLoadingScene and adding to GameScene
14:02:52.040 [JavaFX Application Thread] DEBUG PrimaryStageWindow   - FXGLLoadingScene -> GameScene
14:02:52.484 [JavaFX Application Thread] DEBUG PrimaryStageWindow   - Push state: FXGLDefaultMenu
14:02:52.484 [JavaFX Application Thread] DEBUG Input                - Clearing active input actions
14:02:52.484 [JavaFX Application Thread] DEBUG GameApplicationServi - Removing overlay from GameScene and adding to FXGLDefaultMenu
14:02:52.484 [JavaFX Application Thread] DEBUG PrimaryStageWindow   - GameScene -> FXGLDefaultMenu
14:02:54.662 [JavaFX Application Thread] DEBUG Menu                 - fireExitToMainMenu()
14:02:54.663 [JavaFX Application Thread] DEBUG PrimaryStageWindow   - Push state: DialogSubScene
14:02:54.663 [JavaFX Application Thread] DEBUG Input                - Clearing active input actions
14:02:54.663 [JavaFX Application Thread] DEBUG GameApplicationServi - Removing overlay from FXGLDefaultMenu and adding to DialogSubScene
14:02:54.663 [JavaFX Application Thread] DEBUG PrimaryStageWindow   - FXGLDefaultMenu -> DialogSubScene
14:02:55.595 [JavaFX Application Thread] DEBUG PrimaryStageWindow   - Pop state: DialogSubScene
14:02:55.595 [JavaFX Application Thread] DEBUG Input                - Clearing active input actions
14:02:55.596 [JavaFX Application Thread] DEBUG GameApplicationServi - Removing overlay from DialogSubScene and adding to FXGLDefaultMenu
14:02:55.596 [JavaFX Application Thread] DEBUG PrimaryStageWindow   - FXGLDefaultMenu <- DialogSubScene
14:02:55.596 [JavaFX Application Thread] DEBUG PrimaryStageWindow   - Pop state: FXGLDefaultMenu
14:02:55.596 [JavaFX Application Thread] DEBUG Input                - Clearing active input actions
14:02:55.596 [JavaFX Application Thread] DEBUG GameApplicationServi - Removing overlay from FXGLDefaultMenu and adding to GameScene
14:02:55.596 [JavaFX Application Thread] DEBUG PrimaryStageWindow   - GameScene <- FXGLDefaultMenu
14:02:55.596 [JavaFX Application Thread] DEBUG Input                - Clearing active input actions
14:02:55.601 [JavaFX Application Thread] DEBUG GameApplicationServi - Removing overlay from GameScene and adding to FXGLMainMenuDummyScene
14:02:55.604 [JavaFX Application Thread] DEBUG PrimaryStageWindow   - GameScene -> FXGLMainMenuDummyScene
14:02:55.604 [JavaFX Application Thread] DEBUG PrimaryStageWindow   - Push state: FXGLDefaultMenu
14:02:55.604 [JavaFX Application Thread] DEBUG Input                - Clearing active input actions
14:02:55.604 [JavaFX Application Thread] DEBUG GameApplicationServi - Removing overlay from FXGLMainMenuDummyScene and adding to FXGLDefaultMenu
14:02:55.605 [JavaFX Application Thread] DEBUG PrimaryStageWindow   - FXGLMainMenuDummyScene -> FXGLDefaultMenu
14:02:57.004 [JavaFX Application Thread] DEBUG Menu                 - fireExit()
14:02:57.005 [JavaFX Application Thread] DEBUG PrimaryStageWindow   - Push state: DialogSubScene
14:02:57.005 [JavaFX Application Thread] DEBUG Input                - Clearing active input actions
14:02:57.005 [JavaFX Application Thread] DEBUG GameApplicationServi - Removing overlay from FXGLDefaultMenu and adding to DialogSubScene
14:02:57.006 [JavaFX Application Thread] DEBUG PrimaryStageWindow   - FXGLDefaultMenu -> DialogSubScene
14:02:58.221 [JavaFX Application Thread] DEBUG PrimaryStageWindow   - Pop state: DialogSubScene
14:02:58.221 [JavaFX Application Thread] DEBUG Input                - Clearing active input actions
14:02:58.221 [JavaFX Application Thread] DEBUG GameApplicationServi - Removing overlay from DialogSubScene and adding to FXGLDefaultMenu
14:02:58.222 [JavaFX Application Thread] DEBUG PrimaryStageWindow   - FXGLDefaultMenu <- DialogSubScene
14:02:58.222 [JavaFX Application Thread] DEBUG FXGLApplication      - Exiting FXGL
14:02:58.222 [JavaFX Application Thread] DEBUG LoopRunner           - Stopping loop
14:02:58.222 [JavaFX Application Thread] DEBUG SystemBundleService  - Saving FXGL system data
14:02:58.223 [JavaFX Application Thread] DEBUG FileSystemAccess     - Writing to: C:\Users\Clemis PC\Desktop\workspace\NO-HALF-SENDS\NO_HALF_SENDS\system\fxgl.bundle
14:02:58.224 [JavaFX Application Thread] DEBUG Async                - Shutting down background threads
14:02:58.224 [JavaFX Application Thread] DEBUG PrimaryStageWindow   - Closing main window
14:02:58.243 [JavaFX Application Thread] DEBUG Logger               - Closing Logger
