14:42:42.454 [main                     ] DEBUG Logger               - Configured Logger
14:42:42.460 [main                     ] DEBUG GameApplication      - Logging settings
Title: NO HALF SENDS
Version: 0.0
Width: 1920
Height: 1080
Fullscreen: true
Intro: false
Profiling: false
Single step:false
App Mode: DEVELOPER
Menu Key: ESCAPE
Stage Style: DECORATED
Scene Factory: class at.htl.no_half_sends.NoHalfSendsApp$1

14:42:42.848 [JavaFX Application Thread] DEBUG FXGLApplication      - Initializing FXGL
14:42:42.850 [JavaFX Application Thread] INFO  Engine               - FXGL-17.3 (30.03.2023 11.49) on WINDOWS (J:25.0.1 FX:21.0.6)
14:42:42.850 [JavaFX Application Thread] DEBUG Engine               - JRE Vendor Name: Oracle Corporation
14:42:42.850 [JavaFX Application Thread] DEBUG Engine               - Running on OS: Windows 11 version 10.0
14:42:42.850 [JavaFX Application Thread] DEBUG Engine               - Architecture: amd64
14:42:42.851 [JavaFX Application Thread] INFO  Engine               - Source code and latest versions at: https://github.com/AlmasB/FXGL
14:42:42.851 [JavaFX Application Thread] INFO  Engine               -       Ask questions and discuss at: https://github.com/AlmasB/FXGL/discussions
14:42:42.851 [JavaFX Application Thread] INFO  Engine               -              Join the FXGL chat at: https://gitter.im/AlmasB/FXGL
14:42:42.924 [JavaFX Application Thread] DEBUG PrimaryStageWindow   - Creating a JavaFX scene
14:42:42.958 [JavaFX Application Thread] DEBUG PrimaryStageWindow   - Target settings size: 1920.0 x 1080.0
14:42:42.958 [JavaFX Application Thread] DEBUG PrimaryStageWindow   - Scaled scene size:    1920.0 x 1080.0
14:42:42.958 [JavaFX Application Thread] DEBUG PrimaryStageWindow   - Scaled ratio: (1.0, 1.0)
14:42:42.959 [JavaFX Application Thread] DEBUG PrimaryStageWindow   - Set initial scene to FXGLStartupScene
14:42:42.962 [JavaFX Application Thread] DEBUG PrimaryStageWindow   - Opening main window
14:42:43.024 [JavaFX Application Thread] DEBUG PrimaryStageWindow   - Window border size: (16.0, 39.0)
14:42:43.024 [JavaFX Application Thread] DEBUG PrimaryStageWindow   - Scaled size: 1920.0 x 1080.0
14:42:43.025 [JavaFX Application Thread] DEBUG PrimaryStageWindow   - Scaled ratio: (1.0, 1.0)
14:42:43.025 [JavaFX Application Thread] DEBUG PrimaryStageWindow   - Scene size: 1920.0 x 1080.0
14:42:43.025 [JavaFX Application Thread] DEBUG PrimaryStageWindow   - Stage size: 1936.0 x 1119.0
14:42:43.073 [JavaFX Application Thread] DEBUG PrimaryStageWindow   - Going fullscreen
14:42:43.079 [FXGL Background Thread 1 ] DEBUG Engine               - Initializing environment variables
14:42:43.115 [FXGL Background Thread 1 ] DEBUG FXGLAssetLoaderServi - User app class for loading assets: class at.htl.no_half_sends.NoHalfSendsApp
14:42:43.116 [FXGL Background Thread 1 ] DEBUG GameApplicationServi - Applying CSS: fxgl_dark.css
14:42:43.116 [FXGL Background Thread 1 ] DEBUG FXGLAssetLoaderServi - Loading from file system: jar:file:/C:/Users/Clemis%20PC/.m2/repository/com/github/almasb/fxgl/17.3/fxgl-17.3.jar!/fxglassets/ui/css/fxgl_dark.css
14:42:43.143 [FXGL Background Thread 1 ] DEBUG GameApplicationServi - Initializing application scenes
14:42:43.169 [FXGL Background Thread 1 ] DEBUG GameWorld            - Game world initialized
14:42:43.199 [FXGL Background Thread 1 ] DEBUG PhysicsWorld         - Physics world initialized: appHeight=1080, physics.ppm=50,0
14:42:43.200 [FXGL Background Thread 1 ] DEBUG PhysicsWorld         - Using strategy: BRUTE_FORCE
14:42:43.202 [FXGL Background Thread 1 ] DEBUG GameScene            - Game scene initialized: 1920x1080
14:42:43.264 [FXGL Background Thread 1 ] DEBUG GameApplicationServi - Application scenes initialized
14:42:43.274 [FXGL Background Thread 1 ] DEBUG SystemBundleService  - Loading FXGL system data
14:42:43.277 [FXGL Background Thread 1 ] DEBUG FileSystemAccess     - Reading from: C:\Users\Clemis PC\Desktop\workspace\NO-HALF-SENDS\NO_HALF_SENDS\system\fxgl.bundle
14:42:43.281 [FXGL Background Thread 1 ] DEBUG SystemBundleService  - Bundle FXGL: {}
14:42:43.281 [FXGL Background Thread 1 ] DEBUG UpdaterService       - Checking for updates
14:42:43.300 [FXGL Background Thread 4 ] DEBUG FXGLApplication      - Loading fonts
14:42:43.301 [FXGL Background Thread 4 ] DEBUG FXGLAssetLoaderServi - Loading from file system: jar:file:/C:/Users/Clemis%20PC/.m2/repository/com/github/almasb/fxgl/17.3/fxgl-17.3.jar!/fxglassets/ui/fonts/VarelaRound-Regular.ttf
14:42:43.301 [FXGL Background Thread 1 ] DEBUG FXGLApplication      - Loading default localization
14:42:43.302 [FXGL Background Thread 1 ] DEBUG FXGLAssetLoaderServi - Loading from file system: jar:file:/C:/Users/Clemis%20PC/.m2/repository/com/github/almasb/fxgl/17.3/fxgl-17.3.jar!/fxglassets/languages/english.lang
14:42:43.314 [FXGL Background Thread 1 ] INFO  FXGLApplication      - FXGL initialization took: 0,236 sec
14:42:43.320 [JavaFX Application Thread] DEBUG Input                - Registered new binding: Gas geben - W
14:42:43.320 [JavaFX Application Thread] DEBUG Input                - Registered new binding: Bremsen / Rückwärts - S
14:42:43.320 [JavaFX Application Thread] DEBUG Input                - Registered new binding: Links lenken - A
14:42:43.320 [JavaFX Application Thread] DEBUG Input                - Registered new binding: Rechts lenken - D
14:42:43.320 [JavaFX Application Thread] DEBUG Input                - Registered new binding: Speichern - F5
14:42:43.321 [JavaFX Application Thread] DEBUG FXGLAssetLoaderServi - Loading from file system: jar:file:/C:/Users/Clemis%20PC/.m2/repository/com/github/almasb/fxgl/17.3/fxgl-17.3.jar!/fxglassets/textures/fxgl_icon.png
14:42:43.327 [FXGL Background Thread 4 ] DEBUG FXGLAssetLoaderServi - Loading from file system: jar:file:/C:/Users/Clemis%20PC/.m2/repository/com/github/almasb/fxgl/17.3/fxgl-17.3.jar!/fxglassets/ui/fonts/Abel-Regular.ttf
14:42:43.337 [FXGL Background Thread 4 ] DEBUG FXGLAssetLoaderServi - Loading from file system: jar:file:/C:/Users/Clemis%20PC/.m2/repository/com/github/almasb/fxgl/17.3/fxgl-17.3.jar!/fxglassets/ui/fonts/TerminalLandMono-Regular.otf
14:42:43.345 [FXGL Background Thread 4 ] DEBUG FXGLAssetLoaderServi - Loading from file system: jar:file:/C:/Users/Clemis%20PC/.m2/repository/com/github/almasb/fxgl/17.3/fxgl-17.3.jar!/fxglassets/ui/fonts/Courier-Prime.ttf
14:42:43.350 [JavaFX Application Thread] DEBUG FXGLAssetLoaderServi - Loading from file system: jar:file:/C:/Users/Clemis%20PC/.m2/repository/com/github/almasb/fxgl/17.3/fxgl-17.3.jar!/fxglassets/textures/fxgl_default_cursor.png
14:42:43.351 [JavaFX Application Thread] DEBUG Input                - Registered new binding: Screenshot - CTRL+8
14:42:43.352 [JavaFX Application Thread] DEBUG Input                - Registered new binding: Dev Options - 1
14:42:43.352 [JavaFX Application Thread] DEBUG Input                - Registered new binding: Dev Console - 2
14:42:43.352 [JavaFX Application Thread] DEBUG Input                - Registered new binding: System info dump - CTRL+9
14:42:43.352 [JavaFX Application Thread] DEBUG Input                - Registered new binding: Restart - CTRL+R
14:42:43.353 [JavaFX Application Thread] DEBUG Input                - Registered new binding: Toggle Debug Camera - CTRL+7
14:42:43.355 [JavaFX Application Thread] DEBUG LoopRunner           - Starting loop
14:42:43.372 [JavaFX Application Thread] DEBUG LoopRunner           - Initializing JavaFX AnimationTimerLoop
14:42:43.374 [JavaFX Application Thread] DEBUG Input                - Clearing active input actions
14:42:43.379 [JavaFX Application Thread] DEBUG GameApplicationServi - Removing overlay from FXGLStartupScene and adding to FXGLMainMenuDummyScene
14:42:43.381 [JavaFX Application Thread] DEBUG PrimaryStageWindow   - FXGLStartupScene -> FXGLMainMenuDummyScene
14:42:43.382 [JavaFX Application Thread] DEBUG PrimaryStageWindow   - Push state: DriftMainMenu
14:42:43.382 [JavaFX Application Thread] DEBUG Input                - Clearing active input actions
14:42:43.388 [JavaFX Application Thread] DEBUG GameApplicationServi - Removing overlay from FXGLMainMenuDummyScene and adding to DriftMainMenu
14:42:43.389 [JavaFX Application Thread] DEBUG PrimaryStageWindow   - FXGLMainMenuDummyScene -> DriftMainMenu
14:42:43.400 [JavaFX Application Thread] DEBUG FXGLApplication      - Registering font factories with UI factory
14:42:43.589 [FXGL Background Thread 2 ] INFO  UpdaterService       - Your current version:  17.3
14:42:43.589 [FXGL Background Thread 2 ] INFO  UpdaterService       - Latest stable version: 25
14:42:44.040 [JavaFX Application Thread] DEBUG Menu                 - fireNewGame()
14:42:44.040 [JavaFX Application Thread] DEBUG GameApplicationServi - Starting new game
14:42:44.040 [JavaFX Application Thread] DEBUG PrimaryStageWindow   - Pop state: DriftMainMenu
14:42:44.040 [JavaFX Application Thread] DEBUG Input                - Clearing active input actions
14:42:44.041 [JavaFX Application Thread] DEBUG GameApplicationServi - Removing overlay from DriftMainMenu and adding to FXGLMainMenuDummyScene
14:42:44.042 [JavaFX Application Thread] DEBUG PrimaryStageWindow   - FXGLMainMenuDummyScene <- DriftMainMenu
14:42:44.042 [JavaFX Application Thread] DEBUG Input                - Clearing active input actions
14:42:44.046 [JavaFX Application Thread] DEBUG GameApplicationServi - Removing overlay from FXGLMainMenuDummyScene and adding to FXGLLoadingScene
14:42:44.046 [JavaFX Application Thread] DEBUG PrimaryStageWindow   - FXGLMainMenuDummyScene -> FXGLLoadingScene
14:42:44.047 [JavaFX Application Thread] DEBUG GameApplicationServi - Clearing previous game
14:42:44.047 [JavaFX Application Thread] DEBUG GameScene            - Clearing game scene
14:42:44.047 [JavaFX Application Thread] DEBUG GameWorld            - Clearing game world
14:42:44.047 [JavaFX Application Thread] DEBUG PhysicsWorld         - Clearing physics world
14:42:44.048 [FXGL Background Thread 2 ] DEBUG FXGLApplication      - Initializing game
14:42:44.075 [FXGL Background Thread 2 ] WARN  TMXLevelLoader       - TiledMap generated from 1.12.1. Supported version: 1.9.0. Some features may not be parsed fully.
14:42:44.086 [FXGL Background Thread 2 ] DEBUG TMXLevelLoader       - Parsed TiledMap: file:/C:/Users/Clemis%20PC/Desktop/workspace/NO-HALF-SENDS/NO_HALF_SENDS/target/classes/assets/levels/FinalMap.tmx
14:42:44.087 [FXGL Background Thread 2 ] DEBUG TMXLevelLoader       - Creating tile layer entities
14:42:44.088 [FXGL Background Thread 2 ] DEBUG TilesetLoader        - Loading view for layer Kachelebene 1
14:42:44.090 [FXGL Background Thread 2 ] DEBUG TilesetLoader        - Created buffer with size 1280.0x1280.0
14:42:44.106 [FXGL Background Thread 2 ] DEBUG TMXLevelLoader       - Creating object layer entities
14:42:44.123 [FXGL Background Thread 2 ] DEBUG GameWorld            - Clearing removable entities
14:42:44.124 [FXGL Background Thread 2 ] DEBUG GameWorld            - Setting level: com.almasb.fxgl.entity.level.Level@78d881f8
14:42:44.125 [FXGL Background Thread 2 ] DEBUG FXGLAssetLoaderServi - Loading from file system: file:/C:/Users/Clemis%20PC/Desktop/workspace/NO-HALF-SENDS/NO_HALF_SENDS/target/classes/assets/textures/Subaru_WRX_STI_mk2.png
14:42:44.133 [FXGL Background Thread 2 ] INFO  FXGLApplication      - Game initialization took: 0,085 sec
14:42:44.133 [JavaFX Application Thread] DEBUG Input                - Clearing active input actions
14:42:44.137 [JavaFX Application Thread] DEBUG GameApplicationServi - Removing overlay from FXGLLoadingScene and adding to GameScene
14:42:44.139 [JavaFX Application Thread] DEBUG PrimaryStageWindow   - FXGLLoadingScene -> GameScene
14:42:45.021 [JavaFX Application Thread] DEBUG PrimaryStageWindow   - Push state: DriftMainMenu
14:42:45.021 [JavaFX Application Thread] DEBUG Input                - Clearing active input actions
14:42:45.021 [JavaFX Application Thread] DEBUG GameApplicationServi - Removing overlay from GameScene and adding to DriftMainMenu
14:42:45.022 [JavaFX Application Thread] DEBUG PrimaryStageWindow   - GameScene -> DriftMainMenu
14:42:45.612 [JavaFX Application Thread] DEBUG FXGLApplication      - Exiting FXGL
14:42:45.612 [JavaFX Application Thread] DEBUG LoopRunner           - Stopping loop
14:42:45.612 [JavaFX Application Thread] DEBUG SystemBundleService  - Saving FXGL system data
14:42:45.614 [JavaFX Application Thread] DEBUG FileSystemAccess     - Writing to: C:\Users\Clemis PC\Desktop\workspace\NO-HALF-SENDS\NO_HALF_SENDS\system\fxgl.bundle
14:42:45.615 [JavaFX Application Thread] DEBUG Async                - Shutting down background threads
14:42:45.615 [JavaFX Application Thread] DEBUG PrimaryStageWindow   - Closing main window
14:42:45.631 [JavaFX Application Thread] DEBUG Logger               - Closing Logger
