16:32:14.428 [main                     ] DEBUG Logger               - Configured Logger
16:32:14.434 [main                     ] DEBUG GameApplication      - Logging settings
Title: NO HALF SENDS
Version: 0.0
Width: 1920
Height: 1080
Fullscreen: true
Intro: false
Profiling: false
Single step:false
App Mode: DEVELOPER
Menu Key: ESCAPE
Stage Style: DECORATED
Scene Factory: class at.htl.no_half_sends.NoHalfSendsApp$1

16:32:14.977 [JavaFX Application Thread] DEBUG FXGLApplication      - Initializing FXGL
16:32:14.979 [JavaFX Application Thread] INFO  Engine               - FXGL-17.3 (30.03.2023 11.49) on WINDOWS (J:25.0.1 FX:21.0.6)
16:32:14.979 [JavaFX Application Thread] DEBUG Engine               - JRE Vendor Name: Oracle Corporation
16:32:14.979 [JavaFX Application Thread] DEBUG Engine               - Running on OS: Windows 11 version 10.0
16:32:14.979 [JavaFX Application Thread] DEBUG Engine               - Architecture: amd64
16:32:14.980 [JavaFX Application Thread] INFO  Engine               - Source code and latest versions at: https://github.com/AlmasB/FXGL
16:32:14.980 [JavaFX Application Thread] INFO  Engine               -       Ask questions and discuss at: https://github.com/AlmasB/FXGL/discussions
16:32:14.980 [JavaFX Application Thread] INFO  Engine               -              Join the FXGL chat at: https://gitter.im/AlmasB/FXGL
16:32:15.077 [JavaFX Application Thread] DEBUG PrimaryStageWindow   - Creating a JavaFX scene
16:32:15.136 [JavaFX Application Thread] DEBUG PrimaryStageWindow   - Target settings size: 1920.0 x 1080.0
16:32:15.136 [JavaFX Application Thread] DEBUG PrimaryStageWindow   - Scaled scene size:    1920.0 x 1080.0
16:32:15.136 [JavaFX Application Thread] DEBUG PrimaryStageWindow   - Scaled ratio: (1.0, 1.0)
16:32:15.137 [JavaFX Application Thread] DEBUG PrimaryStageWindow   - Set initial scene to FXGLStartupScene
16:32:15.142 [JavaFX Application Thread] DEBUG PrimaryStageWindow   - Opening main window
16:32:15.234 [JavaFX Application Thread] DEBUG PrimaryStageWindow   - Window border size: (16.0, 39.0)
16:32:15.234 [JavaFX Application Thread] DEBUG PrimaryStageWindow   - Scaled size: 1920.0 x 1080.0
16:32:15.235 [JavaFX Application Thread] DEBUG PrimaryStageWindow   - Scaled ratio: (1.0, 1.0)
16:32:15.235 [JavaFX Application Thread] DEBUG PrimaryStageWindow   - Scene size: 1920.0 x 1080.0
16:32:15.235 [JavaFX Application Thread] DEBUG PrimaryStageWindow   - Stage size: 1936.0 x 1119.0
16:32:15.276 [JavaFX Application Thread] DEBUG PrimaryStageWindow   - Going fullscreen
16:32:15.282 [FXGL Background Thread 1 ] DEBUG Engine               - Initializing environment variables
16:32:15.310 [FXGL Background Thread 1 ] DEBUG FXGLAssetLoaderServi - User app class for loading assets: class at.htl.no_half_sends.NoHalfSendsApp
16:32:15.310 [FXGL Background Thread 1 ] DEBUG GameApplicationServi - Applying CSS: fxgl_dark.css
16:32:15.311 [FXGL Background Thread 1 ] DEBUG FXGLAssetLoaderServi - Loading from file system: jar:file:/C:/Users/Clemis%20PC/.m2/repository/com/github/almasb/fxgl/17.3/fxgl-17.3.jar!/fxglassets/ui/css/fxgl_dark.css
16:32:15.336 [FXGL Background Thread 1 ] DEBUG GameApplicationServi - Initializing application scenes
16:32:15.366 [FXGL Background Thread 1 ] DEBUG GameWorld            - Game world initialized
16:32:15.399 [FXGL Background Thread 1 ] DEBUG PhysicsWorld         - Physics world initialized: appHeight=1080, physics.ppm=50,0
16:32:15.399 [FXGL Background Thread 1 ] DEBUG PhysicsWorld         - Using strategy: BRUTE_FORCE
16:32:15.402 [FXGL Background Thread 1 ] DEBUG GameScene            - Game scene initialized: 1920x1080
16:32:15.470 [FXGL Background Thread 1 ] DEBUG GameApplicationServi - Application scenes initialized
16:32:15.480 [FXGL Background Thread 1 ] DEBUG SystemBundleService  - Loading FXGL system data
16:32:15.486 [FXGL Background Thread 1 ] DEBUG FileSystemAccess     - Reading from: C:\Users\Clemis PC\Desktop\workspace\NO-HALF-SENDS\NO_HALF_SENDS\system\fxgl.bundle
16:32:15.488 [FXGL Background Thread 1 ] DEBUG SystemBundleService  - Bundle FXGL: {}
16:32:15.488 [FXGL Background Thread 1 ] DEBUG UpdaterService       - Checking for updates
16:32:15.508 [FXGL Background Thread 4 ] DEBUG FXGLApplication      - Loading fonts
16:32:15.508 [FXGL Background Thread 4 ] DEBUG FXGLAssetLoaderServi - Loading from file system: jar:file:/C:/Users/Clemis%20PC/.m2/repository/com/github/almasb/fxgl/17.3/fxgl-17.3.jar!/fxglassets/ui/fonts/VarelaRound-Regular.ttf
16:32:15.508 [FXGL Background Thread 1 ] DEBUG FXGLApplication      - Loading default localization
16:32:15.509 [FXGL Background Thread 1 ] DEBUG FXGLAssetLoaderServi - Loading from file system: jar:file:/C:/Users/Clemis%20PC/.m2/repository/com/github/almasb/fxgl/17.3/fxgl-17.3.jar!/fxglassets/languages/english.lang
16:32:15.518 [FXGL Background Thread 4 ] DEBUG FXGLAssetLoaderServi - Loading from file system: jar:file:/C:/Users/Clemis%20PC/.m2/repository/com/github/almasb/fxgl/17.3/fxgl-17.3.jar!/fxglassets/ui/fonts/Abel-Regular.ttf
16:32:15.521 [FXGL Background Thread 1 ] INFO  FXGLApplication      - FXGL initialization took: 0,239 sec
16:32:15.526 [FXGL Background Thread 4 ] DEBUG FXGLAssetLoaderServi - Loading from file system: jar:file:/C:/Users/Clemis%20PC/.m2/repository/com/github/almasb/fxgl/17.3/fxgl-17.3.jar!/fxglassets/ui/fonts/TerminalLandMono-Regular.otf
16:32:15.526 [JavaFX Application Thread] DEBUG Input                - Registered new binding: Gas geben - W
16:32:15.527 [JavaFX Application Thread] DEBUG Input                - Registered new binding: Bremsen / Rückwärts - S
16:32:15.527 [JavaFX Application Thread] DEBUG Input                - Registered new binding: Links lenken - A
16:32:15.531 [JavaFX Application Thread] DEBUG Input                - Registered new binding: Rechts lenken - D
16:32:15.532 [JavaFX Application Thread] DEBUG Input                - Registered new binding: Speichern - F5
16:32:15.533 [JavaFX Application Thread] DEBUG FXGLAssetLoaderServi - Loading from file system: jar:file:/C:/Users/Clemis%20PC/.m2/repository/com/github/almasb/fxgl/17.3/fxgl-17.3.jar!/fxglassets/textures/fxgl_icon.png
16:32:15.540 [FXGL Background Thread 4 ] DEBUG FXGLAssetLoaderServi - Loading from file system: jar:file:/C:/Users/Clemis%20PC/.m2/repository/com/github/almasb/fxgl/17.3/fxgl-17.3.jar!/fxglassets/ui/fonts/Courier-Prime.ttf
16:32:15.566 [JavaFX Application Thread] DEBUG FXGLAssetLoaderServi - Loading from file system: jar:file:/C:/Users/Clemis%20PC/.m2/repository/com/github/almasb/fxgl/17.3/fxgl-17.3.jar!/fxglassets/textures/fxgl_default_cursor.png
16:32:15.568 [JavaFX Application Thread] DEBUG Input                - Registered new binding: Screenshot - CTRL+8
16:32:15.568 [JavaFX Application Thread] DEBUG Input                - Registered new binding: Dev Options - 1
16:32:15.569 [JavaFX Application Thread] DEBUG Input                - Registered new binding: Dev Console - 2
16:32:15.569 [JavaFX Application Thread] DEBUG Input                - Registered new binding: System info dump - CTRL+9
16:32:15.569 [JavaFX Application Thread] DEBUG Input                - Registered new binding: Restart - CTRL+R
16:32:15.570 [JavaFX Application Thread] DEBUG Input                - Registered new binding: Toggle Debug Camera - CTRL+7
16:32:15.573 [JavaFX Application Thread] DEBUG LoopRunner           - Starting loop
16:32:15.586 [JavaFX Application Thread] DEBUG LoopRunner           - Initializing JavaFX AnimationTimerLoop
16:32:15.589 [JavaFX Application Thread] DEBUG Input                - Clearing active input actions
16:32:15.595 [JavaFX Application Thread] DEBUG GameApplicationServi - Removing overlay from FXGLStartupScene and adding to FXGLMainMenuDummyScene
16:32:15.598 [JavaFX Application Thread] DEBUG PrimaryStageWindow   - FXGLStartupScene -> FXGLMainMenuDummyScene
16:32:15.598 [JavaFX Application Thread] DEBUG PrimaryStageWindow   - Push state: DriftMainMenu
16:32:15.598 [JavaFX Application Thread] DEBUG Input                - Clearing active input actions
16:32:15.605 [JavaFX Application Thread] DEBUG GameApplicationServi - Removing overlay from FXGLMainMenuDummyScene and adding to DriftMainMenu
16:32:15.605 [JavaFX Application Thread] DEBUG PrimaryStageWindow   - FXGLMainMenuDummyScene -> DriftMainMenu
16:32:15.618 [JavaFX Application Thread] DEBUG FXGLApplication      - Registering font factories with UI factory
16:32:16.064 [FXGL Background Thread 2 ] INFO  UpdaterService       - Your current version:  17.3
16:32:16.064 [FXGL Background Thread 2 ] INFO  UpdaterService       - Latest stable version: 25
16:32:16.749 [JavaFX Application Thread] DEBUG Menu                 - fireNewGame()
16:32:16.749 [JavaFX Application Thread] DEBUG GameApplicationServi - Starting new game
16:32:16.749 [JavaFX Application Thread] DEBUG PrimaryStageWindow   - Pop state: DriftMainMenu
16:32:16.749 [JavaFX Application Thread] DEBUG Input                - Clearing active input actions
16:32:16.750 [JavaFX Application Thread] DEBUG GameApplicationServi - Removing overlay from DriftMainMenu and adding to FXGLMainMenuDummyScene
16:32:16.751 [JavaFX Application Thread] DEBUG PrimaryStageWindow   - FXGLMainMenuDummyScene <- DriftMainMenu
16:32:16.752 [JavaFX Application Thread] DEBUG Input                - Clearing active input actions
16:32:16.755 [JavaFX Application Thread] DEBUG GameApplicationServi - Removing overlay from FXGLMainMenuDummyScene and adding to FXGLLoadingScene
16:32:16.756 [JavaFX Application Thread] DEBUG PrimaryStageWindow   - FXGLMainMenuDummyScene -> FXGLLoadingScene
16:32:16.756 [JavaFX Application Thread] DEBUG GameApplicationServi - Clearing previous game
16:32:16.756 [JavaFX Application Thread] DEBUG GameScene            - Clearing game scene
16:32:16.756 [JavaFX Application Thread] DEBUG GameWorld            - Clearing game world
16:32:16.756 [JavaFX Application Thread] DEBUG PhysicsWorld         - Clearing physics world
16:32:16.757 [FXGL Background Thread 2 ] DEBUG FXGLApplication      - Initializing game
16:32:16.801 [FXGL Background Thread 2 ] WARN  TMXLevelLoader       - TiledMap generated from 1.11.2. Supported version: 1.9.0. Some features may not be parsed fully.
16:32:16.803 [FXGL Background Thread 2 ] DEBUG TMXLevelLoader       - Parsed TiledMap: file:/C:/Users/Clemis%20PC/Desktop/workspace/NO-HALF-SENDS/NO_HALF_SENDS/target/classes/assets/levels/Test_MK9.tmx
16:32:16.804 [FXGL Background Thread 2 ] DEBUG TMXLevelLoader       - Creating tile layer entities
16:32:16.805 [FXGL Background Thread 2 ] DEBUG TilesetLoader        - Loading view for layer Kachelebene 1
16:32:16.812 [FXGL Background Thread 2 ] DEBUG TilesetLoader        - Created buffer with size 640.0x640.0
16:32:16.821 [FXGL Background Thread 2 ] DEBUG TMXLevelLoader       - Creating object layer entities
16:32:16.821 [FXGL Background Thread 2 ] DEBUG GameWorld            - Clearing removable entities
16:32:16.821 [FXGL Background Thread 2 ] DEBUG GameWorld            - Setting level: com.almasb.fxgl.entity.level.Level@6eba4a29
16:32:16.823 [FXGL Background Thread 2 ] DEBUG FXGLAssetLoaderServi - Loading from file system: file:/C:/Users/Clemis%20PC/Desktop/workspace/NO-HALF-SENDS/NO_HALF_SENDS/target/classes/assets/textures/Nissan_GTR_R35_mk2.png
16:32:16.832 [FXGL Background Thread 2 ] INFO  FXGLApplication      - Game initialization took: 0,075 sec
16:32:16.833 [JavaFX Application Thread] DEBUG Input                - Clearing active input actions
16:32:16.836 [JavaFX Application Thread] DEBUG GameApplicationServi - Removing overlay from FXGLLoadingScene and adding to GameScene
16:32:16.838 [JavaFX Application Thread] DEBUG PrimaryStageWindow   - FXGLLoadingScene -> GameScene
16:32:18.508 [FXGL Background Thread 3 ] DEBUG Engine               - Logging environment variables
16:32:18.508 [FXGL Background Thread 3 ] DEBUG Engine               - achievements: []
16:32:18.508 [FXGL Background Thread 3 ] DEBUG Engine               - actualHeight: 1440.0
16:32:18.508 [FXGL Background Thread 3 ] DEBUG Engine               - actualHeightProperty: ReadOnlyDoubleProperty [value: 1440.0]
16:32:18.508 [FXGL Background Thread 3 ] DEBUG Engine               - actualWidth: 2560.0
16:32:18.508 [FXGL Background Thread 3 ] DEBUG Engine               - actualWidthProperty: ReadOnlyDoubleProperty [value: 2560.0]
16:32:18.508 [FXGL Background Thread 3 ] DEBUG Engine               - appIcon: fxgl_icon.png
16:32:18.508 [FXGL Background Thread 3 ] DEBUG Engine               - applicationMode: DEVELOPER
16:32:18.508 [FXGL Background Thread 3 ] DEBUG Engine               - cSSList: [fxgl_dark.css]
16:32:18.508 [FXGL Background Thread 3 ] DEBUG Engine               - collisionDetectionStrategy: BRUTE_FORCE
16:32:18.508 [FXGL Background Thread 3 ] DEBUG Engine               - configClass: Optional.empty
16:32:18.508 [FXGL Background Thread 3 ] DEBUG Engine               - credits: []
16:32:18.510 [FXGL Background Thread 3 ] DEBUG Engine               - defaultCursor: CursorInfo(imageName=fxgl_default_cursor.png, hotspotX=7.0, hotspotY=6.0)
16:32:18.510 [FXGL Background Thread 3 ] DEBUG Engine               - devBBoxColorProperty: ObjectProperty [value: 0xff0000ff]
16:32:18.510 [FXGL Background Thread 3 ] DEBUG Engine               - devEnableDebugCameraProperty: BooleanProperty [value: false]
16:32:18.510 [FXGL Background Thread 3 ] DEBUG Engine               - devSensorColorProperty: ObjectProperty [value: 0xffff00ff]
16:32:18.511 [FXGL Background Thread 3 ] DEBUG Engine               - devShowBBoxProperty: BooleanProperty [value: false]
16:32:18.511 [FXGL Background Thread 3 ] DEBUG Engine               - devShowPositionProperty: BooleanProperty [value: false]
16:32:18.511 [FXGL Background Thread 3 ] DEBUG Engine               - enabledMenuItems: []
16:32:18.511 [FXGL Background Thread 3 ] DEBUG Engine               - engineServices: [class com.almasb.fxgl.app.services.FXGLAssetLoaderService, class com.almasb.fxgl.app.FXGLApplication$GameApplicationService, class com.almasb.fxgl.app.services.FXGLDialogService, class com.almasb.fxgl.app.services.IOTaskExecutorService, class com.almasb.fxgl.io.FileSystemService, class com.almasb.fxgl.localization.LocalizationService, class com.almasb.fxgl.app.services.SystemBundleService, class com.almasb.fxgl.profile.SaveLoadService, class com.almasb.fxgl.ui.FXGLUIFactoryServiceProvider, class com.almasb.fxgl.ui.FXGLDialogFactoryServiceProvider, class com.almasb.fxgl.audio.AudioPlayer, class com.almasb.fxgl.notification.impl.NotificationServiceProvider, class com.almasb.fxgl.achievement.AchievementService, class com.almasb.fxgl.cutscene.CutsceneService, class com.almasb.fxgl.minigames.MiniGameService, class com.almasb.fxgl.net.NetService, class com.almasb.fxgl.app.services.UpdaterService, class com.almasb.fxgl.dev.DevService]
16:32:18.511 [FXGL Background Thread 3 ] DEBUG Engine               - fontGame: Abel-Regular.ttf
16:32:18.511 [FXGL Background Thread 3 ] DEBUG Engine               - fontMono: TerminalLandMono-Regular.otf
16:32:18.511 [FXGL Background Thread 3 ] DEBUG Engine               - fontSizeScaleUI: 1.0
16:32:18.511 [FXGL Background Thread 3 ] DEBUG Engine               - fontText: Courier-Prime.ttf
16:32:18.511 [FXGL Background Thread 3 ] DEBUG Engine               - fontUI: VarelaRound-Regular.ttf
16:32:18.511 [FXGL Background Thread 3 ] DEBUG Engine               - fullScreen: BooleanProperty [value: true]
16:32:18.511 [FXGL Background Thread 3 ] DEBUG Engine               - gameDifficulty: MEDIUM
16:32:18.511 [FXGL Background Thread 3 ] DEBUG Engine               - gameDifficultyProperty: ObjectProperty [value: MEDIUM]
16:32:18.511 [FXGL Background Thread 3 ] DEBUG Engine               - globalMusicVolume: 0.5
16:32:18.511 [FXGL Background Thread 3 ] DEBUG Engine               - globalMusicVolumeProperty: DoubleProperty [value: 0.5]
16:32:18.511 [FXGL Background Thread 3 ] DEBUG Engine               - globalSoundVolume: 0.5
16:32:18.511 [FXGL Background Thread 3 ] DEBUG Engine               - globalSoundVolumeProperty: DoubleProperty [value: 0.5]
16:32:18.511 [FXGL Background Thread 3 ] DEBUG Engine               - height: 1080
16:32:18.512 [FXGL Background Thread 3 ] DEBUG Engine               - is3D: false
16:32:18.512 [FXGL Background Thread 3 ] DEBUG Engine               - isAndroid: false
16:32:18.512 [FXGL Background Thread 3 ] DEBUG Engine               - isBrowser: false
16:32:18.512 [FXGL Background Thread 3 ] DEBUG Engine               - isClickFeedbackEnabled: false
16:32:18.512 [FXGL Background Thread 3 ] DEBUG Engine               - isCloseConfirmation: false
16:32:18.512 [FXGL Background Thread 3 ] DEBUG Engine               - isDesktop: true
16:32:18.512 [FXGL Background Thread 3 ] DEBUG Engine               - isDeveloperMenuEnabled: true
16:32:18.512 [FXGL Background Thread 3 ] DEBUG Engine               - isEmbedded: false
16:32:18.512 [FXGL Background Thread 3 ] DEBUG Engine               - isEntityPreloadEnabled: true
16:32:18.512 [FXGL Background Thread 3 ] DEBUG Engine               - isExperimentalTiledLargeMap: false
16:32:18.512 [FXGL Background Thread 3 ] DEBUG Engine               - isFileSystemWriteAllowed: true
16:32:18.512 [FXGL Background Thread 3 ] DEBUG Engine               - isFullScreenAllowed: true
16:32:18.512 [FXGL Background Thread 3 ] DEBUG Engine               - isFullScreenFromStart: true
16:32:18.512 [FXGL Background Thread 3 ] DEBUG Engine               - isGameMenuEnabled: true
16:32:18.512 [FXGL Background Thread 3 ] DEBUG Engine               - isIOS: false
16:32:18.512 [FXGL Background Thread 3 ] DEBUG Engine               - isIntroEnabled: false
16:32:18.512 [FXGL Background Thread 3 ] DEBUG Engine               - isLinux: false
16:32:18.512 [FXGL Background Thread 3 ] DEBUG Engine               - isMac: false
16:32:18.512 [FXGL Background Thread 3 ] DEBUG Engine               - isMainMenuEnabled: true
16:32:18.512 [FXGL Background Thread 3 ] DEBUG Engine               - isManualResizeEnabled: false
16:32:18.512 [FXGL Background Thread 3 ] DEBUG Engine               - isMobile: false
16:32:18.512 [FXGL Background Thread 3 ] DEBUG Engine               - isNative: false
16:32:18.512 [FXGL Background Thread 3 ] DEBUG Engine               - isPauseMusicWhenMinimized: true
16:32:18.512 [FXGL Background Thread 3 ] DEBUG Engine               - isPreserveResizeRatio: false
16:32:18.512 [FXGL Background Thread 3 ] DEBUG Engine               - isProfilingEnabled: false
16:32:18.512 [FXGL Background Thread 3 ] DEBUG Engine               - isScaleAffectedOnResize: true
16:32:18.512 [FXGL Background Thread 3 ] DEBUG Engine               - isSingleStep: false
16:32:18.512 [FXGL Background Thread 3 ] DEBUG Engine               - isUserProfileEnabled: false
16:32:18.512 [FXGL Background Thread 3 ] DEBUG Engine               - isWindows: true
16:32:18.512 [FXGL Background Thread 3 ] DEBUG Engine               - language: ObjectProperty [value: ENGLISH]
16:32:18.512 [FXGL Background Thread 3 ] DEBUG Engine               - menuKey: ESCAPE
16:32:18.512 [FXGL Background Thread 3 ] DEBUG Engine               - mouseSensitivity: 0.2
16:32:18.512 [FXGL Background Thread 3 ] DEBUG Engine               - notificationViewClass: class com.almasb.fxgl.notification.view.XboxNotificationView
16:32:18.512 [FXGL Background Thread 3 ] DEBUG Engine               - pixelsPerMeter: 50.0
16:32:18.512 [FXGL Background Thread 3 ] DEBUG Engine               - platform: WINDOWS
16:32:18.512 [FXGL Background Thread 3 ] DEBUG Engine               - prefHeightProperty: ReadOnlyDoubleProperty [value: 1080.0]
16:32:18.512 [FXGL Background Thread 3 ] DEBUG Engine               - prefWidthProperty: ReadOnlyDoubleProperty [value: 1920.0]
16:32:18.512 [FXGL Background Thread 3 ] DEBUG Engine               - profileDir: profiles/
16:32:18.512 [FXGL Background Thread 3 ] DEBUG Engine               - profileName: StringProperty [value: DEFAULT]
16:32:18.512 [FXGL Background Thread 3 ] DEBUG Engine               - randomSeed: -1
16:32:18.512 [FXGL Background Thread 3 ] DEBUG Engine               - runtimeInfo: RuntimeInfo(platform=WINDOWS, version=17.3, build=30.03.2023 11.49)
16:32:18.512 [FXGL Background Thread 3 ] DEBUG Engine               - saveFileExt: sav
16:32:18.512 [FXGL Background Thread 3 ] DEBUG Engine               - scaledHeightProp$fxgl: DoubleProperty [bound, value: 1440.0]
16:32:18.512 [FXGL Background Thread 3 ] DEBUG Engine               - scaledWidthProp$fxgl: DoubleProperty [bound, value: 2560.0]
16:32:18.512 [FXGL Background Thread 3 ] DEBUG Engine               - sceneFactory: at.htl.no_half_sends.NoHalfSendsApp$1@b2321b9
16:32:18.512 [FXGL Background Thread 3 ] DEBUG Engine               - secondsIn24h: 60
16:32:18.512 [FXGL Background Thread 3 ] DEBUG Engine               - soundMenuBack: menu/back.wav
16:32:18.512 [FXGL Background Thread 3 ] DEBUG Engine               - soundMenuPress: menu/press.wav
16:32:18.512 [FXGL Background Thread 3 ] DEBUG Engine               - soundMenuSelect: menu/select.wav
16:32:18.512 [FXGL Background Thread 3 ] DEBUG Engine               - soundNotification: core/notification.wav
16:32:18.512 [FXGL Background Thread 3 ] DEBUG Engine               - stageStyle: DECORATED
16:32:18.513 [FXGL Background Thread 3 ] DEBUG Engine               - supportedLanguages: [ENGLISH, FRENCH, GERMAN, HUNGARIAN, RUSSIAN]
16:32:18.513 [FXGL Background Thread 3 ] DEBUG Engine               - ticksPerSecond: -1
16:32:18.513 [FXGL Background Thread 3 ] DEBUG Engine               - title: NO HALF SENDS
16:32:18.513 [FXGL Background Thread 3 ] DEBUG Engine               - urlGithub: https://github.com/AlmasB/FXGL
16:32:18.513 [FXGL Background Thread 3 ] DEBUG Engine               - urlLeaderboard: http://fxgl-top.herokuapp.com/
16:32:18.513 [FXGL Background Thread 3 ] DEBUG Engine               - urlPOM: https://raw.githubusercontent.com/AlmasB/FXGL/release/README.md
16:32:18.513 [FXGL Background Thread 3 ] DEBUG Engine               - userAppClass: class at.htl.no_half_sends.NoHalfSendsApp
16:32:18.513 [FXGL Background Thread 3 ] DEBUG Engine               - version: 0.0
16:32:18.513 [FXGL Background Thread 3 ] DEBUG Engine               - versionCheckDays: 7
16:32:18.513 [FXGL Background Thread 3 ] DEBUG Engine               - width: 1920
16:32:18.513 [FXGL Background Thread 3 ] DEBUG Engine               - Logging services
16:32:18.513 [FXGL Background Thread 3 ] DEBUG Engine               - class com.almasb.fxgl.app.services.FXGLAssetLoaderService
16:32:18.513 [FXGL Background Thread 3 ] DEBUG Engine               - class com.almasb.fxgl.app.FXGLApplication$GameApplicationService
16:32:18.513 [FXGL Background Thread 3 ] DEBUG Engine               - class com.almasb.fxgl.app.services.FXGLDialogService
16:32:18.513 [FXGL Background Thread 3 ] DEBUG Engine               - class com.almasb.fxgl.app.services.IOTaskExecutorService
16:32:18.513 [FXGL Background Thread 3 ] DEBUG Engine               - class com.almasb.fxgl.io.FileSystemService
16:32:18.513 [FXGL Background Thread 3 ] DEBUG Engine               - class com.almasb.fxgl.localization.LocalizationService
16:32:18.513 [FXGL Background Thread 3 ] DEBUG Engine               - class com.almasb.fxgl.app.services.SystemBundleService
16:32:18.513 [FXGL Background Thread 3 ] DEBUG Engine               - class com.almasb.fxgl.profile.SaveLoadService
16:32:18.513 [FXGL Background Thread 3 ] DEBUG Engine               - class com.almasb.fxgl.ui.FXGLUIFactoryServiceProvider
16:32:18.513 [FXGL Background Thread 3 ] DEBUG Engine               - class com.almasb.fxgl.ui.FXGLDialogFactoryServiceProvider
16:32:18.513 [FXGL Background Thread 3 ] DEBUG Engine               - class com.almasb.fxgl.audio.AudioPlayer
16:32:18.513 [FXGL Background Thread 3 ] DEBUG Engine               - class com.almasb.fxgl.notification.impl.NotificationServiceProvider
16:32:18.513 [FXGL Background Thread 3 ] DEBUG Engine               - class com.almasb.fxgl.achievement.AchievementService
16:32:18.513 [FXGL Background Thread 3 ] DEBUG Engine               - class com.almasb.fxgl.cutscene.CutsceneService
16:32:18.513 [FXGL Background Thread 3 ] DEBUG Engine               - class com.almasb.fxgl.minigames.MiniGameService
16:32:18.513 [FXGL Background Thread 3 ] DEBUG Engine               - class com.almasb.fxgl.net.NetService
16:32:18.513 [FXGL Background Thread 3 ] DEBUG Engine               - class com.almasb.fxgl.app.services.UpdaterService
16:32:18.513 [FXGL Background Thread 3 ] DEBUG Engine               - class com.almasb.fxgl.dev.DevService
16:32:18.571 [JavaFX Application Thread] DEBUG PrimaryStageWindow   - Push state: DriftMainMenu
16:32:18.571 [JavaFX Application Thread] DEBUG Input                - Clearing active input actions
16:32:18.572 [JavaFX Application Thread] DEBUG GameApplicationServi - Removing overlay from GameScene and adding to DriftMainMenu
16:32:18.573 [JavaFX Application Thread] DEBUG PrimaryStageWindow   - GameScene -> DriftMainMenu
16:32:19.796 [JavaFX Application Thread] DEBUG PrimaryStageWindow   - Pop state: DriftMainMenu
16:32:19.796 [JavaFX Application Thread] DEBUG Input                - Clearing active input actions
16:32:19.796 [JavaFX Application Thread] DEBUG GameApplicationServi - Removing overlay from DriftMainMenu and adding to GameScene
16:32:19.797 [JavaFX Application Thread] DEBUG PrimaryStageWindow   - GameScene <- DriftMainMenu
16:32:19.977 [JavaFX Application Thread] DEBUG PrimaryStageWindow   - Push state: DriftMainMenu
16:32:19.977 [JavaFX Application Thread] DEBUG Input                - Clearing active input actions
16:32:19.978 [JavaFX Application Thread] DEBUG GameApplicationServi - Removing overlay from GameScene and adding to DriftMainMenu
16:32:19.978 [JavaFX Application Thread] DEBUG PrimaryStageWindow   - GameScene -> DriftMainMenu
16:32:21.517 [JavaFX Application Thread] DEBUG FXGLApplication      - Exiting FXGL
16:32:21.517 [JavaFX Application Thread] DEBUG LoopRunner           - Stopping loop
16:32:21.517 [JavaFX Application Thread] DEBUG SystemBundleService  - Saving FXGL system data
16:32:21.518 [JavaFX Application Thread] DEBUG FileSystemAccess     - Writing to: C:\Users\Clemis PC\Desktop\workspace\NO-HALF-SENDS\NO_HALF_SENDS\system\fxgl.bundle
16:32:21.519 [JavaFX Application Thread] DEBUG Async                - Shutting down background threads
16:32:21.519 [JavaFX Application Thread] DEBUG PrimaryStageWindow   - Closing main window
16:32:21.537 [JavaFX Application Thread] DEBUG Logger               - Closing Logger
