15:36:17.741 [main                     ] DEBUG Logger               - Configured Logger
15:36:17.746 [main                     ] DEBUG GameApplication      - Logging settings
Title: NO HALF SENDS
Version: 0.0
Width: 1920
Height: 1080
Fullscreen: true
Intro: false
Profiling: false
Single step:false
App Mode: DEVELOPER
Menu Key: ESCAPE
Stage Style: DECORATED
Scene Factory: class at.htl.no_half_sends.NoHalfSendsApp$1

15:36:18.162 [JavaFX Application Thread] DEBUG FXGLApplication      - Initializing FXGL
15:36:18.164 [JavaFX Application Thread] INFO  Engine               - FXGL-17.3 (30.03.2023 11.49) on WINDOWS (J:25.0.1 FX:21.0.6)
15:36:18.165 [JavaFX Application Thread] DEBUG Engine               - JRE Vendor Name: Oracle Corporation
15:36:18.165 [JavaFX Application Thread] DEBUG Engine               - Running on OS: Windows 11 version 10.0
15:36:18.165 [JavaFX Application Thread] DEBUG Engine               - Architecture: amd64
15:36:18.165 [JavaFX Application Thread] INFO  Engine               - Source code and latest versions at: https://github.com/AlmasB/FXGL
15:36:18.165 [JavaFX Application Thread] INFO  Engine               -       Ask questions and discuss at: https://github.com/AlmasB/FXGL/discussions
15:36:18.165 [JavaFX Application Thread] INFO  Engine               -              Join the FXGL chat at: https://gitter.im/AlmasB/FXGL
15:36:18.249 [JavaFX Application Thread] DEBUG PrimaryStageWindow   - Creating a JavaFX scene
15:36:18.285 [JavaFX Application Thread] DEBUG PrimaryStageWindow   - Target settings size: 1920.0 x 1080.0
15:36:18.286 [JavaFX Application Thread] DEBUG PrimaryStageWindow   - Scaled scene size:    1920.0 x 1080.0
15:36:18.286 [JavaFX Application Thread] DEBUG PrimaryStageWindow   - Scaled ratio: (1.0, 1.0)
15:36:18.286 [JavaFX Application Thread] DEBUG PrimaryStageWindow   - Set initial scene to FXGLStartupScene
15:36:18.290 [JavaFX Application Thread] DEBUG PrimaryStageWindow   - Opening main window
15:36:18.362 [JavaFX Application Thread] DEBUG PrimaryStageWindow   - Window border size: (16.0, 39.0)
15:36:18.363 [JavaFX Application Thread] DEBUG PrimaryStageWindow   - Scaled size: 1920.0 x 1080.0
15:36:18.363 [JavaFX Application Thread] DEBUG PrimaryStageWindow   - Scaled ratio: (1.0, 1.0)
15:36:18.363 [JavaFX Application Thread] DEBUG PrimaryStageWindow   - Scene size: 1920.0 x 1080.0
15:36:18.363 [JavaFX Application Thread] DEBUG PrimaryStageWindow   - Stage size: 1936.0 x 1119.0
15:36:18.407 [JavaFX Application Thread] DEBUG PrimaryStageWindow   - Going fullscreen
15:36:18.414 [FXGL Background Thread 1 ] DEBUG Engine               - Initializing environment variables
15:36:18.459 [FXGL Background Thread 1 ] DEBUG FXGLAssetLoaderServi - User app class for loading assets: class at.htl.no_half_sends.NoHalfSendsApp
15:36:18.459 [FXGL Background Thread 1 ] DEBUG GameApplicationServi - Applying CSS: fxgl_dark.css
15:36:18.459 [FXGL Background Thread 1 ] DEBUG FXGLAssetLoaderServi - Loading from file system: jar:file:/C:/Users/Clemis%20PC/.m2/repository/com/github/almasb/fxgl/17.3/fxgl-17.3.jar!/fxglassets/ui/css/fxgl_dark.css
15:36:18.489 [FXGL Background Thread 1 ] DEBUG GameApplicationServi - Initializing application scenes
15:36:18.520 [FXGL Background Thread 1 ] DEBUG GameWorld            - Game world initialized
15:36:18.555 [FXGL Background Thread 1 ] DEBUG PhysicsWorld         - Physics world initialized: appHeight=1080, physics.ppm=50,0
15:36:18.555 [FXGL Background Thread 1 ] DEBUG PhysicsWorld         - Using strategy: BRUTE_FORCE
15:36:18.557 [FXGL Background Thread 1 ] DEBUG GameScene            - Game scene initialized: 1920x1080
15:36:18.623 [FXGL Background Thread 1 ] DEBUG FXGLAssetLoaderServi - Loading from file system: file:/C:/Users/Clemis%20PC/Desktop/workspace/NO-HALF-SENDS/NO_HALF_SENDS/target/classes/assets/textures/Turbo.png
15:36:18.761 [FXGL Background Thread 1 ] DEBUG FXGLAssetLoaderServi - Loading from file system: file:/C:/Users/Clemis%20PC/Desktop/workspace/NO-HALF-SENDS/NO_HALF_SENDS/target/classes/assets/textures/Differential.png
15:36:18.847 [FXGL Background Thread 1 ] DEBUG FXGLAssetLoaderServi - Loading from file system: file:/C:/Users/Clemis%20PC/Desktop/workspace/NO-HALF-SENDS/NO_HALF_SENDS/target/classes/assets/textures/Tires.png
15:36:18.942 [FXGL Background Thread 1 ] DEBUG FXGLAssetLoaderServi - Loading from file system: file:/C:/Users/Clemis%20PC/Desktop/workspace/NO-HALF-SENDS/NO_HALF_SENDS/target/classes/assets/textures/Intake.png
15:36:19.031 [FXGL Background Thread 1 ] DEBUG FXGLAssetLoaderServi - Loading from file system: file:/C:/Users/Clemis%20PC/Desktop/workspace/NO-HALF-SENDS/NO_HALF_SENDS/target/classes/assets/textures/Chassis.png
15:36:19.126 [FXGL Background Thread 1 ] DEBUG FXGLAssetLoaderServi - Loading from file system: file:/C:/Users/Clemis%20PC/Desktop/workspace/NO-HALF-SENDS/NO_HALF_SENDS/target/classes/assets/textures/Transmission.png
15:36:19.226 [FXGL Background Thread 1 ] DEBUG FXGLAssetLoaderServi - Loading from file system: file:/C:/Users/Clemis%20PC/Desktop/workspace/NO-HALF-SENDS/NO_HALF_SENDS/target/classes/assets/textures/Nissan_GTR_R35_mk4.png
15:36:19.234 [FXGL Background Thread 1 ] DEBUG FXGLAssetLoaderServi - Loading from file system: file:/C:/Users/Clemis%20PC/Desktop/workspace/NO-HALF-SENDS/NO_HALF_SENDS/target/classes/assets/textures/Subaru_WRX_STI_mk2.png
15:36:19.239 [FXGL Background Thread 1 ] DEBUG FXGLAssetLoaderServi - Loading from file system: file:/C:/Users/Clemis%20PC/Desktop/workspace/NO-HALF-SENDS/NO_HALF_SENDS/target/classes/assets/textures/Toyota_Supra_mk2.png
15:36:19.243 [FXGL Background Thread 1 ] DEBUG FXGLAssetLoaderServi - Loading from file system: file:/C:/Users/Clemis%20PC/Desktop/workspace/NO-HALF-SENDS/NO_HALF_SENDS/target/classes/assets/textures/Ferarri_F12_mk2.png
15:36:19.249 [FXGL Background Thread 1 ] DEBUG GameApplicationServi - Application scenes initialized
15:36:19.259 [FXGL Background Thread 1 ] DEBUG SystemBundleService  - Loading FXGL system data
15:36:19.262 [FXGL Background Thread 1 ] DEBUG FileSystemAccess     - Reading from: C:\Users\Clemis PC\Desktop\workspace\NO-HALF-SENDS\NO_HALF_SENDS\system\fxgl.bundle
15:36:19.266 [FXGL Background Thread 1 ] DEBUG SystemBundleService  - Bundle FXGL: {}
15:36:19.266 [FXGL Background Thread 1 ] DEBUG UpdaterService       - Checking for updates
15:36:19.285 [FXGL Background Thread 4 ] DEBUG FXGLApplication      - Loading fonts
15:36:19.285 [FXGL Background Thread 4 ] DEBUG FXGLAssetLoaderServi - Loading from file system: jar:file:/C:/Users/Clemis%20PC/.m2/repository/com/github/almasb/fxgl/17.3/fxgl-17.3.jar!/fxglassets/ui/fonts/VarelaRound-Regular.ttf
15:36:19.285 [FXGL Background Thread 1 ] DEBUG FXGLApplication      - Loading default localization
15:36:19.286 [FXGL Background Thread 1 ] DEBUG FXGLAssetLoaderServi - Loading from file system: jar:file:/C:/Users/Clemis%20PC/.m2/repository/com/github/almasb/fxgl/17.3/fxgl-17.3.jar!/fxglassets/languages/english.lang
15:36:19.297 [FXGL Background Thread 1 ] INFO  FXGLApplication      - FXGL initialization took: 0,882 sec
15:36:19.303 [JavaFX Application Thread] DEBUG Input                - Registered new binding: Gas geben - W
15:36:19.303 [JavaFX Application Thread] DEBUG Input                - Registered new binding: Bremsen / Rückwärts - S
15:36:19.303 [JavaFX Application Thread] DEBUG Input                - Registered new binding: Links lenken - A
15:36:19.303 [JavaFX Application Thread] DEBUG Input                - Registered new binding: Rechts lenken - D
15:36:19.303 [JavaFX Application Thread] DEBUG Input                - Registered new binding: Speichern - F5
15:36:19.304 [JavaFX Application Thread] DEBUG FXGLAssetLoaderServi - Loading from file system: jar:file:/C:/Users/Clemis%20PC/.m2/repository/com/github/almasb/fxgl/17.3/fxgl-17.3.jar!/fxglassets/textures/fxgl_icon.png
15:36:19.309 [FXGL Background Thread 4 ] DEBUG FXGLAssetLoaderServi - Loading from file system: jar:file:/C:/Users/Clemis%20PC/.m2/repository/com/github/almasb/fxgl/17.3/fxgl-17.3.jar!/fxglassets/ui/fonts/Abel-Regular.ttf
15:36:19.315 [JavaFX Application Thread] DEBUG FXGLAssetLoaderServi - Loading from file system: jar:file:/C:/Users/Clemis%20PC/.m2/repository/com/github/almasb/fxgl/17.3/fxgl-17.3.jar!/fxglassets/textures/fxgl_default_cursor.png
15:36:19.316 [JavaFX Application Thread] DEBUG Input                - Registered new binding: Screenshot - CTRL+8
15:36:19.317 [JavaFX Application Thread] DEBUG Input                - Registered new binding: Dev Options - 1
15:36:19.317 [JavaFX Application Thread] DEBUG Input                - Registered new binding: Dev Console - 2
15:36:19.317 [JavaFX Application Thread] DEBUG Input                - Registered new binding: System info dump - CTRL+9
15:36:19.318 [JavaFX Application Thread] DEBUG Input                - Registered new binding: Restart - CTRL+R
15:36:19.318 [JavaFX Application Thread] DEBUG Input                - Registered new binding: Toggle Debug Camera - CTRL+7
15:36:19.318 [FXGL Background Thread 4 ] DEBUG FXGLAssetLoaderServi - Loading from file system: jar:file:/C:/Users/Clemis%20PC/.m2/repository/com/github/almasb/fxgl/17.3/fxgl-17.3.jar!/fxglassets/ui/fonts/TerminalLandMono-Regular.otf
15:36:19.322 [JavaFX Application Thread] DEBUG LoopRunner           - Starting loop
15:36:19.329 [FXGL Background Thread 4 ] DEBUG FXGLAssetLoaderServi - Loading from file system: jar:file:/C:/Users/Clemis%20PC/.m2/repository/com/github/almasb/fxgl/17.3/fxgl-17.3.jar!/fxglassets/ui/fonts/Courier-Prime.ttf
15:36:19.333 [JavaFX Application Thread] DEBUG LoopRunner           - Initializing JavaFX AnimationTimerLoop
15:36:19.334 [JavaFX Application Thread] DEBUG Input                - Clearing active input actions
15:36:19.339 [JavaFX Application Thread] DEBUG GameApplicationServi - Removing overlay from FXGLStartupScene and adding to FXGLMainMenuDummyScene
15:36:19.345 [JavaFX Application Thread] DEBUG PrimaryStageWindow   - FXGLStartupScene -> FXGLMainMenuDummyScene
15:36:19.346 [JavaFX Application Thread] DEBUG PrimaryStageWindow   - Push state: DriftMainMenu
15:36:19.346 [JavaFX Application Thread] DEBUG Input                - Clearing active input actions
15:36:19.355 [JavaFX Application Thread] DEBUG GameApplicationServi - Removing overlay from FXGLMainMenuDummyScene and adding to DriftMainMenu
15:36:19.355 [JavaFX Application Thread] DEBUG PrimaryStageWindow   - FXGLMainMenuDummyScene -> DriftMainMenu
15:36:19.501 [JavaFX Application Thread] DEBUG FXGLApplication      - Registering font factories with UI factory
15:36:19.695 [FXGL Background Thread 2 ] INFO  UpdaterService       - Your current version:  17.3
15:36:19.696 [FXGL Background Thread 2 ] INFO  UpdaterService       - Latest stable version: 25
15:36:22.284 [FXGL Background Thread 3 ] DEBUG Engine               - Logging environment variables
15:36:22.284 [FXGL Background Thread 3 ] DEBUG Engine               - achievements: []
15:36:22.284 [FXGL Background Thread 3 ] DEBUG Engine               - actualHeight: 1440.0
15:36:22.284 [FXGL Background Thread 3 ] DEBUG Engine               - actualHeightProperty: ReadOnlyDoubleProperty [value: 1440.0]
15:36:22.285 [FXGL Background Thread 3 ] DEBUG Engine               - actualWidth: 2560.0
15:36:22.285 [FXGL Background Thread 3 ] DEBUG Engine               - actualWidthProperty: ReadOnlyDoubleProperty [value: 2560.0]
15:36:22.285 [FXGL Background Thread 3 ] DEBUG Engine               - appIcon: fxgl_icon.png
15:36:22.285 [FXGL Background Thread 3 ] DEBUG Engine               - applicationMode: DEVELOPER
15:36:22.285 [FXGL Background Thread 3 ] DEBUG Engine               - cSSList: [fxgl_dark.css]
15:36:22.285 [FXGL Background Thread 3 ] DEBUG Engine               - collisionDetectionStrategy: BRUTE_FORCE
15:36:22.285 [FXGL Background Thread 3 ] DEBUG Engine               - configClass: Optional.empty
15:36:22.285 [FXGL Background Thread 3 ] DEBUG Engine               - credits: []
15:36:22.285 [FXGL Background Thread 3 ] DEBUG Engine               - defaultCursor: CursorInfo(imageName=fxgl_default_cursor.png, hotspotX=7.0, hotspotY=6.0)
15:36:22.286 [FXGL Background Thread 3 ] DEBUG Engine               - devBBoxColorProperty: ObjectProperty [value: 0xff0000ff]
15:36:22.286 [FXGL Background Thread 3 ] DEBUG Engine               - devEnableDebugCameraProperty: BooleanProperty [value: false]
15:36:22.286 [FXGL Background Thread 3 ] DEBUG Engine               - devSensorColorProperty: ObjectProperty [value: 0xffff00ff]
15:36:22.286 [FXGL Background Thread 3 ] DEBUG Engine               - devShowBBoxProperty: BooleanProperty [value: false]
15:36:22.286 [FXGL Background Thread 3 ] DEBUG Engine               - devShowPositionProperty: BooleanProperty [value: false]
15:36:22.286 [FXGL Background Thread 3 ] DEBUG Engine               - enabledMenuItems: []
15:36:22.286 [FXGL Background Thread 3 ] DEBUG Engine               - engineServices: [class com.almasb.fxgl.app.services.FXGLAssetLoaderService, class com.almasb.fxgl.app.FXGLApplication$GameApplicationService, class com.almasb.fxgl.app.services.FXGLDialogService, class com.almasb.fxgl.app.services.IOTaskExecutorService, class com.almasb.fxgl.io.FileSystemService, class com.almasb.fxgl.localization.LocalizationService, class com.almasb.fxgl.app.services.SystemBundleService, class com.almasb.fxgl.profile.SaveLoadService, class com.almasb.fxgl.ui.FXGLUIFactoryServiceProvider, class com.almasb.fxgl.ui.FXGLDialogFactoryServiceProvider, class com.almasb.fxgl.audio.AudioPlayer, class com.almasb.fxgl.notification.impl.NotificationServiceProvider, class com.almasb.fxgl.achievement.AchievementService, class com.almasb.fxgl.cutscene.CutsceneService, class com.almasb.fxgl.minigames.MiniGameService, class com.almasb.fxgl.net.NetService, class com.almasb.fxgl.app.services.UpdaterService, class com.almasb.fxgl.dev.DevService]
15:36:22.286 [FXGL Background Thread 3 ] DEBUG Engine               - fontGame: Abel-Regular.ttf
15:36:22.286 [FXGL Background Thread 3 ] DEBUG Engine               - fontMono: TerminalLandMono-Regular.otf
15:36:22.286 [FXGL Background Thread 3 ] DEBUG Engine               - fontSizeScaleUI: 1.0
15:36:22.286 [FXGL Background Thread 3 ] DEBUG Engine               - fontText: Courier-Prime.ttf
15:36:22.286 [FXGL Background Thread 3 ] DEBUG Engine               - fontUI: VarelaRound-Regular.ttf
15:36:22.286 [FXGL Background Thread 3 ] DEBUG Engine               - fullScreen: BooleanProperty [value: true]
15:36:22.286 [FXGL Background Thread 3 ] DEBUG Engine               - gameDifficulty: MEDIUM
15:36:22.287 [FXGL Background Thread 3 ] DEBUG Engine               - gameDifficultyProperty: ObjectProperty [value: MEDIUM]
15:36:22.287 [FXGL Background Thread 3 ] DEBUG Engine               - globalMusicVolume: 0.5
15:36:22.287 [FXGL Background Thread 3 ] DEBUG Engine               - globalMusicVolumeProperty: DoubleProperty [value: 0.5]
15:36:22.287 [FXGL Background Thread 3 ] DEBUG Engine               - globalSoundVolume: 0.5
15:36:22.287 [FXGL Background Thread 3 ] DEBUG Engine               - globalSoundVolumeProperty: DoubleProperty [value: 0.5]
15:36:22.287 [FXGL Background Thread 3 ] DEBUG Engine               - height: 1080
15:36:22.287 [FXGL Background Thread 3 ] DEBUG Engine               - is3D: false
15:36:22.287 [FXGL Background Thread 3 ] DEBUG Engine               - isAndroid: false
15:36:22.287 [FXGL Background Thread 3 ] DEBUG Engine               - isBrowser: false
15:36:22.287 [FXGL Background Thread 3 ] DEBUG Engine               - isClickFeedbackEnabled: false
15:36:22.287 [FXGL Background Thread 3 ] DEBUG Engine               - isCloseConfirmation: false
15:36:22.287 [FXGL Background Thread 3 ] DEBUG Engine               - isDesktop: true
15:36:22.287 [FXGL Background Thread 3 ] DEBUG Engine               - isDeveloperMenuEnabled: true
15:36:22.287 [FXGL Background Thread 3 ] DEBUG Engine               - isEmbedded: false
15:36:22.287 [FXGL Background Thread 3 ] DEBUG Engine               - isEntityPreloadEnabled: true
15:36:22.287 [FXGL Background Thread 3 ] DEBUG Engine               - isExperimentalTiledLargeMap: false
15:36:22.287 [FXGL Background Thread 3 ] DEBUG Engine               - isFileSystemWriteAllowed: true
15:36:22.287 [FXGL Background Thread 3 ] DEBUG Engine               - isFullScreenAllowed: true
15:36:22.288 [FXGL Background Thread 3 ] DEBUG Engine               - isFullScreenFromStart: true
15:36:22.288 [FXGL Background Thread 3 ] DEBUG Engine               - isGameMenuEnabled: true
15:36:22.288 [FXGL Background Thread 3 ] DEBUG Engine               - isIOS: false
15:36:22.288 [FXGL Background Thread 3 ] DEBUG Engine               - isIntroEnabled: false
15:36:22.288 [FXGL Background Thread 3 ] DEBUG Engine               - isLinux: false
15:36:22.288 [FXGL Background Thread 3 ] DEBUG Engine               - isMac: false
15:36:22.288 [FXGL Background Thread 3 ] DEBUG Engine               - isMainMenuEnabled: true
15:36:22.288 [FXGL Background Thread 3 ] DEBUG Engine               - isManualResizeEnabled: false
15:36:22.288 [FXGL Background Thread 3 ] DEBUG Engine               - isMobile: false
15:36:22.288 [FXGL Background Thread 3 ] DEBUG Engine               - isNative: false
15:36:22.288 [FXGL Background Thread 3 ] DEBUG Engine               - isPauseMusicWhenMinimized: true
15:36:22.288 [FXGL Background Thread 3 ] DEBUG Engine               - isPreserveResizeRatio: false
15:36:22.288 [FXGL Background Thread 3 ] DEBUG Engine               - isProfilingEnabled: false
15:36:22.288 [FXGL Background Thread 3 ] DEBUG Engine               - isScaleAffectedOnResize: true
15:36:22.288 [FXGL Background Thread 3 ] DEBUG Engine               - isSingleStep: false
15:36:22.288 [FXGL Background Thread 3 ] DEBUG Engine               - isUserProfileEnabled: false
15:36:22.288 [FXGL Background Thread 3 ] DEBUG Engine               - isWindows: true
15:36:22.288 [FXGL Background Thread 3 ] DEBUG Engine               - language: ObjectProperty [value: ENGLISH]
15:36:22.288 [FXGL Background Thread 3 ] DEBUG Engine               - menuKey: ESCAPE
15:36:22.288 [FXGL Background Thread 3 ] DEBUG Engine               - mouseSensitivity: 0.2
15:36:22.288 [FXGL Background Thread 3 ] DEBUG Engine               - notificationViewClass: class com.almasb.fxgl.notification.view.XboxNotificationView
15:36:22.288 [FXGL Background Thread 3 ] DEBUG Engine               - pixelsPerMeter: 50.0
15:36:22.288 [FXGL Background Thread 3 ] DEBUG Engine               - platform: WINDOWS
15:36:22.288 [FXGL Background Thread 3 ] DEBUG Engine               - prefHeightProperty: ReadOnlyDoubleProperty [value: 1080.0]
15:36:22.288 [FXGL Background Thread 3 ] DEBUG Engine               - prefWidthProperty: ReadOnlyDoubleProperty [value: 1920.0]
15:36:22.288 [FXGL Background Thread 3 ] DEBUG Engine               - profileDir: profiles/
15:36:22.288 [FXGL Background Thread 3 ] DEBUG Engine               - profileName: StringProperty [value: DEFAULT]
15:36:22.288 [FXGL Background Thread 3 ] DEBUG Engine               - randomSeed: -1
15:36:22.288 [FXGL Background Thread 3 ] DEBUG Engine               - runtimeInfo: RuntimeInfo(platform=WINDOWS, version=17.3, build=30.03.2023 11.49)
15:36:22.289 [FXGL Background Thread 3 ] DEBUG Engine               - saveFileExt: sav
15:36:22.289 [FXGL Background Thread 3 ] DEBUG Engine               - scaledHeightProp$fxgl: DoubleProperty [bound, value: 1440.0]
15:36:22.289 [FXGL Background Thread 3 ] DEBUG Engine               - scaledWidthProp$fxgl: DoubleProperty [bound, value: 2560.0]
15:36:22.289 [FXGL Background Thread 3 ] DEBUG Engine               - sceneFactory: at.htl.no_half_sends.NoHalfSendsApp$1@3d86a13b
15:36:22.289 [FXGL Background Thread 3 ] DEBUG Engine               - secondsIn24h: 60
15:36:22.289 [FXGL Background Thread 3 ] DEBUG Engine               - soundMenuBack: menu/back.wav
15:36:22.289 [FXGL Background Thread 3 ] DEBUG Engine               - soundMenuPress: menu/press.wav
15:36:22.289 [FXGL Background Thread 3 ] DEBUG Engine               - soundMenuSelect: menu/select.wav
15:36:22.289 [FXGL Background Thread 3 ] DEBUG Engine               - soundNotification: core/notification.wav
15:36:22.289 [FXGL Background Thread 3 ] DEBUG Engine               - stageStyle: DECORATED
15:36:22.289 [FXGL Background Thread 3 ] DEBUG Engine               - supportedLanguages: [ENGLISH, FRENCH, GERMAN, HUNGARIAN, RUSSIAN]
15:36:22.289 [FXGL Background Thread 3 ] DEBUG Engine               - ticksPerSecond: -1
15:36:22.289 [FXGL Background Thread 3 ] DEBUG Engine               - title: NO HALF SENDS
15:36:22.289 [FXGL Background Thread 3 ] DEBUG Engine               - urlGithub: https://github.com/AlmasB/FXGL
15:36:22.289 [FXGL Background Thread 3 ] DEBUG Engine               - urlLeaderboard: http://fxgl-top.herokuapp.com/
15:36:22.289 [FXGL Background Thread 3 ] DEBUG Engine               - urlPOM: https://raw.githubusercontent.com/AlmasB/FXGL/release/README.md
15:36:22.289 [FXGL Background Thread 3 ] DEBUG Engine               - userAppClass: class at.htl.no_half_sends.NoHalfSendsApp
15:36:22.289 [FXGL Background Thread 3 ] DEBUG Engine               - version: 0.0
15:36:22.289 [FXGL Background Thread 3 ] DEBUG Engine               - versionCheckDays: 7
15:36:22.289 [FXGL Background Thread 3 ] DEBUG Engine               - width: 1920
15:36:22.289 [FXGL Background Thread 3 ] DEBUG Engine               - Logging services
15:36:22.289 [FXGL Background Thread 3 ] DEBUG Engine               - class com.almasb.fxgl.app.services.FXGLAssetLoaderService
15:36:22.289 [FXGL Background Thread 3 ] DEBUG Engine               - class com.almasb.fxgl.app.FXGLApplication$GameApplicationService
15:36:22.289 [FXGL Background Thread 3 ] DEBUG Engine               - class com.almasb.fxgl.app.services.FXGLDialogService
15:36:22.289 [FXGL Background Thread 3 ] DEBUG Engine               - class com.almasb.fxgl.app.services.IOTaskExecutorService
15:36:22.289 [FXGL Background Thread 3 ] DEBUG Engine               - class com.almasb.fxgl.io.FileSystemService
15:36:22.289 [FXGL Background Thread 3 ] DEBUG Engine               - class com.almasb.fxgl.localization.LocalizationService
15:36:22.289 [FXGL Background Thread 3 ] DEBUG Engine               - class com.almasb.fxgl.app.services.SystemBundleService
15:36:22.289 [FXGL Background Thread 3 ] DEBUG Engine               - class com.almasb.fxgl.profile.SaveLoadService
15:36:22.289 [FXGL Background Thread 3 ] DEBUG Engine               - class com.almasb.fxgl.ui.FXGLUIFactoryServiceProvider
15:36:22.289 [FXGL Background Thread 3 ] DEBUG Engine               - class com.almasb.fxgl.ui.FXGLDialogFactoryServiceProvider
15:36:22.289 [FXGL Background Thread 3 ] DEBUG Engine               - class com.almasb.fxgl.audio.AudioPlayer
15:36:22.289 [FXGL Background Thread 3 ] DEBUG Engine               - class com.almasb.fxgl.notification.impl.NotificationServiceProvider
15:36:22.289 [FXGL Background Thread 3 ] DEBUG Engine               - class com.almasb.fxgl.achievement.AchievementService
15:36:22.289 [FXGL Background Thread 3 ] DEBUG Engine               - class com.almasb.fxgl.cutscene.CutsceneService
15:36:22.289 [FXGL Background Thread 3 ] DEBUG Engine               - class com.almasb.fxgl.minigames.MiniGameService
15:36:22.289 [FXGL Background Thread 3 ] DEBUG Engine               - class com.almasb.fxgl.net.NetService
15:36:22.289 [FXGL Background Thread 3 ] DEBUG Engine               - class com.almasb.fxgl.app.services.UpdaterService
15:36:22.289 [FXGL Background Thread 3 ] DEBUG Engine               - class com.almasb.fxgl.dev.DevService
15:36:41.038 [JavaFX Application Thread] DEBUG FXGLApplication      - Exiting FXGL
15:36:41.039 [JavaFX Application Thread] DEBUG LoopRunner           - Stopping loop
15:36:41.039 [JavaFX Application Thread] DEBUG SystemBundleService  - Saving FXGL system data
15:36:41.040 [JavaFX Application Thread] DEBUG FileSystemAccess     - Writing to: C:\Users\Clemis PC\Desktop\workspace\NO-HALF-SENDS\NO_HALF_SENDS\system\fxgl.bundle
15:36:41.041 [JavaFX Application Thread] DEBUG Async                - Shutting down background threads
15:36:41.042 [JavaFX Application Thread] DEBUG PrimaryStageWindow   - Closing main window
15:36:41.062 [JavaFX Application Thread] DEBUG Logger               - Closing Logger
