16:36:46.202 [main                     ] DEBUG Logger               - Configured Logger
16:36:46.208 [main                     ] DEBUG GameApplication      - Logging settings
Title: NO HALF SENDS
Version: 0.0
Width: 1920
Height: 1080
Fullscreen: true
Intro: false
Profiling: false
Single step:false
App Mode: DEVELOPER
Menu Key: ESCAPE
Stage Style: DECORATED
Scene Factory: class at.htl.no_half_sends.NoHalfSendsApp$1

16:36:46.589 [JavaFX Application Thread] DEBUG FXGLApplication      - Initializing FXGL
16:36:46.592 [JavaFX Application Thread] INFO  Engine               - FXGL-17.3 (30.03.2023 11.49) on WINDOWS (J:25.0.1 FX:21.0.6)
16:36:46.592 [JavaFX Application Thread] DEBUG Engine               - JRE Vendor Name: Oracle Corporation
16:36:46.592 [JavaFX Application Thread] DEBUG Engine               - Running on OS: Windows 11 version 10.0
16:36:46.592 [JavaFX Application Thread] DEBUG Engine               - Architecture: amd64
16:36:46.592 [JavaFX Application Thread] INFO  Engine               - Source code and latest versions at: https://github.com/AlmasB/FXGL
16:36:46.592 [JavaFX Application Thread] INFO  Engine               -       Ask questions and discuss at: https://github.com/AlmasB/FXGL/discussions
16:36:46.592 [JavaFX Application Thread] INFO  Engine               -              Join the FXGL chat at: https://gitter.im/AlmasB/FXGL
16:36:46.666 [JavaFX Application Thread] DEBUG PrimaryStageWindow   - Creating a JavaFX scene
16:36:46.698 [JavaFX Application Thread] DEBUG PrimaryStageWindow   - Target settings size: 1920.0 x 1080.0
16:36:46.698 [JavaFX Application Thread] DEBUG PrimaryStageWindow   - Scaled scene size:    1920.0 x 1080.0
16:36:46.698 [JavaFX Application Thread] DEBUG PrimaryStageWindow   - Scaled ratio: (1.0, 1.0)
16:36:46.699 [JavaFX Application Thread] DEBUG PrimaryStageWindow   - Set initial scene to FXGLStartupScene
16:36:46.702 [JavaFX Application Thread] DEBUG PrimaryStageWindow   - Opening main window
16:36:46.756 [JavaFX Application Thread] DEBUG PrimaryStageWindow   - Window border size: (16.0, 39.0)
16:36:46.756 [JavaFX Application Thread] DEBUG PrimaryStageWindow   - Scaled size: 1920.0 x 1080.0
16:36:46.756 [JavaFX Application Thread] DEBUG PrimaryStageWindow   - Scaled ratio: (1.0, 1.0)
16:36:46.756 [JavaFX Application Thread] DEBUG PrimaryStageWindow   - Scene size: 1920.0 x 1080.0
16:36:46.756 [JavaFX Application Thread] DEBUG PrimaryStageWindow   - Stage size: 1936.0 x 1119.0
16:36:46.792 [JavaFX Application Thread] DEBUG PrimaryStageWindow   - Going fullscreen
16:36:46.797 [FXGL Background Thread 1 ] DEBUG Engine               - Initializing environment variables
16:36:46.832 [FXGL Background Thread 1 ] DEBUG FXGLAssetLoaderServi - User app class for loading assets: class at.htl.no_half_sends.NoHalfSendsApp
16:36:46.833 [FXGL Background Thread 1 ] DEBUG GameApplicationServi - Applying CSS: fxgl_dark.css
16:36:46.833 [FXGL Background Thread 1 ] DEBUG FXGLAssetLoaderServi - Loading from file system: jar:file:/C:/Users/Clemis%20PC/.m2/repository/com/github/almasb/fxgl/17.3/fxgl-17.3.jar!/fxglassets/ui/css/fxgl_dark.css
16:36:46.860 [FXGL Background Thread 1 ] DEBUG GameApplicationServi - Initializing application scenes
16:36:46.886 [FXGL Background Thread 1 ] DEBUG GameWorld            - Game world initialized
16:36:46.916 [FXGL Background Thread 1 ] DEBUG PhysicsWorld         - Physics world initialized: appHeight=1080, physics.ppm=50,0
16:36:46.916 [FXGL Background Thread 1 ] DEBUG PhysicsWorld         - Using strategy: BRUTE_FORCE
16:36:46.918 [FXGL Background Thread 1 ] DEBUG GameScene            - Game scene initialized: 1920x1080
16:36:46.971 [FXGL Background Thread 1 ] DEBUG GameApplicationServi - Application scenes initialized
16:36:46.981 [FXGL Background Thread 1 ] DEBUG SystemBundleService  - Loading FXGL system data
16:36:46.984 [FXGL Background Thread 1 ] DEBUG FileSystemAccess     - Reading from: C:\Users\Clemis PC\Desktop\workspace\NO-HALF-SENDS\NO_HALF_SENDS\system\fxgl.bundle
16:36:46.988 [FXGL Background Thread 1 ] DEBUG SystemBundleService  - Bundle FXGL: {}
16:36:46.988 [FXGL Background Thread 1 ] DEBUG UpdaterService       - Checking for updates
16:36:47.007 [FXGL Background Thread 4 ] DEBUG FXGLApplication      - Loading fonts
16:36:47.008 [FXGL Background Thread 4 ] DEBUG FXGLAssetLoaderServi - Loading from file system: jar:file:/C:/Users/Clemis%20PC/.m2/repository/com/github/almasb/fxgl/17.3/fxgl-17.3.jar!/fxglassets/ui/fonts/VarelaRound-Regular.ttf
16:36:47.008 [FXGL Background Thread 1 ] DEBUG FXGLApplication      - Loading default localization
16:36:47.008 [FXGL Background Thread 1 ] DEBUG FXGLAssetLoaderServi - Loading from file system: jar:file:/C:/Users/Clemis%20PC/.m2/repository/com/github/almasb/fxgl/17.3/fxgl-17.3.jar!/fxglassets/languages/english.lang
16:36:47.019 [FXGL Background Thread 1 ] INFO  FXGLApplication      - FXGL initialization took: 0,221 sec
16:36:47.025 [JavaFX Application Thread] DEBUG Input                - Registered new binding: Gas geben - W
16:36:47.025 [JavaFX Application Thread] DEBUG Input                - Registered new binding: Bremsen / Rückwärts - S
16:36:47.025 [JavaFX Application Thread] DEBUG Input                - Registered new binding: Links lenken - A
16:36:47.025 [JavaFX Application Thread] DEBUG Input                - Registered new binding: Rechts lenken - D
16:36:47.025 [JavaFX Application Thread] DEBUG Input                - Registered new binding: Speichern - F5
16:36:47.025 [JavaFX Application Thread] DEBUG FXGLAssetLoaderServi - Loading from file system: jar:file:/C:/Users/Clemis%20PC/.m2/repository/com/github/almasb/fxgl/17.3/fxgl-17.3.jar!/fxglassets/textures/fxgl_icon.png
16:36:47.030 [FXGL Background Thread 4 ] DEBUG FXGLAssetLoaderServi - Loading from file system: jar:file:/C:/Users/Clemis%20PC/.m2/repository/com/github/almasb/fxgl/17.3/fxgl-17.3.jar!/fxglassets/ui/fonts/Abel-Regular.ttf
16:36:47.037 [FXGL Background Thread 4 ] DEBUG FXGLAssetLoaderServi - Loading from file system: jar:file:/C:/Users/Clemis%20PC/.m2/repository/com/github/almasb/fxgl/17.3/fxgl-17.3.jar!/fxglassets/ui/fonts/TerminalLandMono-Regular.otf
16:36:47.045 [FXGL Background Thread 4 ] DEBUG FXGLAssetLoaderServi - Loading from file system: jar:file:/C:/Users/Clemis%20PC/.m2/repository/com/github/almasb/fxgl/17.3/fxgl-17.3.jar!/fxglassets/ui/fonts/Courier-Prime.ttf
16:36:47.055 [JavaFX Application Thread] DEBUG FXGLAssetLoaderServi - Loading from file system: jar:file:/C:/Users/Clemis%20PC/.m2/repository/com/github/almasb/fxgl/17.3/fxgl-17.3.jar!/fxglassets/textures/fxgl_default_cursor.png
16:36:47.057 [JavaFX Application Thread] DEBUG Input                - Registered new binding: Screenshot - CTRL+8
16:36:47.058 [JavaFX Application Thread] DEBUG Input                - Registered new binding: Dev Options - 1
16:36:47.058 [JavaFX Application Thread] DEBUG Input                - Registered new binding: Dev Console - 2
16:36:47.058 [JavaFX Application Thread] DEBUG Input                - Registered new binding: System info dump - CTRL+9
16:36:47.059 [JavaFX Application Thread] DEBUG Input                - Registered new binding: Restart - CTRL+R
16:36:47.059 [JavaFX Application Thread] DEBUG Input                - Registered new binding: Toggle Debug Camera - CTRL+7
16:36:47.061 [JavaFX Application Thread] DEBUG LoopRunner           - Starting loop
16:36:47.072 [JavaFX Application Thread] DEBUG LoopRunner           - Initializing JavaFX AnimationTimerLoop
16:36:47.077 [JavaFX Application Thread] DEBUG Input                - Clearing active input actions
16:36:47.084 [JavaFX Application Thread] DEBUG GameApplicationServi - Removing overlay from FXGLStartupScene and adding to FXGLMainMenuDummyScene
16:36:47.088 [JavaFX Application Thread] DEBUG PrimaryStageWindow   - FXGLStartupScene -> FXGLMainMenuDummyScene
16:36:47.088 [JavaFX Application Thread] DEBUG PrimaryStageWindow   - Push state: DriftMainMenu
16:36:47.088 [JavaFX Application Thread] DEBUG Input                - Clearing active input actions
16:36:47.094 [JavaFX Application Thread] DEBUG GameApplicationServi - Removing overlay from FXGLMainMenuDummyScene and adding to DriftMainMenu
16:36:47.095 [JavaFX Application Thread] DEBUG PrimaryStageWindow   - FXGLMainMenuDummyScene -> DriftMainMenu
16:36:47.095 [JavaFX Application Thread] DEBUG FXGLApplication      - Registering font factories with UI factory
16:36:47.322 [FXGL Background Thread 2 ] INFO  UpdaterService       - Your current version:  17.3
16:36:47.323 [FXGL Background Thread 2 ] INFO  UpdaterService       - Latest stable version: 25
16:36:49.125 [JavaFX Application Thread] DEBUG FXGLApplication      - Exiting FXGL
16:36:49.125 [JavaFX Application Thread] DEBUG LoopRunner           - Stopping loop
16:36:49.125 [JavaFX Application Thread] DEBUG SystemBundleService  - Saving FXGL system data
16:36:49.126 [JavaFX Application Thread] DEBUG FileSystemAccess     - Writing to: C:\Users\Clemis PC\Desktop\workspace\NO-HALF-SENDS\NO_HALF_SENDS\system\fxgl.bundle
16:36:49.128 [JavaFX Application Thread] DEBUG Async                - Shutting down background threads
16:36:49.133 [JavaFX Application Thread] DEBUG PrimaryStageWindow   - Closing main window
16:36:49.148 [JavaFX Application Thread] DEBUG Logger               - Closing Logger
