15:44:02.707 [main                     ] DEBUG Logger               - Configured Logger
15:44:02.712 [main                     ] DEBUG GameApplication      - Logging settings
Title: NO HALF SENDS
Version: 0.0
Width: 1920
Height: 1080
Fullscreen: true
Intro: false
Profiling: false
Single step:false
App Mode: DEVELOPER
Menu Key: ESCAPE
Stage Style: DECORATED
Scene Factory: class at.htl.no_half_sends.NoHalfSendsApp$1

15:44:03.079 [JavaFX Application Thread] DEBUG FXGLApplication      - Initializing FXGL
15:44:03.081 [JavaFX Application Thread] INFO  Engine               - FXGL-17.3 (30.03.2023 11.49) on WINDOWS (J:25.0.1 FX:21.0.6)
15:44:03.081 [JavaFX Application Thread] DEBUG Engine               - JRE Vendor Name: Oracle Corporation
15:44:03.081 [JavaFX Application Thread] DEBUG Engine               - Running on OS: Windows 11 version 10.0
15:44:03.082 [JavaFX Application Thread] DEBUG Engine               - Architecture: amd64
15:44:03.082 [JavaFX Application Thread] INFO  Engine               - Source code and latest versions at: https://github.com/AlmasB/FXGL
15:44:03.082 [JavaFX Application Thread] INFO  Engine               -       Ask questions and discuss at: https://github.com/AlmasB/FXGL/discussions
15:44:03.082 [JavaFX Application Thread] INFO  Engine               -              Join the FXGL chat at: https://gitter.im/AlmasB/FXGL
15:44:03.156 [JavaFX Application Thread] DEBUG PrimaryStageWindow   - Creating a JavaFX scene
15:44:03.189 [JavaFX Application Thread] DEBUG PrimaryStageWindow   - Target settings size: 1920.0 x 1080.0
15:44:03.189 [JavaFX Application Thread] DEBUG PrimaryStageWindow   - Scaled scene size:    1920.0 x 1080.0
15:44:03.189 [JavaFX Application Thread] DEBUG PrimaryStageWindow   - Scaled ratio: (1.0, 1.0)
15:44:03.190 [JavaFX Application Thread] DEBUG PrimaryStageWindow   - Set initial scene to FXGLStartupScene
15:44:03.193 [JavaFX Application Thread] DEBUG PrimaryStageWindow   - Opening main window
15:44:03.250 [JavaFX Application Thread] DEBUG PrimaryStageWindow   - Window border size: (16.0, 39.0)
15:44:03.250 [JavaFX Application Thread] DEBUG PrimaryStageWindow   - Scaled size: 1920.0 x 1080.0
15:44:03.250 [JavaFX Application Thread] DEBUG PrimaryStageWindow   - Scaled ratio: (1.0, 1.0)
15:44:03.250 [JavaFX Application Thread] DEBUG PrimaryStageWindow   - Scene size: 1920.0 x 1080.0
15:44:03.250 [JavaFX Application Thread] DEBUG PrimaryStageWindow   - Stage size: 1936.0 x 1119.0
15:44:03.287 [JavaFX Application Thread] DEBUG PrimaryStageWindow   - Going fullscreen
15:44:03.293 [FXGL Background Thread 1 ] DEBUG Engine               - Initializing environment variables
15:44:03.330 [FXGL Background Thread 1 ] DEBUG FXGLAssetLoaderServi - User app class for loading assets: class at.htl.no_half_sends.NoHalfSendsApp
15:44:03.331 [FXGL Background Thread 1 ] DEBUG GameApplicationServi - Applying CSS: fxgl_dark.css
15:44:03.331 [FXGL Background Thread 1 ] DEBUG FXGLAssetLoaderServi - Loading from file system: jar:file:/C:/Users/Clemis%20PC/.m2/repository/com/github/almasb/fxgl/17.3/fxgl-17.3.jar!/fxglassets/ui/css/fxgl_dark.css
15:44:03.358 [FXGL Background Thread 1 ] DEBUG GameApplicationServi - Initializing application scenes
15:44:03.383 [FXGL Background Thread 1 ] DEBUG GameWorld            - Game world initialized
15:44:03.415 [FXGL Background Thread 1 ] DEBUG PhysicsWorld         - Physics world initialized: appHeight=1080, physics.ppm=50,0
15:44:03.415 [FXGL Background Thread 1 ] DEBUG PhysicsWorld         - Using strategy: BRUTE_FORCE
15:44:03.418 [FXGL Background Thread 1 ] DEBUG GameScene            - Game scene initialized: 1920x1080
15:44:03.476 [FXGL Background Thread 1 ] DEBUG FXGLAssetLoaderServi - Loading from file system: file:/C:/Users/Clemis%20PC/Desktop/workspace/NO-HALF-SENDS/NO_HALF_SENDS/target/classes/assets/textures/Turbo.png
15:44:03.619 [FXGL Background Thread 1 ] DEBUG FXGLAssetLoaderServi - Loading from file system: file:/C:/Users/Clemis%20PC/Desktop/workspace/NO-HALF-SENDS/NO_HALF_SENDS/target/classes/assets/textures/Differential.png
15:44:03.740 [FXGL Background Thread 1 ] DEBUG FXGLAssetLoaderServi - Loading from file system: file:/C:/Users/Clemis%20PC/Desktop/workspace/NO-HALF-SENDS/NO_HALF_SENDS/target/classes/assets/textures/Tires.png
15:44:03.857 [FXGL Background Thread 1 ] DEBUG FXGLAssetLoaderServi - Loading from file system: file:/C:/Users/Clemis%20PC/Desktop/workspace/NO-HALF-SENDS/NO_HALF_SENDS/target/classes/assets/textures/Intake.png
15:44:03.947 [FXGL Background Thread 1 ] DEBUG FXGLAssetLoaderServi - Loading from file system: file:/C:/Users/Clemis%20PC/Desktop/workspace/NO-HALF-SENDS/NO_HALF_SENDS/target/classes/assets/textures/Chassis.png
15:44:04.043 [FXGL Background Thread 1 ] DEBUG FXGLAssetLoaderServi - Loading from file system: file:/C:/Users/Clemis%20PC/Desktop/workspace/NO-HALF-SENDS/NO_HALF_SENDS/target/classes/assets/textures/Transmission.png
15:44:04.149 [FXGL Background Thread 1 ] DEBUG FXGLAssetLoaderServi - Loading from file system: file:/C:/Users/Clemis%20PC/Desktop/workspace/NO-HALF-SENDS/NO_HALF_SENDS/target/classes/assets/textures/Nissan_GTR_R35_mk4.png
15:44:04.153 [FXGL Background Thread 1 ] DEBUG FXGLAssetLoaderServi - Loading from file system: file:/C:/Users/Clemis%20PC/Desktop/workspace/NO-HALF-SENDS/NO_HALF_SENDS/target/classes/assets/textures/Subaru_WRX_STI_mk2.png
15:44:04.158 [FXGL Background Thread 1 ] DEBUG FXGLAssetLoaderServi - Loading from file system: file:/C:/Users/Clemis%20PC/Desktop/workspace/NO-HALF-SENDS/NO_HALF_SENDS/target/classes/assets/textures/Toyota_Supra_mk2.png
15:44:04.161 [FXGL Background Thread 1 ] DEBUG FXGLAssetLoaderServi - Loading from file system: file:/C:/Users/Clemis%20PC/Desktop/workspace/NO-HALF-SENDS/NO_HALF_SENDS/target/classes/assets/textures/Ferarri_F12_mk2.png
15:44:04.171 [FXGL Background Thread 1 ] DEBUG GameApplicationServi - Application scenes initialized
15:44:04.181 [FXGL Background Thread 1 ] DEBUG SystemBundleService  - Loading FXGL system data
15:44:04.185 [FXGL Background Thread 1 ] DEBUG FileSystemAccess     - Reading from: C:\Users\Clemis PC\Desktop\workspace\NO-HALF-SENDS\NO_HALF_SENDS\system\fxgl.bundle
15:44:04.189 [FXGL Background Thread 1 ] DEBUG SystemBundleService  - Bundle FXGL: {}
15:44:04.189 [FXGL Background Thread 1 ] DEBUG UpdaterService       - Checking for updates
15:44:04.209 [FXGL Background Thread 4 ] DEBUG FXGLApplication      - Loading fonts
15:44:04.209 [FXGL Background Thread 4 ] DEBUG FXGLAssetLoaderServi - Loading from file system: jar:file:/C:/Users/Clemis%20PC/.m2/repository/com/github/almasb/fxgl/17.3/fxgl-17.3.jar!/fxglassets/ui/fonts/VarelaRound-Regular.ttf
15:44:04.209 [FXGL Background Thread 1 ] DEBUG FXGLApplication      - Loading default localization
15:44:04.210 [FXGL Background Thread 1 ] DEBUG FXGLAssetLoaderServi - Loading from file system: jar:file:/C:/Users/Clemis%20PC/.m2/repository/com/github/almasb/fxgl/17.3/fxgl-17.3.jar!/fxglassets/languages/english.lang
15:44:04.221 [FXGL Background Thread 1 ] INFO  FXGLApplication      - FXGL initialization took: 0,927 sec
15:44:04.227 [JavaFX Application Thread] DEBUG Input                - Registered new binding: Gas geben - W
15:44:04.227 [JavaFX Application Thread] DEBUG Input                - Registered new binding: Bremsen / Rückwärts - S
15:44:04.227 [JavaFX Application Thread] DEBUG Input                - Registered new binding: Links lenken - A
15:44:04.227 [JavaFX Application Thread] DEBUG Input                - Registered new binding: Rechts lenken - D
15:44:04.227 [JavaFX Application Thread] DEBUG Input                - Registered new binding: Speichern - F5
15:44:04.228 [JavaFX Application Thread] DEBUG FXGLAssetLoaderServi - Loading from file system: jar:file:/C:/Users/Clemis%20PC/.m2/repository/com/github/almasb/fxgl/17.3/fxgl-17.3.jar!/fxglassets/textures/fxgl_icon.png
15:44:04.233 [FXGL Background Thread 4 ] DEBUG FXGLAssetLoaderServi - Loading from file system: jar:file:/C:/Users/Clemis%20PC/.m2/repository/com/github/almasb/fxgl/17.3/fxgl-17.3.jar!/fxglassets/ui/fonts/Abel-Regular.ttf
15:44:04.237 [JavaFX Application Thread] DEBUG FXGLAssetLoaderServi - Loading from file system: jar:file:/C:/Users/Clemis%20PC/.m2/repository/com/github/almasb/fxgl/17.3/fxgl-17.3.jar!/fxglassets/textures/fxgl_default_cursor.png
15:44:04.238 [JavaFX Application Thread] DEBUG Input                - Registered new binding: Screenshot - CTRL+8
15:44:04.238 [JavaFX Application Thread] DEBUG Input                - Registered new binding: Dev Options - 1
15:44:04.238 [JavaFX Application Thread] DEBUG Input                - Registered new binding: Dev Console - 2
15:44:04.238 [JavaFX Application Thread] DEBUG Input                - Registered new binding: System info dump - CTRL+9
15:44:04.238 [JavaFX Application Thread] DEBUG Input                - Registered new binding: Restart - CTRL+R
15:44:04.239 [JavaFX Application Thread] DEBUG Input                - Registered new binding: Toggle Debug Camera - CTRL+7
15:44:04.241 [FXGL Background Thread 4 ] DEBUG FXGLAssetLoaderServi - Loading from file system: jar:file:/C:/Users/Clemis%20PC/.m2/repository/com/github/almasb/fxgl/17.3/fxgl-17.3.jar!/fxglassets/ui/fonts/TerminalLandMono-Regular.otf
15:44:04.242 [JavaFX Application Thread] DEBUG LoopRunner           - Starting loop
15:44:04.249 [FXGL Background Thread 4 ] DEBUG FXGLAssetLoaderServi - Loading from file system: jar:file:/C:/Users/Clemis%20PC/.m2/repository/com/github/almasb/fxgl/17.3/fxgl-17.3.jar!/fxglassets/ui/fonts/Courier-Prime.ttf
15:44:04.252 [JavaFX Application Thread] DEBUG LoopRunner           - Initializing JavaFX AnimationTimerLoop
15:44:04.253 [JavaFX Application Thread] DEBUG Input                - Clearing active input actions
15:44:04.258 [JavaFX Application Thread] DEBUG GameApplicationServi - Removing overlay from FXGLStartupScene and adding to FXGLMainMenuDummyScene
15:44:04.266 [JavaFX Application Thread] DEBUG PrimaryStageWindow   - FXGLStartupScene -> FXGLMainMenuDummyScene
15:44:04.266 [JavaFX Application Thread] DEBUG PrimaryStageWindow   - Push state: DriftMainMenu
15:44:04.266 [JavaFX Application Thread] DEBUG Input                - Clearing active input actions
15:44:04.275 [JavaFX Application Thread] DEBUG GameApplicationServi - Removing overlay from FXGLMainMenuDummyScene and adding to DriftMainMenu
15:44:04.275 [JavaFX Application Thread] DEBUG PrimaryStageWindow   - FXGLMainMenuDummyScene -> DriftMainMenu
15:44:04.289 [JavaFX Application Thread] DEBUG FXGLApplication      - Registering font factories with UI factory
15:44:04.490 [FXGL Background Thread 2 ] INFO  UpdaterService       - Your current version:  17.3
15:44:04.491 [FXGL Background Thread 2 ] INFO  UpdaterService       - Latest stable version: 25
15:44:05.104 [JavaFX Application Thread] DEBUG Menu                 - fireNewGame()
15:44:05.105 [JavaFX Application Thread] DEBUG GameApplicationServi - Starting new game
15:44:05.105 [JavaFX Application Thread] DEBUG PrimaryStageWindow   - Pop state: DriftMainMenu
15:44:05.105 [JavaFX Application Thread] DEBUG Input                - Clearing active input actions
15:44:05.105 [JavaFX Application Thread] DEBUG GameApplicationServi - Removing overlay from DriftMainMenu and adding to FXGLMainMenuDummyScene
15:44:05.107 [JavaFX Application Thread] DEBUG PrimaryStageWindow   - FXGLMainMenuDummyScene <- DriftMainMenu
15:44:05.107 [JavaFX Application Thread] DEBUG Input                - Clearing active input actions
15:44:05.110 [JavaFX Application Thread] DEBUG GameApplicationServi - Removing overlay from FXGLMainMenuDummyScene and adding to FXGLLoadingScene
15:44:05.110 [JavaFX Application Thread] DEBUG PrimaryStageWindow   - FXGLMainMenuDummyScene -> FXGLLoadingScene
15:44:05.110 [JavaFX Application Thread] DEBUG GameApplicationServi - Clearing previous game
15:44:05.110 [JavaFX Application Thread] DEBUG GameScene            - Clearing game scene
15:44:05.110 [JavaFX Application Thread] DEBUG GameWorld            - Clearing game world
15:44:05.110 [JavaFX Application Thread] DEBUG PhysicsWorld         - Clearing physics world
15:44:05.111 [FXGL Background Thread 2 ] DEBUG FXGLApplication      - Initializing game
15:44:05.129 [FXGL Background Thread 2 ] WARN  TMXLevelLoader       - TiledMap generated from 1.12.1. Supported version: 1.9.0. Some features may not be parsed fully.
15:44:05.147 [FXGL Background Thread 2 ] DEBUG TMXLevelLoader       - Parsed TiledMap: file:/C:/Users/Clemis%20PC/Desktop/workspace/NO-HALF-SENDS/NO_HALF_SENDS/target/classes/assets/levels/FinalMap.tmx
15:44:05.148 [FXGL Background Thread 2 ] DEBUG TMXLevelLoader       - Creating tile layer entities
15:44:05.149 [FXGL Background Thread 2 ] DEBUG TilesetLoader        - Loading view for layer Kachelebene 1
15:44:05.151 [FXGL Background Thread 2 ] DEBUG TilesetLoader        - Created buffer with size 1280.0x1280.0
15:44:05.161 [FXGL Background Thread 2 ] DEBUG TMXLevelLoader       - Creating object layer entities
15:44:05.176 [FXGL Background Thread 2 ] DEBUG GameWorld            - Clearing removable entities
15:44:05.176 [FXGL Background Thread 2 ] DEBUG GameWorld            - Setting level: com.almasb.fxgl.entity.level.Level@1a0ff756
15:44:05.181 [FXGL Background Thread 2 ] INFO  FXGLApplication      - Game initialization took: 0,069 sec
15:44:05.186 [JavaFX Application Thread] DEBUG Input                - Clearing active input actions
15:44:05.190 [JavaFX Application Thread] DEBUG GameApplicationServi - Removing overlay from FXGLLoadingScene and adding to GameScene
15:44:05.192 [JavaFX Application Thread] DEBUG PrimaryStageWindow   - FXGLLoadingScene -> GameScene
15:44:07.209 [FXGL Background Thread 3 ] DEBUG Engine               - Logging environment variables
15:44:07.209 [FXGL Background Thread 3 ] DEBUG Engine               - achievements: []
15:44:07.209 [FXGL Background Thread 3 ] DEBUG Engine               - actualHeight: 1440.0
15:44:07.209 [FXGL Background Thread 3 ] DEBUG Engine               - actualHeightProperty: ReadOnlyDoubleProperty [value: 1440.0]
15:44:07.209 [FXGL Background Thread 3 ] DEBUG Engine               - actualWidth: 2560.0
15:44:07.209 [FXGL Background Thread 3 ] DEBUG Engine               - actualWidthProperty: ReadOnlyDoubleProperty [value: 2560.0]
15:44:07.209 [FXGL Background Thread 3 ] DEBUG Engine               - appIcon: fxgl_icon.png
15:44:07.209 [FXGL Background Thread 3 ] DEBUG Engine               - applicationMode: DEVELOPER
15:44:07.209 [FXGL Background Thread 3 ] DEBUG Engine               - cSSList: [fxgl_dark.css]
15:44:07.210 [FXGL Background Thread 3 ] DEBUG Engine               - collisionDetectionStrategy: BRUTE_FORCE
15:44:07.210 [FXGL Background Thread 3 ] DEBUG Engine               - configClass: Optional.empty
15:44:07.210 [FXGL Background Thread 3 ] DEBUG Engine               - credits: []
15:44:07.210 [FXGL Background Thread 3 ] DEBUG Engine               - defaultCursor: CursorInfo(imageName=fxgl_default_cursor.png, hotspotX=7.0, hotspotY=6.0)
15:44:07.210 [FXGL Background Thread 3 ] DEBUG Engine               - devBBoxColorProperty: ObjectProperty [value: 0xff0000ff]
15:44:07.210 [FXGL Background Thread 3 ] DEBUG Engine               - devEnableDebugCameraProperty: BooleanProperty [value: false]
15:44:07.210 [FXGL Background Thread 3 ] DEBUG Engine               - devSensorColorProperty: ObjectProperty [value: 0xffff00ff]
15:44:07.210 [FXGL Background Thread 3 ] DEBUG Engine               - devShowBBoxProperty: BooleanProperty [value: false]
15:44:07.210 [FXGL Background Thread 3 ] DEBUG Engine               - devShowPositionProperty: BooleanProperty [value: false]
15:44:07.210 [FXGL Background Thread 3 ] DEBUG Engine               - enabledMenuItems: []
15:44:07.210 [FXGL Background Thread 3 ] DEBUG Engine               - engineServices: [class com.almasb.fxgl.app.services.FXGLAssetLoaderService, class com.almasb.fxgl.app.FXGLApplication$GameApplicationService, class com.almasb.fxgl.app.services.FXGLDialogService, class com.almasb.fxgl.app.services.IOTaskExecutorService, class com.almasb.fxgl.io.FileSystemService, class com.almasb.fxgl.localization.LocalizationService, class com.almasb.fxgl.app.services.SystemBundleService, class com.almasb.fxgl.profile.SaveLoadService, class com.almasb.fxgl.ui.FXGLUIFactoryServiceProvider, class com.almasb.fxgl.ui.FXGLDialogFactoryServiceProvider, class com.almasb.fxgl.audio.AudioPlayer, class com.almasb.fxgl.notification.impl.NotificationServiceProvider, class com.almasb.fxgl.achievement.AchievementService, class com.almasb.fxgl.cutscene.CutsceneService, class com.almasb.fxgl.minigames.MiniGameService, class com.almasb.fxgl.net.NetService, class com.almasb.fxgl.app.services.UpdaterService, class com.almasb.fxgl.dev.DevService]
15:44:07.210 [FXGL Background Thread 3 ] DEBUG Engine               - fontGame: Abel-Regular.ttf
15:44:07.210 [FXGL Background Thread 3 ] DEBUG Engine               - fontMono: TerminalLandMono-Regular.otf
15:44:07.210 [FXGL Background Thread 3 ] DEBUG Engine               - fontSizeScaleUI: 1.0
15:44:07.210 [FXGL Background Thread 3 ] DEBUG Engine               - fontText: Courier-Prime.ttf
15:44:07.210 [FXGL Background Thread 3 ] DEBUG Engine               - fontUI: VarelaRound-Regular.ttf
15:44:07.210 [FXGL Background Thread 3 ] DEBUG Engine               - fullScreen: BooleanProperty [value: true]
15:44:07.210 [FXGL Background Thread 3 ] DEBUG Engine               - gameDifficulty: MEDIUM
15:44:07.210 [FXGL Background Thread 3 ] DEBUG Engine               - gameDifficultyProperty: ObjectProperty [value: MEDIUM]
15:44:07.210 [FXGL Background Thread 3 ] DEBUG Engine               - globalMusicVolume: 0.5
15:44:07.210 [FXGL Background Thread 3 ] DEBUG Engine               - globalMusicVolumeProperty: DoubleProperty [value: 0.5]
15:44:07.210 [FXGL Background Thread 3 ] DEBUG Engine               - globalSoundVolume: 0.5
15:44:07.211 [FXGL Background Thread 3 ] DEBUG Engine               - globalSoundVolumeProperty: DoubleProperty [value: 0.5]
15:44:07.211 [FXGL Background Thread 3 ] DEBUG Engine               - height: 1080
15:44:07.211 [FXGL Background Thread 3 ] DEBUG Engine               - is3D: false
15:44:07.211 [FXGL Background Thread 3 ] DEBUG Engine               - isAndroid: false
15:44:07.211 [FXGL Background Thread 3 ] DEBUG Engine               - isBrowser: false
15:44:07.211 [FXGL Background Thread 3 ] DEBUG Engine               - isClickFeedbackEnabled: false
15:44:07.211 [FXGL Background Thread 3 ] DEBUG Engine               - isCloseConfirmation: false
15:44:07.211 [FXGL Background Thread 3 ] DEBUG Engine               - isDesktop: true
15:44:07.211 [FXGL Background Thread 3 ] DEBUG Engine               - isDeveloperMenuEnabled: true
15:44:07.211 [FXGL Background Thread 3 ] DEBUG Engine               - isEmbedded: false
15:44:07.211 [FXGL Background Thread 3 ] DEBUG Engine               - isEntityPreloadEnabled: true
15:44:07.211 [FXGL Background Thread 3 ] DEBUG Engine               - isExperimentalTiledLargeMap: false
15:44:07.211 [FXGL Background Thread 3 ] DEBUG Engine               - isFileSystemWriteAllowed: true
15:44:07.211 [FXGL Background Thread 3 ] DEBUG Engine               - isFullScreenAllowed: true
15:44:07.211 [FXGL Background Thread 3 ] DEBUG Engine               - isFullScreenFromStart: true
15:44:07.211 [FXGL Background Thread 3 ] DEBUG Engine               - isGameMenuEnabled: true
15:44:07.211 [FXGL Background Thread 3 ] DEBUG Engine               - isIOS: false
15:44:07.211 [FXGL Background Thread 3 ] DEBUG Engine               - isIntroEnabled: false
15:44:07.211 [FXGL Background Thread 3 ] DEBUG Engine               - isLinux: false
15:44:07.211 [FXGL Background Thread 3 ] DEBUG Engine               - isMac: false
15:44:07.211 [FXGL Background Thread 3 ] DEBUG Engine               - isMainMenuEnabled: true
15:44:07.211 [FXGL Background Thread 3 ] DEBUG Engine               - isManualResizeEnabled: false
15:44:07.211 [FXGL Background Thread 3 ] DEBUG Engine               - isMobile: false
15:44:07.211 [FXGL Background Thread 3 ] DEBUG Engine               - isNative: false
15:44:07.211 [FXGL Background Thread 3 ] DEBUG Engine               - isPauseMusicWhenMinimized: true
15:44:07.211 [FXGL Background Thread 3 ] DEBUG Engine               - isPreserveResizeRatio: false
15:44:07.211 [FXGL Background Thread 3 ] DEBUG Engine               - isProfilingEnabled: false
15:44:07.211 [FXGL Background Thread 3 ] DEBUG Engine               - isScaleAffectedOnResize: true
15:44:07.211 [FXGL Background Thread 3 ] DEBUG Engine               - isSingleStep: false
15:44:07.211 [FXGL Background Thread 3 ] DEBUG Engine               - isUserProfileEnabled: false
15:44:07.211 [FXGL Background Thread 3 ] DEBUG Engine               - isWindows: true
15:44:07.211 [FXGL Background Thread 3 ] DEBUG Engine               - language: ObjectProperty [value: ENGLISH]
15:44:07.211 [FXGL Background Thread 3 ] DEBUG Engine               - menuKey: ESCAPE
15:44:07.211 [FXGL Background Thread 3 ] DEBUG Engine               - mouseSensitivity: 0.2
15:44:07.211 [FXGL Background Thread 3 ] DEBUG Engine               - notificationViewClass: class com.almasb.fxgl.notification.view.XboxNotificationView
15:44:07.211 [FXGL Background Thread 3 ] DEBUG Engine               - pixelsPerMeter: 50.0
15:44:07.211 [FXGL Background Thread 3 ] DEBUG Engine               - platform: WINDOWS
15:44:07.211 [FXGL Background Thread 3 ] DEBUG Engine               - prefHeightProperty: ReadOnlyDoubleProperty [value: 1080.0]
15:44:07.212 [FXGL Background Thread 3 ] DEBUG Engine               - prefWidthProperty: ReadOnlyDoubleProperty [value: 1920.0]
15:44:07.212 [FXGL Background Thread 3 ] DEBUG Engine               - profileDir: profiles/
15:44:07.212 [FXGL Background Thread 3 ] DEBUG Engine               - profileName: StringProperty [value: DEFAULT]
15:44:07.212 [FXGL Background Thread 3 ] DEBUG Engine               - randomSeed: -1
15:44:07.212 [FXGL Background Thread 3 ] DEBUG Engine               - runtimeInfo: RuntimeInfo(platform=WINDOWS, version=17.3, build=30.03.2023 11.49)
15:44:07.212 [FXGL Background Thread 3 ] DEBUG Engine               - saveFileExt: sav
15:44:07.212 [FXGL Background Thread 3 ] DEBUG Engine               - scaledHeightProp$fxgl: DoubleProperty [bound, value: 1440.0]
15:44:07.212 [FXGL Background Thread 3 ] DEBUG Engine               - scaledWidthProp$fxgl: DoubleProperty [bound, value: 2560.0]
15:44:07.212 [FXGL Background Thread 3 ] DEBUG Engine               - sceneFactory: at.htl.no_half_sends.NoHalfSendsApp$1@51053bc7
15:44:07.212 [FXGL Background Thread 3 ] DEBUG Engine               - secondsIn24h: 60
15:44:07.212 [FXGL Background Thread 3 ] DEBUG Engine               - soundMenuBack: menu/back.wav
15:44:07.212 [FXGL Background Thread 3 ] DEBUG Engine               - soundMenuPress: menu/press.wav
15:44:07.212 [FXGL Background Thread 3 ] DEBUG Engine               - soundMenuSelect: menu/select.wav
15:44:07.212 [FXGL Background Thread 3 ] DEBUG Engine               - soundNotification: core/notification.wav
15:44:07.212 [FXGL Background Thread 3 ] DEBUG Engine               - stageStyle: DECORATED
15:44:07.212 [FXGL Background Thread 3 ] DEBUG Engine               - supportedLanguages: [ENGLISH, FRENCH, GERMAN, HUNGARIAN, RUSSIAN]
15:44:07.212 [FXGL Background Thread 3 ] DEBUG Engine               - ticksPerSecond: -1
15:44:07.212 [FXGL Background Thread 3 ] DEBUG Engine               - title: NO HALF SENDS
15:44:07.212 [FXGL Background Thread 3 ] DEBUG Engine               - urlGithub: https://github.com/AlmasB/FXGL
15:44:07.212 [FXGL Background Thread 3 ] DEBUG Engine               - urlLeaderboard: http://fxgl-top.herokuapp.com/
15:44:07.212 [FXGL Background Thread 3 ] DEBUG Engine               - urlPOM: https://raw.githubusercontent.com/AlmasB/FXGL/release/README.md
15:44:07.212 [FXGL Background Thread 3 ] DEBUG Engine               - userAppClass: class at.htl.no_half_sends.NoHalfSendsApp
15:44:07.212 [FXGL Background Thread 3 ] DEBUG Engine               - version: 0.0
15:44:07.212 [FXGL Background Thread 3 ] DEBUG Engine               - versionCheckDays: 7
15:44:07.212 [FXGL Background Thread 3 ] DEBUG Engine               - width: 1920
15:44:07.212 [FXGL Background Thread 3 ] DEBUG Engine               - Logging services
15:44:07.212 [FXGL Background Thread 3 ] DEBUG Engine               - class com.almasb.fxgl.app.services.FXGLAssetLoaderService
15:44:07.212 [FXGL Background Thread 3 ] DEBUG Engine               - class com.almasb.fxgl.app.FXGLApplication$GameApplicationService
15:44:07.212 [FXGL Background Thread 3 ] DEBUG Engine               - class com.almasb.fxgl.app.services.FXGLDialogService
15:44:07.212 [FXGL Background Thread 3 ] DEBUG Engine               - class com.almasb.fxgl.app.services.IOTaskExecutorService
15:44:07.212 [FXGL Background Thread 3 ] DEBUG Engine               - class com.almasb.fxgl.io.FileSystemService
15:44:07.212 [FXGL Background Thread 3 ] DEBUG Engine               - class com.almasb.fxgl.localization.LocalizationService
15:44:07.212 [FXGL Background Thread 3 ] DEBUG Engine               - class com.almasb.fxgl.app.services.SystemBundleService
15:44:07.212 [FXGL Background Thread 3 ] DEBUG Engine               - class com.almasb.fxgl.profile.SaveLoadService
15:44:07.212 [FXGL Background Thread 3 ] DEBUG Engine               - class com.almasb.fxgl.ui.FXGLUIFactoryServiceProvider
15:44:07.212 [FXGL Background Thread 3 ] DEBUG Engine               - class com.almasb.fxgl.ui.FXGLDialogFactoryServiceProvider
15:44:07.212 [FXGL Background Thread 3 ] DEBUG Engine               - class com.almasb.fxgl.audio.AudioPlayer
15:44:07.212 [FXGL Background Thread 3 ] DEBUG Engine               - class com.almasb.fxgl.notification.impl.NotificationServiceProvider
15:44:07.212 [FXGL Background Thread 3 ] DEBUG Engine               - class com.almasb.fxgl.achievement.AchievementService
15:44:07.212 [FXGL Background Thread 3 ] DEBUG Engine               - class com.almasb.fxgl.cutscene.CutsceneService
15:44:07.212 [FXGL Background Thread 3 ] DEBUG Engine               - class com.almasb.fxgl.minigames.MiniGameService
15:44:07.212 [FXGL Background Thread 3 ] DEBUG Engine               - class com.almasb.fxgl.net.NetService
15:44:07.212 [FXGL Background Thread 3 ] DEBUG Engine               - class com.almasb.fxgl.app.services.UpdaterService
15:44:07.212 [FXGL Background Thread 3 ] DEBUG Engine               - class com.almasb.fxgl.dev.DevService
15:44:07.868 [JavaFX Application Thread] DEBUG PrimaryStageWindow   - Push state: ResetSubScene
15:44:07.869 [JavaFX Application Thread] DEBUG Input                - Clearing active input actions
15:44:07.869 [JavaFX Application Thread] DEBUG GameApplicationServi - Removing overlay from GameScene and adding to ResetSubScene
15:44:07.869 [JavaFX Application Thread] DEBUG PrimaryStageWindow   - GameScene -> ResetSubScene
15:44:11.475 [JavaFX Application Thread] DEBUG PrimaryStageWindow   - Pop state: ResetSubScene
15:44:11.475 [JavaFX Application Thread] DEBUG Input                - Clearing active input actions
15:44:11.476 [JavaFX Application Thread] DEBUG GameApplicationServi - Removing overlay from ResetSubScene and adding to GameScene
15:44:11.476 [JavaFX Application Thread] DEBUG PrimaryStageWindow   - GameScene <- ResetSubScene
15:44:11.476 [JavaFX Application Thread] DEBUG GameApplicationServi - Starting new game
15:44:11.476 [JavaFX Application Thread] DEBUG Input                - Clearing active input actions
15:44:11.479 [JavaFX Application Thread] DEBUG GameApplicationServi - Removing overlay from GameScene and adding to FXGLLoadingScene
15:44:11.479 [JavaFX Application Thread] DEBUG PrimaryStageWindow   - GameScene -> FXGLLoadingScene
15:44:11.479 [JavaFX Application Thread] DEBUG GameApplicationServi - Clearing previous game
15:44:11.479 [JavaFX Application Thread] DEBUG GameScene            - Clearing game scene
15:44:11.479 [JavaFX Application Thread] DEBUG GameWorld            - Clearing game world
15:44:11.481 [JavaFX Application Thread] DEBUG PhysicsWorld         - Clearing physics world
15:44:11.481 [FXGL Background Thread 2 ] DEBUG FXGLApplication      - Initializing game
15:44:11.482 [FXGL Background Thread 2 ] WARN  TMXLevelLoader       - TiledMap generated from 1.12.1. Supported version: 1.9.0. Some features may not be parsed fully.
15:44:11.486 [FXGL Background Thread 2 ] DEBUG TMXLevelLoader       - Parsed TiledMap: file:/C:/Users/Clemis%20PC/Desktop/workspace/NO-HALF-SENDS/NO_HALF_SENDS/target/classes/assets/levels/FinalMap.tmx
15:44:11.486 [FXGL Background Thread 2 ] DEBUG TMXLevelLoader       - Creating tile layer entities
15:44:11.486 [FXGL Background Thread 2 ] DEBUG TilesetLoader        - Loading view for layer Kachelebene 1
15:44:11.487 [FXGL Background Thread 2 ] DEBUG TilesetLoader        - Created buffer with size 1280.0x1280.0
15:44:11.492 [FXGL Background Thread 2 ] DEBUG TMXLevelLoader       - Creating object layer entities
15:44:11.496 [FXGL Background Thread 2 ] DEBUG GameWorld            - Clearing removable entities
15:44:11.496 [FXGL Background Thread 2 ] DEBUG GameWorld            - Setting level: com.almasb.fxgl.entity.level.Level@7cf5443a
15:44:11.504 [FXGL Background Thread 2 ] INFO  FXGLApplication      - Game initialization took: 0,023 sec
15:44:11.504 [JavaFX Application Thread] DEBUG Input                - Clearing active input actions
15:44:11.507 [JavaFX Application Thread] DEBUG GameApplicationServi - Removing overlay from FXGLLoadingScene and adding to GameScene
15:44:11.508 [JavaFX Application Thread] DEBUG PrimaryStageWindow   - FXGLLoadingScene -> GameScene
15:44:12.139 [JavaFX Application Thread] DEBUG PrimaryStageWindow   - Push state: DriftMainMenu
15:44:12.139 [JavaFX Application Thread] DEBUG Input                - Clearing active input actions
15:44:12.139 [JavaFX Application Thread] DEBUG GameApplicationServi - Removing overlay from GameScene and adding to DriftMainMenu
15:44:12.140 [JavaFX Application Thread] DEBUG PrimaryStageWindow   - GameScene -> DriftMainMenu
15:44:17.118 [JavaFX Application Thread] DEBUG Menu                 - fireNewGame()
15:44:17.118 [JavaFX Application Thread] DEBUG GameApplicationServi - Starting new game
15:44:17.118 [JavaFX Application Thread] DEBUG PrimaryStageWindow   - Pop state: DriftMainMenu
15:44:17.118 [JavaFX Application Thread] DEBUG Input                - Clearing active input actions
15:44:17.119 [JavaFX Application Thread] DEBUG GameApplicationServi - Removing overlay from DriftMainMenu and adding to GameScene
15:44:17.119 [JavaFX Application Thread] DEBUG PrimaryStageWindow   - GameScene <- DriftMainMenu
15:44:17.119 [JavaFX Application Thread] DEBUG Input                - Clearing active input actions
15:44:17.121 [JavaFX Application Thread] DEBUG GameApplicationServi - Removing overlay from GameScene and adding to FXGLLoadingScene
15:44:17.121 [JavaFX Application Thread] DEBUG PrimaryStageWindow   - GameScene -> FXGLLoadingScene
15:44:17.121 [JavaFX Application Thread] DEBUG GameApplicationServi - Clearing previous game
15:44:17.121 [JavaFX Application Thread] DEBUG GameScene            - Clearing game scene
15:44:17.121 [JavaFX Application Thread] DEBUG GameWorld            - Clearing game world
15:44:17.122 [JavaFX Application Thread] DEBUG PhysicsWorld         - Clearing physics world
15:44:17.122 [FXGL Background Thread 2 ] DEBUG FXGLApplication      - Initializing game
15:44:17.123 [FXGL Background Thread 2 ] WARN  TMXLevelLoader       - TiledMap generated from 1.12.1. Supported version: 1.9.0. Some features may not be parsed fully.
15:44:17.125 [FXGL Background Thread 2 ] DEBUG TMXLevelLoader       - Parsed TiledMap: file:/C:/Users/Clemis%20PC/Desktop/workspace/NO-HALF-SENDS/NO_HALF_SENDS/target/classes/assets/levels/FinalMap.tmx
15:44:17.125 [FXGL Background Thread 2 ] DEBUG TMXLevelLoader       - Creating tile layer entities
15:44:17.125 [FXGL Background Thread 2 ] DEBUG TilesetLoader        - Loading view for layer Kachelebene 1
15:44:17.126 [FXGL Background Thread 2 ] DEBUG TilesetLoader        - Created buffer with size 1280.0x1280.0
15:44:17.130 [FXGL Background Thread 2 ] DEBUG TMXLevelLoader       - Creating object layer entities
15:44:17.132 [FXGL Background Thread 2 ] DEBUG GameWorld            - Clearing removable entities
15:44:17.132 [FXGL Background Thread 2 ] DEBUG GameWorld            - Setting level: com.almasb.fxgl.entity.level.Level@141962a6
15:44:17.133 [FXGL Background Thread 2 ] INFO  FXGLApplication      - Game initialization took: 0,011 sec
15:44:17.138 [JavaFX Application Thread] DEBUG Input                - Clearing active input actions
15:44:17.139 [JavaFX Application Thread] DEBUG GameApplicationServi - Removing overlay from FXGLLoadingScene and adding to GameScene
15:44:17.140 [JavaFX Application Thread] DEBUG PrimaryStageWindow   - FXGLLoadingScene -> GameScene
15:44:31.261 [JavaFX Application Thread] DEBUG PrimaryStageWindow   - Push state: ResetSubScene
15:44:31.261 [JavaFX Application Thread] DEBUG Input                - Clearing active input actions
15:44:31.262 [JavaFX Application Thread] DEBUG GameApplicationServi - Removing overlay from GameScene and adding to ResetSubScene
15:44:31.262 [JavaFX Application Thread] DEBUG PrimaryStageWindow   - GameScene -> ResetSubScene
15:44:34.618 [JavaFX Application Thread] DEBUG PrimaryStageWindow   - Pop state: ResetSubScene
15:44:34.618 [JavaFX Application Thread] DEBUG Input                - Clearing active input actions
15:44:34.618 [JavaFX Application Thread] DEBUG GameApplicationServi - Removing overlay from ResetSubScene and adding to GameScene
15:44:34.618 [JavaFX Application Thread] DEBUG PrimaryStageWindow   - GameScene <- ResetSubScene
15:44:34.618 [JavaFX Application Thread] DEBUG GameApplicationServi - Starting new game
15:44:34.618 [JavaFX Application Thread] DEBUG Input                - Clearing active input actions
15:44:34.620 [JavaFX Application Thread] DEBUG GameApplicationServi - Removing overlay from GameScene and adding to FXGLLoadingScene
15:44:34.620 [JavaFX Application Thread] DEBUG PrimaryStageWindow   - GameScene -> FXGLLoadingScene
15:44:34.620 [JavaFX Application Thread] DEBUG GameApplicationServi - Clearing previous game
15:44:34.620 [JavaFX Application Thread] DEBUG GameScene            - Clearing game scene
15:44:34.620 [JavaFX Application Thread] DEBUG GameWorld            - Clearing game world
15:44:34.620 [JavaFX Application Thread] DEBUG PhysicsWorld         - Clearing physics world
15:44:34.621 [FXGL Background Thread 2 ] DEBUG FXGLApplication      - Initializing game
15:44:34.622 [FXGL Background Thread 2 ] WARN  TMXLevelLoader       - TiledMap generated from 1.12.1. Supported version: 1.9.0. Some features may not be parsed fully.
15:44:34.623 [FXGL Background Thread 2 ] DEBUG TMXLevelLoader       - Parsed TiledMap: file:/C:/Users/Clemis%20PC/Desktop/workspace/NO-HALF-SENDS/NO_HALF_SENDS/target/classes/assets/levels/FinalMap.tmx
15:44:34.623 [FXGL Background Thread 2 ] DEBUG TMXLevelLoader       - Creating tile layer entities
15:44:34.623 [FXGL Background Thread 2 ] DEBUG TilesetLoader        - Loading view for layer Kachelebene 1
15:44:34.623 [FXGL Background Thread 2 ] DEBUG TilesetLoader        - Created buffer with size 1280.0x1280.0
15:44:34.628 [FXGL Background Thread 2 ] DEBUG TMXLevelLoader       - Creating object layer entities
15:44:34.631 [FXGL Background Thread 2 ] DEBUG GameWorld            - Clearing removable entities
15:44:34.631 [FXGL Background Thread 2 ] DEBUG GameWorld            - Setting level: com.almasb.fxgl.entity.level.Level@7816cc26
15:44:34.639 [FXGL Background Thread 2 ] INFO  FXGLApplication      - Game initialization took: 0,019 sec
15:44:34.643 [JavaFX Application Thread] DEBUG Input                - Clearing active input actions
15:44:34.644 [JavaFX Application Thread] DEBUG GameApplicationServi - Removing overlay from FXGLLoadingScene and adding to GameScene
15:44:34.645 [JavaFX Application Thread] DEBUG PrimaryStageWindow   - FXGLLoadingScene -> GameScene
15:44:35.813 [JavaFX Application Thread] DEBUG PrimaryStageWindow   - Push state: ResetSubScene
15:44:35.813 [JavaFX Application Thread] DEBUG Input                - Clearing active input actions
15:44:35.813 [JavaFX Application Thread] DEBUG GameApplicationServi - Removing overlay from GameScene and adding to ResetSubScene
15:44:35.814 [JavaFX Application Thread] DEBUG PrimaryStageWindow   - GameScene -> ResetSubScene
15:44:39.133 [JavaFX Application Thread] DEBUG PrimaryStageWindow   - Pop state: ResetSubScene
15:44:39.133 [JavaFX Application Thread] DEBUG Input                - Clearing active input actions
15:44:39.134 [JavaFX Application Thread] DEBUG GameApplicationServi - Removing overlay from ResetSubScene and adding to GameScene
15:44:39.134 [JavaFX Application Thread] DEBUG PrimaryStageWindow   - GameScene <- ResetSubScene
15:44:39.134 [JavaFX Application Thread] DEBUG GameApplicationServi - Starting new game
15:44:39.134 [JavaFX Application Thread] DEBUG Input                - Clearing active input actions
15:44:39.136 [JavaFX Application Thread] DEBUG GameApplicationServi - Removing overlay from GameScene and adding to FXGLLoadingScene
15:44:39.136 [JavaFX Application Thread] DEBUG PrimaryStageWindow   - GameScene -> FXGLLoadingScene
15:44:39.136 [JavaFX Application Thread] DEBUG GameApplicationServi - Clearing previous game
15:44:39.136 [JavaFX Application Thread] DEBUG GameScene            - Clearing game scene
15:44:39.136 [JavaFX Application Thread] DEBUG GameWorld            - Clearing game world
15:44:39.137 [JavaFX Application Thread] DEBUG PhysicsWorld         - Clearing physics world
15:44:39.137 [FXGL Background Thread 2 ] DEBUG FXGLApplication      - Initializing game
15:44:39.138 [FXGL Background Thread 2 ] WARN  TMXLevelLoader       - TiledMap generated from 1.12.1. Supported version: 1.9.0. Some features may not be parsed fully.
15:44:39.139 [FXGL Background Thread 2 ] DEBUG TMXLevelLoader       - Parsed TiledMap: file:/C:/Users/Clemis%20PC/Desktop/workspace/NO-HALF-SENDS/NO_HALF_SENDS/target/classes/assets/levels/FinalMap.tmx
15:44:39.140 [FXGL Background Thread 2 ] DEBUG TMXLevelLoader       - Creating tile layer entities
15:44:39.140 [FXGL Background Thread 2 ] DEBUG TilesetLoader        - Loading view for layer Kachelebene 1
15:44:39.141 [FXGL Background Thread 2 ] DEBUG TilesetLoader        - Created buffer with size 1280.0x1280.0
15:44:39.145 [FXGL Background Thread 2 ] DEBUG TMXLevelLoader       - Creating object layer entities
15:44:39.146 [FXGL Background Thread 2 ] DEBUG GameWorld            - Clearing removable entities
15:44:39.146 [FXGL Background Thread 2 ] DEBUG GameWorld            - Setting level: com.almasb.fxgl.entity.level.Level@7b240af2
15:44:39.153 [FXGL Background Thread 2 ] INFO  FXGLApplication      - Game initialization took: 0,015 sec
15:44:39.153 [JavaFX Application Thread] DEBUG Input                - Clearing active input actions
15:44:39.154 [JavaFX Application Thread] DEBUG GameApplicationServi - Removing overlay from FXGLLoadingScene and adding to GameScene
15:44:39.155 [JavaFX Application Thread] DEBUG PrimaryStageWindow   - FXGLLoadingScene -> GameScene
15:44:42.301 [JavaFX Application Thread] DEBUG PrimaryStageWindow   - Push state: ResetSubScene
15:44:42.301 [JavaFX Application Thread] DEBUG Input                - Clearing active input actions
15:44:42.301 [JavaFX Application Thread] DEBUG GameApplicationServi - Removing overlay from GameScene and adding to ResetSubScene
15:44:42.301 [JavaFX Application Thread] DEBUG PrimaryStageWindow   - GameScene -> ResetSubScene
15:44:45.755 [JavaFX Application Thread] DEBUG PrimaryStageWindow   - Pop state: ResetSubScene
15:44:45.755 [JavaFX Application Thread] DEBUG Input                - Clearing active input actions
15:44:45.755 [JavaFX Application Thread] DEBUG GameApplicationServi - Removing overlay from ResetSubScene and adding to GameScene
15:44:45.756 [JavaFX Application Thread] DEBUG PrimaryStageWindow   - GameScene <- ResetSubScene
15:44:45.756 [JavaFX Application Thread] DEBUG GameApplicationServi - Starting new game
15:44:45.756 [JavaFX Application Thread] DEBUG Input                - Clearing active input actions
15:44:45.758 [JavaFX Application Thread] DEBUG GameApplicationServi - Removing overlay from GameScene and adding to FXGLLoadingScene
15:44:45.758 [JavaFX Application Thread] DEBUG PrimaryStageWindow   - GameScene -> FXGLLoadingScene
15:44:45.758 [JavaFX Application Thread] DEBUG GameApplicationServi - Clearing previous game
15:44:45.758 [JavaFX Application Thread] DEBUG GameScene            - Clearing game scene
15:44:45.758 [JavaFX Application Thread] DEBUG GameWorld            - Clearing game world
15:44:45.758 [JavaFX Application Thread] DEBUG PhysicsWorld         - Clearing physics world
15:44:45.758 [FXGL Background Thread 2 ] DEBUG FXGLApplication      - Initializing game
15:44:45.760 [FXGL Background Thread 2 ] WARN  TMXLevelLoader       - TiledMap generated from 1.12.1. Supported version: 1.9.0. Some features may not be parsed fully.
15:44:45.761 [FXGL Background Thread 2 ] DEBUG TMXLevelLoader       - Parsed TiledMap: file:/C:/Users/Clemis%20PC/Desktop/workspace/NO-HALF-SENDS/NO_HALF_SENDS/target/classes/assets/levels/FinalMap.tmx
15:44:45.761 [FXGL Background Thread 2 ] DEBUG TMXLevelLoader       - Creating tile layer entities
15:44:45.761 [FXGL Background Thread 2 ] DEBUG TilesetLoader        - Loading view for layer Kachelebene 1
15:44:45.761 [FXGL Background Thread 2 ] DEBUG TilesetLoader        - Created buffer with size 1280.0x1280.0
15:44:45.766 [FXGL Background Thread 2 ] DEBUG TMXLevelLoader       - Creating object layer entities
15:44:45.767 [FXGL Background Thread 2 ] DEBUG GameWorld            - Clearing removable entities
15:44:45.767 [FXGL Background Thread 2 ] DEBUG GameWorld            - Setting level: com.almasb.fxgl.entity.level.Level@3e349f12
15:44:45.775 [FXGL Background Thread 2 ] INFO  FXGLApplication      - Game initialization took: 0,016 sec
15:44:45.775 [JavaFX Application Thread] DEBUG Input                - Clearing active input actions
15:44:45.777 [JavaFX Application Thread] DEBUG GameApplicationServi - Removing overlay from FXGLLoadingScene and adding to GameScene
15:44:45.778 [JavaFX Application Thread] DEBUG PrimaryStageWindow   - FXGLLoadingScene -> GameScene
15:44:46.227 [JavaFX Application Thread] DEBUG PrimaryStageWindow   - Push state: DriftMainMenu
15:44:46.227 [JavaFX Application Thread] DEBUG Input                - Clearing active input actions
15:44:46.228 [JavaFX Application Thread] DEBUG GameApplicationServi - Removing overlay from GameScene and adding to DriftMainMenu
15:44:46.228 [JavaFX Application Thread] DEBUG PrimaryStageWindow   - GameScene -> DriftMainMenu
15:44:46.973 [JavaFX Application Thread] DEBUG FXGLApplication      - Exiting FXGL
15:44:46.973 [JavaFX Application Thread] DEBUG LoopRunner           - Stopping loop
15:44:46.973 [JavaFX Application Thread] DEBUG SystemBundleService  - Saving FXGL system data
15:44:46.974 [JavaFX Application Thread] DEBUG FileSystemAccess     - Writing to: C:\Users\Clemis PC\Desktop\workspace\NO-HALF-SENDS\NO_HALF_SENDS\system\fxgl.bundle
15:44:46.976 [JavaFX Application Thread] DEBUG Async                - Shutting down background threads
15:44:46.976 [JavaFX Application Thread] DEBUG PrimaryStageWindow   - Closing main window
15:44:47.027 [JavaFX Application Thread] DEBUG Logger               - Closing Logger
