14:55:41.776 [main                     ] DEBUG Logger               - Configured Logger
14:55:41.781 [main                     ] DEBUG GameApplication      - Logging settings
Title: NO HALF SENDS
Version: 0.0
Width: 1920
Height: 1080
Fullscreen: true
Intro: false
Profiling: false
Single step:false
App Mode: DEVELOPER
Menu Key: ESCAPE
Stage Style: DECORATED
Scene Factory: class at.htl.no_half_sends.NoHalfSendsApp$1

14:55:42.167 [JavaFX Application Thread] DEBUG FXGLApplication      - Initializing FXGL
14:55:42.169 [JavaFX Application Thread] INFO  Engine               - FXGL-17.3 (30.03.2023 11.49) on WINDOWS (J:25.0.1 FX:21.0.6)
14:55:42.169 [JavaFX Application Thread] DEBUG Engine               - JRE Vendor Name: Oracle Corporation
14:55:42.169 [JavaFX Application Thread] DEBUG Engine               - Running on OS: Windows 11 version 10.0
14:55:42.169 [JavaFX Application Thread] DEBUG Engine               - Architecture: amd64
14:55:42.169 [JavaFX Application Thread] INFO  Engine               - Source code and latest versions at: https://github.com/AlmasB/FXGL
14:55:42.169 [JavaFX Application Thread] INFO  Engine               -       Ask questions and discuss at: https://github.com/AlmasB/FXGL/discussions
14:55:42.169 [JavaFX Application Thread] INFO  Engine               -              Join the FXGL chat at: https://gitter.im/AlmasB/FXGL
14:55:42.248 [JavaFX Application Thread] DEBUG PrimaryStageWindow   - Creating a JavaFX scene
14:55:42.282 [JavaFX Application Thread] DEBUG PrimaryStageWindow   - Target settings size: 1920.0 x 1080.0
14:55:42.282 [JavaFX Application Thread] DEBUG PrimaryStageWindow   - Scaled scene size:    1920.0 x 1080.0
14:55:42.282 [JavaFX Application Thread] DEBUG PrimaryStageWindow   - Scaled ratio: (1.0, 1.0)
14:55:42.283 [JavaFX Application Thread] DEBUG PrimaryStageWindow   - Set initial scene to FXGLStartupScene
14:55:42.286 [JavaFX Application Thread] DEBUG PrimaryStageWindow   - Opening main window
14:55:42.347 [JavaFX Application Thread] DEBUG PrimaryStageWindow   - Window border size: (16.0, 39.0)
14:55:42.347 [JavaFX Application Thread] DEBUG PrimaryStageWindow   - Scaled size: 1920.0 x 1080.0
14:55:42.347 [JavaFX Application Thread] DEBUG PrimaryStageWindow   - Scaled ratio: (1.0, 1.0)
14:55:42.347 [JavaFX Application Thread] DEBUG PrimaryStageWindow   - Scene size: 1920.0 x 1080.0
14:55:42.347 [JavaFX Application Thread] DEBUG PrimaryStageWindow   - Stage size: 1936.0 x 1119.0
14:55:42.386 [JavaFX Application Thread] DEBUG PrimaryStageWindow   - Going fullscreen
14:55:42.392 [FXGL Background Thread 1 ] DEBUG Engine               - Initializing environment variables
14:55:42.429 [FXGL Background Thread 1 ] DEBUG FXGLAssetLoaderServi - User app class for loading assets: class at.htl.no_half_sends.NoHalfSendsApp
14:55:42.429 [FXGL Background Thread 1 ] DEBUG GameApplicationServi - Applying CSS: fxgl_dark.css
14:55:42.429 [FXGL Background Thread 1 ] DEBUG FXGLAssetLoaderServi - Loading from file system: jar:file:/C:/Users/Clemis%20PC/.m2/repository/com/github/almasb/fxgl/17.3/fxgl-17.3.jar!/fxglassets/ui/css/fxgl_dark.css
14:55:42.455 [FXGL Background Thread 1 ] DEBUG GameApplicationServi - Initializing application scenes
14:55:42.479 [FXGL Background Thread 1 ] DEBUG GameWorld            - Game world initialized
14:55:42.510 [FXGL Background Thread 1 ] DEBUG PhysicsWorld         - Physics world initialized: appHeight=1080, physics.ppm=50,0
14:55:42.510 [FXGL Background Thread 1 ] DEBUG PhysicsWorld         - Using strategy: BRUTE_FORCE
14:55:42.513 [FXGL Background Thread 1 ] DEBUG GameScene            - Game scene initialized: 1920x1080
14:55:42.579 [FXGL Background Thread 1 ] DEBUG GameApplicationServi - Application scenes initialized
14:55:42.589 [FXGL Background Thread 1 ] DEBUG SystemBundleService  - Loading FXGL system data
14:55:42.593 [FXGL Background Thread 1 ] DEBUG FileSystemAccess     - Reading from: C:\Users\Clemis PC\Desktop\workspace\NO-HALF-SENDS\NO_HALF_SENDS\system\fxgl.bundle
14:55:42.597 [FXGL Background Thread 1 ] DEBUG SystemBundleService  - Bundle FXGL: {}
14:55:42.597 [FXGL Background Thread 1 ] DEBUG UpdaterService       - Checking for updates
14:55:42.617 [FXGL Background Thread 4 ] DEBUG FXGLApplication      - Loading fonts
14:55:42.618 [FXGL Background Thread 4 ] DEBUG FXGLAssetLoaderServi - Loading from file system: jar:file:/C:/Users/Clemis%20PC/.m2/repository/com/github/almasb/fxgl/17.3/fxgl-17.3.jar!/fxglassets/ui/fonts/VarelaRound-Regular.ttf
14:55:42.618 [FXGL Background Thread 1 ] DEBUG FXGLApplication      - Loading default localization
14:55:42.618 [FXGL Background Thread 1 ] DEBUG FXGLAssetLoaderServi - Loading from file system: jar:file:/C:/Users/Clemis%20PC/.m2/repository/com/github/almasb/fxgl/17.3/fxgl-17.3.jar!/fxglassets/languages/english.lang
14:55:42.628 [FXGL Background Thread 1 ] INFO  FXGLApplication      - FXGL initialization took: 0,236 sec
14:55:42.635 [JavaFX Application Thread] DEBUG Input                - Registered new binding: Gas geben - W
14:55:42.635 [JavaFX Application Thread] DEBUG Input                - Registered new binding: Bremsen / Rückwärts - S
14:55:42.635 [JavaFX Application Thread] DEBUG Input                - Registered new binding: Links lenken - A
14:55:42.635 [JavaFX Application Thread] DEBUG Input                - Registered new binding: Rechts lenken - D
14:55:42.635 [JavaFX Application Thread] DEBUG Input                - Registered new binding: Speichern - F5
14:55:42.636 [JavaFX Application Thread] DEBUG FXGLAssetLoaderServi - Loading from file system: jar:file:/C:/Users/Clemis%20PC/.m2/repository/com/github/almasb/fxgl/17.3/fxgl-17.3.jar!/fxglassets/textures/fxgl_icon.png
14:55:42.643 [FXGL Background Thread 4 ] DEBUG FXGLAssetLoaderServi - Loading from file system: jar:file:/C:/Users/Clemis%20PC/.m2/repository/com/github/almasb/fxgl/17.3/fxgl-17.3.jar!/fxglassets/ui/fonts/Abel-Regular.ttf
14:55:42.653 [FXGL Background Thread 4 ] DEBUG FXGLAssetLoaderServi - Loading from file system: jar:file:/C:/Users/Clemis%20PC/.m2/repository/com/github/almasb/fxgl/17.3/fxgl-17.3.jar!/fxglassets/ui/fonts/TerminalLandMono-Regular.otf
14:55:42.663 [FXGL Background Thread 4 ] DEBUG FXGLAssetLoaderServi - Loading from file system: jar:file:/C:/Users/Clemis%20PC/.m2/repository/com/github/almasb/fxgl/17.3/fxgl-17.3.jar!/fxglassets/ui/fonts/Courier-Prime.ttf
14:55:42.665 [JavaFX Application Thread] DEBUG FXGLAssetLoaderServi - Loading from file system: jar:file:/C:/Users/Clemis%20PC/.m2/repository/com/github/almasb/fxgl/17.3/fxgl-17.3.jar!/fxglassets/textures/fxgl_default_cursor.png
14:55:42.666 [JavaFX Application Thread] DEBUG Input                - Registered new binding: Screenshot - CTRL+8
14:55:42.667 [JavaFX Application Thread] DEBUG Input                - Registered new binding: Dev Options - 1
14:55:42.667 [JavaFX Application Thread] DEBUG Input                - Registered new binding: Dev Console - 2
14:55:42.667 [JavaFX Application Thread] DEBUG Input                - Registered new binding: System info dump - CTRL+9
14:55:42.667 [JavaFX Application Thread] DEBUG Input                - Registered new binding: Restart - CTRL+R
14:55:42.668 [JavaFX Application Thread] DEBUG Input                - Registered new binding: Toggle Debug Camera - CTRL+7
14:55:42.670 [JavaFX Application Thread] DEBUG LoopRunner           - Starting loop
14:55:42.679 [JavaFX Application Thread] DEBUG LoopRunner           - Initializing JavaFX AnimationTimerLoop
14:55:42.681 [JavaFX Application Thread] DEBUG Input                - Clearing active input actions
14:55:42.691 [JavaFX Application Thread] DEBUG GameApplicationServi - Removing overlay from FXGLStartupScene and adding to FXGLMainMenuDummyScene
14:55:42.694 [JavaFX Application Thread] DEBUG PrimaryStageWindow   - FXGLStartupScene -> FXGLMainMenuDummyScene
14:55:42.694 [JavaFX Application Thread] DEBUG PrimaryStageWindow   - Push state: DriftMainMenu
14:55:42.694 [JavaFX Application Thread] DEBUG Input                - Clearing active input actions
14:55:42.702 [JavaFX Application Thread] DEBUG GameApplicationServi - Removing overlay from FXGLMainMenuDummyScene and adding to DriftMainMenu
14:55:42.702 [JavaFX Application Thread] DEBUG PrimaryStageWindow   - FXGLMainMenuDummyScene -> DriftMainMenu
14:55:42.714 [JavaFX Application Thread] DEBUG FXGLApplication      - Registering font factories with UI factory
14:55:43.037 [FXGL Background Thread 2 ] INFO  UpdaterService       - Your current version:  17.3
14:55:43.037 [FXGL Background Thread 2 ] INFO  UpdaterService       - Latest stable version: 25
14:55:43.817 [JavaFX Application Thread] DEBUG Menu                 - fireNewGame()
14:55:43.818 [JavaFX Application Thread] DEBUG GameApplicationServi - Starting new game
14:55:43.818 [JavaFX Application Thread] DEBUG PrimaryStageWindow   - Pop state: DriftMainMenu
14:55:43.818 [JavaFX Application Thread] DEBUG Input                - Clearing active input actions
14:55:43.819 [JavaFX Application Thread] DEBUG GameApplicationServi - Removing overlay from DriftMainMenu and adding to FXGLMainMenuDummyScene
14:55:43.820 [JavaFX Application Thread] DEBUG PrimaryStageWindow   - FXGLMainMenuDummyScene <- DriftMainMenu
14:55:43.820 [JavaFX Application Thread] DEBUG Input                - Clearing active input actions
14:55:43.823 [JavaFX Application Thread] DEBUG GameApplicationServi - Removing overlay from FXGLMainMenuDummyScene and adding to FXGLLoadingScene
14:55:43.823 [JavaFX Application Thread] DEBUG PrimaryStageWindow   - FXGLMainMenuDummyScene -> FXGLLoadingScene
14:55:43.823 [JavaFX Application Thread] DEBUG GameApplicationServi - Clearing previous game
14:55:43.823 [JavaFX Application Thread] DEBUG GameScene            - Clearing game scene
14:55:43.823 [JavaFX Application Thread] DEBUG GameWorld            - Clearing game world
14:55:43.823 [JavaFX Application Thread] DEBUG PhysicsWorld         - Clearing physics world
14:55:43.824 [FXGL Background Thread 2 ] DEBUG FXGLApplication      - Initializing game
14:55:43.850 [FXGL Background Thread 2 ] WARN  TMXLevelLoader       - TiledMap generated from 1.12.1. Supported version: 1.9.0. Some features may not be parsed fully.
14:55:43.860 [FXGL Background Thread 2 ] DEBUG TMXLevelLoader       - Parsed TiledMap: file:/C:/Users/Clemis%20PC/Desktop/workspace/NO-HALF-SENDS/NO_HALF_SENDS/target/classes/assets/levels/FinalMap.tmx
14:55:43.861 [FXGL Background Thread 2 ] DEBUG TMXLevelLoader       - Creating tile layer entities
14:55:43.863 [FXGL Background Thread 2 ] DEBUG TilesetLoader        - Loading view for layer Kachelebene 1
14:55:43.866 [FXGL Background Thread 2 ] DEBUG TilesetLoader        - Created buffer with size 1280.0x1280.0
14:55:43.879 [FXGL Background Thread 2 ] DEBUG TMXLevelLoader       - Creating object layer entities
14:55:43.899 [FXGL Background Thread 2 ] DEBUG GameWorld            - Clearing removable entities
14:55:43.899 [FXGL Background Thread 2 ] DEBUG GameWorld            - Setting level: com.almasb.fxgl.entity.level.Level@6186ea88
14:55:43.901 [FXGL Background Thread 2 ] DEBUG FXGLAssetLoaderServi - Loading from file system: file:/C:/Users/Clemis%20PC/Desktop/workspace/NO-HALF-SENDS/NO_HALF_SENDS/target/classes/assets/textures/Subaru_WRX_STI_mk2.png
14:55:43.915 [FXGL Background Thread 2 ] INFO  FXGLApplication      - Game initialization took: 0,091 sec
14:55:43.915 [JavaFX Application Thread] DEBUG Input                - Clearing active input actions
14:55:43.919 [JavaFX Application Thread] DEBUG GameApplicationServi - Removing overlay from FXGLLoadingScene and adding to GameScene
14:55:43.920 [JavaFX Application Thread] DEBUG PrimaryStageWindow   - FXGLLoadingScene -> GameScene
14:55:45.617 [FXGL Background Thread 3 ] DEBUG Engine               - Logging environment variables
14:55:45.617 [FXGL Background Thread 3 ] DEBUG Engine               - achievements: []
14:55:45.618 [FXGL Background Thread 3 ] DEBUG Engine               - actualHeight: 1440.0
14:55:45.618 [FXGL Background Thread 3 ] DEBUG Engine               - actualHeightProperty: ReadOnlyDoubleProperty [value: 1440.0]
14:55:45.618 [FXGL Background Thread 3 ] DEBUG Engine               - actualWidth: 2560.0
14:55:45.618 [FXGL Background Thread 3 ] DEBUG Engine               - actualWidthProperty: ReadOnlyDoubleProperty [value: 2560.0]
14:55:45.618 [FXGL Background Thread 3 ] DEBUG Engine               - appIcon: fxgl_icon.png
14:55:45.618 [FXGL Background Thread 3 ] DEBUG Engine               - applicationMode: DEVELOPER
14:55:45.618 [FXGL Background Thread 3 ] DEBUG Engine               - cSSList: [fxgl_dark.css]
14:55:45.618 [FXGL Background Thread 3 ] DEBUG Engine               - collisionDetectionStrategy: BRUTE_FORCE
14:55:45.618 [FXGL Background Thread 3 ] DEBUG Engine               - configClass: Optional.empty
14:55:45.618 [FXGL Background Thread 3 ] DEBUG Engine               - credits: []
14:55:45.620 [FXGL Background Thread 3 ] DEBUG Engine               - defaultCursor: CursorInfo(imageName=fxgl_default_cursor.png, hotspotX=7.0, hotspotY=6.0)
14:55:45.620 [FXGL Background Thread 3 ] DEBUG Engine               - devBBoxColorProperty: ObjectProperty [value: 0xff0000ff]
14:55:45.620 [FXGL Background Thread 3 ] DEBUG Engine               - devEnableDebugCameraProperty: BooleanProperty [value: false]
14:55:45.620 [FXGL Background Thread 3 ] DEBUG Engine               - devSensorColorProperty: ObjectProperty [value: 0xffff00ff]
14:55:45.620 [FXGL Background Thread 3 ] DEBUG Engine               - devShowBBoxProperty: BooleanProperty [value: false]
14:55:45.621 [FXGL Background Thread 3 ] DEBUG Engine               - devShowPositionProperty: BooleanProperty [value: false]
14:55:45.621 [FXGL Background Thread 3 ] DEBUG Engine               - enabledMenuItems: []
14:55:45.621 [FXGL Background Thread 3 ] DEBUG Engine               - engineServices: [class com.almasb.fxgl.app.services.FXGLAssetLoaderService, class com.almasb.fxgl.app.FXGLApplication$GameApplicationService, class com.almasb.fxgl.app.services.FXGLDialogService, class com.almasb.fxgl.app.services.IOTaskExecutorService, class com.almasb.fxgl.io.FileSystemService, class com.almasb.fxgl.localization.LocalizationService, class com.almasb.fxgl.app.services.SystemBundleService, class com.almasb.fxgl.profile.SaveLoadService, class com.almasb.fxgl.ui.FXGLUIFactoryServiceProvider, class com.almasb.fxgl.ui.FXGLDialogFactoryServiceProvider, class com.almasb.fxgl.audio.AudioPlayer, class com.almasb.fxgl.notification.impl.NotificationServiceProvider, class com.almasb.fxgl.achievement.AchievementService, class com.almasb.fxgl.cutscene.CutsceneService, class com.almasb.fxgl.minigames.MiniGameService, class com.almasb.fxgl.net.NetService, class com.almasb.fxgl.app.services.UpdaterService, class com.almasb.fxgl.dev.DevService]
14:55:45.621 [FXGL Background Thread 3 ] DEBUG Engine               - fontGame: Abel-Regular.ttf
14:55:45.621 [FXGL Background Thread 3 ] DEBUG Engine               - fontMono: TerminalLandMono-Regular.otf
14:55:45.621 [FXGL Background Thread 3 ] DEBUG Engine               - fontSizeScaleUI: 1.0
14:55:45.621 [FXGL Background Thread 3 ] DEBUG Engine               - fontText: Courier-Prime.ttf
14:55:45.621 [FXGL Background Thread 3 ] DEBUG Engine               - fontUI: VarelaRound-Regular.ttf
14:55:45.621 [FXGL Background Thread 3 ] DEBUG Engine               - fullScreen: BooleanProperty [value: true]
14:55:45.621 [FXGL Background Thread 3 ] DEBUG Engine               - gameDifficulty: MEDIUM
14:55:45.621 [FXGL Background Thread 3 ] DEBUG Engine               - gameDifficultyProperty: ObjectProperty [value: MEDIUM]
14:55:45.621 [FXGL Background Thread 3 ] DEBUG Engine               - globalMusicVolume: 0.5
14:55:45.621 [FXGL Background Thread 3 ] DEBUG Engine               - globalMusicVolumeProperty: DoubleProperty [value: 0.5]
14:55:45.621 [FXGL Background Thread 3 ] DEBUG Engine               - globalSoundVolume: 0.5
14:55:45.621 [FXGL Background Thread 3 ] DEBUG Engine               - globalSoundVolumeProperty: DoubleProperty [value: 0.5]
14:55:45.622 [FXGL Background Thread 3 ] DEBUG Engine               - height: 1080
14:55:45.622 [FXGL Background Thread 3 ] DEBUG Engine               - is3D: false
14:55:45.622 [FXGL Background Thread 3 ] DEBUG Engine               - isAndroid: false
14:55:45.622 [FXGL Background Thread 3 ] DEBUG Engine               - isBrowser: false
14:55:45.622 [FXGL Background Thread 3 ] DEBUG Engine               - isClickFeedbackEnabled: false
14:55:45.622 [FXGL Background Thread 3 ] DEBUG Engine               - isCloseConfirmation: false
14:55:45.622 [FXGL Background Thread 3 ] DEBUG Engine               - isDesktop: true
14:55:45.622 [FXGL Background Thread 3 ] DEBUG Engine               - isDeveloperMenuEnabled: true
14:55:45.622 [FXGL Background Thread 3 ] DEBUG Engine               - isEmbedded: false
14:55:45.622 [FXGL Background Thread 3 ] DEBUG Engine               - isEntityPreloadEnabled: true
14:55:45.622 [FXGL Background Thread 3 ] DEBUG Engine               - isExperimentalTiledLargeMap: false
14:55:45.622 [FXGL Background Thread 3 ] DEBUG Engine               - isFileSystemWriteAllowed: true
14:55:45.622 [FXGL Background Thread 3 ] DEBUG Engine               - isFullScreenAllowed: true
14:55:45.622 [FXGL Background Thread 3 ] DEBUG Engine               - isFullScreenFromStart: true
14:55:45.622 [FXGL Background Thread 3 ] DEBUG Engine               - isGameMenuEnabled: true
14:55:45.622 [FXGL Background Thread 3 ] DEBUG Engine               - isIOS: false
14:55:45.622 [FXGL Background Thread 3 ] DEBUG Engine               - isIntroEnabled: false
14:55:45.622 [FXGL Background Thread 3 ] DEBUG Engine               - isLinux: false
14:55:45.622 [FXGL Background Thread 3 ] DEBUG Engine               - isMac: false
14:55:45.622 [FXGL Background Thread 3 ] DEBUG Engine               - isMainMenuEnabled: true
14:55:45.622 [FXGL Background Thread 3 ] DEBUG Engine               - isManualResizeEnabled: false
14:55:45.622 [FXGL Background Thread 3 ] DEBUG Engine               - isMobile: false
14:55:45.622 [FXGL Background Thread 3 ] DEBUG Engine               - isNative: false
14:55:45.622 [FXGL Background Thread 3 ] DEBUG Engine               - isPauseMusicWhenMinimized: true
14:55:45.622 [FXGL Background Thread 3 ] DEBUG Engine               - isPreserveResizeRatio: false
14:55:45.622 [FXGL Background Thread 3 ] DEBUG Engine               - isProfilingEnabled: false
14:55:45.622 [FXGL Background Thread 3 ] DEBUG Engine               - isScaleAffectedOnResize: true
14:55:45.622 [FXGL Background Thread 3 ] DEBUG Engine               - isSingleStep: false
14:55:45.622 [FXGL Background Thread 3 ] DEBUG Engine               - isUserProfileEnabled: false
14:55:45.622 [FXGL Background Thread 3 ] DEBUG Engine               - isWindows: true
14:55:45.622 [FXGL Background Thread 3 ] DEBUG Engine               - language: ObjectProperty [value: ENGLISH]
14:55:45.622 [FXGL Background Thread 3 ] DEBUG Engine               - menuKey: ESCAPE
14:55:45.622 [FXGL Background Thread 3 ] DEBUG Engine               - mouseSensitivity: 0.2
14:55:45.622 [FXGL Background Thread 3 ] DEBUG Engine               - notificationViewClass: class com.almasb.fxgl.notification.view.XboxNotificationView
14:55:45.622 [FXGL Background Thread 3 ] DEBUG Engine               - pixelsPerMeter: 50.0
14:55:45.623 [FXGL Background Thread 3 ] DEBUG Engine               - platform: WINDOWS
14:55:45.623 [FXGL Background Thread 3 ] DEBUG Engine               - prefHeightProperty: ReadOnlyDoubleProperty [value: 1080.0]
14:55:45.623 [FXGL Background Thread 3 ] DEBUG Engine               - prefWidthProperty: ReadOnlyDoubleProperty [value: 1920.0]
14:55:45.623 [FXGL Background Thread 3 ] DEBUG Engine               - profileDir: profiles/
14:55:45.623 [FXGL Background Thread 3 ] DEBUG Engine               - profileName: StringProperty [value: DEFAULT]
14:55:45.623 [FXGL Background Thread 3 ] DEBUG Engine               - randomSeed: -1
14:55:45.623 [FXGL Background Thread 3 ] DEBUG Engine               - runtimeInfo: RuntimeInfo(platform=WINDOWS, version=17.3, build=30.03.2023 11.49)
14:55:45.623 [FXGL Background Thread 3 ] DEBUG Engine               - saveFileExt: sav
14:55:45.623 [FXGL Background Thread 3 ] DEBUG Engine               - scaledHeightProp$fxgl: DoubleProperty [bound, value: 1440.0]
14:55:45.623 [FXGL Background Thread 3 ] DEBUG Engine               - scaledWidthProp$fxgl: DoubleProperty [bound, value: 2560.0]
14:55:45.623 [FXGL Background Thread 3 ] DEBUG Engine               - sceneFactory: at.htl.no_half_sends.NoHalfSendsApp$1@77275caa
14:55:45.623 [FXGL Background Thread 3 ] DEBUG Engine               - secondsIn24h: 60
14:55:45.623 [FXGL Background Thread 3 ] DEBUG Engine               - soundMenuBack: menu/back.wav
14:55:45.623 [FXGL Background Thread 3 ] DEBUG Engine               - soundMenuPress: menu/press.wav
14:55:45.623 [FXGL Background Thread 3 ] DEBUG Engine               - soundMenuSelect: menu/select.wav
14:55:45.623 [FXGL Background Thread 3 ] DEBUG Engine               - soundNotification: core/notification.wav
14:55:45.623 [FXGL Background Thread 3 ] DEBUG Engine               - stageStyle: DECORATED
14:55:45.623 [FXGL Background Thread 3 ] DEBUG Engine               - supportedLanguages: [ENGLISH, FRENCH, GERMAN, HUNGARIAN, RUSSIAN]
14:55:45.623 [FXGL Background Thread 3 ] DEBUG Engine               - ticksPerSecond: -1
14:55:45.623 [FXGL Background Thread 3 ] DEBUG Engine               - title: NO HALF SENDS
14:55:45.623 [FXGL Background Thread 3 ] DEBUG Engine               - urlGithub: https://github.com/AlmasB/FXGL
14:55:45.623 [FXGL Background Thread 3 ] DEBUG Engine               - urlLeaderboard: http://fxgl-top.herokuapp.com/
14:55:45.623 [FXGL Background Thread 3 ] DEBUG Engine               - urlPOM: https://raw.githubusercontent.com/AlmasB/FXGL/release/README.md
14:55:45.623 [FXGL Background Thread 3 ] DEBUG Engine               - userAppClass: class at.htl.no_half_sends.NoHalfSendsApp
14:55:45.623 [FXGL Background Thread 3 ] DEBUG Engine               - version: 0.0
14:55:45.623 [FXGL Background Thread 3 ] DEBUG Engine               - versionCheckDays: 7
14:55:45.623 [FXGL Background Thread 3 ] DEBUG Engine               - width: 1920
14:55:45.623 [FXGL Background Thread 3 ] DEBUG Engine               - Logging services
14:55:45.623 [FXGL Background Thread 3 ] DEBUG Engine               - class com.almasb.fxgl.app.services.FXGLAssetLoaderService
14:55:45.624 [FXGL Background Thread 3 ] DEBUG Engine               - class com.almasb.fxgl.app.FXGLApplication$GameApplicationService
14:55:45.624 [FXGL Background Thread 3 ] DEBUG Engine               - class com.almasb.fxgl.app.services.FXGLDialogService
14:55:45.624 [FXGL Background Thread 3 ] DEBUG Engine               - class com.almasb.fxgl.app.services.IOTaskExecutorService
14:55:45.624 [FXGL Background Thread 3 ] DEBUG Engine               - class com.almasb.fxgl.io.FileSystemService
14:55:45.624 [FXGL Background Thread 3 ] DEBUG Engine               - class com.almasb.fxgl.localization.LocalizationService
14:55:45.624 [FXGL Background Thread 3 ] DEBUG Engine               - class com.almasb.fxgl.app.services.SystemBundleService
14:55:45.624 [FXGL Background Thread 3 ] DEBUG Engine               - class com.almasb.fxgl.profile.SaveLoadService
14:55:45.624 [FXGL Background Thread 3 ] DEBUG Engine               - class com.almasb.fxgl.ui.FXGLUIFactoryServiceProvider
14:55:45.624 [FXGL Background Thread 3 ] DEBUG Engine               - class com.almasb.fxgl.ui.FXGLDialogFactoryServiceProvider
14:55:45.624 [FXGL Background Thread 3 ] DEBUG Engine               - class com.almasb.fxgl.audio.AudioPlayer
14:55:45.624 [FXGL Background Thread 3 ] DEBUG Engine               - class com.almasb.fxgl.notification.impl.NotificationServiceProvider
14:55:45.624 [FXGL Background Thread 3 ] DEBUG Engine               - class com.almasb.fxgl.achievement.AchievementService
14:55:45.624 [FXGL Background Thread 3 ] DEBUG Engine               - class com.almasb.fxgl.cutscene.CutsceneService
14:55:45.624 [FXGL Background Thread 3 ] DEBUG Engine               - class com.almasb.fxgl.minigames.MiniGameService
14:55:45.624 [FXGL Background Thread 3 ] DEBUG Engine               - class com.almasb.fxgl.net.NetService
14:55:45.624 [FXGL Background Thread 3 ] DEBUG Engine               - class com.almasb.fxgl.app.services.UpdaterService
14:55:45.624 [FXGL Background Thread 3 ] DEBUG Engine               - class com.almasb.fxgl.dev.DevService
14:55:49.905 [JavaFX Application Thread] DEBUG PrimaryStageWindow   - Push state: ResetSubScene
14:55:49.905 [JavaFX Application Thread] DEBUG Input                - Clearing active input actions
14:55:49.906 [JavaFX Application Thread] DEBUG GameApplicationServi - Removing overlay from GameScene and adding to ResetSubScene
14:55:49.906 [JavaFX Application Thread] DEBUG PrimaryStageWindow   - GameScene -> ResetSubScene
14:55:53.381 [JavaFX Application Thread] DEBUG PrimaryStageWindow   - Pop state: ResetSubScene
14:55:53.381 [JavaFX Application Thread] DEBUG Input                - Clearing active input actions
14:55:53.381 [JavaFX Application Thread] DEBUG GameApplicationServi - Removing overlay from ResetSubScene and adding to GameScene
14:55:53.381 [JavaFX Application Thread] DEBUG PrimaryStageWindow   - GameScene <- ResetSubScene
14:55:53.381 [JavaFX Application Thread] DEBUG GameApplicationServi - Starting new game
14:55:53.381 [JavaFX Application Thread] DEBUG Input                - Clearing active input actions
14:55:53.383 [JavaFX Application Thread] DEBUG GameApplicationServi - Removing overlay from GameScene and adding to FXGLLoadingScene
14:55:53.383 [JavaFX Application Thread] DEBUG PrimaryStageWindow   - GameScene -> FXGLLoadingScene
14:55:53.383 [JavaFX Application Thread] DEBUG GameApplicationServi - Clearing previous game
14:55:53.383 [JavaFX Application Thread] DEBUG GameScene            - Clearing game scene
14:55:53.383 [JavaFX Application Thread] DEBUG GameWorld            - Clearing game world
14:55:53.386 [JavaFX Application Thread] DEBUG PhysicsWorld         - Clearing physics world
14:55:53.386 [FXGL Background Thread 2 ] DEBUG FXGLApplication      - Initializing game
14:55:53.387 [FXGL Background Thread 2 ] WARN  TMXLevelLoader       - TiledMap generated from 1.12.1. Supported version: 1.9.0. Some features may not be parsed fully.
14:55:53.390 [FXGL Background Thread 2 ] DEBUG TMXLevelLoader       - Parsed TiledMap: file:/C:/Users/Clemis%20PC/Desktop/workspace/NO-HALF-SENDS/NO_HALF_SENDS/target/classes/assets/levels/FinalMap.tmx
14:55:53.390 [FXGL Background Thread 2 ] DEBUG TMXLevelLoader       - Creating tile layer entities
14:55:53.390 [FXGL Background Thread 2 ] DEBUG TilesetLoader        - Loading view for layer Kachelebene 1
14:55:53.392 [FXGL Background Thread 2 ] DEBUG TilesetLoader        - Created buffer with size 1280.0x1280.0
14:55:53.398 [FXGL Background Thread 2 ] DEBUG TMXLevelLoader       - Creating object layer entities
14:55:53.405 [FXGL Background Thread 2 ] DEBUG GameWorld            - Clearing removable entities
14:55:53.405 [FXGL Background Thread 2 ] DEBUG GameWorld            - Setting level: com.almasb.fxgl.entity.level.Level@469ab016
14:55:53.413 [FXGL Background Thread 2 ] INFO  FXGLApplication      - Game initialization took: 0,027 sec
14:55:53.414 [JavaFX Application Thread] DEBUG Input                - Clearing active input actions
14:55:53.416 [JavaFX Application Thread] DEBUG GameApplicationServi - Removing overlay from FXGLLoadingScene and adding to GameScene
14:55:53.417 [JavaFX Application Thread] DEBUG PrimaryStageWindow   - FXGLLoadingScene -> GameScene
14:55:53.875 [JavaFX Application Thread] DEBUG PrimaryStageWindow   - Push state: DriftMainMenu
14:55:53.875 [JavaFX Application Thread] DEBUG Input                - Clearing active input actions
14:55:53.876 [JavaFX Application Thread] DEBUG GameApplicationServi - Removing overlay from GameScene and adding to DriftMainMenu
14:55:53.877 [JavaFX Application Thread] DEBUG PrimaryStageWindow   - GameScene -> DriftMainMenu
14:56:01.754 [JavaFX Application Thread] DEBUG Menu                 - fireNewGame()
14:56:01.754 [JavaFX Application Thread] DEBUG GameApplicationServi - Starting new game
14:56:01.754 [JavaFX Application Thread] DEBUG PrimaryStageWindow   - Pop state: DriftMainMenu
14:56:01.754 [JavaFX Application Thread] DEBUG Input                - Clearing active input actions
14:56:01.755 [JavaFX Application Thread] DEBUG GameApplicationServi - Removing overlay from DriftMainMenu and adding to GameScene
14:56:01.755 [JavaFX Application Thread] DEBUG PrimaryStageWindow   - GameScene <- DriftMainMenu
14:56:01.755 [JavaFX Application Thread] DEBUG Input                - Clearing active input actions
14:56:01.757 [JavaFX Application Thread] DEBUG GameApplicationServi - Removing overlay from GameScene and adding to FXGLLoadingScene
14:56:01.757 [JavaFX Application Thread] DEBUG PrimaryStageWindow   - GameScene -> FXGLLoadingScene
14:56:01.757 [JavaFX Application Thread] DEBUG GameApplicationServi - Clearing previous game
14:56:01.757 [JavaFX Application Thread] DEBUG GameScene            - Clearing game scene
14:56:01.757 [JavaFX Application Thread] DEBUG GameWorld            - Clearing game world
14:56:01.758 [JavaFX Application Thread] DEBUG PhysicsWorld         - Clearing physics world
14:56:01.758 [FXGL Background Thread 2 ] DEBUG FXGLApplication      - Initializing game
14:56:01.760 [FXGL Background Thread 2 ] WARN  TMXLevelLoader       - TiledMap generated from 1.12.1. Supported version: 1.9.0. Some features may not be parsed fully.
14:56:01.761 [FXGL Background Thread 2 ] DEBUG TMXLevelLoader       - Parsed TiledMap: file:/C:/Users/Clemis%20PC/Desktop/workspace/NO-HALF-SENDS/NO_HALF_SENDS/target/classes/assets/levels/FinalMap.tmx
14:56:01.761 [FXGL Background Thread 2 ] DEBUG TMXLevelLoader       - Creating tile layer entities
14:56:01.761 [FXGL Background Thread 2 ] DEBUG TilesetLoader        - Loading view for layer Kachelebene 1
14:56:01.763 [FXGL Background Thread 2 ] DEBUG TilesetLoader        - Created buffer with size 1280.0x1280.0
14:56:01.768 [FXGL Background Thread 2 ] DEBUG TMXLevelLoader       - Creating object layer entities
14:56:01.773 [FXGL Background Thread 2 ] DEBUG GameWorld            - Clearing removable entities
14:56:01.773 [FXGL Background Thread 2 ] DEBUG GameWorld            - Setting level: com.almasb.fxgl.entity.level.Level@652547cb
14:56:01.774 [FXGL Background Thread 2 ] INFO  FXGLApplication      - Game initialization took: 0,016 sec
14:56:01.777 [JavaFX Application Thread] DEBUG Input                - Clearing active input actions
14:56:01.779 [JavaFX Application Thread] DEBUG GameApplicationServi - Removing overlay from FXGLLoadingScene and adding to GameScene
14:56:01.780 [JavaFX Application Thread] DEBUG PrimaryStageWindow   - FXGLLoadingScene -> GameScene
14:56:04.797 [JavaFX Application Thread] DEBUG PrimaryStageWindow   - Push state: ResetSubScene
14:56:04.797 [JavaFX Application Thread] DEBUG Input                - Clearing active input actions
14:56:04.798 [JavaFX Application Thread] DEBUG GameApplicationServi - Removing overlay from GameScene and adding to ResetSubScene
14:56:04.798 [JavaFX Application Thread] DEBUG PrimaryStageWindow   - GameScene -> ResetSubScene
14:56:08.156 [JavaFX Application Thread] DEBUG PrimaryStageWindow   - Pop state: ResetSubScene
14:56:08.156 [JavaFX Application Thread] DEBUG Input                - Clearing active input actions
14:56:08.156 [JavaFX Application Thread] DEBUG GameApplicationServi - Removing overlay from ResetSubScene and adding to GameScene
14:56:08.156 [JavaFX Application Thread] DEBUG PrimaryStageWindow   - GameScene <- ResetSubScene
14:56:08.156 [JavaFX Application Thread] DEBUG GameApplicationServi - Starting new game
14:56:08.156 [JavaFX Application Thread] DEBUG Input                - Clearing active input actions
14:56:08.158 [JavaFX Application Thread] DEBUG GameApplicationServi - Removing overlay from GameScene and adding to FXGLLoadingScene
14:56:08.158 [JavaFX Application Thread] DEBUG PrimaryStageWindow   - GameScene -> FXGLLoadingScene
14:56:08.158 [JavaFX Application Thread] DEBUG GameApplicationServi - Clearing previous game
14:56:08.158 [JavaFX Application Thread] DEBUG GameScene            - Clearing game scene
14:56:08.158 [JavaFX Application Thread] DEBUG GameWorld            - Clearing game world
14:56:08.159 [JavaFX Application Thread] DEBUG PhysicsWorld         - Clearing physics world
14:56:08.159 [FXGL Background Thread 2 ] DEBUG FXGLApplication      - Initializing game
14:56:08.160 [FXGL Background Thread 2 ] WARN  TMXLevelLoader       - TiledMap generated from 1.12.1. Supported version: 1.9.0. Some features may not be parsed fully.
14:56:08.162 [FXGL Background Thread 2 ] DEBUG TMXLevelLoader       - Parsed TiledMap: file:/C:/Users/Clemis%20PC/Desktop/workspace/NO-HALF-SENDS/NO_HALF_SENDS/target/classes/assets/levels/FinalMap.tmx
14:56:08.162 [FXGL Background Thread 2 ] DEBUG TMXLevelLoader       - Creating tile layer entities
14:56:08.162 [FXGL Background Thread 2 ] DEBUG TilesetLoader        - Loading view for layer Kachelebene 1
14:56:08.163 [FXGL Background Thread 2 ] DEBUG TilesetLoader        - Created buffer with size 1280.0x1280.0
14:56:08.168 [FXGL Background Thread 2 ] DEBUG TMXLevelLoader       - Creating object layer entities
14:56:08.173 [FXGL Background Thread 2 ] DEBUG GameWorld            - Clearing removable entities
14:56:08.173 [FXGL Background Thread 2 ] DEBUG GameWorld            - Setting level: com.almasb.fxgl.entity.level.Level@55ccbdd2
14:56:08.181 [FXGL Background Thread 2 ] INFO  FXGLApplication      - Game initialization took: 0,022 sec
14:56:08.181 [JavaFX Application Thread] DEBUG Input                - Clearing active input actions
14:56:08.183 [JavaFX Application Thread] DEBUG GameApplicationServi - Removing overlay from FXGLLoadingScene and adding to GameScene
14:56:08.184 [JavaFX Application Thread] DEBUG PrimaryStageWindow   - FXGLLoadingScene -> GameScene
14:56:23.818 [JavaFX Application Thread] DEBUG PrimaryStageWindow   - Push state: ResetSubScene
14:56:23.818 [JavaFX Application Thread] DEBUG Input                - Clearing active input actions
14:56:23.818 [JavaFX Application Thread] DEBUG GameApplicationServi - Removing overlay from GameScene and adding to ResetSubScene
14:56:23.818 [JavaFX Application Thread] DEBUG PrimaryStageWindow   - GameScene -> ResetSubScene
14:56:27.145 [JavaFX Application Thread] DEBUG PrimaryStageWindow   - Pop state: ResetSubScene
14:56:27.145 [JavaFX Application Thread] DEBUG Input                - Clearing active input actions
14:56:27.145 [JavaFX Application Thread] DEBUG GameApplicationServi - Removing overlay from ResetSubScene and adding to GameScene
14:56:27.145 [JavaFX Application Thread] DEBUG PrimaryStageWindow   - GameScene <- ResetSubScene
14:56:27.145 [JavaFX Application Thread] DEBUG GameApplicationServi - Starting new game
14:56:27.145 [JavaFX Application Thread] DEBUG Input                - Clearing active input actions
14:56:27.147 [JavaFX Application Thread] DEBUG GameApplicationServi - Removing overlay from GameScene and adding to FXGLLoadingScene
14:56:27.147 [JavaFX Application Thread] DEBUG PrimaryStageWindow   - GameScene -> FXGLLoadingScene
14:56:27.147 [JavaFX Application Thread] DEBUG GameApplicationServi - Clearing previous game
14:56:27.147 [JavaFX Application Thread] DEBUG GameScene            - Clearing game scene
14:56:27.147 [JavaFX Application Thread] DEBUG GameWorld            - Clearing game world
14:56:27.148 [JavaFX Application Thread] DEBUG PhysicsWorld         - Clearing physics world
14:56:27.148 [FXGL Background Thread 2 ] DEBUG FXGLApplication      - Initializing game
14:56:27.150 [FXGL Background Thread 2 ] WARN  TMXLevelLoader       - TiledMap generated from 1.12.1. Supported version: 1.9.0. Some features may not be parsed fully.
14:56:27.151 [FXGL Background Thread 2 ] DEBUG TMXLevelLoader       - Parsed TiledMap: file:/C:/Users/Clemis%20PC/Desktop/workspace/NO-HALF-SENDS/NO_HALF_SENDS/target/classes/assets/levels/FinalMap.tmx
14:56:27.151 [FXGL Background Thread 2 ] DEBUG TMXLevelLoader       - Creating tile layer entities
14:56:27.151 [FXGL Background Thread 2 ] DEBUG TilesetLoader        - Loading view for layer Kachelebene 1
14:56:27.153 [FXGL Background Thread 2 ] DEBUG TilesetLoader        - Created buffer with size 1280.0x1280.0
14:56:27.158 [FXGL Background Thread 2 ] DEBUG TMXLevelLoader       - Creating object layer entities
14:56:27.160 [FXGL Background Thread 2 ] DEBUG GameWorld            - Clearing removable entities
14:56:27.160 [FXGL Background Thread 2 ] DEBUG GameWorld            - Setting level: com.almasb.fxgl.entity.level.Level@115eea7d
14:56:27.167 [FXGL Background Thread 2 ] INFO  FXGLApplication      - Game initialization took: 0,019 sec
14:56:27.167 [JavaFX Application Thread] DEBUG Input                - Clearing active input actions
14:56:27.169 [JavaFX Application Thread] DEBUG GameApplicationServi - Removing overlay from FXGLLoadingScene and adding to GameScene
14:56:27.170 [JavaFX Application Thread] DEBUG PrimaryStageWindow   - FXGLLoadingScene -> GameScene
14:56:33.039 [JavaFX Application Thread] DEBUG PrimaryStageWindow   - Push state: ResetSubScene
14:56:33.039 [JavaFX Application Thread] DEBUG Input                - Clearing active input actions
14:56:33.039 [JavaFX Application Thread] DEBUG GameApplicationServi - Removing overlay from GameScene and adding to ResetSubScene
14:56:33.040 [JavaFX Application Thread] DEBUG PrimaryStageWindow   - GameScene -> ResetSubScene
14:56:36.362 [JavaFX Application Thread] DEBUG PrimaryStageWindow   - Pop state: ResetSubScene
14:56:36.362 [JavaFX Application Thread] DEBUG Input                - Clearing active input actions
14:56:36.363 [JavaFX Application Thread] DEBUG GameApplicationServi - Removing overlay from ResetSubScene and adding to GameScene
14:56:36.363 [JavaFX Application Thread] DEBUG PrimaryStageWindow   - GameScene <- ResetSubScene
14:56:36.363 [JavaFX Application Thread] DEBUG GameApplicationServi - Starting new game
14:56:36.363 [JavaFX Application Thread] DEBUG Input                - Clearing active input actions
14:56:36.364 [JavaFX Application Thread] DEBUG GameApplicationServi - Removing overlay from GameScene and adding to FXGLLoadingScene
14:56:36.364 [JavaFX Application Thread] DEBUG PrimaryStageWindow   - GameScene -> FXGLLoadingScene
14:56:36.364 [JavaFX Application Thread] DEBUG GameApplicationServi - Clearing previous game
14:56:36.364 [JavaFX Application Thread] DEBUG GameScene            - Clearing game scene
14:56:36.365 [JavaFX Application Thread] DEBUG GameWorld            - Clearing game world
14:56:36.365 [JavaFX Application Thread] DEBUG PhysicsWorld         - Clearing physics world
14:56:36.365 [FXGL Background Thread 2 ] DEBUG FXGLApplication      - Initializing game
14:56:36.366 [FXGL Background Thread 2 ] WARN  TMXLevelLoader       - TiledMap generated from 1.12.1. Supported version: 1.9.0. Some features may not be parsed fully.
14:56:36.367 [FXGL Background Thread 2 ] DEBUG TMXLevelLoader       - Parsed TiledMap: file:/C:/Users/Clemis%20PC/Desktop/workspace/NO-HALF-SENDS/NO_HALF_SENDS/target/classes/assets/levels/FinalMap.tmx
14:56:36.367 [FXGL Background Thread 2 ] DEBUG TMXLevelLoader       - Creating tile layer entities
14:56:36.367 [FXGL Background Thread 2 ] DEBUG TilesetLoader        - Loading view for layer Kachelebene 1
14:56:36.367 [FXGL Background Thread 2 ] DEBUG TilesetLoader        - Created buffer with size 1280.0x1280.0
14:56:36.371 [FXGL Background Thread 2 ] DEBUG TMXLevelLoader       - Creating object layer entities
14:56:36.373 [FXGL Background Thread 2 ] DEBUG GameWorld            - Clearing removable entities
14:56:36.373 [FXGL Background Thread 2 ] DEBUG GameWorld            - Setting level: com.almasb.fxgl.entity.level.Level@82061cb
14:56:36.379 [FXGL Background Thread 2 ] INFO  FXGLApplication      - Game initialization took: 0,014 sec
14:56:36.380 [JavaFX Application Thread] DEBUG Input                - Clearing active input actions
14:56:36.381 [JavaFX Application Thread] DEBUG GameApplicationServi - Removing overlay from FXGLLoadingScene and adding to GameScene
14:56:36.382 [JavaFX Application Thread] DEBUG PrimaryStageWindow   - FXGLLoadingScene -> GameScene
14:56:56.639 [JavaFX Application Thread] DEBUG PrimaryStageWindow   - Push state: ResetSubScene
14:56:56.639 [JavaFX Application Thread] DEBUG Input                - Clearing active input actions
14:56:56.639 [JavaFX Application Thread] DEBUG GameApplicationServi - Removing overlay from GameScene and adding to ResetSubScene
14:56:56.639 [JavaFX Application Thread] DEBUG PrimaryStageWindow   - GameScene -> ResetSubScene
14:56:59.936 [JavaFX Application Thread] DEBUG PrimaryStageWindow   - Pop state: ResetSubScene
14:56:59.937 [JavaFX Application Thread] DEBUG Input                - Clearing active input actions
14:56:59.937 [JavaFX Application Thread] DEBUG GameApplicationServi - Removing overlay from ResetSubScene and adding to GameScene
14:56:59.937 [JavaFX Application Thread] DEBUG PrimaryStageWindow   - GameScene <- ResetSubScene
14:56:59.937 [JavaFX Application Thread] DEBUG GameApplicationServi - Starting new game
14:56:59.937 [JavaFX Application Thread] DEBUG Input                - Clearing active input actions
14:56:59.938 [JavaFX Application Thread] DEBUG GameApplicationServi - Removing overlay from GameScene and adding to FXGLLoadingScene
14:56:59.938 [JavaFX Application Thread] DEBUG PrimaryStageWindow   - GameScene -> FXGLLoadingScene
14:56:59.938 [JavaFX Application Thread] DEBUG GameApplicationServi - Clearing previous game
14:56:59.938 [JavaFX Application Thread] DEBUG GameScene            - Clearing game scene
14:56:59.938 [JavaFX Application Thread] DEBUG GameWorld            - Clearing game world
14:56:59.939 [JavaFX Application Thread] DEBUG PhysicsWorld         - Clearing physics world
14:56:59.939 [FXGL Background Thread 2 ] DEBUG FXGLApplication      - Initializing game
14:56:59.940 [FXGL Background Thread 2 ] WARN  TMXLevelLoader       - TiledMap generated from 1.12.1. Supported version: 1.9.0. Some features may not be parsed fully.
14:56:59.941 [FXGL Background Thread 2 ] DEBUG TMXLevelLoader       - Parsed TiledMap: file:/C:/Users/Clemis%20PC/Desktop/workspace/NO-HALF-SENDS/NO_HALF_SENDS/target/classes/assets/levels/FinalMap.tmx
14:56:59.941 [FXGL Background Thread 2 ] DEBUG TMXLevelLoader       - Creating tile layer entities
14:56:59.941 [FXGL Background Thread 2 ] DEBUG TilesetLoader        - Loading view for layer Kachelebene 1
14:56:59.942 [FXGL Background Thread 2 ] DEBUG TilesetLoader        - Created buffer with size 1280.0x1280.0
14:56:59.946 [FXGL Background Thread 2 ] DEBUG TMXLevelLoader       - Creating object layer entities
14:56:59.947 [FXGL Background Thread 2 ] DEBUG GameWorld            - Clearing removable entities
14:56:59.947 [FXGL Background Thread 2 ] DEBUG GameWorld            - Setting level: com.almasb.fxgl.entity.level.Level@6c773ad5
14:56:59.954 [FXGL Background Thread 2 ] INFO  FXGLApplication      - Game initialization took: 0,015 sec
14:56:59.955 [JavaFX Application Thread] DEBUG Input                - Clearing active input actions
14:56:59.956 [JavaFX Application Thread] DEBUG GameApplicationServi - Removing overlay from FXGLLoadingScene and adding to GameScene
14:56:59.957 [JavaFX Application Thread] DEBUG PrimaryStageWindow   - FXGLLoadingScene -> GameScene
14:57:22.511 [JavaFX Application Thread] DEBUG PrimaryStageWindow   - Push state: ResetSubScene
14:57:22.511 [JavaFX Application Thread] DEBUG Input                - Clearing active input actions
14:57:22.511 [JavaFX Application Thread] DEBUG GameApplicationServi - Removing overlay from GameScene and adding to ResetSubScene
14:57:22.512 [JavaFX Application Thread] DEBUG PrimaryStageWindow   - GameScene -> ResetSubScene
14:57:25.921 [JavaFX Application Thread] DEBUG PrimaryStageWindow   - Pop state: ResetSubScene
14:57:25.921 [JavaFX Application Thread] DEBUG Input                - Clearing active input actions
14:57:25.921 [JavaFX Application Thread] DEBUG GameApplicationServi - Removing overlay from ResetSubScene and adding to GameScene
14:57:25.922 [JavaFX Application Thread] DEBUG PrimaryStageWindow   - GameScene <- ResetSubScene
14:57:25.922 [JavaFX Application Thread] DEBUG GameApplicationServi - Starting new game
14:57:25.922 [JavaFX Application Thread] DEBUG Input                - Clearing active input actions
14:57:25.923 [JavaFX Application Thread] DEBUG GameApplicationServi - Removing overlay from GameScene and adding to FXGLLoadingScene
14:57:25.923 [JavaFX Application Thread] DEBUG PrimaryStageWindow   - GameScene -> FXGLLoadingScene
14:57:25.923 [JavaFX Application Thread] DEBUG GameApplicationServi - Clearing previous game
14:57:25.923 [JavaFX Application Thread] DEBUG GameScene            - Clearing game scene
14:57:25.923 [JavaFX Application Thread] DEBUG GameWorld            - Clearing game world
14:57:25.924 [JavaFX Application Thread] DEBUG PhysicsWorld         - Clearing physics world
14:57:25.924 [FXGL Background Thread 2 ] DEBUG FXGLApplication      - Initializing game
14:57:25.924 [FXGL Background Thread 2 ] WARN  TMXLevelLoader       - TiledMap generated from 1.12.1. Supported version: 1.9.0. Some features may not be parsed fully.
14:57:25.925 [FXGL Background Thread 2 ] DEBUG TMXLevelLoader       - Parsed TiledMap: file:/C:/Users/Clemis%20PC/Desktop/workspace/NO-HALF-SENDS/NO_HALF_SENDS/target/classes/assets/levels/FinalMap.tmx
14:57:25.925 [FXGL Background Thread 2 ] DEBUG TMXLevelLoader       - Creating tile layer entities
14:57:25.925 [FXGL Background Thread 2 ] DEBUG TilesetLoader        - Loading view for layer Kachelebene 1
14:57:25.926 [FXGL Background Thread 2 ] DEBUG TilesetLoader        - Created buffer with size 1280.0x1280.0
14:57:25.930 [FXGL Background Thread 2 ] DEBUG TMXLevelLoader       - Creating object layer entities
14:57:25.932 [FXGL Background Thread 2 ] DEBUG GameWorld            - Clearing removable entities
14:57:25.932 [FXGL Background Thread 2 ] DEBUG GameWorld            - Setting level: com.almasb.fxgl.entity.level.Level@7900f0ae
14:57:25.940 [FXGL Background Thread 2 ] INFO  FXGLApplication      - Game initialization took: 0,017 sec
14:57:25.941 [JavaFX Application Thread] DEBUG Input                - Clearing active input actions
14:57:25.942 [JavaFX Application Thread] DEBUG GameApplicationServi - Removing overlay from FXGLLoadingScene and adding to GameScene
14:57:25.943 [JavaFX Application Thread] DEBUG PrimaryStageWindow   - FXGLLoadingScene -> GameScene
14:57:33.081 [JavaFX Application Thread] DEBUG PrimaryStageWindow   - Push state: ResetSubScene
14:57:33.081 [JavaFX Application Thread] DEBUG Input                - Clearing active input actions
14:57:33.081 [JavaFX Application Thread] DEBUG GameApplicationServi - Removing overlay from GameScene and adding to ResetSubScene
14:57:33.081 [JavaFX Application Thread] DEBUG PrimaryStageWindow   - GameScene -> ResetSubScene
14:57:36.722 [JavaFX Application Thread] DEBUG PrimaryStageWindow   - Pop state: ResetSubScene
14:57:36.723 [JavaFX Application Thread] DEBUG Input                - Clearing active input actions
14:57:36.723 [JavaFX Application Thread] DEBUG GameApplicationServi - Removing overlay from ResetSubScene and adding to GameScene
14:57:36.723 [JavaFX Application Thread] DEBUG PrimaryStageWindow   - GameScene <- ResetSubScene
14:57:36.723 [JavaFX Application Thread] DEBUG GameApplicationServi - Starting new game
14:57:36.723 [JavaFX Application Thread] DEBUG Input                - Clearing active input actions
14:57:36.724 [JavaFX Application Thread] DEBUG GameApplicationServi - Removing overlay from GameScene and adding to FXGLLoadingScene
14:57:36.724 [JavaFX Application Thread] DEBUG PrimaryStageWindow   - GameScene -> FXGLLoadingScene
14:57:36.724 [JavaFX Application Thread] DEBUG GameApplicationServi - Clearing previous game
14:57:36.724 [JavaFX Application Thread] DEBUG GameScene            - Clearing game scene
14:57:36.724 [JavaFX Application Thread] DEBUG GameWorld            - Clearing game world
14:57:36.725 [JavaFX Application Thread] DEBUG PhysicsWorld         - Clearing physics world
14:57:36.725 [FXGL Background Thread 2 ] DEBUG FXGLApplication      - Initializing game
14:57:36.726 [FXGL Background Thread 2 ] WARN  TMXLevelLoader       - TiledMap generated from 1.12.1. Supported version: 1.9.0. Some features may not be parsed fully.
14:57:36.727 [FXGL Background Thread 2 ] DEBUG TMXLevelLoader       - Parsed TiledMap: file:/C:/Users/Clemis%20PC/Desktop/workspace/NO-HALF-SENDS/NO_HALF_SENDS/target/classes/assets/levels/FinalMap.tmx
14:57:36.727 [FXGL Background Thread 2 ] DEBUG TMXLevelLoader       - Creating tile layer entities
14:57:36.727 [FXGL Background Thread 2 ] DEBUG TilesetLoader        - Loading view for layer Kachelebene 1
14:57:36.728 [FXGL Background Thread 2 ] DEBUG TilesetLoader        - Created buffer with size 1280.0x1280.0
14:57:36.732 [FXGL Background Thread 2 ] DEBUG TMXLevelLoader       - Creating object layer entities
14:57:36.733 [FXGL Background Thread 2 ] DEBUG GameWorld            - Clearing removable entities
14:57:36.733 [FXGL Background Thread 2 ] DEBUG GameWorld            - Setting level: com.almasb.fxgl.entity.level.Level@d6fa582
14:57:36.740 [FXGL Background Thread 2 ] INFO  FXGLApplication      - Game initialization took: 0,015 sec
14:57:36.740 [JavaFX Application Thread] DEBUG Input                - Clearing active input actions
14:57:36.742 [JavaFX Application Thread] DEBUG GameApplicationServi - Removing overlay from FXGLLoadingScene and adding to GameScene
14:57:36.742 [JavaFX Application Thread] DEBUG PrimaryStageWindow   - FXGLLoadingScene -> GameScene
14:58:36.632 [JavaFX Application Thread] DEBUG PrimaryStageWindow   - Push state: ResetSubScene
14:58:36.632 [JavaFX Application Thread] DEBUG Input                - Clearing active input actions
14:58:36.632 [JavaFX Application Thread] DEBUG GameApplicationServi - Removing overlay from GameScene and adding to ResetSubScene
14:58:36.632 [JavaFX Application Thread] DEBUG PrimaryStageWindow   - GameScene -> ResetSubScene
14:58:40.922 [JavaFX Application Thread] DEBUG PrimaryStageWindow   - Pop state: ResetSubScene
14:58:40.922 [JavaFX Application Thread] DEBUG Input                - Clearing active input actions
14:58:40.922 [JavaFX Application Thread] DEBUG GameApplicationServi - Removing overlay from ResetSubScene and adding to GameScene
14:58:40.922 [JavaFX Application Thread] DEBUG PrimaryStageWindow   - GameScene <- ResetSubScene
14:58:40.922 [JavaFX Application Thread] DEBUG GameApplicationServi - Starting new game
14:58:40.922 [JavaFX Application Thread] DEBUG Input                - Clearing active input actions
14:58:40.923 [JavaFX Application Thread] DEBUG GameApplicationServi - Removing overlay from GameScene and adding to FXGLLoadingScene
14:58:40.923 [JavaFX Application Thread] DEBUG PrimaryStageWindow   - GameScene -> FXGLLoadingScene
14:58:40.923 [JavaFX Application Thread] DEBUG GameApplicationServi - Clearing previous game
14:58:40.923 [JavaFX Application Thread] DEBUG GameScene            - Clearing game scene
14:58:40.923 [JavaFX Application Thread] DEBUG GameWorld            - Clearing game world
14:58:40.924 [JavaFX Application Thread] DEBUG PhysicsWorld         - Clearing physics world
14:58:40.924 [FXGL Background Thread 5 ] DEBUG FXGLApplication      - Initializing game
14:58:40.925 [FXGL Background Thread 5 ] WARN  TMXLevelLoader       - TiledMap generated from 1.12.1. Supported version: 1.9.0. Some features may not be parsed fully.
14:58:40.926 [FXGL Background Thread 5 ] DEBUG TMXLevelLoader       - Parsed TiledMap: file:/C:/Users/Clemis%20PC/Desktop/workspace/NO-HALF-SENDS/NO_HALF_SENDS/target/classes/assets/levels/FinalMap.tmx
14:58:40.926 [FXGL Background Thread 5 ] DEBUG TMXLevelLoader       - Creating tile layer entities
14:58:40.926 [FXGL Background Thread 5 ] DEBUG TilesetLoader        - Loading view for layer Kachelebene 1
14:58:40.926 [FXGL Background Thread 5 ] DEBUG TilesetLoader        - Created buffer with size 1280.0x1280.0
14:58:40.930 [FXGL Background Thread 5 ] DEBUG TMXLevelLoader       - Creating object layer entities
14:58:40.931 [FXGL Background Thread 5 ] DEBUG GameWorld            - Clearing removable entities
14:58:40.931 [FXGL Background Thread 5 ] DEBUG GameWorld            - Setting level: com.almasb.fxgl.entity.level.Level@567071bc
14:58:40.938 [FXGL Background Thread 5 ] INFO  FXGLApplication      - Game initialization took: 0,013 sec
14:58:40.938 [JavaFX Application Thread] DEBUG Input                - Clearing active input actions
14:58:40.940 [JavaFX Application Thread] DEBUG GameApplicationServi - Removing overlay from FXGLLoadingScene and adding to GameScene
14:58:40.941 [JavaFX Application Thread] DEBUG PrimaryStageWindow   - FXGLLoadingScene -> GameScene
14:58:52.048 [JavaFX Application Thread] DEBUG PrimaryStageWindow   - Push state: ResetSubScene
14:58:52.048 [JavaFX Application Thread] DEBUG Input                - Clearing active input actions
14:58:52.048 [JavaFX Application Thread] DEBUG GameApplicationServi - Removing overlay from GameScene and adding to ResetSubScene
14:58:52.048 [JavaFX Application Thread] DEBUG PrimaryStageWindow   - GameScene -> ResetSubScene
14:58:55.609 [JavaFX Application Thread] DEBUG PrimaryStageWindow   - Pop state: ResetSubScene
14:58:55.609 [JavaFX Application Thread] DEBUG Input                - Clearing active input actions
14:58:55.610 [JavaFX Application Thread] DEBUG GameApplicationServi - Removing overlay from ResetSubScene and adding to GameScene
14:58:55.610 [JavaFX Application Thread] DEBUG PrimaryStageWindow   - GameScene <- ResetSubScene
14:58:55.610 [JavaFX Application Thread] DEBUG GameApplicationServi - Starting new game
14:58:55.610 [JavaFX Application Thread] DEBUG Input                - Clearing active input actions
14:58:55.611 [JavaFX Application Thread] DEBUG GameApplicationServi - Removing overlay from GameScene and adding to FXGLLoadingScene
14:58:55.611 [JavaFX Application Thread] DEBUG PrimaryStageWindow   - GameScene -> FXGLLoadingScene
14:58:55.611 [JavaFX Application Thread] DEBUG GameApplicationServi - Clearing previous game
14:58:55.611 [JavaFX Application Thread] DEBUG GameScene            - Clearing game scene
14:58:55.611 [JavaFX Application Thread] DEBUG GameWorld            - Clearing game world
14:58:55.612 [JavaFX Application Thread] DEBUG PhysicsWorld         - Clearing physics world
14:58:55.612 [FXGL Background Thread 5 ] DEBUG FXGLApplication      - Initializing game
14:58:55.613 [FXGL Background Thread 5 ] WARN  TMXLevelLoader       - TiledMap generated from 1.12.1. Supported version: 1.9.0. Some features may not be parsed fully.
14:58:55.613 [FXGL Background Thread 5 ] DEBUG TMXLevelLoader       - Parsed TiledMap: file:/C:/Users/Clemis%20PC/Desktop/workspace/NO-HALF-SENDS/NO_HALF_SENDS/target/classes/assets/levels/FinalMap.tmx
14:58:55.613 [FXGL Background Thread 5 ] DEBUG TMXLevelLoader       - Creating tile layer entities
14:58:55.613 [FXGL Background Thread 5 ] DEBUG TilesetLoader        - Loading view for layer Kachelebene 1
14:58:55.614 [FXGL Background Thread 5 ] DEBUG TilesetLoader        - Created buffer with size 1280.0x1280.0
14:58:55.618 [FXGL Background Thread 5 ] DEBUG TMXLevelLoader       - Creating object layer entities
14:58:55.619 [FXGL Background Thread 5 ] DEBUG GameWorld            - Clearing removable entities
14:58:55.619 [FXGL Background Thread 5 ] DEBUG GameWorld            - Setting level: com.almasb.fxgl.entity.level.Level@1922fd73
14:58:55.625 [FXGL Background Thread 5 ] INFO  FXGLApplication      - Game initialization took: 0,014 sec
14:58:55.626 [JavaFX Application Thread] DEBUG Input                - Clearing active input actions
14:58:55.627 [JavaFX Application Thread] DEBUG GameApplicationServi - Removing overlay from FXGLLoadingScene and adding to GameScene
14:58:55.628 [JavaFX Application Thread] DEBUG PrimaryStageWindow   - FXGLLoadingScene -> GameScene
14:58:56.057 [JavaFX Application Thread] DEBUG PrimaryStageWindow   - Push state: DriftMainMenu
14:58:56.057 [JavaFX Application Thread] DEBUG Input                - Clearing active input actions
14:58:56.058 [JavaFX Application Thread] DEBUG GameApplicationServi - Removing overlay from GameScene and adding to DriftMainMenu
14:58:56.058 [JavaFX Application Thread] DEBUG PrimaryStageWindow   - GameScene -> DriftMainMenu
14:59:05.176 [JavaFX Application Thread] DEBUG Menu                 - fireNewGame()
14:59:05.176 [JavaFX Application Thread] DEBUG GameApplicationServi - Starting new game
14:59:05.176 [JavaFX Application Thread] DEBUG PrimaryStageWindow   - Pop state: DriftMainMenu
14:59:05.176 [JavaFX Application Thread] DEBUG Input                - Clearing active input actions
14:59:05.176 [JavaFX Application Thread] DEBUG GameApplicationServi - Removing overlay from DriftMainMenu and adding to GameScene
14:59:05.176 [JavaFX Application Thread] DEBUG PrimaryStageWindow   - GameScene <- DriftMainMenu
14:59:05.176 [JavaFX Application Thread] DEBUG Input                - Clearing active input actions
14:59:05.177 [JavaFX Application Thread] DEBUG GameApplicationServi - Removing overlay from GameScene and adding to FXGLLoadingScene
14:59:05.177 [JavaFX Application Thread] DEBUG PrimaryStageWindow   - GameScene -> FXGLLoadingScene
14:59:05.177 [JavaFX Application Thread] DEBUG GameApplicationServi - Clearing previous game
14:59:05.177 [JavaFX Application Thread] DEBUG GameScene            - Clearing game scene
14:59:05.177 [JavaFX Application Thread] DEBUG GameWorld            - Clearing game world
14:59:05.178 [JavaFX Application Thread] DEBUG PhysicsWorld         - Clearing physics world
14:59:05.178 [FXGL Background Thread 5 ] DEBUG FXGLApplication      - Initializing game
14:59:05.179 [FXGL Background Thread 5 ] WARN  TMXLevelLoader       - TiledMap generated from 1.12.1. Supported version: 1.9.0. Some features may not be parsed fully.
14:59:05.179 [FXGL Background Thread 5 ] DEBUG TMXLevelLoader       - Parsed TiledMap: file:/C:/Users/Clemis%20PC/Desktop/workspace/NO-HALF-SENDS/NO_HALF_SENDS/target/classes/assets/levels/FinalMap.tmx
14:59:05.179 [FXGL Background Thread 5 ] DEBUG TMXLevelLoader       - Creating tile layer entities
14:59:05.179 [FXGL Background Thread 5 ] DEBUG TilesetLoader        - Loading view for layer Kachelebene 1
14:59:05.181 [FXGL Background Thread 5 ] DEBUG TilesetLoader        - Created buffer with size 1280.0x1280.0
14:59:05.185 [FXGL Background Thread 5 ] DEBUG TMXLevelLoader       - Creating object layer entities
14:59:05.186 [FXGL Background Thread 5 ] DEBUG GameWorld            - Clearing removable entities
14:59:05.186 [FXGL Background Thread 5 ] DEBUG GameWorld            - Setting level: com.almasb.fxgl.entity.level.Level@3142369
14:59:05.188 [FXGL Background Thread 5 ] DEBUG FXGLAssetLoaderServi - Loading from file system: file:/C:/Users/Clemis%20PC/Desktop/workspace/NO-HALF-SENDS/NO_HALF_SENDS/target/classes/assets/textures/Nissan_GTR_R35_mk4.png
14:59:05.190 [FXGL Background Thread 5 ] INFO  FXGLApplication      - Game initialization took: 0,012 sec
14:59:05.192 [JavaFX Application Thread] DEBUG Input                - Clearing active input actions
14:59:05.193 [JavaFX Application Thread] DEBUG GameApplicationServi - Removing overlay from FXGLLoadingScene and adding to GameScene
14:59:05.194 [JavaFX Application Thread] DEBUG PrimaryStageWindow   - FXGLLoadingScene -> GameScene
14:59:22.959 [JavaFX Application Thread] DEBUG PrimaryStageWindow   - Push state: ResetSubScene
14:59:22.959 [JavaFX Application Thread] DEBUG Input                - Clearing active input actions
14:59:22.959 [JavaFX Application Thread] DEBUG GameApplicationServi - Removing overlay from GameScene and adding to ResetSubScene
14:59:22.960 [JavaFX Application Thread] DEBUG PrimaryStageWindow   - GameScene -> ResetSubScene
14:59:26.361 [JavaFX Application Thread] DEBUG PrimaryStageWindow   - Pop state: ResetSubScene
14:59:26.361 [JavaFX Application Thread] DEBUG Input                - Clearing active input actions
14:59:26.362 [JavaFX Application Thread] DEBUG GameApplicationServi - Removing overlay from ResetSubScene and adding to GameScene
14:59:26.362 [JavaFX Application Thread] DEBUG PrimaryStageWindow   - GameScene <- ResetSubScene
14:59:26.362 [JavaFX Application Thread] DEBUG GameApplicationServi - Starting new game
14:59:26.362 [JavaFX Application Thread] DEBUG Input                - Clearing active input actions
14:59:26.363 [JavaFX Application Thread] DEBUG GameApplicationServi - Removing overlay from GameScene and adding to FXGLLoadingScene
14:59:26.363 [JavaFX Application Thread] DEBUG PrimaryStageWindow   - GameScene -> FXGLLoadingScene
14:59:26.363 [JavaFX Application Thread] DEBUG GameApplicationServi - Clearing previous game
14:59:26.363 [JavaFX Application Thread] DEBUG GameScene            - Clearing game scene
14:59:26.363 [JavaFX Application Thread] DEBUG GameWorld            - Clearing game world
14:59:26.363 [JavaFX Application Thread] DEBUG PhysicsWorld         - Clearing physics world
14:59:26.364 [FXGL Background Thread 5 ] DEBUG FXGLApplication      - Initializing game
14:59:26.365 [FXGL Background Thread 5 ] WARN  TMXLevelLoader       - TiledMap generated from 1.12.1. Supported version: 1.9.0. Some features may not be parsed fully.
14:59:26.365 [FXGL Background Thread 5 ] DEBUG TMXLevelLoader       - Parsed TiledMap: file:/C:/Users/Clemis%20PC/Desktop/workspace/NO-HALF-SENDS/NO_HALF_SENDS/target/classes/assets/levels/FinalMap.tmx
14:59:26.365 [FXGL Background Thread 5 ] DEBUG TMXLevelLoader       - Creating tile layer entities
14:59:26.365 [FXGL Background Thread 5 ] DEBUG TilesetLoader        - Loading view for layer Kachelebene 1
14:59:26.366 [FXGL Background Thread 5 ] DEBUG TilesetLoader        - Created buffer with size 1280.0x1280.0
14:59:26.370 [FXGL Background Thread 5 ] DEBUG TMXLevelLoader       - Creating object layer entities
14:59:26.371 [FXGL Background Thread 5 ] DEBUG GameWorld            - Clearing removable entities
14:59:26.371 [FXGL Background Thread 5 ] DEBUG GameWorld            - Setting level: com.almasb.fxgl.entity.level.Level@48c810d0
14:59:26.379 [FXGL Background Thread 5 ] INFO  FXGLApplication      - Game initialization took: 0,015 sec
14:59:26.379 [JavaFX Application Thread] DEBUG Input                - Clearing active input actions
14:59:26.380 [JavaFX Application Thread] DEBUG GameApplicationServi - Removing overlay from FXGLLoadingScene and adding to GameScene
14:59:26.381 [JavaFX Application Thread] DEBUG PrimaryStageWindow   - FXGLLoadingScene -> GameScene
14:59:28.893 [JavaFX Application Thread] DEBUG PrimaryStageWindow   - Push state: ResetSubScene
14:59:28.893 [JavaFX Application Thread] DEBUG Input                - Clearing active input actions
14:59:28.893 [JavaFX Application Thread] DEBUG GameApplicationServi - Removing overlay from GameScene and adding to ResetSubScene
14:59:28.893 [JavaFX Application Thread] DEBUG PrimaryStageWindow   - GameScene -> ResetSubScene
14:59:32.238 [JavaFX Application Thread] DEBUG PrimaryStageWindow   - Pop state: ResetSubScene
14:59:32.238 [JavaFX Application Thread] DEBUG Input                - Clearing active input actions
14:59:32.238 [JavaFX Application Thread] DEBUG GameApplicationServi - Removing overlay from ResetSubScene and adding to GameScene
14:59:32.238 [JavaFX Application Thread] DEBUG PrimaryStageWindow   - GameScene <- ResetSubScene
14:59:32.238 [JavaFX Application Thread] DEBUG GameApplicationServi - Starting new game
14:59:32.238 [JavaFX Application Thread] DEBUG Input                - Clearing active input actions
14:59:32.240 [JavaFX Application Thread] DEBUG GameApplicationServi - Removing overlay from GameScene and adding to FXGLLoadingScene
14:59:32.240 [JavaFX Application Thread] DEBUG PrimaryStageWindow   - GameScene -> FXGLLoadingScene
14:59:32.240 [JavaFX Application Thread] DEBUG GameApplicationServi - Clearing previous game
14:59:32.240 [JavaFX Application Thread] DEBUG GameScene            - Clearing game scene
14:59:32.240 [JavaFX Application Thread] DEBUG GameWorld            - Clearing game world
14:59:32.240 [JavaFX Application Thread] DEBUG PhysicsWorld         - Clearing physics world
14:59:32.240 [FXGL Background Thread 5 ] DEBUG FXGLApplication      - Initializing game
14:59:32.241 [FXGL Background Thread 5 ] WARN  TMXLevelLoader       - TiledMap generated from 1.12.1. Supported version: 1.9.0. Some features may not be parsed fully.
14:59:32.242 [FXGL Background Thread 5 ] DEBUG TMXLevelLoader       - Parsed TiledMap: file:/C:/Users/Clemis%20PC/Desktop/workspace/NO-HALF-SENDS/NO_HALF_SENDS/target/classes/assets/levels/FinalMap.tmx
14:59:32.242 [FXGL Background Thread 5 ] DEBUG TMXLevelLoader       - Creating tile layer entities
14:59:32.242 [FXGL Background Thread 5 ] DEBUG TilesetLoader        - Loading view for layer Kachelebene 1
14:59:32.242 [FXGL Background Thread 5 ] DEBUG TilesetLoader        - Created buffer with size 1280.0x1280.0
14:59:32.247 [FXGL Background Thread 5 ] DEBUG TMXLevelLoader       - Creating object layer entities
14:59:32.247 [FXGL Background Thread 5 ] DEBUG GameWorld            - Clearing removable entities
14:59:32.247 [FXGL Background Thread 5 ] DEBUG GameWorld            - Setting level: com.almasb.fxgl.entity.level.Level@6d470f12
14:59:32.254 [FXGL Background Thread 5 ] INFO  FXGLApplication      - Game initialization took: 0,013 sec
14:59:32.255 [JavaFX Application Thread] DEBUG Input                - Clearing active input actions
14:59:32.256 [JavaFX Application Thread] DEBUG GameApplicationServi - Removing overlay from FXGLLoadingScene and adding to GameScene
14:59:32.257 [JavaFX Application Thread] DEBUG PrimaryStageWindow   - FXGLLoadingScene -> GameScene
14:59:38.555 [JavaFX Application Thread] DEBUG PrimaryStageWindow   - Push state: ResetSubScene
14:59:38.555 [JavaFX Application Thread] DEBUG Input                - Clearing active input actions
14:59:38.555 [JavaFX Application Thread] DEBUG GameApplicationServi - Removing overlay from GameScene and adding to ResetSubScene
14:59:38.555 [JavaFX Application Thread] DEBUG PrimaryStageWindow   - GameScene -> ResetSubScene
14:59:41.970 [JavaFX Application Thread] DEBUG PrimaryStageWindow   - Pop state: ResetSubScene
14:59:41.970 [JavaFX Application Thread] DEBUG Input                - Clearing active input actions
14:59:41.970 [JavaFX Application Thread] DEBUG GameApplicationServi - Removing overlay from ResetSubScene and adding to GameScene
14:59:41.971 [JavaFX Application Thread] DEBUG PrimaryStageWindow   - GameScene <- ResetSubScene
14:59:41.971 [JavaFX Application Thread] DEBUG GameApplicationServi - Starting new game
14:59:41.971 [JavaFX Application Thread] DEBUG Input                - Clearing active input actions
14:59:41.973 [JavaFX Application Thread] DEBUG GameApplicationServi - Removing overlay from GameScene and adding to FXGLLoadingScene
14:59:41.973 [JavaFX Application Thread] DEBUG PrimaryStageWindow   - GameScene -> FXGLLoadingScene
14:59:41.973 [JavaFX Application Thread] DEBUG GameApplicationServi - Clearing previous game
14:59:41.973 [JavaFX Application Thread] DEBUG GameScene            - Clearing game scene
14:59:41.973 [JavaFX Application Thread] DEBUG GameWorld            - Clearing game world
14:59:41.973 [JavaFX Application Thread] DEBUG PhysicsWorld         - Clearing physics world
14:59:41.973 [FXGL Background Thread 5 ] DEBUG FXGLApplication      - Initializing game
14:59:41.974 [FXGL Background Thread 5 ] WARN  TMXLevelLoader       - TiledMap generated from 1.12.1. Supported version: 1.9.0. Some features may not be parsed fully.
14:59:41.975 [FXGL Background Thread 5 ] DEBUG TMXLevelLoader       - Parsed TiledMap: file:/C:/Users/Clemis%20PC/Desktop/workspace/NO-HALF-SENDS/NO_HALF_SENDS/target/classes/assets/levels/FinalMap.tmx
14:59:41.975 [FXGL Background Thread 5 ] DEBUG TMXLevelLoader       - Creating tile layer entities
14:59:41.975 [FXGL Background Thread 5 ] DEBUG TilesetLoader        - Loading view for layer Kachelebene 1
14:59:41.975 [FXGL Background Thread 5 ] DEBUG TilesetLoader        - Created buffer with size 1280.0x1280.0
14:59:41.979 [FXGL Background Thread 5 ] DEBUG TMXLevelLoader       - Creating object layer entities
14:59:41.980 [FXGL Background Thread 5 ] DEBUG GameWorld            - Clearing removable entities
14:59:41.980 [FXGL Background Thread 5 ] DEBUG GameWorld            - Setting level: com.almasb.fxgl.entity.level.Level@4d855a67
14:59:41.987 [FXGL Background Thread 5 ] INFO  FXGLApplication      - Game initialization took: 0,013 sec
14:59:41.988 [JavaFX Application Thread] DEBUG Input                - Clearing active input actions
14:59:41.990 [JavaFX Application Thread] DEBUG GameApplicationServi - Removing overlay from FXGLLoadingScene and adding to GameScene
14:59:41.990 [JavaFX Application Thread] DEBUG PrimaryStageWindow   - FXGLLoadingScene -> GameScene
14:59:45.275 [JavaFX Application Thread] DEBUG PrimaryStageWindow   - Push state: ResetSubScene
14:59:45.275 [JavaFX Application Thread] DEBUG Input                - Clearing active input actions
14:59:45.276 [JavaFX Application Thread] DEBUG GameApplicationServi - Removing overlay from GameScene and adding to ResetSubScene
14:59:45.276 [JavaFX Application Thread] DEBUG PrimaryStageWindow   - GameScene -> ResetSubScene
14:59:48.704 [JavaFX Application Thread] DEBUG PrimaryStageWindow   - Pop state: ResetSubScene
14:59:48.704 [JavaFX Application Thread] DEBUG Input                - Clearing active input actions
14:59:48.704 [JavaFX Application Thread] DEBUG GameApplicationServi - Removing overlay from ResetSubScene and adding to GameScene
14:59:48.704 [JavaFX Application Thread] DEBUG PrimaryStageWindow   - GameScene <- ResetSubScene
14:59:48.704 [JavaFX Application Thread] DEBUG GameApplicationServi - Starting new game
14:59:48.704 [JavaFX Application Thread] DEBUG Input                - Clearing active input actions
14:59:48.705 [JavaFX Application Thread] DEBUG GameApplicationServi - Removing overlay from GameScene and adding to FXGLLoadingScene
14:59:48.706 [JavaFX Application Thread] DEBUG PrimaryStageWindow   - GameScene -> FXGLLoadingScene
14:59:48.706 [JavaFX Application Thread] DEBUG GameApplicationServi - Clearing previous game
14:59:48.706 [JavaFX Application Thread] DEBUG GameScene            - Clearing game scene
14:59:48.706 [JavaFX Application Thread] DEBUG GameWorld            - Clearing game world
14:59:48.706 [JavaFX Application Thread] DEBUG PhysicsWorld         - Clearing physics world
14:59:48.706 [FXGL Background Thread 5 ] DEBUG FXGLApplication      - Initializing game
14:59:48.707 [FXGL Background Thread 5 ] WARN  TMXLevelLoader       - TiledMap generated from 1.12.1. Supported version: 1.9.0. Some features may not be parsed fully.
14:59:48.707 [FXGL Background Thread 5 ] DEBUG TMXLevelLoader       - Parsed TiledMap: file:/C:/Users/Clemis%20PC/Desktop/workspace/NO-HALF-SENDS/NO_HALF_SENDS/target/classes/assets/levels/FinalMap.tmx
14:59:48.707 [FXGL Background Thread 5 ] DEBUG TMXLevelLoader       - Creating tile layer entities
14:59:48.707 [FXGL Background Thread 5 ] DEBUG TilesetLoader        - Loading view for layer Kachelebene 1
14:59:48.709 [FXGL Background Thread 5 ] DEBUG TilesetLoader        - Created buffer with size 1280.0x1280.0
14:59:48.713 [FXGL Background Thread 5 ] DEBUG TMXLevelLoader       - Creating object layer entities
14:59:48.714 [FXGL Background Thread 5 ] DEBUG GameWorld            - Clearing removable entities
14:59:48.714 [FXGL Background Thread 5 ] DEBUG GameWorld            - Setting level: com.almasb.fxgl.entity.level.Level@5d217ca
14:59:48.721 [FXGL Background Thread 5 ] INFO  FXGLApplication      - Game initialization took: 0,015 sec
14:59:48.724 [JavaFX Application Thread] DEBUG Input                - Clearing active input actions
14:59:48.725 [JavaFX Application Thread] DEBUG GameApplicationServi - Removing overlay from FXGLLoadingScene and adding to GameScene
14:59:48.726 [JavaFX Application Thread] DEBUG PrimaryStageWindow   - FXGLLoadingScene -> GameScene
14:59:49.003 [JavaFX Application Thread] DEBUG PrimaryStageWindow   - Push state: DriftMainMenu
14:59:49.003 [JavaFX Application Thread] DEBUG Input                - Clearing active input actions
14:59:49.003 [JavaFX Application Thread] DEBUG GameApplicationServi - Removing overlay from GameScene and adding to DriftMainMenu
14:59:49.003 [JavaFX Application Thread] DEBUG PrimaryStageWindow   - GameScene -> DriftMainMenu
14:59:50.732 [JavaFX Application Thread] DEBUG FXGLApplication      - Exiting FXGL
14:59:50.733 [JavaFX Application Thread] DEBUG LoopRunner           - Stopping loop
14:59:50.733 [JavaFX Application Thread] DEBUG SystemBundleService  - Saving FXGL system data
14:59:50.735 [JavaFX Application Thread] DEBUG FileSystemAccess     - Writing to: C:\Users\Clemis PC\Desktop\workspace\NO-HALF-SENDS\NO_HALF_SENDS\system\fxgl.bundle
14:59:50.736 [JavaFX Application Thread] DEBUG Async                - Shutting down background threads
14:59:50.737 [JavaFX Application Thread] DEBUG PrimaryStageWindow   - Closing main window
14:59:50.757 [JavaFX Application Thread] DEBUG Logger               - Closing Logger
