16:03:38.956 [main                     ] DEBUG Logger               - Configured Logger
16:03:38.961 [main                     ] DEBUG GameApplication      - Logging settings
Title: NO HALF SENDS
Version: 0.0
Width: 1920
Height: 1080
Fullscreen: true
Intro: false
Profiling: false
Single step:false
App Mode: DEVELOPER
Menu Key: ESCAPE
Stage Style: DECORATED
Scene Factory: class at.htl.no_half_sends.NoHalfSendsApp$1

16:03:39.337 [JavaFX Application Thread] DEBUG FXGLApplication      - Initializing FXGL
16:03:39.339 [JavaFX Application Thread] INFO  Engine               - FXGL-17.3 (30.03.2023 11.49) on WINDOWS (J:25.0.1 FX:21.0.6)
16:03:39.339 [JavaFX Application Thread] DEBUG Engine               - JRE Vendor Name: Oracle Corporation
16:03:39.339 [JavaFX Application Thread] DEBUG Engine               - Running on OS: Windows 11 version 10.0
16:03:39.339 [JavaFX Application Thread] DEBUG Engine               - Architecture: amd64
16:03:39.339 [JavaFX Application Thread] INFO  Engine               - Source code and latest versions at: https://github.com/AlmasB/FXGL
16:03:39.340 [JavaFX Application Thread] INFO  Engine               -       Ask questions and discuss at: https://github.com/AlmasB/FXGL/discussions
16:03:39.340 [JavaFX Application Thread] INFO  Engine               -              Join the FXGL chat at: https://gitter.im/AlmasB/FXGL
16:03:39.414 [JavaFX Application Thread] DEBUG PrimaryStageWindow   - Creating a JavaFX scene
16:03:39.449 [JavaFX Application Thread] DEBUG PrimaryStageWindow   - Target settings size: 1920.0 x 1080.0
16:03:39.449 [JavaFX Application Thread] DEBUG PrimaryStageWindow   - Scaled scene size:    1920.0 x 1080.0
16:03:39.449 [JavaFX Application Thread] DEBUG PrimaryStageWindow   - Scaled ratio: (1.0, 1.0)
16:03:39.450 [JavaFX Application Thread] DEBUG PrimaryStageWindow   - Set initial scene to FXGLStartupScene
16:03:39.454 [JavaFX Application Thread] DEBUG PrimaryStageWindow   - Opening main window
16:03:39.512 [JavaFX Application Thread] DEBUG PrimaryStageWindow   - Window border size: (16.0, 39.0)
16:03:39.512 [JavaFX Application Thread] DEBUG PrimaryStageWindow   - Scaled size: 1920.0 x 1080.0
16:03:39.512 [JavaFX Application Thread] DEBUG PrimaryStageWindow   - Scaled ratio: (1.0, 1.0)
16:03:39.512 [JavaFX Application Thread] DEBUG PrimaryStageWindow   - Scene size: 1920.0 x 1080.0
16:03:39.513 [JavaFX Application Thread] DEBUG PrimaryStageWindow   - Stage size: 1936.0 x 1119.0
16:03:39.548 [JavaFX Application Thread] DEBUG PrimaryStageWindow   - Going fullscreen
16:03:39.554 [FXGL Background Thread 1 ] DEBUG Engine               - Initializing environment variables
16:03:39.592 [FXGL Background Thread 1 ] DEBUG FXGLAssetLoaderServi - User app class for loading assets: class at.htl.no_half_sends.NoHalfSendsApp
16:03:39.592 [FXGL Background Thread 1 ] DEBUG GameApplicationServi - Applying CSS: fxgl_dark.css
16:03:39.592 [FXGL Background Thread 1 ] DEBUG FXGLAssetLoaderServi - Loading from file system: jar:file:/C:/Users/Clemis%20PC/.m2/repository/com/github/almasb/fxgl/17.3/fxgl-17.3.jar!/fxglassets/ui/css/fxgl_dark.css
16:03:39.617 [FXGL Background Thread 1 ] DEBUG GameApplicationServi - Initializing application scenes
16:03:39.642 [FXGL Background Thread 1 ] DEBUG GameWorld            - Game world initialized
16:03:39.674 [FXGL Background Thread 1 ] DEBUG PhysicsWorld         - Physics world initialized: appHeight=1080, physics.ppm=50,0
16:03:39.674 [FXGL Background Thread 1 ] DEBUG PhysicsWorld         - Using strategy: BRUTE_FORCE
16:03:39.676 [FXGL Background Thread 1 ] DEBUG GameScene            - Game scene initialized: 1920x1080
16:03:39.730 [FXGL Background Thread 1 ] DEBUG GameApplicationServi - Application scenes initialized
16:03:39.741 [FXGL Background Thread 1 ] DEBUG SystemBundleService  - Loading FXGL system data
16:03:39.745 [FXGL Background Thread 1 ] DEBUG FileSystemAccess     - Reading from: C:\Users\Clemis PC\Desktop\workspace\NO-HALF-SENDS\NO_HALF_SENDS\system\fxgl.bundle
16:03:39.749 [FXGL Background Thread 1 ] DEBUG SystemBundleService  - Bundle FXGL: {}
16:03:39.749 [FXGL Background Thread 1 ] DEBUG UpdaterService       - Checking for updates
16:03:39.768 [FXGL Background Thread 4 ] DEBUG FXGLApplication      - Loading fonts
16:03:39.769 [FXGL Background Thread 4 ] DEBUG FXGLAssetLoaderServi - Loading from file system: jar:file:/C:/Users/Clemis%20PC/.m2/repository/com/github/almasb/fxgl/17.3/fxgl-17.3.jar!/fxglassets/ui/fonts/VarelaRound-Regular.ttf
16:03:39.769 [FXGL Background Thread 1 ] DEBUG FXGLApplication      - Loading default localization
16:03:39.770 [FXGL Background Thread 1 ] DEBUG FXGLAssetLoaderServi - Loading from file system: jar:file:/C:/Users/Clemis%20PC/.m2/repository/com/github/almasb/fxgl/17.3/fxgl-17.3.jar!/fxglassets/languages/english.lang
16:03:39.779 [FXGL Background Thread 1 ] INFO  FXGLApplication      - FXGL initialization took: 0,225 sec
16:03:39.784 [JavaFX Application Thread] DEBUG Input                - Registered new binding: Gas geben - W
16:03:39.785 [JavaFX Application Thread] DEBUG Input                - Registered new binding: Bremsen / Rückwärts - S
16:03:39.785 [JavaFX Application Thread] DEBUG Input                - Registered new binding: Links lenken - A
16:03:39.785 [JavaFX Application Thread] DEBUG Input                - Registered new binding: Rechts lenken - D
16:03:39.785 [JavaFX Application Thread] DEBUG Input                - Registered new binding: Speichern - F5
16:03:39.785 [JavaFX Application Thread] DEBUG FXGLAssetLoaderServi - Loading from file system: jar:file:/C:/Users/Clemis%20PC/.m2/repository/com/github/almasb/fxgl/17.3/fxgl-17.3.jar!/fxglassets/textures/fxgl_icon.png
16:03:39.796 [FXGL Background Thread 4 ] DEBUG FXGLAssetLoaderServi - Loading from file system: jar:file:/C:/Users/Clemis%20PC/.m2/repository/com/github/almasb/fxgl/17.3/fxgl-17.3.jar!/fxglassets/ui/fonts/Abel-Regular.ttf
16:03:39.805 [FXGL Background Thread 4 ] DEBUG FXGLAssetLoaderServi - Loading from file system: jar:file:/C:/Users/Clemis%20PC/.m2/repository/com/github/almasb/fxgl/17.3/fxgl-17.3.jar!/fxglassets/ui/fonts/TerminalLandMono-Regular.otf
16:03:39.812 [FXGL Background Thread 4 ] DEBUG FXGLAssetLoaderServi - Loading from file system: jar:file:/C:/Users/Clemis%20PC/.m2/repository/com/github/almasb/fxgl/17.3/fxgl-17.3.jar!/fxglassets/ui/fonts/Courier-Prime.ttf
16:03:39.814 [JavaFX Application Thread] DEBUG FXGLAssetLoaderServi - Loading from file system: jar:file:/C:/Users/Clemis%20PC/.m2/repository/com/github/almasb/fxgl/17.3/fxgl-17.3.jar!/fxglassets/textures/fxgl_default_cursor.png
16:03:39.816 [JavaFX Application Thread] DEBUG Input                - Registered new binding: Screenshot - CTRL+8
16:03:39.816 [JavaFX Application Thread] DEBUG Input                - Registered new binding: Dev Options - 1
16:03:39.816 [JavaFX Application Thread] DEBUG Input                - Registered new binding: Dev Console - 2
16:03:39.816 [JavaFX Application Thread] DEBUG Input                - Registered new binding: System info dump - CTRL+9
16:03:39.817 [JavaFX Application Thread] DEBUG Input                - Registered new binding: Restart - CTRL+R
16:03:39.817 [JavaFX Application Thread] DEBUG Input                - Registered new binding: Toggle Debug Camera - CTRL+7
16:03:39.820 [JavaFX Application Thread] DEBUG LoopRunner           - Starting loop
16:03:39.829 [JavaFX Application Thread] DEBUG LoopRunner           - Initializing JavaFX AnimationTimerLoop
16:03:39.830 [JavaFX Application Thread] DEBUG Input                - Clearing active input actions
16:03:39.842 [JavaFX Application Thread] DEBUG GameApplicationServi - Removing overlay from FXGLStartupScene and adding to FXGLMainMenuDummyScene
16:03:39.845 [JavaFX Application Thread] DEBUG PrimaryStageWindow   - FXGLStartupScene -> FXGLMainMenuDummyScene
16:03:39.845 [JavaFX Application Thread] DEBUG PrimaryStageWindow   - Push state: DriftMainMenu
16:03:39.845 [JavaFX Application Thread] DEBUG Input                - Clearing active input actions
16:03:39.851 [JavaFX Application Thread] DEBUG GameApplicationServi - Removing overlay from FXGLMainMenuDummyScene and adding to DriftMainMenu
16:03:39.852 [JavaFX Application Thread] DEBUG PrimaryStageWindow   - FXGLMainMenuDummyScene -> DriftMainMenu
16:03:39.852 [JavaFX Application Thread] DEBUG FXGLApplication      - Registering font factories with UI factory
16:03:40.053 [FXGL Background Thread 2 ] INFO  UpdaterService       - Your current version:  17.3
16:03:40.053 [FXGL Background Thread 2 ] INFO  UpdaterService       - Latest stable version: 25
16:03:42.768 [FXGL Background Thread 3 ] DEBUG Engine               - Logging environment variables
16:03:42.768 [FXGL Background Thread 3 ] DEBUG Engine               - achievements: []
16:03:42.768 [FXGL Background Thread 3 ] DEBUG Engine               - actualHeight: 1440.0
16:03:42.768 [FXGL Background Thread 3 ] DEBUG Engine               - actualHeightProperty: ReadOnlyDoubleProperty [value: 1440.0]
16:03:42.768 [FXGL Background Thread 3 ] DEBUG Engine               - actualWidth: 2560.0
16:03:42.768 [FXGL Background Thread 3 ] DEBUG Engine               - actualWidthProperty: ReadOnlyDoubleProperty [value: 2560.0]
16:03:42.768 [FXGL Background Thread 3 ] DEBUG Engine               - appIcon: fxgl_icon.png
16:03:42.768 [FXGL Background Thread 3 ] DEBUG Engine               - applicationMode: DEVELOPER
16:03:42.768 [FXGL Background Thread 3 ] DEBUG Engine               - cSSList: [fxgl_dark.css]
16:03:42.768 [FXGL Background Thread 3 ] DEBUG Engine               - collisionDetectionStrategy: BRUTE_FORCE
16:03:42.768 [FXGL Background Thread 3 ] DEBUG Engine               - configClass: Optional.empty
16:03:42.768 [FXGL Background Thread 3 ] DEBUG Engine               - credits: []
16:03:42.770 [FXGL Background Thread 3 ] DEBUG Engine               - defaultCursor: CursorInfo(imageName=fxgl_default_cursor.png, hotspotX=7.0, hotspotY=6.0)
16:03:42.770 [FXGL Background Thread 3 ] DEBUG Engine               - devBBoxColorProperty: ObjectProperty [value: 0xff0000ff]
16:03:42.770 [FXGL Background Thread 3 ] DEBUG Engine               - devEnableDebugCameraProperty: BooleanProperty [value: false]
16:03:42.771 [FXGL Background Thread 3 ] DEBUG Engine               - devSensorColorProperty: ObjectProperty [value: 0xffff00ff]
16:03:42.771 [FXGL Background Thread 3 ] DEBUG Engine               - devShowBBoxProperty: BooleanProperty [value: false]
16:03:42.771 [FXGL Background Thread 3 ] DEBUG Engine               - devShowPositionProperty: BooleanProperty [value: false]
16:03:42.771 [FXGL Background Thread 3 ] DEBUG Engine               - enabledMenuItems: []
16:03:42.771 [FXGL Background Thread 3 ] DEBUG Engine               - engineServices: [class com.almasb.fxgl.app.services.FXGLAssetLoaderService, class com.almasb.fxgl.app.FXGLApplication$GameApplicationService, class com.almasb.fxgl.app.services.FXGLDialogService, class com.almasb.fxgl.app.services.IOTaskExecutorService, class com.almasb.fxgl.io.FileSystemService, class com.almasb.fxgl.localization.LocalizationService, class com.almasb.fxgl.app.services.SystemBundleService, class com.almasb.fxgl.profile.SaveLoadService, class com.almasb.fxgl.ui.FXGLUIFactoryServiceProvider, class com.almasb.fxgl.ui.FXGLDialogFactoryServiceProvider, class com.almasb.fxgl.audio.AudioPlayer, class com.almasb.fxgl.notification.impl.NotificationServiceProvider, class com.almasb.fxgl.achievement.AchievementService, class com.almasb.fxgl.cutscene.CutsceneService, class com.almasb.fxgl.minigames.MiniGameService, class com.almasb.fxgl.net.NetService, class com.almasb.fxgl.app.services.UpdaterService, class com.almasb.fxgl.dev.DevService]
16:03:42.771 [FXGL Background Thread 3 ] DEBUG Engine               - fontGame: Abel-Regular.ttf
16:03:42.771 [FXGL Background Thread 3 ] DEBUG Engine               - fontMono: TerminalLandMono-Regular.otf
16:03:42.771 [FXGL Background Thread 3 ] DEBUG Engine               - fontSizeScaleUI: 1.0
16:03:42.771 [FXGL Background Thread 3 ] DEBUG Engine               - fontText: Courier-Prime.ttf
16:03:42.771 [FXGL Background Thread 3 ] DEBUG Engine               - fontUI: VarelaRound-Regular.ttf
16:03:42.771 [FXGL Background Thread 3 ] DEBUG Engine               - fullScreen: BooleanProperty [value: true]
16:03:42.771 [FXGL Background Thread 3 ] DEBUG Engine               - gameDifficulty: MEDIUM
16:03:42.771 [FXGL Background Thread 3 ] DEBUG Engine               - gameDifficultyProperty: ObjectProperty [value: MEDIUM]
16:03:42.771 [FXGL Background Thread 3 ] DEBUG Engine               - globalMusicVolume: 0.5
16:03:42.771 [FXGL Background Thread 3 ] DEBUG Engine               - globalMusicVolumeProperty: DoubleProperty [value: 0.5]
16:03:42.771 [FXGL Background Thread 3 ] DEBUG Engine               - globalSoundVolume: 0.5
16:03:42.771 [FXGL Background Thread 3 ] DEBUG Engine               - globalSoundVolumeProperty: DoubleProperty [value: 0.5]
16:03:42.771 [FXGL Background Thread 3 ] DEBUG Engine               - height: 1080
16:03:42.771 [FXGL Background Thread 3 ] DEBUG Engine               - is3D: false
16:03:42.771 [FXGL Background Thread 3 ] DEBUG Engine               - isAndroid: false
16:03:42.772 [FXGL Background Thread 3 ] DEBUG Engine               - isBrowser: false
16:03:42.772 [FXGL Background Thread 3 ] DEBUG Engine               - isClickFeedbackEnabled: false
16:03:42.772 [FXGL Background Thread 3 ] DEBUG Engine               - isCloseConfirmation: false
16:03:42.772 [FXGL Background Thread 3 ] DEBUG Engine               - isDesktop: true
16:03:42.772 [FXGL Background Thread 3 ] DEBUG Engine               - isDeveloperMenuEnabled: true
16:03:42.772 [FXGL Background Thread 3 ] DEBUG Engine               - isEmbedded: false
16:03:42.772 [FXGL Background Thread 3 ] DEBUG Engine               - isEntityPreloadEnabled: true
16:03:42.772 [FXGL Background Thread 3 ] DEBUG Engine               - isExperimentalTiledLargeMap: false
16:03:42.772 [FXGL Background Thread 3 ] DEBUG Engine               - isFileSystemWriteAllowed: true
16:03:42.772 [FXGL Background Thread 3 ] DEBUG Engine               - isFullScreenAllowed: true
16:03:42.772 [FXGL Background Thread 3 ] DEBUG Engine               - isFullScreenFromStart: true
16:03:42.772 [FXGL Background Thread 3 ] DEBUG Engine               - isGameMenuEnabled: true
16:03:42.772 [FXGL Background Thread 3 ] DEBUG Engine               - isIOS: false
16:03:42.772 [FXGL Background Thread 3 ] DEBUG Engine               - isIntroEnabled: false
16:03:42.772 [FXGL Background Thread 3 ] DEBUG Engine               - isLinux: false
16:03:42.772 [FXGL Background Thread 3 ] DEBUG Engine               - isMac: false
16:03:42.772 [FXGL Background Thread 3 ] DEBUG Engine               - isMainMenuEnabled: true
16:03:42.772 [FXGL Background Thread 3 ] DEBUG Engine               - isManualResizeEnabled: false
16:03:42.772 [FXGL Background Thread 3 ] DEBUG Engine               - isMobile: false
16:03:42.772 [FXGL Background Thread 3 ] DEBUG Engine               - isNative: false
16:03:42.772 [FXGL Background Thread 3 ] DEBUG Engine               - isPauseMusicWhenMinimized: true
16:03:42.772 [FXGL Background Thread 3 ] DEBUG Engine               - isPreserveResizeRatio: false
16:03:42.772 [FXGL Background Thread 3 ] DEBUG Engine               - isProfilingEnabled: false
16:03:42.772 [FXGL Background Thread 3 ] DEBUG Engine               - isScaleAffectedOnResize: true
16:03:42.772 [FXGL Background Thread 3 ] DEBUG Engine               - isSingleStep: false
16:03:42.772 [FXGL Background Thread 3 ] DEBUG Engine               - isUserProfileEnabled: false
16:03:42.772 [FXGL Background Thread 3 ] DEBUG Engine               - isWindows: true
16:03:42.772 [FXGL Background Thread 3 ] DEBUG Engine               - language: ObjectProperty [value: ENGLISH]
16:03:42.772 [FXGL Background Thread 3 ] DEBUG Engine               - menuKey: ESCAPE
16:03:42.772 [FXGL Background Thread 3 ] DEBUG Engine               - mouseSensitivity: 0.2
16:03:42.772 [FXGL Background Thread 3 ] DEBUG Engine               - notificationViewClass: class com.almasb.fxgl.notification.view.XboxNotificationView
16:03:42.772 [FXGL Background Thread 3 ] DEBUG Engine               - pixelsPerMeter: 50.0
16:03:42.772 [FXGL Background Thread 3 ] DEBUG Engine               - platform: WINDOWS
16:03:42.773 [FXGL Background Thread 3 ] DEBUG Engine               - prefHeightProperty: ReadOnlyDoubleProperty [value: 1080.0]
16:03:42.773 [FXGL Background Thread 3 ] DEBUG Engine               - prefWidthProperty: ReadOnlyDoubleProperty [value: 1920.0]
16:03:42.773 [FXGL Background Thread 3 ] DEBUG Engine               - profileDir: profiles/
16:03:42.773 [FXGL Background Thread 3 ] DEBUG Engine               - profileName: StringProperty [value: DEFAULT]
16:03:42.773 [FXGL Background Thread 3 ] DEBUG Engine               - randomSeed: -1
16:03:42.773 [FXGL Background Thread 3 ] DEBUG Engine               - runtimeInfo: RuntimeInfo(platform=WINDOWS, version=17.3, build=30.03.2023 11.49)
16:03:42.773 [FXGL Background Thread 3 ] DEBUG Engine               - saveFileExt: sav
16:03:42.773 [FXGL Background Thread 3 ] DEBUG Engine               - scaledHeightProp$fxgl: DoubleProperty [bound, value: 1440.0]
16:03:42.773 [FXGL Background Thread 3 ] DEBUG Engine               - scaledWidthProp$fxgl: DoubleProperty [bound, value: 2560.0]
16:03:42.773 [FXGL Background Thread 3 ] DEBUG Engine               - sceneFactory: at.htl.no_half_sends.NoHalfSendsApp$1@ee81ca9
16:03:42.773 [FXGL Background Thread 3 ] DEBUG Engine               - secondsIn24h: 60
16:03:42.773 [FXGL Background Thread 3 ] DEBUG Engine               - soundMenuBack: menu/back.wav
16:03:42.773 [FXGL Background Thread 3 ] DEBUG Engine               - soundMenuPress: menu/press.wav
16:03:42.773 [FXGL Background Thread 3 ] DEBUG Engine               - soundMenuSelect: menu/select.wav
16:03:42.773 [FXGL Background Thread 3 ] DEBUG Engine               - soundNotification: core/notification.wav
16:03:42.773 [FXGL Background Thread 3 ] DEBUG Engine               - stageStyle: DECORATED
16:03:42.773 [FXGL Background Thread 3 ] DEBUG Engine               - supportedLanguages: [ENGLISH, FRENCH, GERMAN, HUNGARIAN, RUSSIAN]
16:03:42.773 [FXGL Background Thread 3 ] DEBUG Engine               - ticksPerSecond: -1
16:03:42.773 [FXGL Background Thread 3 ] DEBUG Engine               - title: NO HALF SENDS
16:03:42.773 [FXGL Background Thread 3 ] DEBUG Engine               - urlGithub: https://github.com/AlmasB/FXGL
16:03:42.773 [FXGL Background Thread 3 ] DEBUG Engine               - urlLeaderboard: http://fxgl-top.herokuapp.com/
16:03:42.773 [FXGL Background Thread 3 ] DEBUG Engine               - urlPOM: https://raw.githubusercontent.com/AlmasB/FXGL/release/README.md
16:03:42.773 [FXGL Background Thread 3 ] DEBUG Engine               - userAppClass: class at.htl.no_half_sends.NoHalfSendsApp
16:03:42.773 [FXGL Background Thread 3 ] DEBUG Engine               - version: 0.0
16:03:42.773 [FXGL Background Thread 3 ] DEBUG Engine               - versionCheckDays: 7
16:03:42.773 [FXGL Background Thread 3 ] DEBUG Engine               - width: 1920
16:03:42.773 [FXGL Background Thread 3 ] DEBUG Engine               - Logging services
16:03:42.773 [FXGL Background Thread 3 ] DEBUG Engine               - class com.almasb.fxgl.app.services.FXGLAssetLoaderService
16:03:42.773 [FXGL Background Thread 3 ] DEBUG Engine               - class com.almasb.fxgl.app.FXGLApplication$GameApplicationService
16:03:42.773 [FXGL Background Thread 3 ] DEBUG Engine               - class com.almasb.fxgl.app.services.FXGLDialogService
16:03:42.773 [FXGL Background Thread 3 ] DEBUG Engine               - class com.almasb.fxgl.app.services.IOTaskExecutorService
16:03:42.773 [FXGL Background Thread 3 ] DEBUG Engine               - class com.almasb.fxgl.io.FileSystemService
16:03:42.773 [FXGL Background Thread 3 ] DEBUG Engine               - class com.almasb.fxgl.localization.LocalizationService
16:03:42.774 [FXGL Background Thread 3 ] DEBUG Engine               - class com.almasb.fxgl.app.services.SystemBundleService
16:03:42.774 [FXGL Background Thread 3 ] DEBUG Engine               - class com.almasb.fxgl.profile.SaveLoadService
16:03:42.774 [FXGL Background Thread 3 ] DEBUG Engine               - class com.almasb.fxgl.ui.FXGLUIFactoryServiceProvider
16:03:42.774 [FXGL Background Thread 3 ] DEBUG Engine               - class com.almasb.fxgl.ui.FXGLDialogFactoryServiceProvider
16:03:42.774 [FXGL Background Thread 3 ] DEBUG Engine               - class com.almasb.fxgl.audio.AudioPlayer
16:03:42.774 [FXGL Background Thread 3 ] DEBUG Engine               - class com.almasb.fxgl.notification.impl.NotificationServiceProvider
16:03:42.774 [FXGL Background Thread 3 ] DEBUG Engine               - class com.almasb.fxgl.achievement.AchievementService
16:03:42.774 [FXGL Background Thread 3 ] DEBUG Engine               - class com.almasb.fxgl.cutscene.CutsceneService
16:03:42.774 [FXGL Background Thread 3 ] DEBUG Engine               - class com.almasb.fxgl.minigames.MiniGameService
16:03:42.774 [FXGL Background Thread 3 ] DEBUG Engine               - class com.almasb.fxgl.net.NetService
16:03:42.774 [FXGL Background Thread 3 ] DEBUG Engine               - class com.almasb.fxgl.app.services.UpdaterService
16:03:42.774 [FXGL Background Thread 3 ] DEBUG Engine               - class com.almasb.fxgl.dev.DevService
16:03:46.974 [JavaFX Application Thread] DEBUG Menu                 - fireNewGame()
16:03:46.974 [JavaFX Application Thread] DEBUG GameApplicationServi - Starting new game
16:03:46.974 [JavaFX Application Thread] DEBUG PrimaryStageWindow   - Pop state: DriftMainMenu
16:03:46.975 [JavaFX Application Thread] DEBUG Input                - Clearing active input actions
16:03:46.975 [JavaFX Application Thread] DEBUG GameApplicationServi - Removing overlay from DriftMainMenu and adding to FXGLMainMenuDummyScene
16:03:46.976 [JavaFX Application Thread] DEBUG PrimaryStageWindow   - FXGLMainMenuDummyScene <- DriftMainMenu
16:03:46.976 [JavaFX Application Thread] DEBUG Input                - Clearing active input actions
16:03:46.978 [JavaFX Application Thread] DEBUG GameApplicationServi - Removing overlay from FXGLMainMenuDummyScene and adding to FXGLLoadingScene
16:03:46.978 [JavaFX Application Thread] DEBUG PrimaryStageWindow   - FXGLMainMenuDummyScene -> FXGLLoadingScene
16:03:46.978 [JavaFX Application Thread] DEBUG GameApplicationServi - Clearing previous game
16:03:46.978 [JavaFX Application Thread] DEBUG GameScene            - Clearing game scene
16:03:46.978 [JavaFX Application Thread] DEBUG GameWorld            - Clearing game world
16:03:46.978 [JavaFX Application Thread] DEBUG PhysicsWorld         - Clearing physics world
16:03:46.980 [FXGL Background Thread 2 ] DEBUG FXGLApplication      - Initializing game
16:03:46.994 [FXGL Background Thread 2 ] WARN  TMXLevelLoader       - TiledMap generated from 1.11.2. Supported version: 1.9.0. Some features may not be parsed fully.
16:03:46.996 [FXGL Background Thread 2 ] DEBUG TMXLevelLoader       - Parsed TiledMap: file:/C:/Users/Clemis%20PC/Desktop/workspace/NO-HALF-SENDS/NO_HALF_SENDS/target/classes/assets/levels/Test_MK9.tmx
16:03:46.997 [FXGL Background Thread 2 ] DEBUG TMXLevelLoader       - Creating tile layer entities
16:03:46.999 [FXGL Background Thread 2 ] DEBUG TilesetLoader        - Loading view for layer Kachelebene 1
16:03:47.002 [FXGL Background Thread 2 ] DEBUG TilesetLoader        - Created buffer with size 640.0x640.0
16:03:47.013 [FXGL Background Thread 2 ] DEBUG TMXLevelLoader       - Creating object layer entities
16:03:47.014 [FXGL Background Thread 2 ] DEBUG GameWorld            - Clearing removable entities
16:03:47.014 [FXGL Background Thread 2 ] DEBUG GameWorld            - Setting level: com.almasb.fxgl.entity.level.Level@1034382e
16:03:47.017 [FXGL Background Thread 2 ] DEBUG FXGLAssetLoaderServi - Loading from file system: file:/C:/Users/Clemis%20PC/Desktop/workspace/NO-HALF-SENDS/NO_HALF_SENDS/target/classes/assets/textures/Nissan_GTR_R35_mk2.png
16:03:47.033 [FXGL Background Thread 2 ] INFO  FXGLApplication      - Game initialization took: 0,054 sec
16:03:47.034 [JavaFX Application Thread] DEBUG Input                - Clearing active input actions
16:03:47.038 [JavaFX Application Thread] DEBUG GameApplicationServi - Removing overlay from FXGLLoadingScene and adding to GameScene
16:03:47.039 [JavaFX Application Thread] DEBUG PrimaryStageWindow   - FXGLLoadingScene -> GameScene
16:04:12.426 [JavaFX Application Thread] DEBUG PrimaryStageWindow   - Push state: DriftMainMenu
16:04:12.426 [JavaFX Application Thread] DEBUG Input                - Clearing active input actions
16:04:12.427 [JavaFX Application Thread] DEBUG GameApplicationServi - Removing overlay from GameScene and adding to DriftMainMenu
16:04:12.427 [JavaFX Application Thread] DEBUG PrimaryStageWindow   - GameScene -> DriftMainMenu
16:04:18.160 [JavaFX Application Thread] DEBUG FXGLApplication      - Exiting FXGL
16:04:18.160 [JavaFX Application Thread] DEBUG LoopRunner           - Stopping loop
16:04:18.160 [JavaFX Application Thread] DEBUG SystemBundleService  - Saving FXGL system data
16:04:18.162 [JavaFX Application Thread] DEBUG FileSystemAccess     - Writing to: C:\Users\Clemis PC\Desktop\workspace\NO-HALF-SENDS\NO_HALF_SENDS\system\fxgl.bundle
16:04:18.163 [JavaFX Application Thread] DEBUG Async                - Shutting down background threads
16:04:18.163 [JavaFX Application Thread] DEBUG PrimaryStageWindow   - Closing main window
16:04:18.184 [JavaFX Application Thread] DEBUG Logger               - Closing Logger
