14:23:03.094 [main                     ] DEBUG Logger               - Configured Logger
14:23:03.099 [main                     ] DEBUG GameApplication      - Logging settings
Title: NO HALF SENDS
Version: 0.0
Width: 1920
Height: 1080
Fullscreen: true
Intro: false
Profiling: false
Single step:false
App Mode: DEVELOPER
Menu Key: ESCAPE
Stage Style: DECORATED
Scene Factory: class at.htl.no_half_sends.NoHalfSendsApp$1

14:23:03.473 [JavaFX Application Thread] DEBUG FXGLApplication      - Initializing FXGL
14:23:03.476 [JavaFX Application Thread] INFO  Engine               - FXGL-17.3 (30.03.2023 11.49) on WINDOWS (J:25.0.1 FX:21.0.6)
14:23:03.476 [JavaFX Application Thread] DEBUG Engine               - JRE Vendor Name: Oracle Corporation
14:23:03.476 [JavaFX Application Thread] DEBUG Engine               - Running on OS: Windows 11 version 10.0
14:23:03.476 [JavaFX Application Thread] DEBUG Engine               - Architecture: amd64
14:23:03.476 [JavaFX Application Thread] INFO  Engine               - Source code and latest versions at: https://github.com/AlmasB/FXGL
14:23:03.476 [JavaFX Application Thread] INFO  Engine               -       Ask questions and discuss at: https://github.com/AlmasB/FXGL/discussions
14:23:03.476 [JavaFX Application Thread] INFO  Engine               -              Join the FXGL chat at: https://gitter.im/AlmasB/FXGL
14:23:03.549 [JavaFX Application Thread] DEBUG PrimaryStageWindow   - Creating a JavaFX scene
14:23:03.583 [JavaFX Application Thread] DEBUG PrimaryStageWindow   - Target settings size: 1920.0 x 1080.0
14:23:03.583 [JavaFX Application Thread] DEBUG PrimaryStageWindow   - Scaled scene size:    1920.0 x 1080.0
14:23:03.583 [JavaFX Application Thread] DEBUG PrimaryStageWindow   - Scaled ratio: (1.0, 1.0)
14:23:03.584 [JavaFX Application Thread] DEBUG PrimaryStageWindow   - Set initial scene to FXGLStartupScene
14:23:03.587 [JavaFX Application Thread] DEBUG PrimaryStageWindow   - Opening main window
14:23:03.645 [JavaFX Application Thread] DEBUG PrimaryStageWindow   - Window border size: (16.0, 39.0)
14:23:03.645 [JavaFX Application Thread] DEBUG PrimaryStageWindow   - Scaled size: 1920.0 x 1080.0
14:23:03.645 [JavaFX Application Thread] DEBUG PrimaryStageWindow   - Scaled ratio: (1.0, 1.0)
14:23:03.645 [JavaFX Application Thread] DEBUG PrimaryStageWindow   - Scene size: 1920.0 x 1080.0
14:23:03.645 [JavaFX Application Thread] DEBUG PrimaryStageWindow   - Stage size: 1936.0 x 1119.0
14:23:03.682 [JavaFX Application Thread] DEBUG PrimaryStageWindow   - Going fullscreen
14:23:03.689 [FXGL Background Thread 1 ] DEBUG Engine               - Initializing environment variables
14:23:03.725 [FXGL Background Thread 1 ] DEBUG FXGLAssetLoaderServi - User app class for loading assets: class at.htl.no_half_sends.NoHalfSendsApp
14:23:03.725 [FXGL Background Thread 1 ] DEBUG GameApplicationServi - Applying CSS: fxgl_dark.css
14:23:03.725 [FXGL Background Thread 1 ] DEBUG FXGLAssetLoaderServi - Loading from file system: jar:file:/C:/Users/Clemis%20PC/.m2/repository/com/github/almasb/fxgl/17.3/fxgl-17.3.jar!/fxglassets/ui/css/fxgl_dark.css
14:23:03.751 [FXGL Background Thread 1 ] DEBUG GameApplicationServi - Initializing application scenes
14:23:03.775 [FXGL Background Thread 1 ] DEBUG GameWorld            - Game world initialized
14:23:03.805 [FXGL Background Thread 1 ] DEBUG PhysicsWorld         - Physics world initialized: appHeight=1080, physics.ppm=50,0
14:23:03.805 [FXGL Background Thread 1 ] DEBUG PhysicsWorld         - Using strategy: BRUTE_FORCE
14:23:03.807 [FXGL Background Thread 1 ] DEBUG GameScene            - Game scene initialized: 1920x1080
14:23:03.871 [FXGL Background Thread 1 ] DEBUG GameApplicationServi - Application scenes initialized
14:23:03.881 [FXGL Background Thread 1 ] DEBUG SystemBundleService  - Loading FXGL system data
14:23:03.883 [FXGL Background Thread 1 ] DEBUG FileSystemAccess     - Reading from: C:\Users\Clemis PC\Desktop\workspace\NO-HALF-SENDS\NO_HALF_SENDS\system\fxgl.bundle
14:23:03.888 [FXGL Background Thread 1 ] DEBUG SystemBundleService  - Bundle FXGL: {}
14:23:03.888 [FXGL Background Thread 1 ] DEBUG UpdaterService       - Checking for updates
14:23:03.910 [FXGL Background Thread 4 ] DEBUG FXGLApplication      - Loading fonts
14:23:03.910 [FXGL Background Thread 4 ] DEBUG FXGLAssetLoaderServi - Loading from file system: jar:file:/C:/Users/Clemis%20PC/.m2/repository/com/github/almasb/fxgl/17.3/fxgl-17.3.jar!/fxglassets/ui/fonts/VarelaRound-Regular.ttf
14:23:03.911 [FXGL Background Thread 1 ] DEBUG FXGLApplication      - Loading default localization
14:23:03.911 [FXGL Background Thread 1 ] DEBUG FXGLAssetLoaderServi - Loading from file system: jar:file:/C:/Users/Clemis%20PC/.m2/repository/com/github/almasb/fxgl/17.3/fxgl-17.3.jar!/fxglassets/languages/english.lang
14:23:03.923 [FXGL Background Thread 1 ] INFO  FXGLApplication      - FXGL initialization took: 0,234 sec
14:23:03.929 [JavaFX Application Thread] DEBUG Input                - Registered new binding: Gas geben - W
14:23:03.929 [JavaFX Application Thread] DEBUG Input                - Registered new binding: Bremsen / Rückwärts - S
14:23:03.929 [JavaFX Application Thread] DEBUG Input                - Registered new binding: Links lenken - A
14:23:03.929 [JavaFX Application Thread] DEBUG Input                - Registered new binding: Rechts lenken - D
14:23:03.929 [JavaFX Application Thread] DEBUG Input                - Registered new binding: Speichern - F5
14:23:03.930 [JavaFX Application Thread] DEBUG FXGLAssetLoaderServi - Loading from file system: jar:file:/C:/Users/Clemis%20PC/.m2/repository/com/github/almasb/fxgl/17.3/fxgl-17.3.jar!/fxglassets/textures/fxgl_icon.png
14:23:03.936 [FXGL Background Thread 4 ] DEBUG FXGLAssetLoaderServi - Loading from file system: jar:file:/C:/Users/Clemis%20PC/.m2/repository/com/github/almasb/fxgl/17.3/fxgl-17.3.jar!/fxglassets/ui/fonts/Abel-Regular.ttf
14:23:03.946 [FXGL Background Thread 4 ] DEBUG FXGLAssetLoaderServi - Loading from file system: jar:file:/C:/Users/Clemis%20PC/.m2/repository/com/github/almasb/fxgl/17.3/fxgl-17.3.jar!/fxglassets/ui/fonts/TerminalLandMono-Regular.otf
14:23:03.955 [FXGL Background Thread 4 ] DEBUG FXGLAssetLoaderServi - Loading from file system: jar:file:/C:/Users/Clemis%20PC/.m2/repository/com/github/almasb/fxgl/17.3/fxgl-17.3.jar!/fxglassets/ui/fonts/Courier-Prime.ttf
14:23:03.960 [JavaFX Application Thread] DEBUG FXGLAssetLoaderServi - Loading from file system: jar:file:/C:/Users/Clemis%20PC/.m2/repository/com/github/almasb/fxgl/17.3/fxgl-17.3.jar!/fxglassets/textures/fxgl_default_cursor.png
14:23:03.961 [JavaFX Application Thread] DEBUG Input                - Registered new binding: Screenshot - CTRL+8
14:23:03.962 [JavaFX Application Thread] DEBUG Input                - Registered new binding: Dev Options - 1
14:23:03.962 [JavaFX Application Thread] DEBUG Input                - Registered new binding: Dev Console - 2
14:23:03.962 [JavaFX Application Thread] DEBUG Input                - Registered new binding: System info dump - CTRL+9
14:23:03.962 [JavaFX Application Thread] DEBUG Input                - Registered new binding: Restart - CTRL+R
14:23:03.963 [JavaFX Application Thread] DEBUG Input                - Registered new binding: Toggle Debug Camera - CTRL+7
14:23:03.965 [JavaFX Application Thread] DEBUG LoopRunner           - Starting loop
14:23:03.974 [JavaFX Application Thread] DEBUG LoopRunner           - Initializing JavaFX AnimationTimerLoop
14:23:03.976 [JavaFX Application Thread] DEBUG Input                - Clearing active input actions
14:23:03.986 [JavaFX Application Thread] DEBUG GameApplicationServi - Removing overlay from FXGLStartupScene and adding to FXGLMainMenuDummyScene
14:23:03.989 [JavaFX Application Thread] DEBUG PrimaryStageWindow   - FXGLStartupScene -> FXGLMainMenuDummyScene
14:23:03.989 [JavaFX Application Thread] DEBUG PrimaryStageWindow   - Push state: DriftMainMenu
14:23:03.989 [JavaFX Application Thread] DEBUG Input                - Clearing active input actions
14:23:03.996 [JavaFX Application Thread] DEBUG GameApplicationServi - Removing overlay from FXGLMainMenuDummyScene and adding to DriftMainMenu
14:23:03.996 [JavaFX Application Thread] DEBUG PrimaryStageWindow   - FXGLMainMenuDummyScene -> DriftMainMenu
14:23:04.009 [JavaFX Application Thread] DEBUG FXGLApplication      - Registering font factories with UI factory
14:23:04.844 [FXGL Background Thread 2 ] INFO  UpdaterService       - Your current version:  17.3
14:23:04.844 [FXGL Background Thread 2 ] INFO  UpdaterService       - Latest stable version: 25
14:23:05.387 [JavaFX Application Thread] DEBUG Menu                 - fireNewGame()
14:23:05.387 [JavaFX Application Thread] DEBUG GameApplicationServi - Starting new game
14:23:05.387 [JavaFX Application Thread] DEBUG PrimaryStageWindow   - Pop state: DriftMainMenu
14:23:05.387 [JavaFX Application Thread] DEBUG Input                - Clearing active input actions
14:23:05.388 [JavaFX Application Thread] DEBUG GameApplicationServi - Removing overlay from DriftMainMenu and adding to FXGLMainMenuDummyScene
14:23:05.389 [JavaFX Application Thread] DEBUG PrimaryStageWindow   - FXGLMainMenuDummyScene <- DriftMainMenu
14:23:05.389 [JavaFX Application Thread] DEBUG Input                - Clearing active input actions
14:23:05.393 [JavaFX Application Thread] DEBUG GameApplicationServi - Removing overlay from FXGLMainMenuDummyScene and adding to FXGLLoadingScene
14:23:05.393 [JavaFX Application Thread] DEBUG PrimaryStageWindow   - FXGLMainMenuDummyScene -> FXGLLoadingScene
14:23:05.393 [JavaFX Application Thread] DEBUG GameApplicationServi - Clearing previous game
14:23:05.393 [JavaFX Application Thread] DEBUG GameScene            - Clearing game scene
14:23:05.393 [JavaFX Application Thread] DEBUG GameWorld            - Clearing game world
14:23:05.393 [JavaFX Application Thread] DEBUG PhysicsWorld         - Clearing physics world
14:23:05.395 [FXGL Background Thread 2 ] DEBUG FXGLApplication      - Initializing game
14:23:05.418 [FXGL Background Thread 2 ] WARN  TMXLevelLoader       - TiledMap generated from 1.12.1. Supported version: 1.9.0. Some features may not be parsed fully.
14:23:05.430 [FXGL Background Thread 2 ] DEBUG TMXLevelLoader       - Parsed TiledMap: file:/C:/Users/Clemis%20PC/Desktop/workspace/NO-HALF-SENDS/NO_HALF_SENDS/target/classes/assets/levels/FinalMap.tmx
14:23:05.432 [FXGL Background Thread 2 ] DEBUG TMXLevelLoader       - Creating tile layer entities
14:23:05.433 [FXGL Background Thread 2 ] DEBUG TilesetLoader        - Loading view for layer Kachelebene 1
14:23:05.436 [FXGL Background Thread 2 ] DEBUG TilesetLoader        - Created buffer with size 1280.0x1280.0
14:23:05.451 [FXGL Background Thread 2 ] DEBUG TMXLevelLoader       - Creating object layer entities
14:23:05.453 [FXGL Background Thread 2 ] WARN  TMXLevelLoader       - Parse error
java.lang.ClassCastException: class java.lang.Integer cannot be cast to class java.lang.Double (java.lang.Integer and java.lang.Double are in module java.base of loader 'bootstrap')
	at at.htl.no_half_sends.ui.GameEntityFactory.newBorder(GameEntityFactory.java:17)
	at java.base/jdk.internal.reflect.DirectMethodHandleAccessor.invoke(DirectMethodHandleAccessor.java:104)
	at java.base/java.lang.reflect.Method.invoke(Method.java:565)
	at com.almasb.fxgl.core.reflect.ReflectionUtils.call(ReflectionUtils.java:104)
	at com.almasb.fxgl.core.reflect.ReflectionUtils.lambda$mapToFunction$3(ReflectionUtils.java:111)
	at com.almasb.fxgl.entity.GameWorld$create$2.invoke(GameWorld.kt:430)
	at com.almasb.fxgl.entity.GameWorld$create$2.invoke(GameWorld.kt:430)
	at com.almasb.fxgl.core.util.DSLKt.tryCatchRoot(DSL.kt:34)
	at com.almasb.fxgl.entity.GameWorld.create(GameWorld.kt:430)
	at com.almasb.fxgl.entity.level.tiled.TMXLevelLoader.createObjectLayerEntities(TMXLevelLoader.kt:155)
	at com.almasb.fxgl.entity.level.tiled.TMXLevelLoader.load(TMXLevelLoader.kt:60)
	at com.almasb.fxgl.app.services.FXGLAssetLoaderService.loadLevel(FXGLAssetLoaderService.kt:430)
	at com.almasb.fxgl.dsl.FXGL$Companion.setLevelFromMap(FXGL.kt:634)
	at com.almasb.fxgl.dsl.FXGL.setLevelFromMap(FXGL.kt)
	at at.htl.no_half_sends.NoHalfSendsApp.initGame(NoHalfSendsApp.java:99)
	at com.almasb.fxgl.app.FXGLApplication$InitAppTask.initGame(FXGLApplication.kt:339)
	at com.almasb.fxgl.app.FXGLApplication$InitAppTask.call(FXGLApplication.kt:319)
	at com.almasb.fxgl.app.FXGLApplication$InitAppTask.call(FXGLApplication.kt:311)
	at javafx.concurrent.Task$TaskCallable.call(Task.java:1399)
	at java.base/java.util.concurrent.FutureTask.run(FutureTask.java:328)
	at java.base/java.util.concurrent.Executors$RunnableAdapter.call(Executors.java:545)
	at java.base/java.util.concurrent.FutureTask.run(FutureTask.java:328)
	at java.base/java.util.concurrent.ThreadPoolExecutor.runWorker(ThreadPoolExecutor.java:1090)
	at java.base/java.util.concurrent.ThreadPoolExecutor$Worker.run(ThreadPoolExecutor.java:614)
	at java.base/java.lang.Thread.run(Thread.java:1474)

14:23:05.454 [JavaFX Application Thread] DEBUG LoopRunner           - Stopping loop
14:23:05.454 [JavaFX Application Thread] FATAL FXGLApplication      - Uncaught Exception:
java.lang.RuntimeException: Initialization failed
	at com.almasb.fxgl.app.FXGLApplication$InitAppTask.failed(FXGLApplication.kt:343)
	at javafx.concurrent.Task.setState(Task.java:710)
	at javafx.concurrent.Task$TaskCallable.lambda$call$2(Task.java:1429)
	at com.sun.javafx.application.PlatformImpl.lambda$runLater$10(PlatformImpl.java:456)
	at java.base/java.security.AccessController.doPrivileged(AccessController.java:138)
	at com.sun.javafx.application.PlatformImpl.lambda$runLater$11(PlatformImpl.java:455)
	at com.sun.glass.ui.InvokeLaterDispatcher$Future.run(InvokeLaterDispatcher.java:95)
	at com.sun.glass.ui.win.WinApplication._runLoop(Native Method)
	at com.sun.glass.ui.win.WinApplication.lambda$runLoop$3(WinApplication.java:185)
	at java.base/java.lang.Thread.run(Thread.java:1474)
Caused by: com.almasb.fxgl.entity.level.LevelLoadingException: class java.lang.Integer cannot be cast to class java.lang.Double (java.lang.Integer and java.lang.Double are in module java.base of loader 'bootstrap')
	at com.almasb.fxgl.entity.level.tiled.TMXLevelLoader.load(TMXLevelLoader.kt:78)
	at com.almasb.fxgl.app.services.FXGLAssetLoaderService.loadLevel(FXGLAssetLoaderService.kt:430)
	at com.almasb.fxgl.dsl.FXGL$Companion.setLevelFromMap(FXGL.kt:634)
	at com.almasb.fxgl.dsl.FXGL.setLevelFromMap(FXGL.kt)
	at at.htl.no_half_sends.NoHalfSendsApp.initGame(NoHalfSendsApp.java:99)
	at com.almasb.fxgl.app.FXGLApplication$InitAppTask.initGame(FXGLApplication.kt:339)
	at com.almasb.fxgl.app.FXGLApplication$InitAppTask.call(FXGLApplication.kt:319)
	at com.almasb.fxgl.app.FXGLApplication$InitAppTask.call(FXGLApplication.kt:311)
	at javafx.concurrent.Task$TaskCallable.call(Task.java:1399)
	at java.base/java.util.concurrent.FutureTask.run(FutureTask.java:328)
	at java.base/java.util.concurrent.Executors$RunnableAdapter.call(Executors.java:545)
	at java.base/java.util.concurrent.FutureTask.run(FutureTask.java:328)
	at java.base/java.util.concurrent.ThreadPoolExecutor.runWorker(ThreadPoolExecutor.java:1090)
	at java.base/java.util.concurrent.ThreadPoolExecutor$Worker.run(ThreadPoolExecutor.java:614)
	... 1 more
Caused by: java.lang.ClassCastException: class java.lang.Integer cannot be cast to class java.lang.Double (java.lang.Integer and java.lang.Double are in module java.base of loader 'bootstrap')
	at at.htl.no_half_sends.ui.GameEntityFactory.newBorder(GameEntityFactory.java:17)
	at java.base/jdk.internal.reflect.DirectMethodHandleAccessor.invoke(DirectMethodHandleAccessor.java:104)
	at java.base/java.lang.reflect.Method.invoke(Method.java:565)
	at com.almasb.fxgl.core.reflect.ReflectionUtils.call(ReflectionUtils.java:104)
	at com.almasb.fxgl.core.reflect.ReflectionUtils.lambda$mapToFunction$3(ReflectionUtils.java:111)
	at com.almasb.fxgl.entity.GameWorld$create$2.invoke(GameWorld.kt:430)
	at com.almasb.fxgl.entity.GameWorld$create$2.invoke(GameWorld.kt:430)
	at com.almasb.fxgl.core.util.DSLKt.tryCatchRoot(DSL.kt:34)
	at com.almasb.fxgl.entity.GameWorld.create(GameWorld.kt:430)
	at com.almasb.fxgl.entity.level.tiled.TMXLevelLoader.createObjectLayerEntities(TMXLevelLoader.kt:155)
	at com.almasb.fxgl.entity.level.tiled.TMXLevelLoader.load(TMXLevelLoader.kt:60)
	... 14 more

14:23:05.455 [JavaFX Application Thread] FATAL FXGLApplication      - Application will now exit
14:23:05.457 [JavaFX Application Thread] DEBUG PrimaryStageWindow   - Push state: ErrorSubScene
14:23:05.457 [JavaFX Application Thread] DEBUG Input                - Clearing active input actions
14:23:05.458 [JavaFX Application Thread] DEBUG GameApplicationServi - Removing overlay from FXGLLoadingScene and adding to ErrorSubScene
14:23:05.459 [JavaFX Application Thread] DEBUG PrimaryStageWindow   - FXGLLoadingScene -> ErrorSubScene
14:23:06.909 [FXGL Background Thread 3 ] DEBUG Engine               - Logging environment variables
14:23:06.909 [FXGL Background Thread 3 ] DEBUG Engine               - achievements: []
14:23:06.910 [FXGL Background Thread 3 ] DEBUG Engine               - actualHeight: 1440.0
14:23:06.910 [FXGL Background Thread 3 ] DEBUG Engine               - actualHeightProperty: ReadOnlyDoubleProperty [value: 1440.0]
14:23:06.910 [FXGL Background Thread 3 ] DEBUG Engine               - actualWidth: 2560.0
14:23:06.910 [FXGL Background Thread 3 ] DEBUG Engine               - actualWidthProperty: ReadOnlyDoubleProperty [value: 2560.0]
14:23:06.910 [FXGL Background Thread 3 ] DEBUG Engine               - appIcon: fxgl_icon.png
14:23:06.910 [FXGL Background Thread 3 ] DEBUG Engine               - applicationMode: DEVELOPER
14:23:06.910 [FXGL Background Thread 3 ] DEBUG Engine               - cSSList: [fxgl_dark.css]
14:23:06.910 [FXGL Background Thread 3 ] DEBUG Engine               - collisionDetectionStrategy: BRUTE_FORCE
14:23:06.910 [FXGL Background Thread 3 ] DEBUG Engine               - configClass: Optional.empty
14:23:06.910 [FXGL Background Thread 3 ] DEBUG Engine               - credits: []
14:23:06.912 [FXGL Background Thread 3 ] DEBUG Engine               - defaultCursor: CursorInfo(imageName=fxgl_default_cursor.png, hotspotX=7.0, hotspotY=6.0)
14:23:06.912 [FXGL Background Thread 3 ] DEBUG Engine               - devBBoxColorProperty: ObjectProperty [value: 0xff0000ff]
14:23:06.912 [FXGL Background Thread 3 ] DEBUG Engine               - devEnableDebugCameraProperty: BooleanProperty [value: false]
14:23:06.912 [FXGL Background Thread 3 ] DEBUG Engine               - devSensorColorProperty: ObjectProperty [value: 0xffff00ff]
14:23:06.912 [FXGL Background Thread 3 ] DEBUG Engine               - devShowBBoxProperty: BooleanProperty [value: false]
14:23:06.912 [FXGL Background Thread 3 ] DEBUG Engine               - devShowPositionProperty: BooleanProperty [value: false]
14:23:06.913 [FXGL Background Thread 3 ] DEBUG Engine               - enabledMenuItems: []
14:23:06.913 [FXGL Background Thread 3 ] DEBUG Engine               - engineServices: [class com.almasb.fxgl.app.services.FXGLAssetLoaderService, class com.almasb.fxgl.app.FXGLApplication$GameApplicationService, class com.almasb.fxgl.app.services.FXGLDialogService, class com.almasb.fxgl.app.services.IOTaskExecutorService, class com.almasb.fxgl.io.FileSystemService, class com.almasb.fxgl.localization.LocalizationService, class com.almasb.fxgl.app.services.SystemBundleService, class com.almasb.fxgl.profile.SaveLoadService, class com.almasb.fxgl.ui.FXGLUIFactoryServiceProvider, class com.almasb.fxgl.ui.FXGLDialogFactoryServiceProvider, class com.almasb.fxgl.audio.AudioPlayer, class com.almasb.fxgl.notification.impl.NotificationServiceProvider, class com.almasb.fxgl.achievement.AchievementService, class com.almasb.fxgl.cutscene.CutsceneService, class com.almasb.fxgl.minigames.MiniGameService, class com.almasb.fxgl.net.NetService, class com.almasb.fxgl.app.services.UpdaterService, class com.almasb.fxgl.dev.DevService]
14:23:06.913 [FXGL Background Thread 3 ] DEBUG Engine               - fontGame: Abel-Regular.ttf
14:23:06.913 [FXGL Background Thread 3 ] DEBUG Engine               - fontMono: TerminalLandMono-Regular.otf
14:23:06.913 [FXGL Background Thread 3 ] DEBUG Engine               - fontSizeScaleUI: 1.0
14:23:06.913 [FXGL Background Thread 3 ] DEBUG Engine               - fontText: Courier-Prime.ttf
14:23:06.913 [FXGL Background Thread 3 ] DEBUG Engine               - fontUI: VarelaRound-Regular.ttf
14:23:06.913 [FXGL Background Thread 3 ] DEBUG Engine               - fullScreen: BooleanProperty [value: true]
14:23:06.913 [FXGL Background Thread 3 ] DEBUG Engine               - gameDifficulty: MEDIUM
14:23:06.913 [FXGL Background Thread 3 ] DEBUG Engine               - gameDifficultyProperty: ObjectProperty [value: MEDIUM]
14:23:06.913 [FXGL Background Thread 3 ] DEBUG Engine               - globalMusicVolume: 0.5
14:23:06.913 [FXGL Background Thread 3 ] DEBUG Engine               - globalMusicVolumeProperty: DoubleProperty [value: 0.5]
14:23:06.913 [FXGL Background Thread 3 ] DEBUG Engine               - globalSoundVolume: 0.5
14:23:06.913 [FXGL Background Thread 3 ] DEBUG Engine               - globalSoundVolumeProperty: DoubleProperty [value: 0.5]
14:23:06.913 [FXGL Background Thread 3 ] DEBUG Engine               - height: 1080
14:23:06.913 [FXGL Background Thread 3 ] DEBUG Engine               - is3D: false
14:23:06.913 [FXGL Background Thread 3 ] DEBUG Engine               - isAndroid: false
14:23:06.913 [FXGL Background Thread 3 ] DEBUG Engine               - isBrowser: false
14:23:06.914 [FXGL Background Thread 3 ] DEBUG Engine               - isClickFeedbackEnabled: false
14:23:06.914 [FXGL Background Thread 3 ] DEBUG Engine               - isCloseConfirmation: false
14:23:06.914 [FXGL Background Thread 3 ] DEBUG Engine               - isDesktop: true
14:23:06.914 [FXGL Background Thread 3 ] DEBUG Engine               - isDeveloperMenuEnabled: true
14:23:06.914 [FXGL Background Thread 3 ] DEBUG Engine               - isEmbedded: false
14:23:06.914 [FXGL Background Thread 3 ] DEBUG Engine               - isEntityPreloadEnabled: true
14:23:06.914 [FXGL Background Thread 3 ] DEBUG Engine               - isExperimentalTiledLargeMap: false
14:23:06.914 [FXGL Background Thread 3 ] DEBUG Engine               - isFileSystemWriteAllowed: true
14:23:06.914 [FXGL Background Thread 3 ] DEBUG Engine               - isFullScreenAllowed: true
14:23:06.914 [FXGL Background Thread 3 ] DEBUG Engine               - isFullScreenFromStart: true
14:23:06.914 [FXGL Background Thread 3 ] DEBUG Engine               - isGameMenuEnabled: true
14:23:06.914 [FXGL Background Thread 3 ] DEBUG Engine               - isIOS: false
14:23:06.914 [FXGL Background Thread 3 ] DEBUG Engine               - isIntroEnabled: false
14:23:06.914 [FXGL Background Thread 3 ] DEBUG Engine               - isLinux: false
14:23:06.915 [FXGL Background Thread 3 ] DEBUG Engine               - isMac: false
14:23:06.915 [FXGL Background Thread 3 ] DEBUG Engine               - isMainMenuEnabled: true
14:23:06.915 [FXGL Background Thread 3 ] DEBUG Engine               - isManualResizeEnabled: false
14:23:06.915 [FXGL Background Thread 3 ] DEBUG Engine               - isMobile: false
14:23:06.915 [FXGL Background Thread 3 ] DEBUG Engine               - isNative: false
14:23:06.915 [FXGL Background Thread 3 ] DEBUG Engine               - isPauseMusicWhenMinimized: true
14:23:06.915 [FXGL Background Thread 3 ] DEBUG Engine               - isPreserveResizeRatio: false
14:23:06.915 [FXGL Background Thread 3 ] DEBUG Engine               - isProfilingEnabled: false
14:23:06.915 [FXGL Background Thread 3 ] DEBUG Engine               - isScaleAffectedOnResize: true
14:23:06.915 [FXGL Background Thread 3 ] DEBUG Engine               - isSingleStep: false
14:23:06.915 [FXGL Background Thread 3 ] DEBUG Engine               - isUserProfileEnabled: false
14:23:06.915 [FXGL Background Thread 3 ] DEBUG Engine               - isWindows: true
14:23:06.915 [FXGL Background Thread 3 ] DEBUG Engine               - language: ObjectProperty [value: ENGLISH]
14:23:06.915 [FXGL Background Thread 3 ] DEBUG Engine               - menuKey: ESCAPE
14:23:06.915 [FXGL Background Thread 3 ] DEBUG Engine               - mouseSensitivity: 0.2
14:23:06.915 [FXGL Background Thread 3 ] DEBUG Engine               - notificationViewClass: class com.almasb.fxgl.notification.view.XboxNotificationView
14:23:06.915 [FXGL Background Thread 3 ] DEBUG Engine               - pixelsPerMeter: 50.0
14:23:06.915 [FXGL Background Thread 3 ] DEBUG Engine               - platform: WINDOWS
14:23:06.915 [FXGL Background Thread 3 ] DEBUG Engine               - prefHeightProperty: ReadOnlyDoubleProperty [value: 1080.0]
14:23:06.915 [FXGL Background Thread 3 ] DEBUG Engine               - prefWidthProperty: ReadOnlyDoubleProperty [value: 1920.0]
14:23:06.915 [FXGL Background Thread 3 ] DEBUG Engine               - profileDir: profiles/
14:23:06.915 [FXGL Background Thread 3 ] DEBUG Engine               - profileName: StringProperty [value: DEFAULT]
14:23:06.916 [FXGL Background Thread 3 ] DEBUG Engine               - randomSeed: -1
14:23:06.916 [FXGL Background Thread 3 ] DEBUG Engine               - runtimeInfo: RuntimeInfo(platform=WINDOWS, version=17.3, build=30.03.2023 11.49)
14:23:06.916 [FXGL Background Thread 3 ] DEBUG Engine               - saveFileExt: sav
14:23:06.916 [FXGL Background Thread 3 ] DEBUG Engine               - scaledHeightProp$fxgl: DoubleProperty [bound, value: 1440.0]
14:23:06.916 [FXGL Background Thread 3 ] DEBUG Engine               - scaledWidthProp$fxgl: DoubleProperty [bound, value: 2560.0]
14:23:06.916 [FXGL Background Thread 3 ] DEBUG Engine               - sceneFactory: at.htl.no_half_sends.NoHalfSendsApp$1@6596429d
14:23:06.916 [FXGL Background Thread 3 ] DEBUG Engine               - secondsIn24h: 60
14:23:06.916 [FXGL Background Thread 3 ] DEBUG Engine               - soundMenuBack: menu/back.wav
14:23:06.916 [FXGL Background Thread 3 ] DEBUG Engine               - soundMenuPress: menu/press.wav
14:23:06.916 [FXGL Background Thread 3 ] DEBUG Engine               - soundMenuSelect: menu/select.wav
14:23:06.916 [FXGL Background Thread 3 ] DEBUG Engine               - soundNotification: core/notification.wav
14:23:06.916 [FXGL Background Thread 3 ] DEBUG Engine               - stageStyle: DECORATED
14:23:06.916 [FXGL Background Thread 3 ] DEBUG Engine               - supportedLanguages: [ENGLISH, FRENCH, GERMAN, HUNGARIAN, RUSSIAN]
14:23:06.916 [FXGL Background Thread 3 ] DEBUG Engine               - ticksPerSecond: -1
14:23:06.916 [FXGL Background Thread 3 ] DEBUG Engine               - title: NO HALF SENDS
14:23:06.916 [FXGL Background Thread 3 ] DEBUG Engine               - urlGithub: https://github.com/AlmasB/FXGL
14:23:06.916 [FXGL Background Thread 3 ] DEBUG Engine               - urlLeaderboard: http://fxgl-top.herokuapp.com/
14:23:06.916 [FXGL Background Thread 3 ] DEBUG Engine               - urlPOM: https://raw.githubusercontent.com/AlmasB/FXGL/release/README.md
14:23:06.916 [FXGL Background Thread 3 ] DEBUG Engine               - userAppClass: class at.htl.no_half_sends.NoHalfSendsApp
14:23:06.916 [FXGL Background Thread 3 ] DEBUG Engine               - version: 0.0
14:23:06.916 [FXGL Background Thread 3 ] DEBUG Engine               - versionCheckDays: 7
14:23:06.916 [FXGL Background Thread 3 ] DEBUG Engine               - width: 1920
14:23:06.916 [FXGL Background Thread 3 ] DEBUG Engine               - Logging services
14:23:06.916 [FXGL Background Thread 3 ] DEBUG Engine               - class com.almasb.fxgl.app.services.FXGLAssetLoaderService
14:23:06.916 [FXGL Background Thread 3 ] DEBUG Engine               - class com.almasb.fxgl.app.FXGLApplication$GameApplicationService
14:23:06.916 [FXGL Background Thread 3 ] DEBUG Engine               - class com.almasb.fxgl.app.services.FXGLDialogService
14:23:06.916 [FXGL Background Thread 3 ] DEBUG Engine               - class com.almasb.fxgl.app.services.IOTaskExecutorService
14:23:06.916 [FXGL Background Thread 3 ] DEBUG Engine               - class com.almasb.fxgl.io.FileSystemService
14:23:06.916 [FXGL Background Thread 3 ] DEBUG Engine               - class com.almasb.fxgl.localization.LocalizationService
14:23:06.916 [FXGL Background Thread 3 ] DEBUG Engine               - class com.almasb.fxgl.app.services.SystemBundleService
14:23:06.916 [FXGL Background Thread 3 ] DEBUG Engine               - class com.almasb.fxgl.profile.SaveLoadService
14:23:06.916 [FXGL Background Thread 3 ] DEBUG Engine               - class com.almasb.fxgl.ui.FXGLUIFactoryServiceProvider
14:23:06.917 [FXGL Background Thread 3 ] DEBUG Engine               - class com.almasb.fxgl.ui.FXGLDialogFactoryServiceProvider
14:23:06.917 [FXGL Background Thread 3 ] DEBUG Engine               - class com.almasb.fxgl.audio.AudioPlayer
14:23:06.917 [FXGL Background Thread 3 ] DEBUG Engine               - class com.almasb.fxgl.notification.impl.NotificationServiceProvider
14:23:06.917 [FXGL Background Thread 3 ] DEBUG Engine               - class com.almasb.fxgl.achievement.AchievementService
14:23:06.917 [FXGL Background Thread 3 ] DEBUG Engine               - class com.almasb.fxgl.cutscene.CutsceneService
14:23:06.917 [FXGL Background Thread 3 ] DEBUG Engine               - class com.almasb.fxgl.minigames.MiniGameService
14:23:06.917 [FXGL Background Thread 3 ] DEBUG Engine               - class com.almasb.fxgl.net.NetService
14:23:06.917 [FXGL Background Thread 3 ] DEBUG Engine               - class com.almasb.fxgl.app.services.UpdaterService
14:23:06.917 [FXGL Background Thread 3 ] DEBUG Engine               - class com.almasb.fxgl.dev.DevService
14:25:54.577 [JavaFX Application Thread] DEBUG FXGLApplication      - Exiting FXGL
14:25:54.577 [JavaFX Application Thread] DEBUG Async                - Shutting down background threads
14:25:54.577 [JavaFX Application Thread] DEBUG PrimaryStageWindow   - Closing main window
14:25:54.613 [JavaFX Application Thread] DEBUG Logger               - Closing Logger
