16:44:38.777 [main                     ] DEBUG Logger               - Configured Logger
16:44:38.783 [main                     ] DEBUG GameApplication      - Logging settings
Title: NO HALF SENDS
Version: 0.0
Width: 1920
Height: 1080
Fullscreen: true
Intro: false
Profiling: false
Single step:false
App Mode: DEVELOPER
Menu Key: ESCAPE
Stage Style: DECORATED
Scene Factory: class at.htl.no_half_sends.NoHalfSendsApp$1

16:44:39.185 [JavaFX Application Thread] DEBUG FXGLApplication      - Initializing FXGL
16:44:39.187 [JavaFX Application Thread] INFO  Engine               - FXGL-17.3 (30.03.2023 11.49) on WINDOWS (J:25.0.1 FX:21.0.6)
16:44:39.187 [JavaFX Application Thread] DEBUG Engine               - JRE Vendor Name: Oracle Corporation
16:44:39.187 [JavaFX Application Thread] DEBUG Engine               - Running on OS: Windows 11 version 10.0
16:44:39.187 [JavaFX Application Thread] DEBUG Engine               - Architecture: amd64
16:44:39.187 [JavaFX Application Thread] INFO  Engine               - Source code and latest versions at: https://github.com/AlmasB/FXGL
16:44:39.187 [JavaFX Application Thread] INFO  Engine               -       Ask questions and discuss at: https://github.com/AlmasB/FXGL/discussions
16:44:39.187 [JavaFX Application Thread] INFO  Engine               -              Join the FXGL chat at: https://gitter.im/AlmasB/FXGL
16:44:39.257 [JavaFX Application Thread] DEBUG PrimaryStageWindow   - Creating a JavaFX scene
16:44:39.293 [JavaFX Application Thread] DEBUG PrimaryStageWindow   - Target settings size: 1920.0 x 1080.0
16:44:39.293 [JavaFX Application Thread] DEBUG PrimaryStageWindow   - Scaled scene size:    1920.0 x 1080.0
16:44:39.293 [JavaFX Application Thread] DEBUG PrimaryStageWindow   - Scaled ratio: (1.0, 1.0)
16:44:39.294 [JavaFX Application Thread] DEBUG PrimaryStageWindow   - Set initial scene to FXGLStartupScene
16:44:39.297 [JavaFX Application Thread] DEBUG PrimaryStageWindow   - Opening main window
16:44:39.362 [JavaFX Application Thread] DEBUG PrimaryStageWindow   - Window border size: (16.0, 39.0)
16:44:39.362 [JavaFX Application Thread] DEBUG PrimaryStageWindow   - Scaled size: 1920.0 x 1080.0
16:44:39.362 [JavaFX Application Thread] DEBUG PrimaryStageWindow   - Scaled ratio: (1.0, 1.0)
16:44:39.362 [JavaFX Application Thread] DEBUG PrimaryStageWindow   - Scene size: 1920.0 x 1080.0
16:44:39.362 [JavaFX Application Thread] DEBUG PrimaryStageWindow   - Stage size: 1936.0 x 1119.0
16:44:39.403 [JavaFX Application Thread] DEBUG PrimaryStageWindow   - Going fullscreen
16:44:39.409 [FXGL Background Thread 1 ] DEBUG Engine               - Initializing environment variables
16:44:39.448 [FXGL Background Thread 1 ] DEBUG FXGLAssetLoaderServi - User app class for loading assets: class at.htl.no_half_sends.NoHalfSendsApp
16:44:39.448 [FXGL Background Thread 1 ] DEBUG GameApplicationServi - Applying CSS: fxgl_dark.css
16:44:39.448 [FXGL Background Thread 1 ] DEBUG FXGLAssetLoaderServi - Loading from file system: jar:file:/C:/Users/Clemis%20PC/.m2/repository/com/github/almasb/fxgl/17.3/fxgl-17.3.jar!/fxglassets/ui/css/fxgl_dark.css
16:44:39.476 [FXGL Background Thread 1 ] DEBUG GameApplicationServi - Initializing application scenes
16:44:39.505 [FXGL Background Thread 1 ] DEBUG GameWorld            - Game world initialized
16:44:39.535 [FXGL Background Thread 1 ] DEBUG PhysicsWorld         - Physics world initialized: appHeight=1080, physics.ppm=50,0
16:44:39.535 [FXGL Background Thread 1 ] DEBUG PhysicsWorld         - Using strategy: BRUTE_FORCE
16:44:39.538 [FXGL Background Thread 1 ] DEBUG GameScene            - Game scene initialized: 1920x1080
16:44:39.617 [FXGL Background Thread 1 ] DEBUG FXGLAssetLoaderServi - Loading from file system: file:/C:/Users/Clemis%20PC/Desktop/workspace/NO-HALF-SENDS/NO_HALF_SENDS/target/classes/assets/textures/Turbo.png
16:44:39.755 [FXGL Background Thread 1 ] DEBUG FXGLAssetLoaderServi - Loading from file system: file:/C:/Users/Clemis%20PC/Desktop/workspace/NO-HALF-SENDS/NO_HALF_SENDS/target/classes/assets/textures/Differential.png
16:44:39.858 [FXGL Background Thread 1 ] DEBUG FXGLAssetLoaderServi - Loading from file system: file:/C:/Users/Clemis%20PC/Desktop/workspace/NO-HALF-SENDS/NO_HALF_SENDS/target/classes/assets/textures/Tires.png
16:44:39.956 [FXGL Background Thread 1 ] DEBUG FXGLAssetLoaderServi - Loading from file system: file:/C:/Users/Clemis%20PC/Desktop/workspace/NO-HALF-SENDS/NO_HALF_SENDS/target/classes/assets/textures/Intake.png
16:44:40.061 [FXGL Background Thread 1 ] DEBUG FXGLAssetLoaderServi - Loading from file system: file:/C:/Users/Clemis%20PC/Desktop/workspace/NO-HALF-SENDS/NO_HALF_SENDS/target/classes/assets/textures/Chassis.png
16:44:40.173 [FXGL Background Thread 1 ] DEBUG FXGLAssetLoaderServi - Loading from file system: file:/C:/Users/Clemis%20PC/Desktop/workspace/NO-HALF-SENDS/NO_HALF_SENDS/target/classes/assets/textures/Transmission.png
16:44:40.276 [FXGL Background Thread 1 ] DEBUG FXGLAssetLoaderServi - Loading from file system: file:/C:/Users/Clemis%20PC/Desktop/workspace/NO-HALF-SENDS/NO_HALF_SENDS/target/classes/assets/textures/Nissan_GTR_R35_mk4.png
16:44:40.280 [FXGL Background Thread 1 ] DEBUG FXGLAssetLoaderServi - Loading from file system: file:/C:/Users/Clemis%20PC/Desktop/workspace/NO-HALF-SENDS/NO_HALF_SENDS/target/classes/assets/textures/Subaru_WRX_STI_mk2.png
16:44:40.284 [FXGL Background Thread 1 ] DEBUG FXGLAssetLoaderServi - Loading from file system: file:/C:/Users/Clemis%20PC/Desktop/workspace/NO-HALF-SENDS/NO_HALF_SENDS/target/classes/assets/textures/Toyota_Supra_mk2.png
16:44:40.288 [FXGL Background Thread 1 ] DEBUG FXGLAssetLoaderServi - Loading from file system: file:/C:/Users/Clemis%20PC/Desktop/workspace/NO-HALF-SENDS/NO_HALF_SENDS/target/classes/assets/textures/Ferarri_F12_mk2.png
16:44:40.295 [FXGL Background Thread 1 ] DEBUG GameApplicationServi - Application scenes initialized
16:44:40.305 [FXGL Background Thread 1 ] DEBUG SystemBundleService  - Loading FXGL system data
16:44:40.308 [FXGL Background Thread 1 ] DEBUG FileSystemAccess     - Reading from: C:\Users\Clemis PC\Desktop\workspace\NO-HALF-SENDS\NO_HALF_SENDS\system\fxgl.bundle
16:44:40.313 [FXGL Background Thread 1 ] DEBUG SystemBundleService  - Bundle FXGL: {}
16:44:40.313 [FXGL Background Thread 1 ] DEBUG UpdaterService       - Checking for updates
16:44:40.333 [FXGL Background Thread 4 ] DEBUG FXGLApplication      - Loading fonts
16:44:40.334 [FXGL Background Thread 4 ] DEBUG FXGLAssetLoaderServi - Loading from file system: jar:file:/C:/Users/Clemis%20PC/.m2/repository/com/github/almasb/fxgl/17.3/fxgl-17.3.jar!/fxglassets/ui/fonts/VarelaRound-Regular.ttf
16:44:40.334 [FXGL Background Thread 1 ] DEBUG FXGLApplication      - Loading default localization
16:44:40.335 [FXGL Background Thread 1 ] DEBUG FXGLAssetLoaderServi - Loading from file system: jar:file:/C:/Users/Clemis%20PC/.m2/repository/com/github/almasb/fxgl/17.3/fxgl-17.3.jar!/fxglassets/languages/english.lang
16:44:40.348 [FXGL Background Thread 1 ] INFO  FXGLApplication      - FXGL initialization took: 0,938 sec
16:44:40.353 [JavaFX Application Thread] DEBUG Input                - Registered new binding: Gas geben - W
16:44:40.354 [JavaFX Application Thread] DEBUG Input                - Registered new binding: Bremsen / Rückwärts - S
16:44:40.354 [JavaFX Application Thread] DEBUG Input                - Registered new binding: Links lenken - A
16:44:40.354 [JavaFX Application Thread] DEBUG Input                - Registered new binding: Rechts lenken - D
16:44:40.354 [JavaFX Application Thread] DEBUG Input                - Registered new binding: Speichern - F5
16:44:40.354 [JavaFX Application Thread] DEBUG FXGLAssetLoaderServi - Loading from file system: jar:file:/C:/Users/Clemis%20PC/.m2/repository/com/github/almasb/fxgl/17.3/fxgl-17.3.jar!/fxglassets/textures/fxgl_icon.png
16:44:40.361 [FXGL Background Thread 4 ] DEBUG FXGLAssetLoaderServi - Loading from file system: jar:file:/C:/Users/Clemis%20PC/.m2/repository/com/github/almasb/fxgl/17.3/fxgl-17.3.jar!/fxglassets/ui/fonts/Abel-Regular.ttf
16:44:40.363 [JavaFX Application Thread] DEBUG FXGLAssetLoaderServi - Loading from file system: jar:file:/C:/Users/Clemis%20PC/.m2/repository/com/github/almasb/fxgl/17.3/fxgl-17.3.jar!/fxglassets/textures/fxgl_default_cursor.png
16:44:40.365 [JavaFX Application Thread] DEBUG Input                - Registered new binding: Screenshot - CTRL+8
16:44:40.365 [JavaFX Application Thread] DEBUG Input                - Registered new binding: Dev Options - 1
16:44:40.365 [JavaFX Application Thread] DEBUG Input                - Registered new binding: Dev Console - 2
16:44:40.365 [JavaFX Application Thread] DEBUG Input                - Registered new binding: System info dump - CTRL+9
16:44:40.365 [JavaFX Application Thread] DEBUG Input                - Registered new binding: Restart - CTRL+R
16:44:40.366 [JavaFX Application Thread] DEBUG Input                - Registered new binding: Toggle Debug Camera - CTRL+7
16:44:40.368 [FXGL Background Thread 4 ] DEBUG FXGLAssetLoaderServi - Loading from file system: jar:file:/C:/Users/Clemis%20PC/.m2/repository/com/github/almasb/fxgl/17.3/fxgl-17.3.jar!/fxglassets/ui/fonts/TerminalLandMono-Regular.otf
16:44:40.368 [JavaFX Application Thread] DEBUG LoopRunner           - Starting loop
16:44:40.377 [JavaFX Application Thread] DEBUG LoopRunner           - Initializing JavaFX AnimationTimerLoop
16:44:40.378 [JavaFX Application Thread] DEBUG Input                - Clearing active input actions
16:44:40.384 [JavaFX Application Thread] DEBUG GameApplicationServi - Removing overlay from FXGLStartupScene and adding to FXGLMainMenuDummyScene
16:44:40.385 [FXGL Background Thread 4 ] DEBUG FXGLAssetLoaderServi - Loading from file system: jar:file:/C:/Users/Clemis%20PC/.m2/repository/com/github/almasb/fxgl/17.3/fxgl-17.3.jar!/fxglassets/ui/fonts/Courier-Prime.ttf
16:44:40.386 [JavaFX Application Thread] DEBUG PrimaryStageWindow   - FXGLStartupScene -> FXGLMainMenuDummyScene
16:44:40.386 [JavaFX Application Thread] DEBUG PrimaryStageWindow   - Push state: DriftMainMenu
16:44:40.386 [JavaFX Application Thread] DEBUG Input                - Clearing active input actions
16:44:40.399 [JavaFX Application Thread] DEBUG GameApplicationServi - Removing overlay from FXGLMainMenuDummyScene and adding to DriftMainMenu
16:44:40.399 [JavaFX Application Thread] DEBUG PrimaryStageWindow   - FXGLMainMenuDummyScene -> DriftMainMenu
16:44:40.537 [JavaFX Application Thread] DEBUG FXGLApplication      - Registering font factories with UI factory
16:44:40.635 [FXGL Background Thread 2 ] INFO  UpdaterService       - Your current version:  17.3
16:44:40.635 [FXGL Background Thread 2 ] INFO  UpdaterService       - Latest stable version: 25
16:44:43.333 [FXGL Background Thread 3 ] DEBUG Engine               - Logging environment variables
16:44:43.333 [FXGL Background Thread 3 ] DEBUG Engine               - achievements: []
16:44:43.333 [FXGL Background Thread 3 ] DEBUG Engine               - actualHeight: 1440.0
16:44:43.333 [FXGL Background Thread 3 ] DEBUG Engine               - actualHeightProperty: ReadOnlyDoubleProperty [value: 1440.0]
16:44:43.333 [FXGL Background Thread 3 ] DEBUG Engine               - actualWidth: 2560.0
16:44:43.333 [FXGL Background Thread 3 ] DEBUG Engine               - actualWidthProperty: ReadOnlyDoubleProperty [value: 2560.0]
16:44:43.334 [FXGL Background Thread 3 ] DEBUG Engine               - appIcon: fxgl_icon.png
16:44:43.334 [FXGL Background Thread 3 ] DEBUG Engine               - applicationMode: DEVELOPER
16:44:43.334 [FXGL Background Thread 3 ] DEBUG Engine               - cSSList: [fxgl_dark.css]
16:44:43.334 [FXGL Background Thread 3 ] DEBUG Engine               - collisionDetectionStrategy: BRUTE_FORCE
16:44:43.334 [FXGL Background Thread 3 ] DEBUG Engine               - configClass: Optional.empty
16:44:43.334 [FXGL Background Thread 3 ] DEBUG Engine               - credits: []
16:44:43.334 [FXGL Background Thread 3 ] DEBUG Engine               - defaultCursor: CursorInfo(imageName=fxgl_default_cursor.png, hotspotX=7.0, hotspotY=6.0)
16:44:43.334 [FXGL Background Thread 3 ] DEBUG Engine               - devBBoxColorProperty: ObjectProperty [value: 0xff0000ff]
16:44:43.335 [FXGL Background Thread 3 ] DEBUG Engine               - devEnableDebugCameraProperty: BooleanProperty [value: false]
16:44:43.335 [FXGL Background Thread 3 ] DEBUG Engine               - devSensorColorProperty: ObjectProperty [value: 0xffff00ff]
16:44:43.335 [FXGL Background Thread 3 ] DEBUG Engine               - devShowBBoxProperty: BooleanProperty [value: false]
16:44:43.335 [FXGL Background Thread 3 ] DEBUG Engine               - devShowPositionProperty: BooleanProperty [value: false]
16:44:43.335 [FXGL Background Thread 3 ] DEBUG Engine               - enabledMenuItems: []
16:44:43.335 [FXGL Background Thread 3 ] DEBUG Engine               - engineServices: [class com.almasb.fxgl.app.services.FXGLAssetLoaderService, class com.almasb.fxgl.app.FXGLApplication$GameApplicationService, class com.almasb.fxgl.app.services.FXGLDialogService, class com.almasb.fxgl.app.services.IOTaskExecutorService, class com.almasb.fxgl.io.FileSystemService, class com.almasb.fxgl.localization.LocalizationService, class com.almasb.fxgl.app.services.SystemBundleService, class com.almasb.fxgl.profile.SaveLoadService, class com.almasb.fxgl.ui.FXGLUIFactoryServiceProvider, class com.almasb.fxgl.ui.FXGLDialogFactoryServiceProvider, class com.almasb.fxgl.audio.AudioPlayer, class com.almasb.fxgl.notification.impl.NotificationServiceProvider, class com.almasb.fxgl.achievement.AchievementService, class com.almasb.fxgl.cutscene.CutsceneService, class com.almasb.fxgl.minigames.MiniGameService, class com.almasb.fxgl.net.NetService, class com.almasb.fxgl.app.services.UpdaterService, class com.almasb.fxgl.dev.DevService]
16:44:43.335 [FXGL Background Thread 3 ] DEBUG Engine               - fontGame: Abel-Regular.ttf
16:44:43.335 [FXGL Background Thread 3 ] DEBUG Engine               - fontMono: TerminalLandMono-Regular.otf
16:44:43.335 [FXGL Background Thread 3 ] DEBUG Engine               - fontSizeScaleUI: 1.0
16:44:43.335 [FXGL Background Thread 3 ] DEBUG Engine               - fontText: Courier-Prime.ttf
16:44:43.335 [FXGL Background Thread 3 ] DEBUG Engine               - fontUI: VarelaRound-Regular.ttf
16:44:43.335 [FXGL Background Thread 3 ] DEBUG Engine               - fullScreen: BooleanProperty [value: true]
16:44:43.335 [FXGL Background Thread 3 ] DEBUG Engine               - gameDifficulty: MEDIUM
16:44:43.335 [FXGL Background Thread 3 ] DEBUG Engine               - gameDifficultyProperty: ObjectProperty [value: MEDIUM]
16:44:43.335 [FXGL Background Thread 3 ] DEBUG Engine               - globalMusicVolume: 0.5
16:44:43.335 [FXGL Background Thread 3 ] DEBUG Engine               - globalMusicVolumeProperty: DoubleProperty [value: 0.5]
16:44:43.336 [FXGL Background Thread 3 ] DEBUG Engine               - globalSoundVolume: 0.5
16:44:43.336 [FXGL Background Thread 3 ] DEBUG Engine               - globalSoundVolumeProperty: DoubleProperty [value: 0.5]
16:44:43.336 [FXGL Background Thread 3 ] DEBUG Engine               - height: 1080
16:44:43.336 [FXGL Background Thread 3 ] DEBUG Engine               - is3D: false
16:44:43.336 [FXGL Background Thread 3 ] DEBUG Engine               - isAndroid: false
16:44:43.336 [FXGL Background Thread 3 ] DEBUG Engine               - isBrowser: false
16:44:43.336 [FXGL Background Thread 3 ] DEBUG Engine               - isClickFeedbackEnabled: false
16:44:43.336 [FXGL Background Thread 3 ] DEBUG Engine               - isCloseConfirmation: false
16:44:43.336 [FXGL Background Thread 3 ] DEBUG Engine               - isDesktop: true
16:44:43.336 [FXGL Background Thread 3 ] DEBUG Engine               - isDeveloperMenuEnabled: true
16:44:43.342 [FXGL Background Thread 3 ] DEBUG Engine               - isEmbedded: false
16:44:43.342 [FXGL Background Thread 3 ] DEBUG Engine               - isEntityPreloadEnabled: true
16:44:43.342 [FXGL Background Thread 3 ] DEBUG Engine               - isExperimentalTiledLargeMap: false
16:44:43.342 [FXGL Background Thread 3 ] DEBUG Engine               - isFileSystemWriteAllowed: true
16:44:43.342 [FXGL Background Thread 3 ] DEBUG Engine               - isFullScreenAllowed: true
16:44:43.342 [FXGL Background Thread 3 ] DEBUG Engine               - isFullScreenFromStart: true
16:44:43.342 [FXGL Background Thread 3 ] DEBUG Engine               - isGameMenuEnabled: true
16:44:43.342 [FXGL Background Thread 3 ] DEBUG Engine               - isIOS: false
16:44:43.342 [FXGL Background Thread 3 ] DEBUG Engine               - isIntroEnabled: false
16:44:43.343 [FXGL Background Thread 3 ] DEBUG Engine               - isLinux: false
16:44:43.343 [FXGL Background Thread 3 ] DEBUG Engine               - isMac: false
16:44:43.343 [FXGL Background Thread 3 ] DEBUG Engine               - isMainMenuEnabled: true
16:44:43.343 [FXGL Background Thread 3 ] DEBUG Engine               - isManualResizeEnabled: false
16:44:43.343 [FXGL Background Thread 3 ] DEBUG Engine               - isMobile: false
16:44:43.343 [FXGL Background Thread 3 ] DEBUG Engine               - isNative: false
16:44:43.343 [FXGL Background Thread 3 ] DEBUG Engine               - isPauseMusicWhenMinimized: true
16:44:43.343 [FXGL Background Thread 3 ] DEBUG Engine               - isPreserveResizeRatio: false
16:44:43.343 [FXGL Background Thread 3 ] DEBUG Engine               - isProfilingEnabled: false
16:44:43.343 [FXGL Background Thread 3 ] DEBUG Engine               - isScaleAffectedOnResize: true
16:44:43.343 [FXGL Background Thread 3 ] DEBUG Engine               - isSingleStep: false
16:44:43.343 [FXGL Background Thread 3 ] DEBUG Engine               - isUserProfileEnabled: false
16:44:43.343 [FXGL Background Thread 3 ] DEBUG Engine               - isWindows: true
16:44:43.343 [FXGL Background Thread 3 ] DEBUG Engine               - language: ObjectProperty [value: ENGLISH]
16:44:43.343 [FXGL Background Thread 3 ] DEBUG Engine               - menuKey: ESCAPE
16:44:43.343 [FXGL Background Thread 3 ] DEBUG Engine               - mouseSensitivity: 0.2
16:44:43.343 [FXGL Background Thread 3 ] DEBUG Engine               - notificationViewClass: class com.almasb.fxgl.notification.view.XboxNotificationView
16:44:43.343 [FXGL Background Thread 3 ] DEBUG Engine               - pixelsPerMeter: 50.0
16:44:43.343 [FXGL Background Thread 3 ] DEBUG Engine               - platform: WINDOWS
16:44:43.343 [FXGL Background Thread 3 ] DEBUG Engine               - prefHeightProperty: ReadOnlyDoubleProperty [value: 1080.0]
16:44:43.343 [FXGL Background Thread 3 ] DEBUG Engine               - prefWidthProperty: ReadOnlyDoubleProperty [value: 1920.0]
16:44:43.343 [FXGL Background Thread 3 ] DEBUG Engine               - profileDir: profiles/
16:44:43.343 [FXGL Background Thread 3 ] DEBUG Engine               - profileName: StringProperty [value: DEFAULT]
16:44:43.343 [FXGL Background Thread 3 ] DEBUG Engine               - randomSeed: -1
16:44:43.343 [FXGL Background Thread 3 ] DEBUG Engine               - runtimeInfo: RuntimeInfo(platform=WINDOWS, version=17.3, build=30.03.2023 11.49)
16:44:43.343 [FXGL Background Thread 3 ] DEBUG Engine               - saveFileExt: sav
16:44:43.343 [FXGL Background Thread 3 ] DEBUG Engine               - scaledHeightProp$fxgl: DoubleProperty [bound, value: 1440.0]
16:44:43.343 [FXGL Background Thread 3 ] DEBUG Engine               - scaledWidthProp$fxgl: DoubleProperty [bound, value: 2560.0]
16:44:43.343 [FXGL Background Thread 3 ] DEBUG Engine               - sceneFactory: at.htl.no_half_sends.NoHalfSendsApp$1@5e17b92b
16:44:43.343 [FXGL Background Thread 3 ] DEBUG Engine               - secondsIn24h: 60
16:44:43.343 [FXGL Background Thread 3 ] DEBUG Engine               - soundMenuBack: menu/back.wav
16:44:43.343 [FXGL Background Thread 3 ] DEBUG Engine               - soundMenuPress: menu/press.wav
16:44:43.343 [FXGL Background Thread 3 ] DEBUG Engine               - soundMenuSelect: menu/select.wav
16:44:43.343 [FXGL Background Thread 3 ] DEBUG Engine               - soundNotification: core/notification.wav
16:44:43.343 [FXGL Background Thread 3 ] DEBUG Engine               - stageStyle: DECORATED
16:44:43.343 [FXGL Background Thread 3 ] DEBUG Engine               - supportedLanguages: [ENGLISH, FRENCH, GERMAN, HUNGARIAN, RUSSIAN]
16:44:43.343 [FXGL Background Thread 3 ] DEBUG Engine               - ticksPerSecond: -1
16:44:43.343 [FXGL Background Thread 3 ] DEBUG Engine               - title: NO HALF SENDS
16:44:43.343 [FXGL Background Thread 3 ] DEBUG Engine               - urlGithub: https://github.com/AlmasB/FXGL
16:44:43.343 [FXGL Background Thread 3 ] DEBUG Engine               - urlLeaderboard: http://fxgl-top.herokuapp.com/
16:44:43.343 [FXGL Background Thread 3 ] DEBUG Engine               - urlPOM: https://raw.githubusercontent.com/AlmasB/FXGL/release/README.md
16:44:43.343 [FXGL Background Thread 3 ] DEBUG Engine               - userAppClass: class at.htl.no_half_sends.NoHalfSendsApp
16:44:43.343 [FXGL Background Thread 3 ] DEBUG Engine               - version: 0.0
16:44:43.343 [FXGL Background Thread 3 ] DEBUG Engine               - versionCheckDays: 7
16:44:43.343 [FXGL Background Thread 3 ] DEBUG Engine               - width: 1920
16:44:43.343 [FXGL Background Thread 3 ] DEBUG Engine               - Logging services
16:44:43.343 [FXGL Background Thread 3 ] DEBUG Engine               - class com.almasb.fxgl.app.services.FXGLAssetLoaderService
16:44:43.344 [FXGL Background Thread 3 ] DEBUG Engine               - class com.almasb.fxgl.app.FXGLApplication$GameApplicationService
16:44:43.344 [FXGL Background Thread 3 ] DEBUG Engine               - class com.almasb.fxgl.app.services.FXGLDialogService
16:44:43.344 [FXGL Background Thread 3 ] DEBUG Engine               - class com.almasb.fxgl.app.services.IOTaskExecutorService
16:44:43.344 [FXGL Background Thread 3 ] DEBUG Engine               - class com.almasb.fxgl.io.FileSystemService
16:44:43.344 [FXGL Background Thread 3 ] DEBUG Engine               - class com.almasb.fxgl.localization.LocalizationService
16:44:43.344 [FXGL Background Thread 3 ] DEBUG Engine               - class com.almasb.fxgl.app.services.SystemBundleService
16:44:43.344 [FXGL Background Thread 3 ] DEBUG Engine               - class com.almasb.fxgl.profile.SaveLoadService
16:44:43.344 [FXGL Background Thread 3 ] DEBUG Engine               - class com.almasb.fxgl.ui.FXGLUIFactoryServiceProvider
16:44:43.344 [FXGL Background Thread 3 ] DEBUG Engine               - class com.almasb.fxgl.ui.FXGLDialogFactoryServiceProvider
16:44:43.344 [FXGL Background Thread 3 ] DEBUG Engine               - class com.almasb.fxgl.audio.AudioPlayer
16:44:43.344 [FXGL Background Thread 3 ] DEBUG Engine               - class com.almasb.fxgl.notification.impl.NotificationServiceProvider
16:44:43.344 [FXGL Background Thread 3 ] DEBUG Engine               - class com.almasb.fxgl.achievement.AchievementService
16:44:43.344 [FXGL Background Thread 3 ] DEBUG Engine               - class com.almasb.fxgl.cutscene.CutsceneService
16:44:43.344 [FXGL Background Thread 3 ] DEBUG Engine               - class com.almasb.fxgl.minigames.MiniGameService
16:44:43.344 [FXGL Background Thread 3 ] DEBUG Engine               - class com.almasb.fxgl.net.NetService
16:44:43.344 [FXGL Background Thread 3 ] DEBUG Engine               - class com.almasb.fxgl.app.services.UpdaterService
16:44:43.344 [FXGL Background Thread 3 ] DEBUG Engine               - class com.almasb.fxgl.dev.DevService
16:45:11.766 [JavaFX Application Thread] DEBUG Menu                 - fireNewGame()
16:45:11.766 [JavaFX Application Thread] DEBUG GameApplicationServi - Starting new game
16:45:11.766 [JavaFX Application Thread] DEBUG PrimaryStageWindow   - Pop state: DriftMainMenu
16:45:11.766 [JavaFX Application Thread] DEBUG Input                - Clearing active input actions
16:45:11.767 [JavaFX Application Thread] DEBUG GameApplicationServi - Removing overlay from DriftMainMenu and adding to FXGLMainMenuDummyScene
16:45:11.768 [JavaFX Application Thread] DEBUG PrimaryStageWindow   - FXGLMainMenuDummyScene <- DriftMainMenu
16:45:11.768 [JavaFX Application Thread] DEBUG Input                - Clearing active input actions
16:45:11.770 [JavaFX Application Thread] DEBUG GameApplicationServi - Removing overlay from FXGLMainMenuDummyScene and adding to FXGLLoadingScene
16:45:11.770 [JavaFX Application Thread] DEBUG PrimaryStageWindow   - FXGLMainMenuDummyScene -> FXGLLoadingScene
16:45:11.771 [JavaFX Application Thread] DEBUG GameApplicationServi - Clearing previous game
16:45:11.771 [JavaFX Application Thread] DEBUG GameScene            - Clearing game scene
16:45:11.771 [JavaFX Application Thread] DEBUG GameWorld            - Clearing game world
16:45:11.771 [JavaFX Application Thread] DEBUG PhysicsWorld         - Clearing physics world
16:45:11.772 [FXGL Background Thread 2 ] DEBUG FXGLApplication      - Initializing game
16:45:11.798 [FXGL Background Thread 2 ] WARN  TMXLevelLoader       - TiledMap generated from 1.12.1. Supported version: 1.9.0. Some features may not be parsed fully.
16:45:11.806 [FXGL Background Thread 2 ] DEBUG TMXLevelLoader       - Parsed TiledMap: file:/C:/Users/Clemis%20PC/Desktop/workspace/NO-HALF-SENDS/NO_HALF_SENDS/target/classes/assets/levels/FinalMap.tmx
16:45:11.807 [FXGL Background Thread 2 ] DEBUG TMXLevelLoader       - Creating tile layer entities
16:45:11.808 [FXGL Background Thread 2 ] DEBUG TilesetLoader        - Loading view for layer Kachelebene 1
16:45:11.810 [FXGL Background Thread 2 ] DEBUG TilesetLoader        - Created buffer with size 1280.0x1280.0
16:45:11.819 [FXGL Background Thread 2 ] DEBUG TMXLevelLoader       - Creating object layer entities
16:45:11.833 [FXGL Background Thread 2 ] DEBUG GameWorld            - Clearing removable entities
16:45:11.833 [FXGL Background Thread 2 ] DEBUG GameWorld            - Setting level: com.almasb.fxgl.entity.level.Level@682a5737
16:45:11.853 [FXGL Background Thread 2 ] INFO  FXGLApplication      - Game initialization took: 0,081 sec
16:45:11.854 [JavaFX Application Thread] DEBUG Input                - Clearing active input actions
16:45:11.856 [JavaFX Application Thread] DEBUG GameApplicationServi - Removing overlay from FXGLLoadingScene and adding to GameScene
16:45:11.858 [JavaFX Application Thread] DEBUG PrimaryStageWindow   - FXGLLoadingScene -> GameScene
16:45:19.410 [JavaFX Application Thread] DEBUG PrimaryStageWindow   - Push state: ResetSubScene
16:45:19.410 [JavaFX Application Thread] DEBUG Input                - Clearing active input actions
16:45:19.410 [JavaFX Application Thread] DEBUG GameApplicationServi - Removing overlay from GameScene and adding to ResetSubScene
16:45:19.411 [JavaFX Application Thread] DEBUG PrimaryStageWindow   - GameScene -> ResetSubScene
16:45:22.768 [JavaFX Application Thread] DEBUG PrimaryStageWindow   - Pop state: ResetSubScene
16:45:22.769 [JavaFX Application Thread] DEBUG Input                - Clearing active input actions
16:45:22.769 [JavaFX Application Thread] DEBUG GameApplicationServi - Removing overlay from ResetSubScene and adding to GameScene
16:45:22.770 [JavaFX Application Thread] DEBUG PrimaryStageWindow   - GameScene <- ResetSubScene
16:45:22.770 [JavaFX Application Thread] DEBUG GameApplicationServi - Starting new game
16:45:22.770 [JavaFX Application Thread] DEBUG Input                - Clearing active input actions
16:45:22.772 [JavaFX Application Thread] DEBUG GameApplicationServi - Removing overlay from GameScene and adding to FXGLLoadingScene
16:45:22.772 [JavaFX Application Thread] DEBUG PrimaryStageWindow   - GameScene -> FXGLLoadingScene
16:45:22.772 [JavaFX Application Thread] DEBUG GameApplicationServi - Clearing previous game
16:45:22.772 [JavaFX Application Thread] DEBUG GameScene            - Clearing game scene
16:45:22.772 [JavaFX Application Thread] DEBUG GameWorld            - Clearing game world
16:45:22.774 [JavaFX Application Thread] DEBUG PhysicsWorld         - Clearing physics world
16:45:22.774 [FXGL Background Thread 2 ] DEBUG FXGLApplication      - Initializing game
16:45:22.775 [FXGL Background Thread 2 ] WARN  TMXLevelLoader       - TiledMap generated from 1.12.1. Supported version: 1.9.0. Some features may not be parsed fully.
16:45:22.778 [FXGL Background Thread 2 ] DEBUG TMXLevelLoader       - Parsed TiledMap: file:/C:/Users/Clemis%20PC/Desktop/workspace/NO-HALF-SENDS/NO_HALF_SENDS/target/classes/assets/levels/FinalMap.tmx
16:45:22.778 [FXGL Background Thread 2 ] DEBUG TMXLevelLoader       - Creating tile layer entities
16:45:22.778 [FXGL Background Thread 2 ] DEBUG TilesetLoader        - Loading view for layer Kachelebene 1
16:45:22.779 [FXGL Background Thread 2 ] DEBUG TilesetLoader        - Created buffer with size 1280.0x1280.0
16:45:22.785 [FXGL Background Thread 2 ] DEBUG TMXLevelLoader       - Creating object layer entities
16:45:22.790 [FXGL Background Thread 2 ] DEBUG GameWorld            - Clearing removable entities
16:45:22.790 [FXGL Background Thread 2 ] DEBUG GameWorld            - Setting level: com.almasb.fxgl.entity.level.Level@3d2b37bc
16:45:22.797 [FXGL Background Thread 2 ] INFO  FXGLApplication      - Game initialization took: 0,023 sec
16:45:22.798 [JavaFX Application Thread] DEBUG Input                - Clearing active input actions
16:45:22.800 [JavaFX Application Thread] DEBUG GameApplicationServi - Removing overlay from FXGLLoadingScene and adding to GameScene
16:45:22.801 [JavaFX Application Thread] DEBUG PrimaryStageWindow   - FXGLLoadingScene -> GameScene
16:45:44.415 [JavaFX Application Thread] DEBUG PrimaryStageWindow   - Push state: ResetSubScene
16:45:44.415 [JavaFX Application Thread] DEBUG Input                - Clearing active input actions
16:45:44.416 [JavaFX Application Thread] DEBUG GameApplicationServi - Removing overlay from GameScene and adding to ResetSubScene
16:45:44.416 [JavaFX Application Thread] DEBUG PrimaryStageWindow   - GameScene -> ResetSubScene
16:45:48.723 [JavaFX Application Thread] DEBUG PrimaryStageWindow   - Pop state: ResetSubScene
16:45:48.723 [JavaFX Application Thread] DEBUG Input                - Clearing active input actions
16:45:48.723 [JavaFX Application Thread] DEBUG GameApplicationServi - Removing overlay from ResetSubScene and adding to GameScene
16:45:48.723 [JavaFX Application Thread] DEBUG PrimaryStageWindow   - GameScene <- ResetSubScene
16:45:48.723 [JavaFX Application Thread] DEBUG GameApplicationServi - Starting new game
16:45:48.723 [JavaFX Application Thread] DEBUG Input                - Clearing active input actions
16:45:48.726 [JavaFX Application Thread] DEBUG GameApplicationServi - Removing overlay from GameScene and adding to FXGLLoadingScene
16:45:48.726 [JavaFX Application Thread] DEBUG PrimaryStageWindow   - GameScene -> FXGLLoadingScene
16:45:48.726 [JavaFX Application Thread] DEBUG GameApplicationServi - Clearing previous game
16:45:48.726 [JavaFX Application Thread] DEBUG GameScene            - Clearing game scene
16:45:48.726 [JavaFX Application Thread] DEBUG GameWorld            - Clearing game world
16:45:48.727 [JavaFX Application Thread] DEBUG PhysicsWorld         - Clearing physics world
16:45:48.727 [FXGL Background Thread 2 ] DEBUG FXGLApplication      - Initializing game
16:45:48.728 [FXGL Background Thread 2 ] WARN  TMXLevelLoader       - TiledMap generated from 1.12.1. Supported version: 1.9.0. Some features may not be parsed fully.
16:45:48.730 [FXGL Background Thread 2 ] DEBUG TMXLevelLoader       - Parsed TiledMap: file:/C:/Users/Clemis%20PC/Desktop/workspace/NO-HALF-SENDS/NO_HALF_SENDS/target/classes/assets/levels/FinalMap.tmx
16:45:48.730 [FXGL Background Thread 2 ] DEBUG TMXLevelLoader       - Creating tile layer entities
16:45:48.730 [FXGL Background Thread 2 ] DEBUG TilesetLoader        - Loading view for layer Kachelebene 1
16:45:48.731 [FXGL Background Thread 2 ] DEBUG TilesetLoader        - Created buffer with size 1280.0x1280.0
16:45:48.736 [FXGL Background Thread 2 ] DEBUG TMXLevelLoader       - Creating object layer entities
16:45:48.738 [FXGL Background Thread 2 ] DEBUG GameWorld            - Clearing removable entities
16:45:48.738 [FXGL Background Thread 2 ] DEBUG GameWorld            - Setting level: com.almasb.fxgl.entity.level.Level@5c09f79c
16:45:48.747 [FXGL Background Thread 2 ] INFO  FXGLApplication      - Game initialization took: 0,020 sec
16:45:48.748 [JavaFX Application Thread] DEBUG Input                - Clearing active input actions
16:45:48.749 [JavaFX Application Thread] DEBUG GameApplicationServi - Removing overlay from FXGLLoadingScene and adding to GameScene
16:45:48.750 [JavaFX Application Thread] DEBUG PrimaryStageWindow   - FXGLLoadingScene -> GameScene
16:46:40.600 [JavaFX Application Thread] DEBUG PrimaryStageWindow   - Push state: ResetSubScene
16:46:40.600 [JavaFX Application Thread] DEBUG Input                - Clearing active input actions
16:46:40.600 [JavaFX Application Thread] DEBUG GameApplicationServi - Removing overlay from GameScene and adding to ResetSubScene
16:46:40.601 [JavaFX Application Thread] DEBUG PrimaryStageWindow   - GameScene -> ResetSubScene
16:46:44.043 [JavaFX Application Thread] DEBUG PrimaryStageWindow   - Pop state: ResetSubScene
16:46:44.043 [JavaFX Application Thread] DEBUG Input                - Clearing active input actions
16:46:44.043 [JavaFX Application Thread] DEBUG GameApplicationServi - Removing overlay from ResetSubScene and adding to GameScene
16:46:44.043 [JavaFX Application Thread] DEBUG PrimaryStageWindow   - GameScene <- ResetSubScene
16:46:44.043 [JavaFX Application Thread] DEBUG GameApplicationServi - Starting new game
16:46:44.043 [JavaFX Application Thread] DEBUG Input                - Clearing active input actions
16:46:44.045 [JavaFX Application Thread] DEBUG GameApplicationServi - Removing overlay from GameScene and adding to FXGLLoadingScene
16:46:44.045 [JavaFX Application Thread] DEBUG PrimaryStageWindow   - GameScene -> FXGLLoadingScene
16:46:44.045 [JavaFX Application Thread] DEBUG GameApplicationServi - Clearing previous game
16:46:44.045 [JavaFX Application Thread] DEBUG GameScene            - Clearing game scene
16:46:44.045 [JavaFX Application Thread] DEBUG GameWorld            - Clearing game world
16:46:44.046 [JavaFX Application Thread] DEBUG PhysicsWorld         - Clearing physics world
16:46:44.046 [FXGL Background Thread 2 ] DEBUG FXGLApplication      - Initializing game
16:46:44.047 [FXGL Background Thread 2 ] WARN  TMXLevelLoader       - TiledMap generated from 1.12.1. Supported version: 1.9.0. Some features may not be parsed fully.
16:46:44.048 [FXGL Background Thread 2 ] DEBUG TMXLevelLoader       - Parsed TiledMap: file:/C:/Users/Clemis%20PC/Desktop/workspace/NO-HALF-SENDS/NO_HALF_SENDS/target/classes/assets/levels/FinalMap.tmx
16:46:44.048 [FXGL Background Thread 2 ] DEBUG TMXLevelLoader       - Creating tile layer entities
16:46:44.048 [FXGL Background Thread 2 ] DEBUG TilesetLoader        - Loading view for layer Kachelebene 1
16:46:44.049 [FXGL Background Thread 2 ] DEBUG TilesetLoader        - Created buffer with size 1280.0x1280.0
16:46:44.053 [FXGL Background Thread 2 ] DEBUG TMXLevelLoader       - Creating object layer entities
16:46:44.057 [FXGL Background Thread 2 ] DEBUG GameWorld            - Clearing removable entities
16:46:44.057 [FXGL Background Thread 2 ] DEBUG GameWorld            - Setting level: com.almasb.fxgl.entity.level.Level@707958d
16:46:44.060 [FXGL Background Thread 2 ] INFO  FXGLApplication      - Game initialization took: 0,014 sec
16:46:44.063 [JavaFX Application Thread] DEBUG Input                - Clearing active input actions
16:46:44.065 [JavaFX Application Thread] DEBUG GameApplicationServi - Removing overlay from FXGLLoadingScene and adding to GameScene
16:46:44.066 [JavaFX Application Thread] DEBUG PrimaryStageWindow   - FXGLLoadingScene -> GameScene
16:47:17.298 [JavaFX Application Thread] DEBUG PrimaryStageWindow   - Push state: ResetSubScene
16:47:17.298 [JavaFX Application Thread] DEBUG Input                - Clearing active input actions
16:47:17.299 [JavaFX Application Thread] DEBUG GameApplicationServi - Removing overlay from GameScene and adding to ResetSubScene
16:47:17.299 [JavaFX Application Thread] DEBUG PrimaryStageWindow   - GameScene -> ResetSubScene
16:47:20.447 [JavaFX Application Thread] DEBUG PrimaryStageWindow   - Pop state: ResetSubScene
16:47:20.447 [JavaFX Application Thread] DEBUG Input                - Clearing active input actions
16:47:20.447 [JavaFX Application Thread] DEBUG GameApplicationServi - Removing overlay from ResetSubScene and adding to GameScene
16:47:20.447 [JavaFX Application Thread] DEBUG PrimaryStageWindow   - GameScene <- ResetSubScene
16:47:20.447 [JavaFX Application Thread] DEBUG GameApplicationServi - Starting new game
16:47:20.447 [JavaFX Application Thread] DEBUG Input                - Clearing active input actions
16:47:20.448 [JavaFX Application Thread] DEBUG GameApplicationServi - Removing overlay from GameScene and adding to FXGLLoadingScene
16:47:20.449 [JavaFX Application Thread] DEBUG PrimaryStageWindow   - GameScene -> FXGLLoadingScene
16:47:20.449 [JavaFX Application Thread] DEBUG GameApplicationServi - Clearing previous game
16:47:20.449 [JavaFX Application Thread] DEBUG GameScene            - Clearing game scene
16:47:20.449 [JavaFX Application Thread] DEBUG GameWorld            - Clearing game world
16:47:20.450 [JavaFX Application Thread] DEBUG PhysicsWorld         - Clearing physics world
16:47:20.450 [FXGL Background Thread 2 ] DEBUG FXGLApplication      - Initializing game
16:47:20.452 [FXGL Background Thread 2 ] WARN  TMXLevelLoader       - TiledMap generated from 1.12.1. Supported version: 1.9.0. Some features may not be parsed fully.
16:47:20.453 [FXGL Background Thread 2 ] DEBUG TMXLevelLoader       - Parsed TiledMap: file:/C:/Users/Clemis%20PC/Desktop/workspace/NO-HALF-SENDS/NO_HALF_SENDS/target/classes/assets/levels/FinalMap.tmx
16:47:20.453 [FXGL Background Thread 2 ] DEBUG TMXLevelLoader       - Creating tile layer entities
16:47:20.453 [FXGL Background Thread 2 ] DEBUG TilesetLoader        - Loading view for layer Kachelebene 1
16:47:20.454 [FXGL Background Thread 2 ] DEBUG TilesetLoader        - Created buffer with size 1280.0x1280.0
16:47:20.460 [FXGL Background Thread 2 ] DEBUG TMXLevelLoader       - Creating object layer entities
16:47:20.462 [FXGL Background Thread 2 ] DEBUG GameWorld            - Clearing removable entities
16:47:20.462 [FXGL Background Thread 2 ] DEBUG GameWorld            - Setting level: com.almasb.fxgl.entity.level.Level@1ae282a7
16:47:20.469 [FXGL Background Thread 2 ] INFO  FXGLApplication      - Game initialization took: 0,019 sec
16:47:20.470 [JavaFX Application Thread] DEBUG Input                - Clearing active input actions
16:47:20.472 [JavaFX Application Thread] DEBUG GameApplicationServi - Removing overlay from FXGLLoadingScene and adding to GameScene
16:47:20.473 [JavaFX Application Thread] DEBUG PrimaryStageWindow   - FXGLLoadingScene -> GameScene
16:47:25.352 [JavaFX Application Thread] DEBUG PrimaryStageWindow   - Push state: ResetSubScene
16:47:25.352 [JavaFX Application Thread] DEBUG Input                - Clearing active input actions
16:47:25.353 [JavaFX Application Thread] DEBUG GameApplicationServi - Removing overlay from GameScene and adding to ResetSubScene
16:47:25.353 [JavaFX Application Thread] DEBUG PrimaryStageWindow   - GameScene -> ResetSubScene
16:47:28.656 [JavaFX Application Thread] DEBUG PrimaryStageWindow   - Pop state: ResetSubScene
16:47:28.656 [JavaFX Application Thread] DEBUG Input                - Clearing active input actions
16:47:28.656 [JavaFX Application Thread] DEBUG GameApplicationServi - Removing overlay from ResetSubScene and adding to GameScene
16:47:28.657 [JavaFX Application Thread] DEBUG PrimaryStageWindow   - GameScene <- ResetSubScene
16:47:28.657 [JavaFX Application Thread] DEBUG GameApplicationServi - Starting new game
16:47:28.657 [JavaFX Application Thread] DEBUG Input                - Clearing active input actions
16:47:28.658 [JavaFX Application Thread] DEBUG GameApplicationServi - Removing overlay from GameScene and adding to FXGLLoadingScene
16:47:28.658 [JavaFX Application Thread] DEBUG PrimaryStageWindow   - GameScene -> FXGLLoadingScene
16:47:28.658 [JavaFX Application Thread] DEBUG GameApplicationServi - Clearing previous game
16:47:28.658 [JavaFX Application Thread] DEBUG GameScene            - Clearing game scene
16:47:28.658 [JavaFX Application Thread] DEBUG GameWorld            - Clearing game world
16:47:28.658 [JavaFX Application Thread] DEBUG PhysicsWorld         - Clearing physics world
16:47:28.658 [FXGL Background Thread 2 ] DEBUG FXGLApplication      - Initializing game
16:47:28.660 [FXGL Background Thread 2 ] WARN  TMXLevelLoader       - TiledMap generated from 1.12.1. Supported version: 1.9.0. Some features may not be parsed fully.
16:47:28.661 [FXGL Background Thread 2 ] DEBUG TMXLevelLoader       - Parsed TiledMap: file:/C:/Users/Clemis%20PC/Desktop/workspace/NO-HALF-SENDS/NO_HALF_SENDS/target/classes/assets/levels/FinalMap.tmx
16:47:28.661 [FXGL Background Thread 2 ] DEBUG TMXLevelLoader       - Creating tile layer entities
16:47:28.661 [FXGL Background Thread 2 ] DEBUG TilesetLoader        - Loading view for layer Kachelebene 1
16:47:28.661 [FXGL Background Thread 2 ] DEBUG TilesetLoader        - Created buffer with size 1280.0x1280.0
16:47:28.665 [FXGL Background Thread 2 ] DEBUG TMXLevelLoader       - Creating object layer entities
16:47:28.667 [FXGL Background Thread 2 ] DEBUG GameWorld            - Clearing removable entities
16:47:28.667 [FXGL Background Thread 2 ] DEBUG GameWorld            - Setting level: com.almasb.fxgl.entity.level.Level@52030e97
16:47:28.675 [FXGL Background Thread 2 ] INFO  FXGLApplication      - Game initialization took: 0,016 sec
16:47:28.675 [JavaFX Application Thread] DEBUG Input                - Clearing active input actions
16:47:28.677 [JavaFX Application Thread] DEBUG GameApplicationServi - Removing overlay from FXGLLoadingScene and adding to GameScene
16:47:28.678 [JavaFX Application Thread] DEBUG PrimaryStageWindow   - FXGLLoadingScene -> GameScene
16:47:49.016 [JavaFX Application Thread] DEBUG PrimaryStageWindow   - Push state: ResetSubScene
16:47:49.016 [JavaFX Application Thread] DEBUG Input                - Clearing active input actions
16:47:49.016 [JavaFX Application Thread] DEBUG GameApplicationServi - Removing overlay from GameScene and adding to ResetSubScene
16:47:49.016 [JavaFX Application Thread] DEBUG PrimaryStageWindow   - GameScene -> ResetSubScene
16:47:52.669 [JavaFX Application Thread] DEBUG PrimaryStageWindow   - Pop state: ResetSubScene
16:47:52.669 [JavaFX Application Thread] DEBUG Input                - Clearing active input actions
16:47:52.669 [JavaFX Application Thread] DEBUG GameApplicationServi - Removing overlay from ResetSubScene and adding to GameScene
16:47:52.670 [JavaFX Application Thread] DEBUG PrimaryStageWindow   - GameScene <- ResetSubScene
16:47:52.670 [JavaFX Application Thread] DEBUG GameApplicationServi - Starting new game
16:47:52.670 [JavaFX Application Thread] DEBUG Input                - Clearing active input actions
16:47:52.672 [JavaFX Application Thread] DEBUG GameApplicationServi - Removing overlay from GameScene and adding to FXGLLoadingScene
16:47:52.672 [JavaFX Application Thread] DEBUG PrimaryStageWindow   - GameScene -> FXGLLoadingScene
16:47:52.672 [JavaFX Application Thread] DEBUG GameApplicationServi - Clearing previous game
16:47:52.672 [JavaFX Application Thread] DEBUG GameScene            - Clearing game scene
16:47:52.672 [JavaFX Application Thread] DEBUG GameWorld            - Clearing game world
16:47:52.673 [JavaFX Application Thread] DEBUG PhysicsWorld         - Clearing physics world
16:47:52.673 [FXGL Background Thread 2 ] DEBUG FXGLApplication      - Initializing game
16:47:52.673 [FXGL Background Thread 2 ] WARN  TMXLevelLoader       - TiledMap generated from 1.12.1. Supported version: 1.9.0. Some features may not be parsed fully.
16:47:52.674 [FXGL Background Thread 2 ] DEBUG TMXLevelLoader       - Parsed TiledMap: file:/C:/Users/Clemis%20PC/Desktop/workspace/NO-HALF-SENDS/NO_HALF_SENDS/target/classes/assets/levels/FinalMap.tmx
16:47:52.674 [FXGL Background Thread 2 ] DEBUG TMXLevelLoader       - Creating tile layer entities
16:47:52.674 [FXGL Background Thread 2 ] DEBUG TilesetLoader        - Loading view for layer Kachelebene 1
16:47:52.674 [FXGL Background Thread 2 ] DEBUG TilesetLoader        - Created buffer with size 1280.0x1280.0
16:47:52.678 [FXGL Background Thread 2 ] DEBUG TMXLevelLoader       - Creating object layer entities
16:47:52.680 [FXGL Background Thread 2 ] DEBUG GameWorld            - Clearing removable entities
16:47:52.680 [FXGL Background Thread 2 ] DEBUG GameWorld            - Setting level: com.almasb.fxgl.entity.level.Level@52d64e93
16:47:52.688 [FXGL Background Thread 2 ] INFO  FXGLApplication      - Game initialization took: 0,016 sec
16:47:52.689 [JavaFX Application Thread] DEBUG Input                - Clearing active input actions
16:47:52.690 [JavaFX Application Thread] DEBUG GameApplicationServi - Removing overlay from FXGLLoadingScene and adding to GameScene
16:47:52.691 [JavaFX Application Thread] DEBUG PrimaryStageWindow   - FXGLLoadingScene -> GameScene
16:47:57.150 [JavaFX Application Thread] DEBUG PrimaryStageWindow   - Push state: ResetSubScene
16:47:57.150 [JavaFX Application Thread] DEBUG Input                - Clearing active input actions
16:47:57.150 [JavaFX Application Thread] DEBUG GameApplicationServi - Removing overlay from GameScene and adding to ResetSubScene
16:47:57.151 [JavaFX Application Thread] DEBUG PrimaryStageWindow   - GameScene -> ResetSubScene
16:48:00.430 [JavaFX Application Thread] DEBUG PrimaryStageWindow   - Pop state: ResetSubScene
16:48:00.430 [JavaFX Application Thread] DEBUG Input                - Clearing active input actions
16:48:00.430 [JavaFX Application Thread] DEBUG GameApplicationServi - Removing overlay from ResetSubScene and adding to GameScene
16:48:00.431 [JavaFX Application Thread] DEBUG PrimaryStageWindow   - GameScene <- ResetSubScene
16:48:00.431 [JavaFX Application Thread] DEBUG GameApplicationServi - Starting new game
16:48:00.431 [JavaFX Application Thread] DEBUG Input                - Clearing active input actions
16:48:00.432 [JavaFX Application Thread] DEBUG GameApplicationServi - Removing overlay from GameScene and adding to FXGLLoadingScene
16:48:00.432 [JavaFX Application Thread] DEBUG PrimaryStageWindow   - GameScene -> FXGLLoadingScene
16:48:00.432 [JavaFX Application Thread] DEBUG GameApplicationServi - Clearing previous game
16:48:00.432 [JavaFX Application Thread] DEBUG GameScene            - Clearing game scene
16:48:00.432 [JavaFX Application Thread] DEBUG GameWorld            - Clearing game world
16:48:00.432 [JavaFX Application Thread] DEBUG PhysicsWorld         - Clearing physics world
16:48:00.433 [FXGL Background Thread 2 ] DEBUG FXGLApplication      - Initializing game
16:48:00.434 [FXGL Background Thread 2 ] WARN  TMXLevelLoader       - TiledMap generated from 1.12.1. Supported version: 1.9.0. Some features may not be parsed fully.
16:48:00.435 [FXGL Background Thread 2 ] DEBUG TMXLevelLoader       - Parsed TiledMap: file:/C:/Users/Clemis%20PC/Desktop/workspace/NO-HALF-SENDS/NO_HALF_SENDS/target/classes/assets/levels/FinalMap.tmx
16:48:00.435 [FXGL Background Thread 2 ] DEBUG TMXLevelLoader       - Creating tile layer entities
16:48:00.435 [FXGL Background Thread 2 ] DEBUG TilesetLoader        - Loading view for layer Kachelebene 1
16:48:00.435 [FXGL Background Thread 2 ] DEBUG TilesetLoader        - Created buffer with size 1280.0x1280.0
16:48:00.440 [FXGL Background Thread 2 ] DEBUG TMXLevelLoader       - Creating object layer entities
16:48:00.443 [FXGL Background Thread 2 ] DEBUG GameWorld            - Clearing removable entities
16:48:00.443 [FXGL Background Thread 2 ] DEBUG GameWorld            - Setting level: com.almasb.fxgl.entity.level.Level@6f315a19
16:48:00.453 [FXGL Background Thread 2 ] INFO  FXGLApplication      - Game initialization took: 0,020 sec
16:48:00.453 [JavaFX Application Thread] DEBUG Input                - Clearing active input actions
16:48:00.455 [JavaFX Application Thread] DEBUG GameApplicationServi - Removing overlay from FXGLLoadingScene and adding to GameScene
16:48:00.456 [JavaFX Application Thread] DEBUG PrimaryStageWindow   - FXGLLoadingScene -> GameScene
16:48:00.473 [JavaFX Application Thread] DEBUG PrimaryStageWindow   - Push state: DriftMainMenu
16:48:00.473 [JavaFX Application Thread] DEBUG Input                - Clearing active input actions
16:48:00.473 [JavaFX Application Thread] DEBUG GameApplicationServi - Removing overlay from GameScene and adding to DriftMainMenu
16:48:00.473 [JavaFX Application Thread] DEBUG PrimaryStageWindow   - GameScene -> DriftMainMenu
16:48:03.602 [JavaFX Application Thread] DEBUG Menu                 - fireNewGame()
16:48:03.602 [JavaFX Application Thread] DEBUG GameApplicationServi - Starting new game
16:48:03.602 [JavaFX Application Thread] DEBUG PrimaryStageWindow   - Pop state: DriftMainMenu
16:48:03.602 [JavaFX Application Thread] DEBUG Input                - Clearing active input actions
16:48:03.602 [JavaFX Application Thread] DEBUG GameApplicationServi - Removing overlay from DriftMainMenu and adding to GameScene
16:48:03.602 [JavaFX Application Thread] DEBUG PrimaryStageWindow   - GameScene <- DriftMainMenu
16:48:03.602 [JavaFX Application Thread] DEBUG Input                - Clearing active input actions
16:48:03.603 [JavaFX Application Thread] DEBUG GameApplicationServi - Removing overlay from GameScene and adding to FXGLLoadingScene
16:48:03.603 [JavaFX Application Thread] DEBUG PrimaryStageWindow   - GameScene -> FXGLLoadingScene
16:48:03.603 [JavaFX Application Thread] DEBUG GameApplicationServi - Clearing previous game
16:48:03.603 [JavaFX Application Thread] DEBUG GameScene            - Clearing game scene
16:48:03.603 [JavaFX Application Thread] DEBUG GameWorld            - Clearing game world
16:48:03.604 [JavaFX Application Thread] DEBUG PhysicsWorld         - Clearing physics world
16:48:03.605 [FXGL Background Thread 2 ] DEBUG FXGLApplication      - Initializing game
16:48:03.605 [FXGL Background Thread 2 ] WARN  TMXLevelLoader       - TiledMap generated from 1.12.1. Supported version: 1.9.0. Some features may not be parsed fully.
16:48:03.606 [FXGL Background Thread 2 ] DEBUG TMXLevelLoader       - Parsed TiledMap: file:/C:/Users/Clemis%20PC/Desktop/workspace/NO-HALF-SENDS/NO_HALF_SENDS/target/classes/assets/levels/FinalMap.tmx
16:48:03.606 [FXGL Background Thread 2 ] DEBUG TMXLevelLoader       - Creating tile layer entities
16:48:03.607 [FXGL Background Thread 2 ] DEBUG TilesetLoader        - Loading view for layer Kachelebene 1
16:48:03.608 [FXGL Background Thread 2 ] DEBUG TilesetLoader        - Created buffer with size 1280.0x1280.0
16:48:03.613 [FXGL Background Thread 2 ] DEBUG TMXLevelLoader       - Creating object layer entities
16:48:03.614 [FXGL Background Thread 2 ] DEBUG GameWorld            - Clearing removable entities
16:48:03.614 [FXGL Background Thread 2 ] DEBUG GameWorld            - Setting level: com.almasb.fxgl.entity.level.Level@6e4fae43
16:48:03.615 [FXGL Background Thread 2 ] INFO  FXGLApplication      - Game initialization took: 0,011 sec
16:48:03.618 [JavaFX Application Thread] DEBUG Input                - Clearing active input actions
16:48:03.619 [JavaFX Application Thread] DEBUG GameApplicationServi - Removing overlay from FXGLLoadingScene and adding to GameScene
16:48:03.620 [JavaFX Application Thread] DEBUG PrimaryStageWindow   - FXGLLoadingScene -> GameScene
16:48:33.565 [JavaFX Application Thread] DEBUG PrimaryStageWindow   - Push state: DriftMainMenu
16:48:33.565 [JavaFX Application Thread] DEBUG Input                - Clearing active input actions
16:48:33.565 [JavaFX Application Thread] DEBUG GameApplicationServi - Removing overlay from GameScene and adding to DriftMainMenu
16:48:33.566 [JavaFX Application Thread] DEBUG PrimaryStageWindow   - GameScene -> DriftMainMenu
16:48:34.471 [JavaFX Application Thread] DEBUG FXGLApplication      - Exiting FXGL
16:48:34.471 [JavaFX Application Thread] DEBUG LoopRunner           - Stopping loop
16:48:34.471 [JavaFX Application Thread] DEBUG SystemBundleService  - Saving FXGL system data
16:48:34.473 [JavaFX Application Thread] DEBUG FileSystemAccess     - Writing to: C:\Users\Clemis PC\Desktop\workspace\NO-HALF-SENDS\NO_HALF_SENDS\system\fxgl.bundle
16:48:34.475 [JavaFX Application Thread] DEBUG Async                - Shutting down background threads
16:48:34.475 [JavaFX Application Thread] DEBUG PrimaryStageWindow   - Closing main window
16:48:34.493 [JavaFX Application Thread] DEBUG Logger               - Closing Logger
